11-05 18:48:40.689 11130-11141/? D/DefContainer: Copying /data/local/tmp/domestic3006.apk to base.apk
11-05 18:50:25.327 11130-11141/? D/DefContainer: Copying /data/local/tmp/domestic3006.apk to base.apk
11-06 10:36:09.819 929-956/? W/PackageManager: Downgrade detected: Update version code 1 is older than current 3006
11-06 10:43:45.465 18436-18446/? D/DefContainer: Copying /data/local/tmp/domestic3006.apk to base.apk
11-06 11:17:52.979 28042-28042/? I/AdsSdk_3006.0: BannerAd: banner_aaa: 展示联盟：inmobi
11-06 11:17:52.979 28042-28042/? I/AdsSdk_3006.0: BannerAd: banner_aaa: 可以显示，设置视图可见
11-06 11:17:52.979 28042-28042/? I/AdsSdk_3006.0: banner ====>exist cpPlaceId:banner_aaa,exist: false
11-06 11:17:52.982 28042-28042/? I/<ALY Android>_3200: logEvent key: _NEW_BRA_SHOW, value: [{__gaid=5a862c88-d254-45bc-be40-20af7d04b1b9, __aff_info=%7B%22aff_name%22%3A%22inmobi%22%2C%22aff_key%22%3A%220%22%2C%22placement_id%22%3A%221473189489298%22%2C%22account_id%22%3A%22123456789abcdfghjiukljnm09874%22%2C%22aff_ttl%22%3A1800%7D, __ad_id=banner_aaa, __sdk_ver=3006, __open_id=975e63a323134be20444a7a1fae90168, __pkg=roy.wan.inland, __sub_ver=3006.0, __sta_token=f8bad30d359540b685486a5694a8a90b}]
11-06 11:17:52.983 28042-28042/? I/AdsSdk_3006.0: BannerAd: banner_aaa，联盟inmobi开始加载
11-06 11:17:54.447 28042-28042/? I/AdsSdk_3006.0: BannerAd: banner_aaa: onLoaded inmobi
11-06 11:17:58.079 28042-28042/? D/AdsSdk_3006.0: Adapter: REWARDVIDEO oneway isValid: true
11-06 11:17:58.079 28042-28042/? D/AdsSdk_3006.0: Adapter: REWARDVIDEO oneway isValid: true
11-06 11:17:58.080 28042-28042/? D/AdsSdk_3006.0: Adapter: REWARDVIDEO vungle_DEFAULT99486 isValid: true
11-06 11:17:58.083 28042-28042/? D/AdsSdk_3006.0: Adapter: REWARDVIDEO vungle_DEFAULT99486 isValid: true
11-06 11:17:58.083 28042-28042/? D/AdsSdk_3006.0: Adapter: REWARDVIDEO toutiao_901121365 isValid: true
11-06 11:17:58.084 28042-28042/? D/AdsSdk_3006.0: Adapter: REWARDVIDEO toutiao_901121365 isValid: true
11-06 11:18:00.248 28042-28042/? D/AdsSdk_3006.0: Adcolony ads jars has be not improved, check please
11-06 11:18:00.250 28042-28042/? D/AdsSdk_3006.0: Adcolony ads jars has be not improved, check please
11-06 11:18:00.251 28042-28042/? D/AdsSdk_3006.0: Admob_new ads jars has not improved, check please
11-06 11:18:00.251 28042-28042/? D/AdsSdk_3006.0: Admob_new ads jars has not improved, check please
11-06 11:18:00.299 28042-28042/? D/AdsSdk_3006.0: class com.google.android.gms.ads.AdView not found
11-06 11:18:00.300 28042-28042/? D/AdsSdk_3006.0: class com.google.android.gms.ads.InterstitialAd not found
11-06 11:18:00.301 28042-28042/? D/AdsSdk_3006.0: class com.google.android.gms.ads.reward.RewardedVideoAd not found
11-06 11:18:00.302 28042-28042/? D/AdsSdk_3006.0: class com.google.android.gms.ads.AdRequest not found
11-06 11:18:00.302 28042-28042/? D/AdsSdk_3006.0: Admob ads jars has not improved, check please
11-06 11:18:00.302 28042-28042/? D/AdsSdk_3006.0: class com.google.android.gms.ads.AdView not found
11-06 11:18:00.303 28042-28042/? D/AdsSdk_3006.0: class com.google.android.gms.ads.InterstitialAd not found
11-06 11:18:00.304 28042-28042/? D/AdsSdk_3006.0: class com.google.android.gms.ads.reward.RewardedVideoAd not found
11-06 11:18:00.305 28042-28042/? D/AdsSdk_3006.0: class com.google.android.gms.ads.AdRequest not found
11-06 11:18:00.305 28042-28042/? D/AdsSdk_3006.0: Admob ads jars has not improved, check please
11-06 11:18:07.976 28042-31136/? D/AdsSdk_3006.0: BannerAdapter isValid: true
11-06 11:18:07.977 28042-31136/? D/AdsSdk_3006.0: GDT ads jars has be not improved, check please
11-06 11:18:07.977 28042-31136/? E/AdsSdk_3006.0: BannerFactory return null with: gdt
11-06 11:18:07.977 28042-31136/? D/AdsSdk_3006.0: BannerAdapter isValid: false
11-06 11:18:07.979 28042-31136/? I/AdsSdk_3006.0: BannerAd: banner_aaa: only_wifi：false，netType: wifi
11-06 11:18:07.985 28042-28042/? I/AdsSdk_3006.0: BannerAd: banner_aaa: 展示联盟：inmobi
11-06 11:18:07.986 28042-28042/? I/AdsSdk_3006.0: BannerAd: banner_aaa: 可以显示，设置视图可见
11-06 11:18:07.986 28042-28042/? I/AdsSdk_3006.0: banner ====>exist cpPlaceId:banner_aaa,exist: false
11-06 11:18:07.990 28042-28042/? I/<ALY Android>_3200: logEvent key: _NEW_BRA_SHOW, value: [{__gaid=5a862c88-d254-45bc-be40-20af7d04b1b9, __aff_info=%7B%22aff_name%22%3A%22inmobi%22%2C%22aff_key%22%3A%220%22%2C%22placement_id%22%3A%221473189489298%22%2C%22account_id%22%3A%22123456789abcdfghjiukljnm09874%22%2C%22aff_ttl%22%3A1800%7D, __ad_id=banner_aaa, __sdk_ver=3006, __open_id=975e63a323134be20444a7a1fae90168, __pkg=roy.wan.inland, __sub_ver=3006.0, __sta_token=f8bad30d359540b685486a5694a8a90b}]
11-06 11:18:07.991 28042-28042/? I/AdsSdk_3006.0: BannerAd: banner_aaa，联盟inmobi开始加载
11-06 11:18:08.085 28042-28042/? D/AdsSdk_3006.0: Adapter: REWARDVIDEO oneway isValid: true
11-06 11:18:08.086 28042-28042/? D/AdsSdk_3006.0: Adapter: REWARDVIDEO oneway isValid: true
11-06 11:18:08.087 28042-28042/? D/AdsSdk_3006.0: Adapter: REWARDVIDEO vungle_DEFAULT99486 isValid: true
11-06 11:18:08.087 28042-28042/? D/AdsSdk_3006.0: Adapter: REWARDVIDEO vungle_DEFAULT99486 isValid: true
11-06 11:18:08.088 28042-28042/? D/AdsSdk_3006.0: Adapter: REWARDVIDEO toutiao_901121365 isValid: true
11-06 11:18:08.088 28042-28042/? D/AdsSdk_3006.0: Adapter: REWARDVIDEO toutiao_901121365 isValid: true
11-06 11:18:18.076 28042-28042/? D/AdsSdk_3006.0: Adapter: REWARDVIDEO oneway isValid: true
11-06 11:18:18.076 28042-28042/? D/AdsSdk_3006.0: Adapter: REWARDVIDEO oneway isValid: true
11-06 11:18:18.077 28042-28042/? D/AdsSdk_3006.0: Adapter: REWARDVIDEO vungle_DEFAULT99486 isValid: true
11-06 11:18:18.078 28042-28042/? D/AdsSdk_3006.0: Adapter: REWARDVIDEO vungle_DEFAULT99486 isValid: true
11-06 11:18:18.078 28042-28042/? D/AdsSdk_3006.0: Adapter: REWARDVIDEO toutiao_901121365 isValid: true
11-06 11:18:18.079 28042-28042/? D/AdsSdk_3006.0: Adapter: REWARDVIDEO toutiao_901121365 isValid: true
11-06 11:18:22.976 28042-31136/? D/AdsSdk_3006.0: BannerAdapter isValid: false
11-06 11:18:22.976 28042-31136/? D/AdsSdk_3006.0: GDT ads jars has be not improved, check please
11-06 11:18:22.977 28042-31136/? E/AdsSdk_3006.0: BannerFactory return null with: gdt
11-06 11:18:22.977 28042-31136/? D/AdsSdk_3006.0: BannerAdapter isValid: false
11-06 11:18:22.978 28042-31136/? I/AdsSdk_3006.0: BannerAd: banner_aaa: only_wifi：false，netType: wifi
11-06 11:18:22.978 28042-28042/? I/AdsSdk_3006.0: BannerAd: banner_aaa，联盟inmobi开始加载
11-06 11:18:24.059 28042-28042/? I/AdsSdk_3006.0: BannerAd: banner_aaa: onLoaded inmobi
11-06 11:18:28.098 28042-28042/? D/AdsSdk_3006.0: Adapter: REWARDVIDEO oneway isValid: true
11-06 11:18:28.098 28042-28042/? D/AdsSdk_3006.0: Adapter: REWARDVIDEO oneway isValid: true
11-06 11:18:28.099 28042-28042/? D/AdsSdk_3006.0: Adapter: REWARDVIDEO vungle_DEFAULT99486 isValid: true
11-06 11:18:28.100 28042-28042/? D/AdsSdk_3006.0: Adapter: REWARDVIDEO vungle_DEFAULT99486 isValid: true
11-06 11:18:28.101 28042-28042/? D/AdsSdk_3006.0: Adapter: REWARDVIDEO toutiao_901121365 isValid: true
11-06 11:18:28.101 28042-28042/? D/AdsSdk_3006.0: Adapter: REWARDVIDEO toutiao_901121365 isValid: true
11-06 11:18:37.976 28042-31136/? D/AdsSdk_3006.0: BannerAdapter isValid: true
11-06 11:18:37.976 28042-31136/? D/AdsSdk_3006.0: GDT ads jars has be not improved, check please
11-06 11:18:37.976 28042-31136/? E/AdsSdk_3006.0: BannerFactory return null with: gdt
11-06 11:18:37.977 28042-31136/? D/AdsSdk_3006.0: BannerAdapter isValid: false
11-06 11:18:37.977 28042-28042/? I/AdsSdk_3006.0: BannerAd: banner_aaa: 展示联盟：inmobi
11-06 11:18:37.978 28042-28042/? I/AdsSdk_3006.0: BannerAd: banner_aaa: 可以显示，设置视图可见
11-06 11:18:37.978 28042-28042/? I/AdsSdk_3006.0: banner ====>exist cpPlaceId:banner_aaa,exist: false
11-06 11:18:37.980 28042-31136/? I/AdsSdk_3006.0: BannerAd: banner_aaa: only_wifi：false，netType: wifi
11-06 11:18:37.981 28042-28042/? I/<ALY Android>_3200: logEvent key: _NEW_BRA_SHOW, value: [{__gaid=5a862c88-d254-45bc-be40-20af7d04b1b9, __aff_info=%7B%22aff_name%22%3A%22inmobi%22%2C%22aff_key%22%3A%220%22%2C%22placement_id%22%3A%221473189489298%22%2C%22account_id%22%3A%22123456789abcdfghjiukljnm09874%22%2C%22aff_ttl%22%3A1800%7D, __ad_id=banner_aaa, __sdk_ver=3006, __open_id=975e63a323134be20444a7a1fae90168, __pkg=roy.wan.inland, __sub_ver=3006.0, __sta_token=f8bad30d359540b685486a5694a8a90b}]
11-06 11:18:37.982 28042-28042/? I/AdsSdk_3006.0: BannerAd: banner_aaa，联盟inmobi开始加载
11-06 11:18:38.101 28042-28042/? D/AdsSdk_3006.0: Adapter: REWARDVIDEO oneway isValid: true
11-06 11:18:38.102 28042-28042/? D/AdsSdk_3006.0: Adapter: REWARDVIDEO oneway isValid: true
11-06 11:18:38.102 28042-28042/? D/AdsSdk_3006.0: Adapter: REWARDVIDEO vungle_DEFAULT99486 isValid: true
11-06 11:18:38.103 28042-28042/? D/AdsSdk_3006.0: Adapter: REWARDVIDEO vungle_DEFAULT99486 isValid: true
11-06 11:18:38.104 28042-28042/? D/AdsSdk_3006.0: Adapter: REWARDVIDEO toutiao_901121365 isValid: true
11-06 11:18:38.104 28042-28042/? D/AdsSdk_3006.0: Adapter: REWARDVIDEO toutiao_901121365 isValid: true
11-06 11:18:48.126 28042-28042/? D/AdsSdk_3006.0: Adapter: REWARDVIDEO oneway isValid: true
11-06 11:18:48.126 28042-28042/? D/AdsSdk_3006.0: Adapter: REWARDVIDEO oneway isValid: true
11-06 11:18:48.127 28042-28042/? D/AdsSdk_3006.0: Adapter: REWARDVIDEO vungle_DEFAULT99486 isValid: true
11-06 11:18:48.128 28042-28042/? D/AdsSdk_3006.0: Adapter: REWARDVIDEO vungle_DEFAULT99486 isValid: true
11-06 11:18:48.128 28042-28042/? D/AdsSdk_3006.0: Adapter: REWARDVIDEO toutiao_901121365 isValid: true
11-06 11:18:48.128 28042-28042/? D/AdsSdk_3006.0: Adapter: REWARDVIDEO toutiao_901121365 isValid: true
11-06 11:18:52.976 28042-31136/? D/AdsSdk_3006.0: BannerAdapter isValid: false
11-06 11:18:52.976 28042-31136/? D/AdsSdk_3006.0: GDT ads jars has be not improved, check please
11-06 11:18:52.977 28042-31136/? E/AdsSdk_3006.0: BannerFactory return null with: gdt
11-06 11:18:52.977 28042-31136/? D/AdsSdk_3006.0: BannerAdapter isValid: false
11-06 11:18:52.978 28042-31136/? I/AdsSdk_3006.0: BannerAd: banner_aaa: only_wifi：false，netType: wifi
11-06 11:18:52.996 28042-28042/? I/AdsSdk_3006.0: BannerAd: banner_aaa，联盟inmobi开始加载
11-06 11:18:54.109 28042-28042/? I/AdsSdk_3006.0: BannerAd: banner_aaa: onLoaded inmobi
11-06 11:22:00.611 2986-3018/? I/AdsSdk_3006.0: productId:null
11-06 11:22:00.611 2986-3018/? I/AdsSdk_3006.0: channelId:null
11-06 11:22:00.612 2986-3018/? I/AdsSdk_3006.0: 没有单独接入统计SDK，使用内部统计
11-06 11:22:00.612 2986-3018/? I/AdsSdk_3006.0: finish to init analysis SDK：false
11-06 11:22:03.112 2986-3242/? W/AdsSdk_3006.0: 聚合广告统计包，开启debug模式！！！
11-06 11:22:03.118 2986-3242/? I/AdsSdk_3006.0: config ver: 52
11-06 11:22:03.120 2986-3242/? D/AdsSdk_3006.0: 开始解析统计配置
11-06 11:22:03.121 2986-3242/? I/AdsSdk_3006.0: productId：888888
11-06 11:22:03.121 2986-3242/? I/AdsSdk_3006.0: channelId：32400
11-06 11:22:03.121 2986-3242/? I/AdsSdk_3006.0: ==> Gdpr is not Defined.
11-06 11:22:03.121 2986-3242/? I/AdsSdk_3006.0: productId:888888
11-06 11:22:03.121 2986-3242/? I/AdsSdk_3006.0: channelId:32400
11-06 11:22:03.122 2986-3242/? I/AdsSdk_3006.0: 没有单独接入统计SDK，使用内部统计
11-06 11:22:03.141 2986-3242/? I/AdsSdk_3006.0: finish to init analysis SDK：true
11-06 11:22:03.153 2986-3242/? I/AdsSdk_3006.0: xxxx: ============================================================
11-06 11:22:03.153 2986-3242/? I/AdsSdk_3006.0: xxxx:  SDK Flavor is: studio
11-06 11:22:03.153 2986-3242/? I/AdsSdk_3006.0: xxxx:  解释是否开始线程延时加载的功能: close
11-06 11:22:03.153 2986-3242/? I/AdsSdk_3006.0: xxxx:  禁用qxxy强检查参数的功能: close
11-06 11:22:03.154 2986-3242/? I/AdsSdk_3006.0: xxxx:  是否可以根据config加载dex: open
11-06 11:22:03.154 2986-3242/? I/AdsSdk_3006.0: xxxx:  是否自动加载avidly广告: 是
11-06 11:22:03.154 2986-3242/? I/AdsSdk_3006.0: xxxx:  是否开启OnlineDebugReport: 否
11-06 11:22:03.154 2986-3242/? I/AdsSdk_3006.0: xxxx:  enableCallAuctionS3: 否
11-06 11:22:03.154 2986-3242/? I/AdsSdk_3006.0: xxxx:  enableCallAuction: 否
11-06 11:22:03.154 2986-3242/? I/AdsSdk_3006.0: xxxx:  enableCallAuctionS3Inter: 否
11-06 11:22:03.154 2986-3242/? I/AdsSdk_3006.0: xxxx:  enableCallAuctionInter: 否
11-06 11:22:03.154 2986-3242/? I/AdsSdk_3006.0: xxxx:  enableBiddingLogic: 否
11-06 11:22:03.154 2986-3242/? I/AdsSdk_3006.0: xxxx: ============================================================
11-06 11:22:03.154 2986-3242/? D/AdsSdk_3006.0: 开始解析互推资源下载配置
11-06 11:22:03.157 2986-3242/? D/AdsSdk_3006.0: 开始解析互推资源内容配置
11-06 11:22:03.166 2986-3242/? D/AdsSdk_3006.0: 开始解析失败重试配置
11-06 11:22:03.172 2986-3242/? D/AdsSdk_3006.0: 开始解析延迟加载配置
11-06 11:22:03.173 2986-3242/? D/AdsSdk_3006.0: 开始解析广告配置
11-06 11:22:03.174 2986-3242/? D/AdsSdk_3006.0: 开始解析BANNER广告的配置
11-06 11:22:03.175 2986-3242/? D/AdsSdk_3006.0: 开始解析插屏广告的配置
11-06 11:22:03.177 2986-3242/? D/AdsSdk_3006.0: 开始解析视频广告的配置
11-06 11:22:03.186 2986-3242/? D/AdsSdk_3006.0: 开始解析应用墙配置
11-06 11:22:03.189 2986-3242/? D/AdsSdk_3006.0: 开始解析aws配置
11-06 11:22:03.189 2986-3242/? D/AdsSdk_3006.0: 根据配置开始下载资源
11-06 11:22:03.191 2986-3242/? D/AdsSdk_3006.0: LoadManager previousList.size is 0
11-06 11:22:03.191 2986-3242/? D/AdsSdk_3006.0: LoadManager currentList.size is 11
11-06 11:22:03.191 2986-3242/? D/AdsSdk_3006.0: LoadManager affinfo remove count is 0
11-06 11:22:03.266 2986-3242/? D/AdsSdk_3006.0: Exoplayer jars has be not improved, check please
11-06 11:22:03.444 2986-3242/? D/AdsSdk_3006.0: dex_mobvista 不需要处理，sdk calss 已经存在
11-06 11:22:03.446 2986-3242/? D/AdsSdk_3006.0: dex_vungle 不需要处理，sdk calss 已经存在
11-06 11:22:03.446 2986-3242/? D/AdsSdk_3006.0: dex_playable 不需要处理，sdk calss 已经存在
11-06 11:22:03.448 2986-3242/? D/AdsSdk_3006.0: dex_oneway 不需要处理，sdk calss 已经存在
11-06 11:22:03.448 2986-3242/? D/AdsSdk_3006.0: dex_playable 不需要处理，sdk calss 已经存在
11-06 11:22:03.455 2986-3228/? I/AdsSdk_3006.0: ParallelRequestStrategy preload is called: inter_aaa
11-06 11:22:03.455 2986-3228/? I/AdsSdk_3006.0: inter_aaa: 根据延迟配置，2157ms后开始预加载
11-06 11:22:03.455 2986-3228/? I/AdsSdk_3006.0: ParallelRequestStrategy preload is called: rewarded_video
11-06 11:22:03.455 2986-3228/? I/AdsSdk_3006.0: rewarded_video: 根据延迟配置，17157ms后开始预加载
11-06 11:22:03.592 2986-3242/? I/<ALY Android>_3200: logEvent key: _NEW_CFG_DLDOK, value: [{__language=en_US, __location=CN, __brand=google, __system_version=23, __sdk_ver=3006, __os=android, __model=Nexus 5, __h=1776, __android_id=68cfc7bb674f7b7f, __env=1, __pkg=roy.wan.inland, __orientation=p, __ver_code=1, __gaid=5a862c88-d254-45bc-be40-20af7d04b1b9, __w=1080, __install_fb=1, __config_ver=52, __open_id=80b62288b18854cd28d2edff45ce7262, __ver_name=1.0, __device_id=352136064190941, __count=0, __sub_ver=3006.0}]
11-06 11:22:04.635 2986-3018/? I/AdsSdk_3006.0: UPInterstitialWrapper 传入的广告位: aaaa
11-06 11:22:04.645 2986-3018/? I/<ALY Android>_3200: logEvent key: _NEW_NT_FOUND_ADID, value: [{__ad_type=interstitial, __gaid=5a862c88-d254-45bc-be40-20af7d04b1b9, __ad_id=aaaa, __sdk_ver=3006, __open_id=80b62288b18854cd28d2edff45ce7262, __pkg=roy.wan.inland, __sub_ver=3006.0}]
11-06 11:22:04.646 2986-3018/? E/AdsSdk_3006.0: cplog: 插屏广告位aaaa没有查询到有效配置，请稍后重试
11-06 11:22:04.691 2986-3018/? I/AdsSdk_3006.0: banner ====>onApplicationFocus hasfocus: false
11-06 11:22:04.924 2986-2986/? D/AdsSdk_3006.0: class com.google.android.gms.ads.AdView not found
11-06 11:22:04.925 2986-2986/? D/AdsSdk_3006.0: class com.google.android.gms.ads.InterstitialAd not found
11-06 11:22:04.925 2986-2986/? D/AdsSdk_3006.0: class com.google.android.gms.ads.reward.RewardedVideoAd not found
11-06 11:22:04.926 2986-2986/? D/AdsSdk_3006.0: class com.google.android.gms.ads.AdRequest not found
11-06 11:22:04.926 2986-2986/? D/AdsSdk_3006.0: Admob ads jars has not improved, check please
11-06 11:22:04.927 2986-2986/? D/AdsSdk_3006.0: class com.google.android.gms.ads.AdView not found
11-06 11:22:04.927 2986-2986/? D/AdsSdk_3006.0: class com.google.android.gms.ads.InterstitialAd not found
11-06 11:22:04.928 2986-2986/? D/AdsSdk_3006.0: class com.google.android.gms.ads.reward.RewardedVideoAd not found
11-06 11:22:04.928 2986-2986/? D/AdsSdk_3006.0: class com.google.android.gms.ads.AdRequest not found
11-06 11:22:04.928 2986-2986/? D/AdsSdk_3006.0: Admob ads jars has not improved, check please
11-06 11:22:04.933 2986-2986/? D/AdsSdk_3006.0: class com.facebook.ads.RewardedVideoAd not found
11-06 11:22:04.933 2986-2986/? D/AdsSdk_3006.0: Facebook video ads jars has not improved, check please
11-06 11:22:04.933 2986-2986/? D/AdsSdk_3006.0: class com.facebook.ads.RewardedVideoAd not found
11-06 11:22:04.933 2986-2986/? D/AdsSdk_3006.0: Facebook video ads jars has not improved, check please
11-06 11:22:04.942 2986-2986/? D/AdsSdk_3006.0: VK ads jars has be not improved, check please
11-06 11:22:04.942 2986-2986/? D/AdsSdk_3006.0: VK ads jars has be not improved, check please
11-06 11:22:04.945 2986-2986/? D/AdsSdk_3006.0: Batmobi ads jars has be not improved, check please
11-06 11:22:04.946 2986-2986/? D/AdsSdk_3006.0: Batmobi ads jars has be not improved, check please
11-06 11:22:04.955 2986-2986/? D/AdsSdk_3006.0: Nend ads jars has be not improved, check please
11-06 11:22:04.956 2986-2986/? D/AdsSdk_3006.0: Nend ads jars has be not improved, check please
11-06 11:22:04.960 2986-2986/? D/AdsSdk_3006.0: GDT ads jars has be not improved, check please
11-06 11:22:04.960 2986-2986/? D/AdsSdk_3006.0: GDT ads jars has be not improved, check please
11-06 11:22:04.963 2986-2986/? D/AdsSdk_3006.0: Dap vd ads jars has be not improved, check please
11-06 11:22:04.964 2986-2986/? D/AdsSdk_3006.0: Dap vd ads jars has be not improved, check please
11-06 11:22:04.967 2986-2986/? D/AdsSdk_3006.0: Ironsource ads jars has be not improved, check please
11-06 11:22:04.967 2986-2986/? D/AdsSdk_3006.0: Ironsource ads jars has be not improved, check please
11-06 11:22:04.973 2986-2986/? D/AdsSdk_3006.0: YOUAPPI ads jars has be not improved, check please
11-06 11:22:04.974 2986-2986/? D/AdsSdk_3006.0: YOUAPPI ads jars has be not improved, check please
11-06 11:22:04.978 2986-2986/? D/AdsSdk_3006.0: TAPJOY ads jars has be not improved, check please
11-06 11:22:04.978 2986-2986/? D/AdsSdk_3006.0: TAPJOY ads jars has be not improved, check please
11-06 11:22:04.982 2986-2986/? D/AdsSdk_3006.0: class com.google.android.gms.ads.AdView not found
11-06 11:22:04.982 2986-2986/? D/AdsSdk_3006.0: class com.google.android.gms.ads.InterstitialAd not found
11-06 11:22:04.984 2986-2986/? D/AdsSdk_3006.0: class com.google.android.gms.ads.reward.RewardedVideoAd not found
11-06 11:22:04.984 2986-2986/? D/AdsSdk_3006.0: class com.google.android.gms.ads.AdRequest not found
11-06 11:22:04.984 2986-2986/? D/AdsSdk_3006.0: Admob ads jars has not improved, check please
11-06 11:22:04.985 2986-2986/? D/AdsSdk_3006.0: class com.google.android.gms.ads.AdView not found
11-06 11:22:04.985 2986-2986/? D/AdsSdk_3006.0: class com.google.android.gms.ads.InterstitialAd not found
11-06 11:22:04.988 2986-2986/? D/AdsSdk_3006.0: class com.google.android.gms.ads.reward.RewardedVideoAd not found
11-06 11:22:04.990 2986-2986/? D/AdsSdk_3006.0: class com.google.android.gms.ads.AdRequest not found
11-06 11:22:04.990 2986-2986/? D/AdsSdk_3006.0: Admob ads jars has not improved, check please
11-06 11:22:05.169 2986-2986/? D/AdsSdk_3006.0: class com.google.android.gms.ads.AdView not found
11-06 11:22:05.170 2986-2986/? D/AdsSdk_3006.0: class com.google.android.gms.ads.InterstitialAd not found
11-06 11:22:05.172 2986-2986/? D/AdsSdk_3006.0: class com.google.android.gms.ads.reward.RewardedVideoAd not found
11-06 11:22:05.173 2986-2986/? D/AdsSdk_3006.0: class com.google.android.gms.ads.AdRequest not found
11-06 11:22:05.173 2986-2986/? D/AdsSdk_3006.0: Admob ads jars has not improved, check please
11-06 11:22:05.173 2986-2986/? D/AdsSdk_3006.0: class com.google.android.gms.ads.AdView not found
11-06 11:22:05.176 2986-2986/? D/AdsSdk_3006.0: class com.google.android.gms.ads.InterstitialAd not found
11-06 11:22:05.177 2986-2986/? D/AdsSdk_3006.0: class com.google.android.gms.ads.reward.RewardedVideoAd not found
11-06 11:22:05.178 2986-2986/? D/AdsSdk_3006.0: class com.google.android.gms.ads.AdRequest not found
11-06 11:22:05.178 2986-2986/? D/AdsSdk_3006.0: Admob ads jars has not improved, check please
11-06 11:22:05.180 2986-2986/? D/AdsSdk_3006.0: class com.facebook.ads.RewardedVideoAd not found
11-06 11:22:05.180 2986-2986/? D/AdsSdk_3006.0: Facebook video ads jars has not improved, check please
11-06 11:22:05.181 2986-2986/? D/AdsSdk_3006.0: class com.facebook.ads.RewardedVideoAd not found
11-06 11:22:05.181 2986-2986/? D/AdsSdk_3006.0: Facebook video ads jars has not improved, check please
11-06 11:22:05.189 2986-2986/? D/AdsSdk_3006.0: VK ads jars has be not improved, check please
11-06 11:22:05.190 2986-2986/? D/AdsSdk_3006.0: VK ads jars has be not improved, check please
11-06 11:22:05.195 2986-2986/? D/AdsSdk_3006.0: Batmobi ads jars has be not improved, check please
11-06 11:22:05.200 2986-2986/? D/AdsSdk_3006.0: Batmobi ads jars has be not improved, check please
11-06 11:22:05.203 2986-2986/? D/AdsSdk_3006.0: Nend ads jars has be not improved, check please
11-06 11:22:05.204 2986-2986/? D/AdsSdk_3006.0: Nend ads jars has be not improved, check please
11-06 11:22:05.206 2986-2986/? D/AdsSdk_3006.0: GDT ads jars has be not improved, check please
11-06 11:22:05.207 2986-2986/? D/AdsSdk_3006.0: GDT ads jars has be not improved, check please
11-06 11:22:05.209 2986-2986/? D/AdsSdk_3006.0: Dap vd ads jars has be not improved, check please
11-06 11:22:05.210 2986-2986/? D/AdsSdk_3006.0: Dap vd ads jars has be not improved, check please
11-06 11:22:05.213 2986-2986/? D/AdsSdk_3006.0: Ironsource ads jars has be not improved, check please
11-06 11:22:05.213 2986-2986/? D/AdsSdk_3006.0: Ironsource ads jars has be not improved, check please
11-06 11:22:05.214 2986-2986/? D/AdsSdk_3006.0: YOUAPPI ads jars has be not improved, check please
11-06 11:22:05.215 2986-2986/? D/AdsSdk_3006.0: YOUAPPI ads jars has be not improved, check please
11-06 11:22:05.216 2986-2986/? D/AdsSdk_3006.0: TAPJOY ads jars has be not improved, check please
11-06 11:22:05.217 2986-2986/? D/AdsSdk_3006.0: TAPJOY ads jars has be not improved, check please
11-06 11:22:05.614 2986-3225/? I/AdsSdk_3006.0: inter_aaa: fillup is called
11-06 11:22:05.616 2986-3225/? I/AdsSdk_3006.0: inter_aaa: only_wifi：false，netType: wifi
11-06 11:22:05.617 2986-3309/? I/AdsSdk_3006.0: inter_aaa: 开始请求联盟广告，位于加载队列中的联盟数: 6
11-06 11:22:05.618 2986-3309/? D/AdsSdk_3006.0: inter_aaa: AffInfo is: {"aff_name":"gdt","aff_key":"1101152570","app_id":"8575134060152130849","placement_id":"0","open_i_b":0,"aff_ttl":1800}
11-06 11:22:05.619 2986-3309/? D/AdsSdk_3006.0: GDT ads jars has be not improved, check please
11-06 11:22:05.619 2986-3309/? W/AdsSdk_3006.0: LoadManager AdapterFactory return null with: gdt
11-06 11:22:05.620 2986-3309/? D/AdsSdk_3006.0: inter_aaa: AffInfo is: {"aff_name":"ironsource","app_key":"6646564d","open_i_b":0,"aff_ttl":1800,"placement_id":"1111111111"}
11-06 11:22:05.621 2986-3309/? D/AdsSdk_3006.0: Ironsource ads jars has be not improved, check please
11-06 11:22:05.622 2986-3309/? W/AdsSdk_3006.0: LoadManager AdapterFactory return null with: ironsource
11-06 11:22:05.623 2986-3309/? D/AdsSdk_3006.0: inter_aaa: AffInfo is: {"aff_name":"mobvista","app_id":"90146","aff_key":"23d44b35a1b60f20f12f92498b00de9d","ad_unit_id":"18188","reward_id":"13238","open_i_b":0,"aff_ttl":1800}
11-06 11:22:05.625 2986-3309/? D/AdsSdk_3006.0: LoadManager mobvista_18188: load开始
11-06 11:22:05.635 2986-3309/? I/<ALY Android>_3200: logEvent key: _NEW_IL_LOAD, value: [{__gaid=5a862c88-d254-45bc-be40-20af7d04b1b9, __aff_info=%7B%22aff_name%22%3A%22mobvista%22%2C%22app_id%22%3A%2290146%22%2C%22aff_key%22%3A%2223d44b35a1b60f20f12f92498b00de9d%22%2C%22ad_unit_id%22%3A%2218188%22%2C%22reward_id%22%3A%2213238%22%2C%22open_i_b%22%3A0%2C%22aff_ttl%22%3A1800%7D, __ad_id=inter_aaa, __sdk_ver=3006, __open_id=80b62288b18854cd28d2edff45ce7262, __pkg=roy.wan.inland, __sub_ver=3006.0, __sta_token=f8bad30d359540b685486a5694a8a90b}]
11-06 11:22:05.639 2986-3309/? D/AdsSdk_3006.0: inter_aaa: AffInfo is: {"aff_name":"vungle","app_id":"58c23edde5ffdf116e0000b4","placement_id":"INTERST54803","open_i_b":0,"aff_ttl":1800,"vungle_ids":"DEFAULT99486,INTERST54803"}
11-06 11:22:05.642 2986-3309/? D/AdsSdk_3006.0: LoadManager vungle_INTERST54803: load开始
11-06 11:22:05.656 2986-3309/? I/<ALY Android>_3200: logEvent key: _NEW_IL_LOAD, value: [{__gaid=5a862c88-d254-45bc-be40-20af7d04b1b9, __aff_info=%7B%22aff_name%22%3A%22vungle%22%2C%22app_id%22%3A%2258c23edde5ffdf116e0000b4%22%2C%22placement_id%22%3A%22INTERST54803%22%2C%22open_i_b%22%3A0%2C%22aff_ttl%22%3A1800%2C%22vungle_ids%22%3A%22DEFAULT99486%2CINTERST54803%22%7D, __ad_id=inter_aaa, __sdk_ver=3006, __open_id=80b62288b18854cd28d2edff45ce7262, __pkg=roy.wan.inland, __sub_ver=3006.0, __sta_token=f8bad30d359540b685486a5694a8a90b}]
11-06 11:22:06.809 2986-3309/? D/AdsSdk_3006.0: inter_aaa: AffInfo is: {"aff_name":"unity","aff_key":"1533672","placement_id":"video","open_i_b":0,"aff_ttl":1800}
11-06 11:22:06.809 2986-3309/? D/AdsSdk_3006.0: Unity ads jars has be not improved, check please
11-06 11:22:06.809 2986-3309/? W/AdsSdk_3006.0: LoadManager AdapterFactory return null with: unity
11-06 11:22:06.810 2986-3309/? D/AdsSdk_3006.0: inter_aaa: AffInfo is: {"aff_name":"playableads","app_key":"il-100013-1503555086979","open_i_b":0,"aff_ttl":1800}
11-06 11:22:06.814 2986-3309/? D/AdsSdk_3006.0: LoadManager playableads_il-100013-1503555086979: load开始
11-06 11:22:06.816 2986-3309/? I/<ALY Android>_3200: logEvent key: _NEW_IL_LOAD, value: [{__gaid=5a862c88-d254-45bc-be40-20af7d04b1b9, __aff_info=%7B%22aff_name%22%3A%22playableads%22%2C%22app_key%22%3A%22il-100013-1503555086979%22%2C%22open_i_b%22%3A0%2C%22aff_ttl%22%3A1800%7D, __ad_id=inter_aaa, __sdk_ver=3006, __open_id=80b62288b18854cd28d2edff45ce7262, __pkg=roy.wan.inland, __sub_ver=3006.0, __sta_token=f8bad30d359540b685486a5694a8a90b}]
11-06 11:22:14.860 2986-3018/? I/AdsSdk_3006.0: banner ====>onApplicationFocus hasfocus: true
11-06 11:22:14.861 2986-3018/? I/AdsSdk_3006.0: banner ====>topFrameLayout    is hide:false, visibility: -100
11-06 11:22:14.861 2986-3018/? I/AdsSdk_3006.0: banner ====>bottomFrameLayout is hide:false, visibility: -100
11-06 11:22:14.861 2986-3018/? D/AdsSdk_3006.0: -------------------------------------------
11-06 11:22:14.861 2986-3018/? D/AdsSdk_3006.0: |  reloadRunnable left time(ms): 11409
11-06 11:22:14.861 2986-3018/? D/AdsSdk_3006.0: -------------------------------------------
11-06 11:22:14.931 2986-2986/? I/AdsSdk_3006.0: LoadManager LoadCallback: vungle_INTERST54803 onLoaded，加载成功
11-06 11:22:14.934 2986-2986/? I/<ALY Android>_3200: logEvent key: _NEW_IL_LOADOK, value: [{__req_id=d28f214afc3098b0db78797d87a21f6b, __gaid=5a862c88-d254-45bc-be40-20af7d04b1b9, __aff_info=%7B%22aff_name%22%3A%22vungle%22%2C%22app_id%22%3A%2258c23edde5ffdf116e0000b4%22%2C%22placement_id%22%3A%22INTERST54803%22%2C%22open_i_b%22%3A0%2C%22aff_ttl%22%3A1800%2C%22vungle_ids%22%3A%22DEFAULT99486%2CINTERST54803%22%7D, __ad_id=inter_aaa, __sdk_ver=3006, __open_id=80b62288b18854cd28d2edff45ce7262, __pkg=roy.wan.inland, __sub_ver=3006.0, __sta_token=f8bad30d359540b685486a5694a8a90b}]
11-06 11:22:15.086 2986-3225/? D/AdsSdk_3006.0: inter_aaa: LoadCallback: vungle_INTERST54803 onLoaded，加载成功
11-06 11:22:16.468 2986-3018/? I/AdsSdk_3006.0: UPInterstitialWrapper 传入的广告位: inter_aaa
11-06 11:22:16.470 2986-3018/? I/AdsSdk_3006.0: UPInterstitialWrapper 传入的广告位: inter_aaa
11-06 11:22:16.470 2986-3018/? I/AdsSdk_3006.0: TriggerParam mShowCount is 1
11-06 11:22:16.470 2986-3018/? I/AdsSdk_3006.0: TriggerParam platform is null
11-06 11:22:16.470 2986-3018/? I/AdsSdk_3006.0: UPInterstitialWrapper: inter_aaa show_order配置的展示联盟：null
11-06 11:22:16.470 2986-3018/? I/AdsSdk_3006.0: UPInterstitialWrapper: inter_aaa peek
11-06 11:22:16.470 2986-3018/? I/AdsSdk_3006.0: inter_aaa: ParallelRequestStrategy peek platform: null
11-06 11:22:16.470 2986-3018/? I/AdsSdk_3006.0: inter_aaa peek, auctionOpen is false, mServerReqIds.size is 0
11-06 11:22:16.470 2986-3018/? I/AdsSdk_3006.0: inter_aaa peek, 根据affinfo_list配置排序开始
11-06 11:22:16.473 2986-3018/? D/AdsSdk_3006.0: Adapter: REWARDVIDEO vungle_INTERST54803 isValid: true
11-06 11:22:16.473 2986-3018/? I/AdsSdk_3006.0: inter_aaapeek, 根据affinfo_list配置排序成功
11-06 11:22:16.473 2986-3225/? I/AdsSdk_3006.0: inter_aaa: fillup is called
11-06 11:22:16.474 2986-3225/? I/AdsSdk_3006.0: inter_aaa: only_wifi：false，netType: wifi
11-06 11:22:16.474 2986-3018/? I/AdsSdk_3006.0: UPInterstitialWrapper: inter_aaa peek成功， 联盟: vungle
11-06 11:22:16.475 2986-3549/? I/AdsSdk_3006.0: inter_aaa: 开始请求联盟广告，位于加载队列中的联盟数: 6
11-06 11:22:16.475 2986-3549/? D/AdsSdk_3006.0: inter_aaa: AffInfo is: {"aff_name":"gdt","aff_key":"1101152570","app_id":"8575134060152130849","placement_id":"0","open_i_b":0,"aff_ttl":1800}
11-06 11:22:16.476 2986-3549/? D/AdsSdk_3006.0: GDT ads jars has be not improved, check please
11-06 11:22:16.476 2986-3549/? W/AdsSdk_3006.0: LoadManager AdapterFactory return null with: gdt
11-06 11:22:16.477 2986-3549/? D/AdsSdk_3006.0: inter_aaa: AffInfo is: {"aff_name":"ironsource","app_key":"6646564d","open_i_b":0,"aff_ttl":1800,"placement_id":"1111111111"}
11-06 11:22:16.478 2986-3018/? D/AdsSdk_3006.0: Adapter: REWARDVIDEO vungle_INTERST54803 isValid: true
11-06 11:22:16.478 2986-3549/? D/AdsSdk_3006.0: Ironsource ads jars has be not improved, check please
11-06 11:22:16.478 2986-3018/? I/AdsSdk_3006.0: cplog: 插屏广告inter_aaa isReady return true
11-06 11:22:16.479 2986-3549/? W/AdsSdk_3006.0: LoadManager AdapterFactory return null with: ironsource
11-06 11:22:16.479 2986-3018/? I/AdsSdk_3006.0: PolyProxy ===>invokeUnitySendMessage :{"function":"interstitial_didloadsuccess","message":"Interstitial Ad loadsuccess()","cpadsid":"inter_aaa"}
11-06 11:22:16.480 2986-3549/? D/AdsSdk_3006.0: inter_aaa: AffInfo is: {"aff_name":"mobvista","app_id":"90146","aff_key":"23d44b35a1b60f20f12f92498b00de9d","ad_unit_id":"18188","reward_id":"13238","open_i_b":0,"aff_ttl":1800}
11-06 11:22:16.480 2986-3549/? D/AdsSdk_3006.0: Adapter: REWARDVIDEO mobvista_18188 isValid: false
11-06 11:22:16.480 2986-3549/? W/AdsSdk_3006.0: LoadManager mobvista_18188: 此联盟在loading队列中, return
11-06 11:22:16.480 2986-3549/? D/AdsSdk_3006.0: inter_aaa: AffInfo is: {"aff_name":"vungle","app_id":"58c23edde5ffdf116e0000b4","placement_id":"INTERST54803","open_i_b":0,"aff_ttl":1800,"vungle_ids":"DEFAULT99486,INTERST54803"}
11-06 11:22:16.481 2986-3549/? D/AdsSdk_3006.0: Adapter: REWARDVIDEO vungle_INTERST54803 isValid: true
11-06 11:22:16.481 2986-3549/? W/AdsSdk_3006.0: LoadManager vungle_INTERST54803: 此联盟在loaded队列中, return
11-06 11:22:16.481 2986-3549/? D/AdsSdk_3006.0: inter_aaa: LoadCallback: vungle_INTERST54803 onLoaded，加载成功
11-06 11:22:16.482 2986-3549/? D/AdsSdk_3006.0: inter_aaa: AffInfo is: {"aff_name":"unity","aff_key":"1533672","placement_id":"video","open_i_b":0,"aff_ttl":1800}
11-06 11:22:16.483 2986-3549/? D/AdsSdk_3006.0: Unity ads jars has be not improved, check please
11-06 11:22:16.483 2986-3549/? W/AdsSdk_3006.0: LoadManager AdapterFactory return null with: unity
11-06 11:22:16.484 2986-3549/? D/AdsSdk_3006.0: inter_aaa: AffInfo is: {"aff_name":"playableads","app_key":"il-100013-1503555086979","open_i_b":0,"aff_ttl":1800}
11-06 11:22:16.484 2986-3549/? D/AdsSdk_3006.0: Adapter: INTERSTITIAL playableads_il-100013-1503555086979 isValid: false
11-06 11:22:16.484 2986-3549/? W/AdsSdk_3006.0: LoadManager playableads_il-100013-1503555086979: 此联盟在loading队列中, return
11-06 11:22:20.612 2986-3225/? I/AdsSdk_3006.0: rewarded_video: fillup is called
11-06 11:22:20.613 2986-3225/? I/AdsSdk_3006.0: rewarded_video: only_wifi：false，netType: wifi
11-06 11:22:20.616 2986-3573/? I/AdsSdk_3006.0: rewarded_video: 开始请求联盟广告，位于加载队列中的联盟数: 5
11-06 11:22:20.618 2986-3573/? D/AdsSdk_3006.0: rewarded_video: AffInfo is: {"aff_name":"mobvista","app_id":"90146","aff_key":"23d44b35a1b60f20f12f92498b00de9d","ad_unit_id":"11937","reward_id":"13238","open_i_b":0,"aff_ttl":1800}
11-06 11:22:20.619 2986-3573/? D/AdsSdk_3006.0: LoadManager mobvista_11937: load开始
11-06 11:22:20.636 2986-3573/? I/<ALY Android>_3200: logEvent key: _NEW_RDA_LOAD, value: [{__gaid=5a862c88-d254-45bc-be40-20af7d04b1b9, __aff_info=%7B%22aff_name%22%3A%22mobvista%22%2C%22app_id%22%3A%2290146%22%2C%22aff_key%22%3A%2223d44b35a1b60f20f12f92498b00de9d%22%2C%22ad_unit_id%22%3A%2211937%22%2C%22reward_id%22%3A%2213238%22%2C%22open_i_b%22%3A0%2C%22aff_ttl%22%3A1800%7D, __ad_id=rewarded_video, __sdk_ver=3006, __open_id=80b62288b18854cd28d2edff45ce7262, __pkg=roy.wan.inland, __sub_ver=3006.0, __sta_token=f8bad30d359540b685486a5694a8a90b}]
11-06 11:22:20.649 2986-3573/? D/AdsSdk_3006.0: rewarded_video: AffInfo is: {"aff_name":"oneway","publisher_id":"eqv30rapcjp0kq1p","placement_id":"2","open_i_b":0,"aff_ttl":1800}
11-06 11:22:20.656 2986-3573/? D/AdsSdk_3006.0: LoadManager oneway: load开始
11-06 11:22:20.662 2986-3573/? I/<ALY Android>_3200: logEvent key: _NEW_RDA_LOAD, value: [{__gaid=5a862c88-d254-45bc-be40-20af7d04b1b9, __aff_info=%7B%22aff_name%22%3A%22oneway%22%2C%22publisher_id%22%3A%22eqv30rapcjp0kq1p%22%2C%22placement_id%22%3A%222%22%2C%22open_i_b%22%3A0%2C%22aff_ttl%22%3A1800%7D, __ad_id=rewarded_video, __sdk_ver=3006, __open_id=80b62288b18854cd28d2edff45ce7262, __pkg=roy.wan.inland, __sub_ver=3006.0, __sta_token=f8bad30d359540b685486a5694a8a90b}]
11-06 11:22:20.726 2986-3573/? D/AdsSdk_3006.0: rewarded_video: AffInfo is: {"aff_name":"vungle","app_id":"58c23edde5ffdf116e0000b4","placement_id":"DEFAULT99486","open_i_b":0,"aff_ttl":1800,"vungle_ids":"DEFAULT99486,INTERST54803"}
11-06 11:22:20.727 2986-3573/? D/AdsSdk_3006.0: LoadManager vungle_DEFAULT99486: load开始
11-06 11:22:20.729 2986-3573/? I/<ALY Android>_3200: logEvent key: _NEW_RDA_LOAD, value: [{__gaid=5a862c88-d254-45bc-be40-20af7d04b1b9, __aff_info=%7B%22aff_name%22%3A%22vungle%22%2C%22app_id%22%3A%2258c23edde5ffdf116e0000b4%22%2C%22placement_id%22%3A%22DEFAULT99486%22%2C%22open_i_b%22%3A0%2C%22aff_ttl%22%3A1800%2C%22vungle_ids%22%3A%22DEFAULT99486%2CINTERST54803%22%7D, __ad_id=rewarded_video, __sdk_ver=3006, __open_id=80b62288b18854cd28d2edff45ce7262, __pkg=roy.wan.inland, __sub_ver=3006.0, __sta_token=f8bad30d359540b685486a5694a8a90b}]
11-06 11:22:20.731 2986-3573/? I/AdsSdk_3006.0: LoadManager LoadCallback: vungle_DEFAULT99486 onLoaded，加载成功
11-06 11:22:20.731 2986-3573/? D/AdsSdk_3006.0: LoadCallback: vungle_DEFAULT99486 loadCostTimeMills is -1
11-06 11:22:20.734 2986-3573/? I/<ALY Android>_3200: logEvent key: _NEW_RDA_LOADOK, value: [{__req_id=ce90e5ab9e6e477f9b6d3e986037c509, __gaid=5a862c88-d254-45bc-be40-20af7d04b1b9, __aff_info=%7B%22aff_name%22%3A%22vungle%22%2C%22app_id%22%3A%2258c23edde5ffdf116e0000b4%22%2C%22placement_id%22%3A%22DEFAULT99486%22%2C%22open_i_b%22%3A0%2C%22aff_ttl%22%3A1800%2C%22vungle_ids%22%3A%22DEFAULT99486%2CINTERST54803%22%7D, __load_time=-1, __ad_id=rewarded_video, __sdk_ver=3006, __open_id=80b62288b18854cd28d2edff45ce7262, __pkg=roy.wan.inland, __sub_ver=3006.0, __sta_token=f8bad30d359540b685486a5694a8a90b}]
11-06 11:22:20.738 2986-3573/? D/AdsSdk_3006.0: rewarded_video: AffInfo is: {"aff_name":"playable_inner_promotion","app_key":"il-100013-1503555086955dd","open_i_b":0,"aff_ttl":1800}
11-06 11:22:20.753 2986-3573/? D/AdsSdk_3006.0: LoadManager playable_inner_promotion: load开始
11-06 11:22:20.756 2986-3573/? I/<ALY Android>_3200: logEvent key: _NEW_RDA_LOAD, value: [{__gaid=5a862c88-d254-45bc-be40-20af7d04b1b9, __aff_info=%7B%22aff_name%22%3A%22playable_inner_promotion%22%2C%22app_key%22%3A%22il-100013-1503555086955dd%22%2C%22open_i_b%22%3A0%2C%22aff_ttl%22%3A1800%7D, __ad_id=rewarded_video, __sdk_ver=3006, __open_id=80b62288b18854cd28d2edff45ce7262, __pkg=roy.wan.inland, __sub_ver=3006.0, __sta_token=f8bad30d359540b685486a5694a8a90b}]
11-06 11:22:20.759 2986-3573/? D/AdsSdk_3006.0: rewarded_video: AffInfo is: {"aff_name":"toutiao","app_id":"5001121","slot_id":"901121365","open_i_b":0,"aff_ttl":1800}
11-06 11:22:20.760 2986-3573/? D/AdsSdk_3006.0: LoadManager toutiao_901121365: load开始
11-06 11:22:20.762 2986-3573/? I/<ALY Android>_3200: logEvent key: _NEW_RDA_LOAD, value: [{__gaid=5a862c88-d254-45bc-be40-20af7d04b1b9, __aff_info=%7B%22aff_name%22%3A%22toutiao%22%2C%22app_id%22%3A%225001121%22%2C%22slot_id%22%3A%22901121365%22%2C%22open_i_b%22%3A0%2C%22aff_ttl%22%3A1800%7D, __ad_id=rewarded_video, __sdk_ver=3006, __open_id=80b62288b18854cd28d2edff45ce7262, __pkg=roy.wan.inland, __sub_ver=3006.0, __sta_token=f8bad30d359540b685486a5694a8a90b}]
11-06 11:22:20.886 2986-3225/? D/AdsSdk_3006.0: rewarded_video: LoadCallback: vungle_DEFAULT99486 onLoaded，加载成功
11-06 11:22:22.048 2986-2986/? W/AdsSdk_3006.0: LoadManager LoadCallback: toutiao_901121365 onError，加载失败
                                                message: TTRewardVideoAdapter failed with message: 没有广告
11-06 11:22:22.051 2986-2986/? I/<ALY Android>_3200: logEvent key: _NEW_RDA_LOADNOK, value: [{__gaid=5a862c88-d254-45bc-be40-20af7d04b1b9, __aff_info=%7B%22aff_name%22%3A%22toutiao%22%2C%22app_id%22%3A%225001121%22%2C%22slot_id%22%3A%22901121365%22%2C%22open_i_b%22%3A0%2C%22aff_ttl%22%3A1800%7D, __ad_id=rewarded_video, __sdk_ver=3006, __open_id=80b62288b18854cd28d2edff45ce7262, __pkg=roy.wan.inland, __sub_ver=3006.0, __sta_token=f8bad30d359540b685486a5694a8a90b}]
11-06 11:22:22.303 2986-3225/? D/AdsSdk_3006.0: toutiao_901121365: 8000ms后重试
11-06 11:22:23.892 2986-2986/? I/AdsSdk_3006.0: LoadManager LoadCallback: oneway onLoaded，加载成功
11-06 11:22:23.893 2986-2986/? D/AdsSdk_3006.0: LoadCallback: oneway loadCostTimeMills is 3173
11-06 11:22:23.896 2986-2986/? I/<ALY Android>_3200: logEvent key: _NEW_RDA_LOADOK, value: [{__req_id=d6a5cafab808bac98328bb1ba9eb475d, __gaid=5a862c88-d254-45bc-be40-20af7d04b1b9, __aff_info=%7B%22aff_name%22%3A%22oneway%22%2C%22publisher_id%22%3A%22eqv30rapcjp0kq1p%22%2C%22placement_id%22%3A%222%22%2C%22open_i_b%22%3A0%2C%22aff_ttl%22%3A1800%7D, __load_time=3173, __ad_id=rewarded_video, __sdk_ver=3006, __open_id=80b62288b18854cd28d2edff45ce7262, __pkg=roy.wan.inland, __sub_ver=3006.0, __sta_token=f8bad30d359540b685486a5694a8a90b}]
11-06 11:22:24.048 2986-3225/? D/AdsSdk_3006.0: rewarded_video: LoadCallback: oneway onLoaded，加载成功
11-06 11:22:28.611 2986-3018/? I/AdsSdk_3006.0: UPInterstitialWrapper 传入的广告位: inter_aaa
11-06 11:22:28.611 2986-3018/? I/AdsSdk_3006.0: UPInterstitialWrapper 传入的广告位: inter_aaa
11-06 11:22:28.611 2986-3018/? I/AdsSdk_3006.0: TriggerParam mShowCount is 1
11-06 11:22:28.611 2986-3018/? I/AdsSdk_3006.0: TriggerParam platform is null
11-06 11:22:28.611 2986-3018/? I/AdsSdk_3006.0: UPInterstitialWrapper: inter_aaa show_order配置的展示联盟：null
11-06 11:22:28.611 2986-3018/? I/AdsSdk_3006.0: UPInterstitialWrapper: inter_aaa peek
11-06 11:22:28.611 2986-3018/? I/AdsSdk_3006.0: inter_aaa: ParallelRequestStrategy peek platform: null
11-06 11:22:28.611 2986-3018/? I/AdsSdk_3006.0: inter_aaa peek, auctionOpen is false, mServerReqIds.size is 0
11-06 11:22:28.611 2986-3018/? I/AdsSdk_3006.0: inter_aaa peek, 根据affinfo_list配置排序开始
11-06 11:22:28.613 2986-3018/? D/AdsSdk_3006.0: Adapter: REWARDVIDEO vungle_INTERST54803 isValid: true
11-06 11:22:28.613 2986-3018/? I/AdsSdk_3006.0: inter_aaapeek, 根据affinfo_list配置排序成功
11-06 11:22:28.613 2986-3018/? I/AdsSdk_3006.0: UPInterstitialWrapper: inter_aaa peek成功， 联盟: vungle
11-06 11:22:28.613 2986-3225/? I/AdsSdk_3006.0: inter_aaa: fillup is called
11-06 11:22:28.614 2986-3018/? D/AdsSdk_3006.0: Adapter: REWARDVIDEO vungle_INTERST54803 isValid: true
11-06 11:22:28.615 2986-3225/? I/AdsSdk_3006.0: inter_aaa: only_wifi：false，netType: wifi
11-06 11:22:28.616 2986-3018/? I/AdsSdk_3006.0: inter_aaa开始判断是否达到显示条件
11-06 11:22:28.616 2986-3018/? I/AdsSdk_3006.0: TriggerHelper canShow return: true
11-06 11:22:28.616 2986-3018/? I/AdsSdk_3006.0: cplog: 插屏广告inter_aaa isReady return true
11-06 11:22:28.616 2986-3018/? I/AdsSdk_3006.0: Innter ===>showInterstitial : inter_aaa, loadview: false,ready: true
11-06 11:22:28.616 2986-3018/? I/AdsSdk_3006.0: UPInterstitialWrapper 传入的广告位: inter_aaa
11-06 11:22:28.618 2986-3018/? I/AdsSdk_3006.0: UPInterstitialWrapper 传入的广告位: inter_aaa
11-06 11:22:28.618 2986-3018/? I/AdsSdk_3006.0: TriggerParam mShowCount is 1
11-06 11:22:28.618 2986-3018/? I/AdsSdk_3006.0: TriggerParam platform is null
11-06 11:22:28.618 2986-3018/? I/AdsSdk_3006.0: UPInterstitialWrapper: inter_aaa show_order配置的展示联盟：null
11-06 11:22:28.618 2986-3018/? I/AdsSdk_3006.0: UPInterstitialWrapper: inter_aaa peek
11-06 11:22:28.618 2986-3018/? I/AdsSdk_3006.0: inter_aaa: ParallelRequestStrategy peek platform: null
11-06 11:22:28.618 2986-3018/? I/AdsSdk_3006.0: inter_aaa peek, auctionOpen is false, mServerReqIds.size is 0
11-06 11:22:28.618 2986-3018/? I/AdsSdk_3006.0: inter_aaa peek, 根据affinfo_list配置排序开始
11-06 11:22:28.619 2986-3682/? I/AdsSdk_3006.0: inter_aaa: 开始请求联盟广告，位于加载队列中的联盟数: 6
11-06 11:22:28.620 2986-3018/? D/AdsSdk_3006.0: Adapter: REWARDVIDEO vungle_INTERST54803 isValid: true
11-06 11:22:28.620 2986-3682/? D/AdsSdk_3006.0: inter_aaa: AffInfo is: {"aff_name":"gdt","aff_key":"1101152570","app_id":"8575134060152130849","placement_id":"0","open_i_b":0,"aff_ttl":1800}
11-06 11:22:28.620 2986-3018/? I/AdsSdk_3006.0: inter_aaapeek, 根据affinfo_list配置排序成功
11-06 11:22:28.620 2986-3018/? I/AdsSdk_3006.0: UPInterstitialWrapper: inter_aaa peek成功， 联盟: vungle
11-06 11:22:28.620 2986-3225/? I/AdsSdk_3006.0: inter_aaa: fillup is called
11-06 11:22:28.620 2986-3682/? D/AdsSdk_3006.0: GDT ads jars has be not improved, check please
11-06 11:22:28.620 2986-3682/? W/AdsSdk_3006.0: LoadManager AdapterFactory return null with: gdt
11-06 11:22:28.621 2986-3018/? D/AdsSdk_3006.0: Adapter: REWARDVIDEO vungle_INTERST54803 isValid: true
11-06 11:22:28.621 2986-3225/? I/AdsSdk_3006.0: inter_aaa: only_wifi：false，netType: wifi
11-06 11:22:28.622 2986-3682/? D/AdsSdk_3006.0: inter_aaa: AffInfo is: {"aff_name":"ironsource","app_key":"6646564d","open_i_b":0,"aff_ttl":1800,"placement_id":"1111111111"}
11-06 11:22:28.622 2986-3309/? I/AdsSdk_3006.0: inter_aaa: 开始请求联盟广告，位于加载队列中的联盟数: 6
11-06 11:22:28.622 2986-3309/? D/AdsSdk_3006.0: inter_aaa: AffInfo is: {"aff_name":"gdt","aff_key":"1101152570","app_id":"8575134060152130849","placement_id":"0","open_i_b":0,"aff_ttl":1800}
11-06 11:22:28.622 2986-3682/? D/AdsSdk_3006.0: Ironsource ads jars has be not improved, check please
11-06 11:22:28.622 2986-3682/? W/AdsSdk_3006.0: LoadManager AdapterFactory return null with: ironsource
11-06 11:22:28.623 2986-3018/? I/AdsSdk_3006.0: inter_aaa开始判断是否达到显示条件
11-06 11:22:28.623 2986-3018/? I/AdsSdk_3006.0: TriggerHelper canShow return: true
11-06 11:22:28.623 2986-3018/? I/AdsSdk_3006.0: cplog: 插屏广告inter_aaa isReady return true
11-06 11:22:28.623 2986-3018/? I/AdsSdk_3006.0: Innter ===>showInterstitial show()
11-06 11:22:28.623 2986-3018/? I/AdsSdk_3006.0: UPInterstitialWrapper 传入的广告位: inter_aaa
11-06 11:22:28.623 2986-3018/? I/AdsSdk_3006.0: UPInterstitialWrapper 插屏广告inter_aaa展示被调用
11-06 11:22:28.623 2986-3309/? D/AdsSdk_3006.0: GDT ads jars has be not improved, check please
11-06 11:22:28.623 2986-3309/? W/AdsSdk_3006.0: LoadManager AdapterFactory return null with: gdt
11-06 11:22:28.623 2986-3682/? D/AdsSdk_3006.0: inter_aaa: AffInfo is: {"aff_name":"mobvista","app_id":"90146","aff_key":"23d44b35a1b60f20f12f92498b00de9d","ad_unit_id":"18188","reward_id":"13238","open_i_b":0,"aff_ttl":1800}
11-06 11:22:28.624 2986-3309/? D/AdsSdk_3006.0: inter_aaa: AffInfo is: {"aff_name":"ironsource","app_key":"6646564d","open_i_b":0,"aff_ttl":1800,"placement_id":"1111111111"}
11-06 11:22:28.624 2986-3682/? D/AdsSdk_3006.0: Adapter: REWARDVIDEO mobvista_18188 isValid: false
11-06 11:22:28.624 2986-3682/? W/AdsSdk_3006.0: LoadManager mobvista_18188: 此联盟在loading队列中, return
11-06 11:22:28.625 2986-3309/? D/AdsSdk_3006.0: Ironsource ads jars has be not improved, check please
11-06 11:22:28.625 2986-3309/? W/AdsSdk_3006.0: LoadManager AdapterFactory return null with: ironsource
11-06 11:22:28.625 2986-3682/? D/AdsSdk_3006.0: inter_aaa: AffInfo is: {"aff_name":"vungle","app_id":"58c23edde5ffdf116e0000b4","placement_id":"INTERST54803","open_i_b":0,"aff_ttl":1800,"vungle_ids":"DEFAULT99486,INTERST54803"}
11-06 11:22:28.626 2986-3309/? D/AdsSdk_3006.0: inter_aaa: AffInfo is: {"aff_name":"mobvista","app_id":"90146","aff_key":"23d44b35a1b60f20f12f92498b00de9d","ad_unit_id":"18188","reward_id":"13238","open_i_b":0,"aff_ttl":1800}
11-06 11:22:28.627 2986-3682/? D/AdsSdk_3006.0: Adapter: REWARDVIDEO vungle_INTERST54803 isValid: true
11-06 11:22:28.627 2986-3682/? W/AdsSdk_3006.0: LoadManager vungle_INTERST54803: 此联盟在loaded队列中, return
11-06 11:22:28.627 2986-3682/? D/AdsSdk_3006.0: inter_aaa: LoadCallback: vungle_INTERST54803 onLoaded，加载成功
11-06 11:22:28.629 2986-3309/? D/AdsSdk_3006.0: Adapter: REWARDVIDEO mobvista_18188 isValid: false
11-06 11:22:28.629 2986-3309/? W/AdsSdk_3006.0: LoadManager mobvista_18188: 此联盟在loading队列中, return
11-06 11:22:28.630 2986-3309/? D/AdsSdk_3006.0: inter_aaa: AffInfo is: {"aff_name":"vungle","app_id":"58c23edde5ffdf116e0000b4","placement_id":"INTERST54803","open_i_b":0,"aff_ttl":1800,"vungle_ids":"DEFAULT99486,INTERST54803"}
11-06 11:22:28.631 2986-3309/? D/AdsSdk_3006.0: Adapter: REWARDVIDEO vungle_INTERST54803 isValid: true
11-06 11:22:28.631 2986-3309/? W/AdsSdk_3006.0: LoadManager vungle_INTERST54803: 此联盟在loaded队列中, return
11-06 11:22:28.631 2986-3309/? D/AdsSdk_3006.0: inter_aaa: LoadCallback: vungle_INTERST54803 onLoaded，加载成功
11-06 11:22:28.632 2986-3309/? D/AdsSdk_3006.0: inter_aaa: AffInfo is: {"aff_name":"unity","aff_key":"1533672","placement_id":"video","open_i_b":0,"aff_ttl":1800}
11-06 11:22:28.633 2986-3309/? D/AdsSdk_3006.0: Unity ads jars has be not improved, check please
11-06 11:22:28.633 2986-3309/? W/AdsSdk_3006.0: LoadManager AdapterFactory return null with: unity
11-06 11:22:28.634 2986-3682/? D/AdsSdk_3006.0: inter_aaa: AffInfo is: {"aff_name":"unity","aff_key":"1533672","placement_id":"video","open_i_b":0,"aff_ttl":1800}
11-06 11:22:28.636 2986-3309/? D/AdsSdk_3006.0: inter_aaa: AffInfo is: {"aff_name":"playableads","app_key":"il-100013-1503555086979","open_i_b":0,"aff_ttl":1800}
11-06 11:22:28.636 2986-3309/? D/AdsSdk_3006.0: Adapter: INTERSTITIAL playableads_il-100013-1503555086979 isValid: false
11-06 11:22:28.636 2986-3309/? W/AdsSdk_3006.0: LoadManager playableads_il-100013-1503555086979: 此联盟在loading队列中, return
11-06 11:22:28.637 2986-3682/? D/AdsSdk_3006.0: Unity ads jars has be not improved, check please
11-06 11:22:28.637 2986-3682/? W/AdsSdk_3006.0: LoadManager AdapterFactory return null with: unity
11-06 11:22:28.638 2986-3682/? D/AdsSdk_3006.0: inter_aaa: AffInfo is: {"aff_name":"playableads","app_key":"il-100013-1503555086979","open_i_b":0,"aff_ttl":1800}
11-06 11:22:28.638 2986-3682/? D/AdsSdk_3006.0: Adapter: INTERSTITIAL playableads_il-100013-1503555086979 isValid: false
11-06 11:22:28.639 2986-3682/? W/AdsSdk_3006.0: LoadManager playableads_il-100013-1503555086979: 此联盟在loading队列中, return
11-06 11:22:28.832 2986-2986/? I/AdsSdk_3006.0: UPInterstitialWrapper 传入的广告位: inter_aaa
11-06 11:22:28.832 2986-2986/? I/AdsSdk_3006.0: TriggerParam mShowCount is 1
11-06 11:22:28.832 2986-2986/? I/AdsSdk_3006.0: TriggerParam platform is null
11-06 11:22:28.833 2986-2986/? I/AdsSdk_3006.0: UPInterstitialWrapper: inter_aaa show_order配置的展示联盟：null
11-06 11:22:28.833 2986-2986/? I/AdsSdk_3006.0: UPInterstitialWrapper: inter_aaa peek
11-06 11:22:28.833 2986-2986/? I/AdsSdk_3006.0: inter_aaa: ParallelRequestStrategy peek platform: null
11-06 11:22:28.833 2986-2986/? I/AdsSdk_3006.0: inter_aaa peek, auctionOpen is false, mServerReqIds.size is 0
11-06 11:22:28.833 2986-2986/? I/AdsSdk_3006.0: inter_aaa peek, 根据affinfo_list配置排序开始
11-06 11:22:28.833 2986-2986/? D/AdsSdk_3006.0: Adapter: REWARDVIDEO vungle_INTERST54803 isValid: true
11-06 11:22:28.833 2986-2986/? I/AdsSdk_3006.0: inter_aaapeek, 根据affinfo_list配置排序成功
11-06 11:22:28.833 2986-2986/? I/AdsSdk_3006.0: UPInterstitialWrapper: inter_aaa peek成功， 联盟: vungle
11-06 11:22:28.834 2986-2986/? D/AdsSdk_3006.0: Adapter: REWARDVIDEO vungle_INTERST54803 isValid: true
11-06 11:22:28.834 2986-2986/? I/AdsSdk_3006.0: cplog: 插屏广告inter_aaa isReady return true
11-06 11:22:28.834 2986-2986/? I/AdsSdk_3006.0: UPInterstitialWrapper 插屏广告inter_aaa展示, 联盟：vungle
11-06 11:22:28.835 2986-2986/? D/AdsSdk_3006.0: Adapter: REWARDVIDEO vungle_INTERST54803 isValid: true
11-06 11:22:28.836 2986-2986/? I/AdsSdk_3006.0: UPInterstitialWrapper: inter_aaa 加载成功联盟：vungle
11-06 11:22:28.839 2986-2986/? I/<ALY Android>_3200: logEvent key: _NEW_IL_SHOW, value: [{__req_id=d28f214afc3098b0db78797d87a21f6b, __gaid=5a862c88-d254-45bc-be40-20af7d04b1b9, __aff_info=%7B%22aff_name%22%3A%22vungle%22%2C%22app_id%22%3A%2258c23edde5ffdf116e0000b4%22%2C%22placement_id%22%3A%22INTERST54803%22%2C%22open_i_b%22%3A0%2C%22aff_ttl%22%3A1800%2C%22vungle_ids%22%3A%22DEFAULT99486%2CINTERST54803%22%7D, __ad_id=inter_aaa, __aff_ready=vungle, __sdk_ver=3006, __open_id=80b62288b18854cd28d2edff45ce7262, __pkg=roy.wan.inland, __sub_ver=3006.0, __sta_token=f8bad30d359540b685486a5694a8a90b}]
11-06 11:22:28.844 2986-2986/? I/<ALY Android>_3200: logEvent key: _NEW_IL_SHOW_RES, value: [{__req_id=d28f214afc3098b0db78797d87a21f6b, __gaid=5a862c88-d254-45bc-be40-20af7d04b1b9, __aff_info=%7B%22aff_name%22%3A%22vungle%22%2C%22app_id%22%3A%2258c23edde5ffdf116e0000b4%22%2C%22placement_id%22%3A%22INTERST54803%22%2C%22open_i_b%22%3A0%2C%22aff_ttl%22%3A1800%2C%22vungle_ids%22%3A%22DEFAULT99486%2CINTERST54803%22%7D, __sdk_ver=3006, __res_type=3, __open_id=80b62288b18854cd28d2edff45ce7262, __pkg=roy.wan.inland, __sub_ver=3006.0, __sta_token=f8bad30d359540b685486a5694a8a90b}]
11-06 11:22:28.956 2986-3225/? D/AdsSdk_3006.0: Adapter: REWARDVIDEO vungle_INTERST54803 isValid: true
11-06 11:22:29.325 2986-3018/? I/AdsSdk_3006.0: banner ====>onApplicationFocus hasfocus: false
11-06 11:22:29.376 2986-2986/? I/AdsSdk_3006.0: UPInterstitialWrapper onAdOpened: inter_aaa
