11-06 11:22:29.377 2986-2986/? I/AdsSdk_3006.0: PolyProxy ===>invokeUnitySendMessage :{"function":"interstitial_didshow","message":"Interstitial Ad onDisplayed()","cpadsid":"inter_aaa"}
11-06 11:22:30.304 2986-3225/? D/AdsSdk_3006.0: toutiao_901121365: 重试开始
11-06 11:22:30.305 2986-3549/? D/AdsSdk_3006.0: rewarded_video: AffInfo is: {"aff_name":"toutiao","app_id":"5001121","slot_id":"901121365","open_i_b":0,"aff_ttl":1800}
11-06 11:22:30.305 2986-3549/? D/AdsSdk_3006.0: Adapter: REWARDVIDEO toutiao_901121365 isValid: false
11-06 11:22:30.306 2986-3549/? D/AdsSdk_3006.0: LoadManager toutiao_901121365: load开始
11-06 11:22:30.309 2986-3549/? I/<ALY Android>_3200: logEvent key: _NEW_RDA_LOAD, value: [{__gaid=5a862c88-d254-45bc-be40-20af7d04b1b9, __aff_info=%7B%22aff_name%22%3A%22toutiao%22%2C%22app_id%22%3A%225001121%22%2C%22slot_id%22%3A%22901121365%22%2C%22open_i_b%22%3A0%2C%22aff_ttl%22%3A1800%7D, __ad_id=rewarded_video, __sdk_ver=3006, __open_id=80b62288b18854cd28d2edff45ce7262, __pkg=roy.wan.inland, __sub_ver=3006.0, __sta_token=f8bad30d359540b685486a5694a8a90b}]
11-06 11:22:31.052 2986-2986/? W/AdsSdk_3006.0: LoadManager LoadCallback: toutiao_901121365 onError，加载失败
                                                message: TTRewardVideoAdapter failed with message: 没有广告
11-06 11:22:31.304 2986-3225/? D/AdsSdk_3006.0: toutiao_901121365: 32000ms后重试
11-06 11:22:37.412 2986-3018/? I/AdsSdk_3006.0: banner ====>onApplicationFocus hasfocus: true
11-06 11:22:37.412 2986-3018/? I/AdsSdk_3006.0: banner ====>topFrameLayout    is hide:false, visibility: -100
11-06 11:22:37.412 2986-3018/? I/AdsSdk_3006.0: banner ====>bottomFrameLayout is hide:false, visibility: -100
11-06 11:22:37.412 2986-3018/? D/AdsSdk_3006.0: -------------------------------------------
11-06 11:22:37.412 2986-3018/? D/AdsSdk_3006.0: |  reloadRunnable left time(ms): 33960
11-06 11:22:37.412 2986-3018/? D/AdsSdk_3006.0: -------------------------------------------
11-06 11:22:37.443 2986-2986/? I/AdsSdk_3006.0: UPInterstitialWrapper onAdClosed: inter_aaa
11-06 11:22:37.444 2986-2986/? I/AdsSdk_3006.0: PolyProxy ===>invokeUnitySendMessage :{"function":"interstitial_didclose","message":"Interstitial Ad onClosed()","cpadsid":"inter_aaa"}
11-06 11:22:37.449 2986-2986/? I/<ALY Android>_3200: logEvent key: _NEW_IL_CLOSE, value: [{__req_id=d28f214afc3098b0db78797d87a21f6b, __gaid=5a862c88-d254-45bc-be40-20af7d04b1b9, __aff_info=%7B%22aff_name%22%3A%22vungle%22%2C%22app_id%22%3A%2258c23edde5ffdf116e0000b4%22%2C%22placement_id%22%3A%22INTERST54803%22%2C%22open_i_b%22%3A0%2C%22aff_ttl%22%3A1800%2C%22vungle_ids%22%3A%22DEFAULT99486%2CINTERST54803%22%7D, __ad_id=inter_aaa, __sdk_ver=3006, __open_id=80b62288b18854cd28d2edff45ce7262, __pkg=roy.wan.inland, __sub_ver=3006.0, __sta_token=f8bad30d359540b685486a5694a8a90b}]
11-06 11:22:38.845 2986-3018/? I/AdsSdk_3006.0: UPRewardVideoWrapper: show_ad is true
11-06 11:22:38.846 2986-3018/? I/AdsSdk_3006.0: TriggerParam mShowCount is 1
11-06 11:22:38.846 2986-3018/? I/AdsSdk_3006.0: TriggerParam platform is null
11-06 11:22:38.846 2986-3018/? I/AdsSdk_3006.0: UPRewardVideoWrapper show_order配置的展示联盟：null
11-06 11:22:38.846 2986-3018/? I/AdsSdk_3006.0: UPRewardVideoWrapper peek
11-06 11:22:38.846 2986-3018/? I/AdsSdk_3006.0: rewarded_video: ParallelRequestStrategy peek platform: null
11-06 11:22:38.846 2986-3018/? I/AdsSdk_3006.0: rewarded_video peek, auctionOpen is false, mServerReqIds.size is 0
11-06 11:22:38.846 2986-3018/? I/AdsSdk_3006.0: rewarded_video peek, 根据affinfo_list配置排序开始
11-06 11:22:38.846 2986-3018/? D/AdsSdk_3006.0: Adapter: REWARDVIDEO oneway isValid: true
11-06 11:22:38.846 2986-3018/? I/AdsSdk_3006.0: rewarded_videopeek, 根据affinfo_list配置排序成功
11-06 11:22:38.846 2986-3225/? I/AdsSdk_3006.0: rewarded_video: fillup is called
11-06 11:22:38.846 2986-3018/? I/AdsSdk_3006.0: UPRewardVideoWrapper peek成功， 联盟: oneway
11-06 11:22:38.846 2986-3018/? D/AdsSdk_3006.0: Adapter: REWARDVIDEO oneway isValid: true
11-06 11:22:38.847 2986-3018/? I/AdsSdk_3006.0: cplog: 视频广告 isReady return true
11-06 11:22:38.847 2986-3018/? I/AdsSdk_3006.0: PolyProxy ===>invokeUnitySendMessage :{"function":"reward_didloadsuccess","message":"RewardVideo Ad onVideoAdLoadSuccess()"}
11-06 11:22:38.847 2986-3225/? I/AdsSdk_3006.0: rewarded_video: only_wifi：false，netType: wifi
11-06 11:22:38.848 2986-3225/? W/AdsSdk_3006.0: rewarded_video: fillup too frequently, return
11-06 11:22:44.952 2986-3018/? I/AdsSdk_3006.0: PolyProxy ===>try to showVideoDebugActivity()
11-06 11:22:44.952 2986-3018/? I/AdsSdk_3006.0: ParallelRequestStrategy preload is called: rewarded_video
11-06 11:22:44.952 2986-3018/? I/AdsSdk_3006.0: rewarded_video: 根据延迟配置，0ms后开始预加载
11-06 11:22:44.953 2986-3225/? I/AdsSdk_3006.0: rewarded_video: fillup is called
11-06 11:22:44.954 2986-3225/? I/AdsSdk_3006.0: rewarded_video: only_wifi：false，netType: wifi
11-06 11:22:44.954 2986-3225/? W/AdsSdk_3006.0: rewarded_video: fillup too frequently, return
11-06 11:22:45.018 2986-3018/? I/AdsSdk_3006.0: banner ====>onApplicationFocus hasfocus: false
11-06 11:22:45.568 2986-2986/? D/AdsSdk_3006.0: class com.google.android.gms.ads.AdView not found
11-06 11:22:45.568 2986-2986/? D/AdsSdk_3006.0: class com.google.android.gms.ads.InterstitialAd not found
11-06 11:22:45.569 2986-2986/? D/AdsSdk_3006.0: class com.google.android.gms.ads.reward.RewardedVideoAd not found
11-06 11:22:45.570 2986-2986/? D/AdsSdk_3006.0: class com.google.android.gms.ads.AdRequest not found
11-06 11:22:45.570 2986-2986/? D/AdsSdk_3006.0: Admob ads jars has not improved, check please
11-06 11:22:45.571 2986-2986/? D/AdsSdk_3006.0: class com.google.android.gms.ads.AdView not found
11-06 11:22:45.572 2986-2986/? D/AdsSdk_3006.0: class com.google.android.gms.ads.InterstitialAd not found
11-06 11:22:45.572 2986-2986/? D/AdsSdk_3006.0: class com.google.android.gms.ads.reward.RewardedVideoAd not found
11-06 11:22:45.573 2986-2986/? D/AdsSdk_3006.0: class com.google.android.gms.ads.AdRequest not found
11-06 11:22:45.573 2986-2986/? D/AdsSdk_3006.0: Admob ads jars has not improved, check please
11-06 11:22:45.580 2986-2986/? D/AdsSdk_3006.0: Admob_new ads jars has not improved, check please
11-06 11:22:45.580 2986-2986/? D/AdsSdk_3006.0: Admob_new ads jars has not improved, check please
11-06 11:22:45.588 2986-2986/? D/AdsSdk_3006.0: Adcolony ads jars has be not improved, check please
11-06 11:22:45.589 2986-2986/? D/AdsSdk_3006.0: Adcolony ads jars has be not improved, check please
11-06 11:22:45.602 2986-2986/? D/AdsSdk_3006.0: Unity ads jars has be not improved, check please
11-06 11:22:45.603 2986-2986/? D/AdsSdk_3006.0: Unity ads jars has be not improved, check please
11-06 11:22:45.615 2986-2986/? D/AdsSdk_3006.0: AppNext ads jars has not improved, check please
11-06 11:22:45.616 2986-2986/? D/AdsSdk_3006.0: AppNext ads jars has not improved, check please
11-06 11:22:45.623 2986-2986/? D/AdsSdk_3006.0: Applovin ads jars has not improved, check please
11-06 11:22:45.624 2986-2986/? D/AdsSdk_3006.0: Applovin ads jars has not improved, check please
11-06 11:22:45.631 2986-2986/? D/AdsSdk_3006.0: Chartboost ads jars has be not improved, check please
11-06 11:22:45.632 2986-2986/? D/AdsSdk_3006.0: Chartboost ads jars has be not improved, check please
11-06 11:22:45.637 2986-2986/? D/AdsSdk_3006.0: class com.facebook.ads.RewardedVideoAd not found
11-06 11:22:45.637 2986-2986/? D/AdsSdk_3006.0: Facebook video ads jars has not improved, check please
11-06 11:22:45.638 2986-2986/? D/AdsSdk_3006.0: class com.facebook.ads.RewardedVideoAd not found
11-06 11:22:45.638 2986-2986/? D/AdsSdk_3006.0: Facebook video ads jars has not improved, check please
11-06 11:22:45.644 2986-2986/? D/AdsSdk_3006.0: Ironsource ads jars has be not improved, check please
11-06 11:22:45.645 2986-2986/? D/AdsSdk_3006.0: Ironsource ads jars has be not improved, check please
11-06 11:22:45.649 2986-2986/? D/AdsSdk_3006.0: VK ads jars has be not improved, check please
11-06 11:22:45.650 2986-2986/? D/AdsSdk_3006.0: VK ads jars has be not improved, check please
11-06 11:22:45.655 2986-2986/? D/AdsSdk_3006.0: Dap vd ads jars has be not improved, check please
11-06 11:22:45.656 2986-2986/? D/AdsSdk_3006.0: Dap vd ads jars has be not improved, check please
11-06 11:22:45.664 2986-2986/? D/AdsSdk_3006.0: Adapter: REWARDVIDEO oneway isValid: true
11-06 11:22:45.664 2986-2986/? D/AdsSdk_3006.0: Adapter: REWARDVIDEO oneway isValid: true
11-06 11:22:45.667 2986-2986/? D/AdsSdk_3006.0: Adapter: REWARDVIDEO vungle_DEFAULT99486 isValid: true
11-06 11:22:45.668 2986-2986/? D/AdsSdk_3006.0: Adapter: REWARDVIDEO vungle_DEFAULT99486 isValid: true
11-06 11:22:45.959 2986-2986/? D/AdsSdk_3006.0: class com.google.android.gms.ads.AdView not found
11-06 11:22:45.960 2986-2986/? D/AdsSdk_3006.0: class com.google.android.gms.ads.InterstitialAd not found
11-06 11:22:45.961 2986-2986/? D/AdsSdk_3006.0: class com.google.android.gms.ads.reward.RewardedVideoAd not found
11-06 11:22:45.962 2986-2986/? D/AdsSdk_3006.0: class com.google.android.gms.ads.AdRequest not found
11-06 11:22:45.962 2986-2986/? D/AdsSdk_3006.0: Admob ads jars has not improved, check please
11-06 11:22:45.964 2986-2986/? D/AdsSdk_3006.0: class com.google.android.gms.ads.AdView not found
11-06 11:22:45.966 2986-2986/? D/AdsSdk_3006.0: class com.google.android.gms.ads.InterstitialAd not found
11-06 11:22:45.967 2986-2986/? D/AdsSdk_3006.0: class com.google.android.gms.ads.reward.RewardedVideoAd not found
11-06 11:22:45.968 2986-2986/? D/AdsSdk_3006.0: class com.google.android.gms.ads.AdRequest not found
11-06 11:22:45.968 2986-2986/? D/AdsSdk_3006.0: Admob ads jars has not improved, check please
11-06 11:22:45.969 2986-2986/? D/AdsSdk_3006.0: Admob_new ads jars has not improved, check please
11-06 11:22:45.971 2986-2986/? D/AdsSdk_3006.0: Admob_new ads jars has not improved, check please
11-06 11:22:45.973 2986-2986/? D/AdsSdk_3006.0: Adcolony ads jars has be not improved, check please
11-06 11:22:45.974 2986-2986/? D/AdsSdk_3006.0: Adcolony ads jars has be not improved, check please
11-06 11:22:45.976 2986-2986/? D/AdsSdk_3006.0: Unity ads jars has be not improved, check please
11-06 11:22:45.977 2986-2986/? D/AdsSdk_3006.0: Unity ads jars has be not improved, check please
11-06 11:22:45.979 2986-2986/? D/AdsSdk_3006.0: AppNext ads jars has not improved, check please
11-06 11:22:45.980 2986-2986/? D/AdsSdk_3006.0: AppNext ads jars has not improved, check please
11-06 11:22:45.982 2986-2986/? D/AdsSdk_3006.0: Applovin ads jars has not improved, check please
11-06 11:22:45.983 2986-2986/? D/AdsSdk_3006.0: Applovin ads jars has not improved, check please
11-06 11:22:45.985 2986-2986/? D/AdsSdk_3006.0: Chartboost ads jars has be not improved, check please
11-06 11:22:45.986 2986-2986/? D/AdsSdk_3006.0: Chartboost ads jars has be not improved, check please
11-06 11:22:45.988 2986-2986/? D/AdsSdk_3006.0: class com.facebook.ads.RewardedVideoAd not found
11-06 11:22:45.988 2986-2986/? D/AdsSdk_3006.0: Facebook video ads jars has not improved, check please
11-06 11:22:45.989 2986-2986/? D/AdsSdk_3006.0: class com.facebook.ads.RewardedVideoAd not found
11-06 11:22:45.989 2986-2986/? D/AdsSdk_3006.0: Facebook video ads jars has not improved, check please
11-06 11:22:45.990 2986-2986/? D/AdsSdk_3006.0: Ironsource ads jars has be not improved, check please
11-06 11:22:45.991 2986-2986/? D/AdsSdk_3006.0: Ironsource ads jars has be not improved, check please
11-06 11:22:45.993 2986-2986/? D/AdsSdk_3006.0: VK ads jars has be not improved, check please
11-06 11:22:45.994 2986-2986/? D/AdsSdk_3006.0: VK ads jars has be not improved, check please
11-06 11:22:45.996 2986-2986/? D/AdsSdk_3006.0: Adapter: REWARDVIDEO oneway isValid: true
11-06 11:22:45.996 2986-2986/? D/AdsSdk_3006.0: Adapter: REWARDVIDEO oneway isValid: true
11-06 11:22:45.997 2986-2986/? D/AdsSdk_3006.0: Adapter: REWARDVIDEO vungle_DEFAULT99486 isValid: true
11-06 11:22:46.000 2986-2986/? D/AdsSdk_3006.0: Adapter: REWARDVIDEO vungle_DEFAULT99486 isValid: true
11-06 11:22:48.383 2986-3018/? I/AdsSdk_3006.0: banner ====>onApplicationFocus hasfocus: true
11-06 11:22:48.383 2986-3018/? I/AdsSdk_3006.0: banner ====>topFrameLayout    is hide:false, visibility: -100
11-06 11:22:48.383 2986-3018/? I/AdsSdk_3006.0: banner ====>bottomFrameLayout is hide:false, visibility: -100
11-06 11:22:48.383 2986-3018/? D/AdsSdk_3006.0: -------------------------------------------
11-06 11:22:48.383 2986-3018/? D/AdsSdk_3006.0: |  reloadRunnable left time(ms): 44931
11-06 11:22:48.384 2986-3018/? D/AdsSdk_3006.0: -------------------------------------------
11-06 11:22:49.520 2986-3018/? I/AdsSdk_3006.0: PolyProxy ===>try to showVideoDebugActivity()
11-06 11:22:49.565 2986-3018/? I/AdsSdk_3006.0: banner ====>onApplicationFocus hasfocus: false
11-06 11:22:50.089 2986-2986/? D/AdsSdk_3006.0: class com.google.android.gms.ads.AdView not found
11-06 11:22:50.089 2986-2986/? D/AdsSdk_3006.0: class com.google.android.gms.ads.InterstitialAd not found
11-06 11:22:50.090 2986-2986/? D/AdsSdk_3006.0: class com.google.android.gms.ads.reward.RewardedVideoAd not found
11-06 11:22:50.091 2986-2986/? D/AdsSdk_3006.0: class com.google.android.gms.ads.AdRequest not found
11-06 11:22:50.092 2986-2986/? D/AdsSdk_3006.0: Admob ads jars has not improved, check please
11-06 11:22:50.093 2986-2986/? D/AdsSdk_3006.0: class com.google.android.gms.ads.AdView not found
11-06 11:22:50.093 2986-2986/? D/AdsSdk_3006.0: class com.google.android.gms.ads.InterstitialAd not found
11-06 11:22:50.094 2986-2986/? D/AdsSdk_3006.0: class com.google.android.gms.ads.reward.RewardedVideoAd not found
11-06 11:22:50.095 2986-2986/? D/AdsSdk_3006.0: class com.google.android.gms.ads.AdRequest not found
11-06 11:22:50.095 2986-2986/? D/AdsSdk_3006.0: Admob ads jars has not improved, check please
11-06 11:22:50.099 2986-2986/? D/AdsSdk_3006.0: Admob_new ads jars has not improved, check please
11-06 11:22:50.100 2986-2986/? D/AdsSdk_3006.0: Admob_new ads jars has not improved, check please
11-06 11:22:50.104 2986-2986/? D/AdsSdk_3006.0: Adcolony ads jars has be not improved, check please
11-06 11:22:50.105 2986-2986/? D/AdsSdk_3006.0: Adcolony ads jars has be not improved, check please
11-06 11:22:50.115 2986-2986/? D/AdsSdk_3006.0: Unity ads jars has be not improved, check please
11-06 11:22:50.116 2986-2986/? D/AdsSdk_3006.0: Unity ads jars has be not improved, check please
11-06 11:22:50.124 2986-2986/? D/AdsSdk_3006.0: AppNext ads jars has not improved, check please
11-06 11:22:50.127 2986-2986/? D/AdsSdk_3006.0: AppNext ads jars has not improved, check please
11-06 11:22:50.132 2986-2986/? D/AdsSdk_3006.0: Applovin ads jars has not improved, check please
11-06 11:22:50.133 2986-2986/? D/AdsSdk_3006.0: Applovin ads jars has not improved, check please
11-06 11:22:50.137 2986-2986/? D/AdsSdk_3006.0: Chartboost ads jars has be not improved, check please
11-06 11:22:50.138 2986-2986/? D/AdsSdk_3006.0: Chartboost ads jars has be not improved, check please
11-06 11:22:50.143 2986-2986/? D/AdsSdk_3006.0: class com.facebook.ads.RewardedVideoAd not found
11-06 11:22:50.143 2986-2986/? D/AdsSdk_3006.0: Facebook video ads jars has not improved, check please
11-06 11:22:50.144 2986-2986/? D/AdsSdk_3006.0: class com.facebook.ads.RewardedVideoAd not found
11-06 11:22:50.144 2986-2986/? D/AdsSdk_3006.0: Facebook video ads jars has not improved, check please
11-06 11:22:50.149 2986-2986/? D/AdsSdk_3006.0: Ironsource ads jars has be not improved, check please
11-06 11:22:50.150 2986-2986/? D/AdsSdk_3006.0: Ironsource ads jars has be not improved, check please
11-06 11:22:50.154 2986-2986/? D/AdsSdk_3006.0: VK ads jars has be not improved, check please
11-06 11:22:50.155 2986-2986/? D/AdsSdk_3006.0: VK ads jars has be not improved, check please
11-06 11:22:50.161 2986-2986/? D/AdsSdk_3006.0: Dap vd ads jars has be not improved, check please
11-06 11:22:50.162 2986-2986/? D/AdsSdk_3006.0: Dap vd ads jars has be not improved, check please
11-06 11:22:50.168 2986-2986/? D/AdsSdk_3006.0: Adapter: REWARDVIDEO oneway isValid: true
11-06 11:22:50.168 2986-2986/? D/AdsSdk_3006.0: Adapter: REWARDVIDEO oneway isValid: true
11-06 11:22:50.171 2986-2986/? D/AdsSdk_3006.0: Adapter: REWARDVIDEO vungle_DEFAULT99486 isValid: true
11-06 11:22:50.172 2986-2986/? D/AdsSdk_3006.0: Adapter: REWARDVIDEO vungle_DEFAULT99486 isValid: true
11-06 11:22:50.244 2986-2986/? D/AdsSdk_3006.0: class com.google.android.gms.ads.AdView not found
11-06 11:22:50.245 2986-2986/? D/AdsSdk_3006.0: class com.google.android.gms.ads.InterstitialAd not found
11-06 11:22:50.246 2986-2986/? D/AdsSdk_3006.0: class com.google.android.gms.ads.reward.RewardedVideoAd not found
11-06 11:22:50.247 2986-2986/? D/AdsSdk_3006.0: class com.google.android.gms.ads.AdRequest not found
11-06 11:22:50.247 2986-2986/? D/AdsSdk_3006.0: Admob ads jars has not improved, check please
11-06 11:22:50.248 2986-2986/? D/AdsSdk_3006.0: class com.google.android.gms.ads.AdView not found
11-06 11:22:50.248 2986-2986/? D/AdsSdk_3006.0: class com.google.android.gms.ads.InterstitialAd not found
11-06 11:22:50.249 2986-2986/? D/AdsSdk_3006.0: class com.google.android.gms.ads.reward.RewardedVideoAd not found
11-06 11:22:50.250 2986-2986/? D/AdsSdk_3006.0: class com.google.android.gms.ads.AdRequest not found
11-06 11:22:50.250 2986-2986/? D/AdsSdk_3006.0: Admob ads jars has not improved, check please
11-06 11:22:50.256 2986-2986/? D/AdsSdk_3006.0: Admob_new ads jars has not improved, check please
11-06 11:22:50.257 2986-2986/? D/AdsSdk_3006.0: Admob_new ads jars has not improved, check please
11-06 11:22:50.259 2986-2986/? D/AdsSdk_3006.0: Adcolony ads jars has be not improved, check please
11-06 11:22:50.260 2986-2986/? D/AdsSdk_3006.0: Adcolony ads jars has be not improved, check please
11-06 11:22:50.265 2986-2986/? D/AdsSdk_3006.0: Unity ads jars has be not improved, check please
11-06 11:22:50.266 2986-2986/? D/AdsSdk_3006.0: Unity ads jars has be not improved, check please
11-06 11:22:50.269 2986-2986/? D/AdsSdk_3006.0: AppNext ads jars has not improved, check please
11-06 11:22:50.272 2986-2986/? D/AdsSdk_3006.0: AppNext ads jars has not improved, check please
11-06 11:22:50.275 2986-2986/? D/AdsSdk_3006.0: Applovin ads jars has not improved, check please
11-06 11:22:50.276 2986-2986/? D/AdsSdk_3006.0: Applovin ads jars has not improved, check please
11-06 11:22:50.279 2986-2986/? D/AdsSdk_3006.0: Chartboost ads jars has be not improved, check please
11-06 11:22:50.282 2986-2986/? D/AdsSdk_3006.0: Chartboost ads jars has be not improved, check please
11-06 11:22:50.284 2986-2986/? D/AdsSdk_3006.0: class com.facebook.ads.RewardedVideoAd not found
11-06 11:22:50.284 2986-2986/? D/AdsSdk_3006.0: Facebook video ads jars has not improved, check please
11-06 11:22:50.285 2986-2986/? D/AdsSdk_3006.0: class com.facebook.ads.RewardedVideoAd not found
11-06 11:22:50.285 2986-2986/? D/AdsSdk_3006.0: Facebook video ads jars has not improved, check please
11-06 11:22:50.288 2986-2986/? D/AdsSdk_3006.0: Ironsource ads jars has be not improved, check please
11-06 11:22:50.290 2986-2986/? D/AdsSdk_3006.0: Ironsource ads jars has be not improved, check please
11-06 11:22:50.292 2986-2986/? D/AdsSdk_3006.0: VK ads jars has be not improved, check please
11-06 11:22:50.293 2986-2986/? D/AdsSdk_3006.0: VK ads jars has be not improved, check please
11-06 11:22:50.297 2986-2986/? D/AdsSdk_3006.0: Adapter: REWARDVIDEO oneway isValid: true
11-06 11:22:50.298 2986-2986/? D/AdsSdk_3006.0: Adapter: REWARDVIDEO oneway isValid: true
11-06 11:22:50.299 2986-2986/? D/AdsSdk_3006.0: Adapter: REWARDVIDEO vungle_DEFAULT99486 isValid: true
11-06 11:22:50.300 2986-2986/? D/AdsSdk_3006.0: Adapter: REWARDVIDEO vungle_DEFAULT99486 isValid: true
11-06 11:23:00.085 2986-2986/? D/AdsSdk_3006.0: Adapter: REWARDVIDEO oneway isValid: true
11-06 11:23:00.085 2986-2986/? D/AdsSdk_3006.0: Adapter: REWARDVIDEO oneway isValid: true
11-06 11:23:00.086 2986-2986/? D/AdsSdk_3006.0: Adapter: REWARDVIDEO vungle_DEFAULT99486 isValid: true
11-06 11:23:00.086 2986-2986/? D/AdsSdk_3006.0: Adapter: REWARDVIDEO vungle_DEFAULT99486 isValid: true
11-06 11:23:03.329 2986-3225/? D/AdsSdk_3006.0: toutiao_901121365: 重试开始
11-06 11:23:03.332 2986-3573/? D/AdsSdk_3006.0: rewarded_video: AffInfo is: {"aff_name":"toutiao","app_id":"5001121","slot_id":"901121365","open_i_b":0,"aff_ttl":1800}
11-06 11:23:03.333 2986-3573/? D/AdsSdk_3006.0: Adapter: REWARDVIDEO toutiao_901121365 isValid: false
11-06 11:23:03.333 2986-3573/? D/AdsSdk_3006.0: LoadManager toutiao_901121365: load开始
11-06 11:23:03.348 2986-3573/? I/<ALY Android>_3200: logEvent key: _NEW_RDA_LOAD, value: [{__gaid=5a862c88-d254-45bc-be40-20af7d04b1b9, __aff_info=%7B%22aff_name%22%3A%22toutiao%22%2C%22app_id%22%3A%225001121%22%2C%22slot_id%22%3A%22901121365%22%2C%22open_i_b%22%3A0%2C%22aff_ttl%22%3A1800%7D, __ad_id=rewarded_video, __sdk_ver=3006, __open_id=80b62288b18854cd28d2edff45ce7262, __pkg=roy.wan.inland, __sub_ver=3006.0, __sta_token=f8bad30d359540b685486a5694a8a90b}]
11-06 11:23:04.177 2986-2986/? W/AdsSdk_3006.0: LoadManager LoadCallback: toutiao_901121365 onError，加载失败
                                                message: TTRewardVideoAdapter failed with message: 没有广告
11-06 11:23:05.626 2986-3225/? W/AdsSdk_3006.0: LoadManager mobvista_18188 removeLoading timeout
11-06 11:23:06.815 2986-3225/? W/AdsSdk_3006.0: LoadManager playableads_il-100013-1503555086979 removeLoading timeout
11-06 11:23:10.084 2986-2986/? D/AdsSdk_3006.0: Adapter: REWARDVIDEO oneway isValid: true
11-06 11:23:10.084 2986-2986/? D/AdsSdk_3006.0: Adapter: REWARDVIDEO oneway isValid: true
11-06 11:23:10.085 2986-2986/? D/AdsSdk_3006.0: Adapter: REWARDVIDEO vungle_DEFAULT99486 isValid: true
11-06 11:23:10.085 2986-2986/? D/AdsSdk_3006.0: Adapter: REWARDVIDEO vungle_DEFAULT99486 isValid: true
11-06 11:23:20.089 2986-2986/? D/AdsSdk_3006.0: Adapter: REWARDVIDEO oneway isValid: true
11-06 11:23:20.090 2986-2986/? D/AdsSdk_3006.0: Adapter: REWARDVIDEO oneway isValid: true
11-06 11:23:20.091 2986-2986/? D/AdsSdk_3006.0: Adapter: REWARDVIDEO vungle_DEFAULT99486 isValid: true
11-06 11:23:20.093 2986-2986/? D/AdsSdk_3006.0: Adapter: REWARDVIDEO vungle_DEFAULT99486 isValid: true
11-06 11:23:20.629 2986-3225/? W/AdsSdk_3006.0: LoadManager mobvista_11937 removeLoading timeout
11-06 11:23:20.755 2986-3225/? W/AdsSdk_3006.0: LoadManager playable_inner_promotion removeLoading timeout
11-06 11:23:30.072 2986-3018/? I/AdsSdk_3006.0: banner ====>onApplicationFocus hasfocus: true
11-06 11:23:30.073 2986-3018/? I/AdsSdk_3006.0: banner ====>topFrameLayout    is hide:false, visibility: -100
11-06 11:23:30.073 2986-3018/? I/AdsSdk_3006.0: banner ====>bottomFrameLayout is hide:false, visibility: -100
11-06 11:23:30.073 2986-3018/? D/AdsSdk_3006.0: -------------------------------------------
11-06 11:23:30.073 2986-3018/? D/AdsSdk_3006.0: |  reloadRunnable left time(ms): 86620
11-06 11:23:30.073 2986-3018/? D/AdsSdk_3006.0: -------------------------------------------
11-06 11:23:30.079 2986-2986/? D/AdsSdk_3006.0: Adapter: REWARDVIDEO oneway isValid: true
11-06 11:23:30.079 2986-2986/? D/AdsSdk_3006.0: Adapter: REWARDVIDEO oneway isValid: true
11-06 11:23:30.080 2986-2986/? D/AdsSdk_3006.0: Adapter: REWARDVIDEO vungle_DEFAULT99486 isValid: true
11-06 11:23:30.080 2986-2986/? D/AdsSdk_3006.0: Adapter: REWARDVIDEO vungle_DEFAULT99486 isValid: true
11-06 11:23:35.241 2986-3018/? I/AdsSdk_3006.0: UPRewardVideoWrapper: show_ad is true
11-06 11:23:35.241 2986-3018/? I/AdsSdk_3006.0: TriggerParam mShowCount is 1
11-06 11:23:35.241 2986-3018/? I/AdsSdk_3006.0: TriggerParam platform is null
11-06 11:23:35.241 2986-3018/? I/AdsSdk_3006.0: UPRewardVideoWrapper show_order配置的展示联盟：null
11-06 11:23:35.241 2986-3018/? I/AdsSdk_3006.0: UPRewardVideoWrapper peek
11-06 11:23:35.242 2986-3018/? I/AdsSdk_3006.0: rewarded_video: ParallelRequestStrategy peek platform: null
11-06 11:23:35.242 2986-3018/? I/AdsSdk_3006.0: rewarded_video peek, auctionOpen is false, mServerReqIds.size is 0
11-06 11:23:35.242 2986-3018/? I/AdsSdk_3006.0: rewarded_video peek, 根据affinfo_list配置排序开始
11-06 11:23:35.242 2986-3018/? D/AdsSdk_3006.0: Adapter: REWARDVIDEO oneway isValid: true
11-06 11:23:35.242 2986-3018/? I/AdsSdk_3006.0: rewarded_videopeek, 根据affinfo_list配置排序成功
11-06 11:23:35.242 2986-3018/? I/AdsSdk_3006.0: UPRewardVideoWrapper peek成功， 联盟: oneway
11-06 11:23:35.242 2986-3018/? D/AdsSdk_3006.0: Adapter: REWARDVIDEO oneway isValid: true
11-06 11:23:35.242 2986-3018/? I/AdsSdk_3006.0: rewarded_video开始判断是否达到显示条件
11-06 11:23:35.242 2986-3225/? I/AdsSdk_3006.0: rewarded_video: fillup is called
11-06 11:23:35.242 2986-3018/? I/AdsSdk_3006.0: TriggerParam mShowCount is 1 mDailyShowTimes is 50
11-06 11:23:35.242 2986-3018/? I/AdsSdk_3006.0: TriggerHelper canShow return: true
11-06 11:23:35.242 2986-3018/? I/AdsSdk_3006.0: cplog: 视频广告 isReady return true
11-06 11:23:35.242 2986-3018/? I/AdsSdk_3006.0: Reward ===>showReward : aaa, loadview: false,ready: true
11-06 11:23:35.242 2986-3018/? I/AdsSdk_3006.0: UPRewardVideoWrapper: show_ad is true
11-06 11:23:35.242 2986-3018/? I/AdsSdk_3006.0: TriggerParam mShowCount is 1
11-06 11:23:35.242 2986-3018/? I/AdsSdk_3006.0: TriggerParam platform is null
11-06 11:23:35.242 2986-3018/? I/AdsSdk_3006.0: UPRewardVideoWrapper show_order配置的展示联盟：null
11-06 11:23:35.242 2986-3018/? I/AdsSdk_3006.0: UPRewardVideoWrapper peek
11-06 11:23:35.243 2986-3225/? I/AdsSdk_3006.0: rewarded_video: only_wifi：false，netType: wifi
11-06 11:23:35.243 2986-3309/? I/AdsSdk_3006.0: rewarded_video: 开始请求联盟广告，位于加载队列中的联盟数: 5
11-06 11:23:35.242 2986-3018/? I/AdsSdk_3006.0: rewarded_video: ParallelRequestStrategy peek platform: null
11-06 11:23:35.244 2986-3018/? I/AdsSdk_3006.0: rewarded_video peek, auctionOpen is false, mServerReqIds.size is 0
11-06 11:23:35.244 2986-3018/? I/AdsSdk_3006.0: rewarded_video peek, 根据affinfo_list配置排序开始
11-06 11:23:35.244 2986-3018/? D/AdsSdk_3006.0: Adapter: REWARDVIDEO oneway isValid: true
11-06 11:23:35.244 2986-3018/? I/AdsSdk_3006.0: rewarded_videopeek, 根据affinfo_list配置排序成功
11-06 11:23:35.244 2986-3225/? I/AdsSdk_3006.0: rewarded_video: fillup is called
11-06 11:23:35.244 2986-3309/? D/AdsSdk_3006.0: rewarded_video: AffInfo is: {"aff_name":"mobvista","app_id":"90146","aff_key":"23d44b35a1b60f20f12f92498b00de9d","ad_unit_id":"11937","reward_id":"13238","open_i_b":0,"aff_ttl":1800}
11-06 11:23:35.244 2986-3309/? D/AdsSdk_3006.0: Adapter: REWARDVIDEO mobvista_11937 isValid: false
11-06 11:23:35.244 2986-3309/? D/AdsSdk_3006.0: LoadManager mobvista_11937: load开始
11-06 11:23:35.246 2986-3018/? I/AdsSdk_3006.0: UPRewardVideoWrapper peek成功， 联盟: oneway
11-06 11:23:35.246 2986-3018/? D/AdsSdk_3006.0: Adapter: REWARDVIDEO oneway isValid: true
11-06 11:23:35.246 2986-3018/? I/AdsSdk_3006.0: rewarded_video开始判断是否达到显示条件
11-06 11:23:35.246 2986-3018/? I/AdsSdk_3006.0: TriggerParam mShowCount is 1 mDailyShowTimes is 50
11-06 11:23:35.246 2986-3018/? I/AdsSdk_3006.0: TriggerHelper canShow return: true
11-06 11:23:35.246 2986-3018/? I/AdsSdk_3006.0: cplog: 视频广告 isReady return true
11-06 11:23:35.247 2986-3018/? I/AdsSdk_3006.0: Reward ===>showReward show() : aaa
11-06 11:23:35.247 2986-3018/? I/AdsSdk_3006.0: UPRewardVideoWrapper 传入的广告位: aaa
11-06 11:23:35.247 2986-3225/? I/AdsSdk_3006.0: rewarded_video: only_wifi：false，netType: wifi
11-06 11:23:35.247 2986-3225/? W/AdsSdk_3006.0: rewarded_video: fillup too frequently, return
11-06 11:23:35.247 2986-2986/? I/AdsSdk_3006.0: UPRewardVideoWrapper: show_ad is true
11-06 11:23:35.248 2986-2986/? I/AdsSdk_3006.0: TriggerParam mShowCount is 1
11-06 11:23:35.248 2986-2986/? I/AdsSdk_3006.0: TriggerParam platform is null
11-06 11:23:35.248 2986-2986/? I/AdsSdk_3006.0: UPRewardVideoWrapper show_order配置的展示联盟：null
11-06 11:23:35.248 2986-2986/? I/AdsSdk_3006.0: UPRewardVideoWrapper peek
11-06 11:23:35.248 2986-2986/? I/AdsSdk_3006.0: rewarded_video: ParallelRequestStrategy peek platform: null
11-06 11:23:35.248 2986-2986/? I/AdsSdk_3006.0: rewarded_video peek, auctionOpen is false, mServerReqIds.size is 0
11-06 11:23:35.248 2986-2986/? I/AdsSdk_3006.0: rewarded_video peek, 根据affinfo_list配置排序开始
11-06 11:23:35.248 2986-2986/? D/AdsSdk_3006.0: Adapter: REWARDVIDEO oneway isValid: true
11-06 11:23:35.248 2986-3309/? I/<ALY Android>_3200: logEvent key: _NEW_RDA_LOAD, value: [{__gaid=5a862c88-d254-45bc-be40-20af7d04b1b9, __aff_info=%7B%22aff_name%22%3A%22mobvista%22%2C%22app_id%22%3A%2290146%22%2C%22aff_key%22%3A%2223d44b35a1b60f20f12f92498b00de9d%22%2C%22ad_unit_id%22%3A%2211937%22%2C%22reward_id%22%3A%2213238%22%2C%22open_i_b%22%3A0%2C%22aff_ttl%22%3A1800%7D, __ad_id=rewarded_video, __sdk_ver=3006, __open_id=80b62288b18854cd28d2edff45ce7262, __pkg=roy.wan.inland, __sub_ver=3006.0, __sta_token=f8bad30d359540b685486a5694a8a90b}]
11-06 11:23:35.248 2986-2986/? I/AdsSdk_3006.0: rewarded_videopeek, 根据affinfo_list配置排序成功
11-06 11:23:35.248 2986-2986/? I/AdsSdk_3006.0: UPRewardVideoWrapper peek成功， 联盟: oneway
11-06 11:23:35.248 2986-2986/? D/AdsSdk_3006.0: Adapter: REWARDVIDEO oneway isValid: true
11-06 11:23:35.248 2986-2986/? I/AdsSdk_3006.0: cplog: 视频广告 isReady return true
11-06 11:23:35.248 2986-2986/? I/AdsSdk_3006.0: cplog: 视频广告展示,联盟：oneway
11-06 11:23:35.249 2986-2986/? D/AdsSdk_3006.0: Adapter: REWARDVIDEO oneway isValid: true
11-06 11:23:35.250 2986-2986/? D/AdsSdk_3006.0: Adapter: REWARDVIDEO vungle_DEFAULT99486 isValid: true
11-06 11:23:35.250 2986-2986/? I/AdsSdk_3006.0: UPRewardVideoWrapper: 加载成功联盟：vungle|||oneway
11-06 11:23:35.252 2986-3309/? D/AdsSdk_3006.0: rewarded_video: AffInfo is: {"aff_name":"oneway","publisher_id":"eqv30rapcjp0kq1p","placement_id":"2","open_i_b":0,"aff_ttl":1800}
11-06 11:23:35.252 2986-3309/? D/AdsSdk_3006.0: Adapter: REWARDVIDEO oneway isValid: true
11-06 11:23:35.252 2986-3309/? W/AdsSdk_3006.0: LoadManager oneway: 此联盟在loaded队列中, return
11-06 11:23:35.252 2986-3309/? D/AdsSdk_3006.0: rewarded_video: LoadCallback: oneway onLoaded，加载成功
11-06 11:23:35.253 2986-3309/? D/AdsSdk_3006.0: rewarded_video: AffInfo is: {"aff_name":"vungle","app_id":"58c23edde5ffdf116e0000b4","placement_id":"DEFAULT99486","open_i_b":0,"aff_ttl":1800,"vungle_ids":"DEFAULT99486,INTERST54803"}
11-06 11:23:35.254 2986-3309/? D/AdsSdk_3006.0: Adapter: REWARDVIDEO vungle_DEFAULT99486 isValid: true
11-06 11:23:35.254 2986-3309/? W/AdsSdk_3006.0: LoadManager vungle_DEFAULT99486: 此联盟在loaded队列中, return
11-06 11:23:35.254 2986-3309/? D/AdsSdk_3006.0: rewarded_video: LoadCallback: vungle_DEFAULT99486 onLoaded，加载成功
11-06 11:23:35.255 2986-2986/? I/<ALY Android>_3200: logEvent key: _NEW_RDA_SHOW, value: [{__req_id=d6a5cafab808bac98328bb1ba9eb475d, __gaid=5a862c88-d254-45bc-be40-20af7d04b1b9, __aff_info=%7B%22aff_name%22%3A%22oneway%22%2C%22publisher_id%22%3A%22eqv30rapcjp0kq1p%22%2C%22placement_id%22%3A%222%22%2C%22open_i_b%22%3A0%2C%22aff_ttl%22%3A1800%7D, __cp_ad_id=aaa, __ad_id=rewarded_video, __aff_ready=vungle|||oneway, __sdk_ver=3006, __open_id=80b62288b18854cd28d2edff45ce7262, __pkg=roy.wan.inland, __sub_ver=3006.0, __sta_token=f8bad30d359540b685486a5694a8a90b}]
11-06 11:23:35.255 2986-3309/? D/AdsSdk_3006.0: rewarded_video: AffInfo is: {"aff_name":"playable_inner_promotion","app_key":"il-100013-1503555086955dd","open_i_b":0,"aff_ttl":1800}
11-06 11:23:35.255 2986-3309/? D/AdsSdk_3006.0: Adapter: REWARDVIDEO playable_inner_promotion isValid: false
11-06 11:23:35.256 2986-3309/? D/AdsSdk_3006.0: LoadManager playable_inner_promotion: load开始
11-06 11:23:35.258 2986-2986/? I/<ALY Android>_3200: logEvent key: _NEW_RDA_SHOW_RES, value: [{__req_id=d6a5cafab808bac98328bb1ba9eb475d, __gaid=5a862c88-d254-45bc-be40-20af7d04b1b9, __aff_info=%7B%22aff_name%22%3A%22oneway%22%2C%22publisher_id%22%3A%22eqv30rapcjp0kq1p%22%2C%22placement_id%22%3A%222%22%2C%22open_i_b%22%3A0%2C%22aff_ttl%22%3A1800%7D, __sdk_ver=3006, __res_type=3, __open_id=80b62288b18854cd28d2edff45ce7262, __pkg=roy.wan.inland, __sub_ver=3006.0, __sta_token=f8bad30d359540b685486a5694a8a90b}]
11-06 11:23:35.259 2986-3309/? I/<ALY Android>_3200: logEvent key: _NEW_RDA_LOAD, value: [{__gaid=5a862c88-d254-45bc-be40-20af7d04b1b9, __aff_info=%7B%22aff_name%22%3A%22playable_inner_promotion%22%2C%22app_key%22%3A%22il-100013-1503555086955dd%22%2C%22open_i_b%22%3A0%2C%22aff_ttl%22%3A1800%7D, __ad_id=rewarded_video, __sdk_ver=3006, __open_id=80b62288b18854cd28d2edff45ce7262, __pkg=roy.wan.inland, __sub_ver=3006.0, __sta_token=f8bad30d359540b685486a5694a8a90b}]
11-06 11:23:35.261 2986-3225/? D/AdsSdk_3006.0: Adapter: REWARDVIDEO oneway isValid: true
11-06 11:23:35.267 2986-3309/? D/AdsSdk_3006.0: rewarded_video: AffInfo is: {"aff_name":"toutiao","app_id":"5001121","slot_id":"901121365","open_i_b":0,"aff_ttl":1800}
11-06 11:23:35.269 2986-3309/? D/AdsSdk_3006.0: Adapter: REWARDVIDEO toutiao_901121365 isValid: false
11-06 11:23:35.269 2986-3309/? D/AdsSdk_3006.0: LoadManager toutiao_901121365: load开始
11-06 11:23:35.272 2986-3309/? I/<ALY Android>_3200: logEvent key: _NEW_RDA_LOAD, value: [{__gaid=5a862c88-d254-45bc-be40-20af7d04b1b9, __aff_info=%7B%22aff_name%22%3A%22toutiao%22%2C%22app_id%22%3A%225001121%22%2C%22slot_id%22%3A%22901121365%22%2C%22open_i_b%22%3A0%2C%22aff_ttl%22%3A1800%7D, __ad_id=rewarded_video, __sdk_ver=3006, __open_id=80b62288b18854cd28d2edff45ce7262, __pkg=roy.wan.inland, __sub_ver=3006.0, __sta_token=f8bad30d359540b685486a5694a8a90b}]
11-06 11:23:35.468 2986-3018/? I/AdsSdk_3006.0: banner ====>onApplicationFocus hasfocus: false
11-06 11:23:36.797 2986-2986/? I/AdsSdk_3006.0: UPRewardVideoWrapper onAdOpened
11-06 11:23:36.797 2986-2986/? E/AdsSdk_3006.0: cplog: 请先使用gameAccountId调用initAbtConfigJson方法进行初始化
11-06 11:23:36.800 2986-2986/? I/AdsSdk_3006.0: PolyProxy ===>invokeUnitySendMessage :{"function":"reward_didopen","message":"RewardVideo Ad onVideoAdDisplayed()","cpadsid":"aaa"}
11-06 11:23:36.802 2986-2986/? I/<ALY Android>_3200: logEvent key: _NEW_RDA_SHOWOK, value: [{__req_id=d6a5cafab808bac98328bb1ba9eb475d, __gaid=5a862c88-d254-45bc-be40-20af7d04b1b9, __aff_info=%7B%22aff_name%22%3A%22oneway%22%2C%22publisher_id%22%3A%22eqv30rapcjp0kq1p%22%2C%22placement_id%22%3A%222%22%2C%22open_i_b%22%3A0%2C%22aff_ttl%22%3A1800%7D, __cp_ad_id=aaa, __ad_id=rewarded_video, __sdk_ver=3006, __open_id=80b62288b18854cd28d2edff45ce7262, __pkg=roy.wan.inland, __sub_ver=3006.0, __sta_token=f8bad30d359540b685486a5694a8a90b}]
11-06 11:23:36.883 2986-2986/? I/AdsSdk_3006.0: LoadManager LoadCallback: toutiao_901121365 onLoaded，加载成功
11-06 11:23:36.884 2986-2986/? D/AdsSdk_3006.0: LoadCallback: toutiao_901121365 loadCostTimeMills is 1609
11-06 11:23:36.887 2986-2986/? I/<ALY Android>_3200: logEvent key: _NEW_RDA_LOADOK, value: [{__req_id=0c2e175fcf00bf4d67088e7ade8e943e, __gaid=5a862c88-d254-45bc-be40-20af7d04b1b9, __aff_info=%7B%22aff_name%22%3A%22toutiao%22%2C%22app_id%22%3A%225001121%22%2C%22slot_id%22%3A%22901121365%22%2C%22open_i_b%22%3A0%2C%22aff_ttl%22%3A1800%7D, __load_time=1609, __ad_id=rewarded_video, __sdk_ver=3006, __open_id=80b62288b18854cd28d2edff45ce7262, __pkg=roy.wan.inland, __sub_ver=3006.0, __sta_token=f8bad30d359540b685486a5694a8a90b}]
11-06 11:23:37.038 2986-3225/? D/AdsSdk_3006.0: rewarded_video: LoadCallback: toutiao_901121365 onLoaded，加载成功
11-06 11:23:37.479 2986-3225/? I/AdsSdk_3006.0: ParallelRequestStrategy load is called: inter_aaa
11-06 11:23:37.479 2986-3225/? I/AdsSdk_3006.0: inter_aaa: fillup is called
11-06 11:23:37.480 2986-3225/? I/AdsSdk_3006.0: inter_aaa: only_wifi：false，netType: wifi
11-06 11:23:37.481 2986-3682/? I/AdsSdk_3006.0: inter_aaa: 开始请求联盟广告，位于加载队列中的联盟数: 6
11-06 11:23:37.482 2986-3682/? D/AdsSdk_3006.0: inter_aaa: AffInfo is: {"aff_name":"gdt","aff_key":"1101152570","app_id":"8575134060152130849","placement_id":"0","open_i_b":0,"aff_ttl":1800}
11-06 11:23:37.483 2986-3682/? D/AdsSdk_3006.0: GDT ads jars has be not improved, check please
11-06 11:23:37.483 2986-3682/? W/AdsSdk_3006.0: LoadManager AdapterFactory return null with: gdt
11-06 11:23:37.484 2986-3682/? D/AdsSdk_3006.0: inter_aaa: AffInfo is: {"aff_name":"ironsource","app_key":"6646564d","open_i_b":0,"aff_ttl":1800,"placement_id":"1111111111"}
11-06 11:23:37.484 2986-3682/? D/AdsSdk_3006.0: Ironsource ads jars has be not improved, check please
11-06 11:23:37.484 2986-3682/? W/AdsSdk_3006.0: LoadManager AdapterFactory return null with: ironsource
11-06 11:23:37.485 2986-3682/? D/AdsSdk_3006.0: inter_aaa: AffInfo is: {"aff_name":"mobvista","app_id":"90146","aff_key":"23d44b35a1b60f20f12f92498b00de9d","ad_unit_id":"18188","reward_id":"13238","open_i_b":0,"aff_ttl":1800}
11-06 11:23:37.485 2986-3682/? D/AdsSdk_3006.0: Adapter: REWARDVIDEO mobvista_18188 isValid: false
11-06 11:23:37.485 2986-3682/? D/AdsSdk_3006.0: LoadManager mobvista_18188: load开始
11-06 11:23:37.487 2986-3682/? I/<ALY Android>_3200: logEvent key: _NEW_IL_LOAD, value: [{__gaid=5a862c88-d254-45bc-be40-20af7d04b1b9, __aff_info=%7B%22aff_name%22%3A%22mobvista%22%2C%22app_id%22%3A%2290146%22%2C%22aff_key%22%3A%2223d44b35a1b60f20f12f92498b00de9d%22%2C%22ad_unit_id%22%3A%2218188%22%2C%22reward_id%22%3A%2213238%22%2C%22open_i_b%22%3A0%2C%22aff_ttl%22%3A1800%7D, __ad_id=inter_aaa, __sdk_ver=3006, __open_id=80b62288b18854cd28d2edff45ce7262, __pkg=roy.wan.inland, __sub_ver=3006.0, __sta_token=f8bad30d359540b685486a5694a8a90b}]
11-06 11:23:37.490 2986-3682/? D/AdsSdk_3006.0: inter_aaa: AffInfo is: {"aff_name":"vungle","app_id":"58c23edde5ffdf116e0000b4","placement_id":"INTERST54803","open_i_b":0,"aff_ttl":1800,"vungle_ids":"DEFAULT99486,INTERST54803"}
11-06 11:23:37.490 2986-3682/? D/AdsSdk_3006.0: Adapter: REWARDVIDEO vungle_INTERST54803 isValid: false
11-06 11:23:37.490 2986-3682/? D/AdsSdk_3006.0: LoadManager vungle_INTERST54803: load开始
11-06 11:23:37.493 2986-3682/? I/<ALY Android>_3200: logEvent key: _NEW_IL_LOAD, value: [{__gaid=5a862c88-d254-45bc-be40-20af7d04b1b9, __aff_info=%7B%22aff_name%22%3A%22vungle%22%2C%22app_id%22%3A%2258c23edde5ffdf116e0000b4%22%2C%22placement_id%22%3A%22INTERST54803%22%2C%22open_i_b%22%3A0%2C%22aff_ttl%22%3A1800%2C%22vungle_ids%22%3A%22DEFAULT99486%2CINTERST54803%22%7D, __ad_id=inter_aaa, __sdk_ver=3006, __open_id=80b62288b18854cd28d2edff45ce7262, __pkg=roy.wan.inland, __sub_ver=3006.0, __sta_token=f8bad30d359540b685486a5694a8a90b}]
11-06 11:23:37.600 2986-3682/? D/AdsSdk_3006.0: inter_aaa: AffInfo is: {"aff_name":"unity","aff_key":"1533672","placement_id":"video","open_i_b":0,"aff_ttl":1800}
11-06 11:23:37.601 2986-3682/? D/AdsSdk_3006.0: Unity ads jars has be not improved, check please
11-06 11:23:37.601 2986-3682/? W/AdsSdk_3006.0: LoadManager AdapterFactory return null with: unity
11-06 11:23:37.601 2986-3682/? D/AdsSdk_3006.0: inter_aaa: AffInfo is: {"aff_name":"playableads","app_key":"il-100013-1503555086979","open_i_b":0,"aff_ttl":1800}
11-06 11:23:37.602 2986-3682/? D/AdsSdk_3006.0: Adapter: INTERSTITIAL playableads_il-100013-1503555086979 isValid: false
11-06 11:23:37.602 2986-3682/? D/AdsSdk_3006.0: LoadManager playableads_il-100013-1503555086979: load开始
11-06 11:23:37.604 2986-3682/? I/<ALY Android>_3200: logEvent key: _NEW_IL_LOAD, value: [{__gaid=5a862c88-d254-45bc-be40-20af7d04b1b9, __aff_info=%7B%22aff_name%22%3A%22playableads%22%2C%22app_key%22%3A%22il-100013-1503555086979%22%2C%22open_i_b%22%3A0%2C%22aff_ttl%22%3A1800%7D, __ad_id=inter_aaa, __sdk_ver=3006, __open_id=80b62288b18854cd28d2edff45ce7262, __pkg=roy.wan.inland, __sub_ver=3006.0, __sta_token=f8bad30d359540b685486a5694a8a90b}]
11-06 11:23:45.415 2986-2986/? I/AdsSdk_3006.0: LoadManager LoadCallback: vungle_INTERST54803 onLoaded，加载成功
11-06 11:23:45.420 2986-2986/? I/<ALY Android>_3200: logEvent key: _NEW_IL_LOADOK, value: [{__req_id=398f4e448cbabbb546c09a57ba5c697b, __gaid=5a862c88-d254-45bc-be40-20af7d04b1b9, __aff_info=%7B%22aff_name%22%3A%22vungle%22%2C%22app_id%22%3A%2258c23edde5ffdf116e0000b4%22%2C%22placement_id%22%3A%22INTERST54803%22%2C%22open_i_b%22%3A0%2C%22aff_ttl%22%3A1800%2C%22vungle_ids%22%3A%22DEFAULT99486%2CINTERST54803%22%7D, __ad_id=inter_aaa, __sdk_ver=3006, __open_id=80b62288b18854cd28d2edff45ce7262, __pkg=roy.wan.inland, __sub_ver=3006.0, __sta_token=f8bad30d359540b685486a5694a8a90b}]
11-06 11:23:45.571 2986-3225/? D/AdsSdk_3006.0: inter_aaa: LoadCallback: vungle_INTERST54803 onLoaded，加载成功
11-06 11:24:02.233 2986-2986/? I/AdsSdk_3006.0: UPRewardVideoWrapper onAdClosed
11-06 11:24:02.322 2986-2986/? I/AdsSdk_3006.0: UPRewardVideoWrapper 观看时间：25, 发奖励的最小观看时间：5
11-06 11:24:02.322 2986-2986/? I/AdsSdk_3006.0: UPRewardVideoWrapper 发奖励, 联盟：oneway
11-06 11:24:02.324 2986-2986/? I/AdsSdk_3006.0: PolyProxy ===>invokeUnitySendMessage :{"function":"reward_didgiven","message":"RewardVideo Ad onVideoAdReward()","cpadsid":"aaa"}
11-06 11:24:02.328 2986-2986/? I/<ALY Android>_3200: logEvent key: _NEW_RDA_REWARDOK, value: [{__req_id=d6a5cafab808bac98328bb1ba9eb475d, __gaid=5a862c88-d254-45bc-be40-20af7d04b1b9, __aff_info=%7B%22aff_name%22%3A%22oneway%22%2C%22publisher_id%22%3A%22eqv30rapcjp0kq1p%22%2C%22placement_id%22%3A%222%22%2C%22open_i_b%22%3A0%2C%22aff_ttl%22%3A1800%7D, __cp_ad_id=aaa, __ad_id=rewarded_video, __sdk_ver=3006, __open_id=80b62288b18854cd28d2edff45ce7262, __pkg=roy.wan.inland, __sub_ver=3006.0, __sta_token=f8bad30d359540b685486a5694a8a90b}]
11-06 11:24:02.329 2986-2986/? I/AdsSdk_3006.0: PolyProxy ===>invokeUnitySendMessage :{"function":"reward_didclose","message":"RewardVideo Ad onVideoAdClosed()","cpadsid":"aaa"}
11-06 11:24:02.332 2986-2986/? I/<ALY Android>_3200: logEvent key: _NEW_RDA_CLOSE, value: [{__req_id=d6a5cafab808bac98328bb1ba9eb475d, __gaid=5a862c88-d254-45bc-be40-20af7d04b1b9, __aff_info=%7B%22aff_name%22%3A%22oneway%22%2C%22publisher_id%22%3A%22eqv30rapcjp0kq1p%22%2C%22placement_id%22%3A%222%22%2C%22open_i_b%22%3A0%2C%22aff_ttl%22%3A1800%7D, __cp_ad_id=aaa, __ad_id=rewarded_video, __sdk_ver=3006, __open_id=80b62288b18854cd28d2edff45ce7262, __pkg=roy.wan.inland, __sub_ver=3006.0, __sta_token=f8bad30d359540b685486a5694a8a90b}]
11-06 11:24:02.363 2986-3018/? I/AdsSdk_3006.0: banner ====>onApplicationFocus hasfocus: true
11-06 11:24:02.363 2986-3018/? I/AdsSdk_3006.0: banner ====>topFrameLayout    is hide:false, visibility: -100
11-06 11:24:02.363 2986-3018/? I/AdsSdk_3006.0: banner ====>bottomFrameLayout is hide:false, visibility: -100
11-06 11:24:02.363 2986-3018/? D/AdsSdk_3006.0: -------------------------------------------
11-06 11:24:02.363 2986-3018/? D/AdsSdk_3006.0: |  reloadRunnable left time(ms): 118911
11-06 11:24:02.363 2986-3018/? D/AdsSdk_3006.0: -------------------------------------------
11-06 11:24:02.586 2986-2986/? I/AdsSdk_3006.0: LoadManager LoadCallback: oneway onLoaded，加载成功
11-06 11:24:02.586 2986-2986/? D/AdsSdk_3006.0: LoadCallback: oneway loadCostTimeMills is 101867
11-06 11:24:02.593 2986-2986/? I/<ALY Android>_3200: logEvent key: _NEW_RDA_LOADOK, value: [{__req_id=690ac0b10d870d94aca6eb64390f73d6, __gaid=5a862c88-d254-45bc-be40-20af7d04b1b9, __aff_info=%7B%22aff_name%22%3A%22oneway%22%2C%22publisher_id%22%3A%22eqv30rapcjp0kq1p%22%2C%22placement_id%22%3A%222%22%2C%22open_i_b%22%3A0%2C%22aff_ttl%22%3A1800%7D, __load_time=101867, __ad_id=rewarded_video, __sdk_ver=3006, __open_id=80b62288b18854cd28d2edff45ce7262, __pkg=roy.wan.inland, __sub_ver=3006.0, __sta_token=f8bad30d359540b685486a5694a8a90b}]
11-06 11:24:02.745 2986-3225/? D/AdsSdk_3006.0: rewarded_video: LoadCallback: oneway onLoaded，加载成功
11-06 11:24:09.717 2986-3018/? I/AdsSdk_3006.0: PolyProxy ===>try to showVideoDebugActivity()
11-06 11:24:09.776 2986-3018/? I/AdsSdk_3006.0: banner ====>onApplicationFocus hasfocus: false
11-06 11:24:09.851 2986-2986/? D/AdsSdk_3006.0: class com.google.android.gms.ads.AdView not found
11-06 11:24:09.851 2986-2986/? D/AdsSdk_3006.0: class com.google.android.gms.ads.InterstitialAd not found
11-06 11:24:09.852 2986-2986/? D/AdsSdk_3006.0: class com.google.android.gms.ads.reward.RewardedVideoAd not found
11-06 11:24:09.855 2986-2986/? D/AdsSdk_3006.0: class com.google.android.gms.ads.AdRequest not found
11-06 11:24:09.855 2986-2986/? D/AdsSdk_3006.0: Admob ads jars has not improved, check please
11-06 11:24:09.857 2986-2986/? D/AdsSdk_3006.0: class com.google.android.gms.ads.AdView not found
11-06 11:24:09.859 2986-2986/? D/AdsSdk_3006.0: class com.google.android.gms.ads.InterstitialAd not found
11-06 11:24:09.860 2986-2986/? D/AdsSdk_3006.0: class com.google.android.gms.ads.reward.RewardedVideoAd not found
11-06 11:24:09.861 2986-2986/? D/AdsSdk_3006.0: class com.google.android.gms.ads.AdRequest not found
11-06 11:24:09.861 2986-2986/? D/AdsSdk_3006.0: Admob ads jars has not improved, check please
11-06 11:24:09.866 2986-2986/? D/AdsSdk_3006.0: Admob_new ads jars has not improved, check please
11-06 11:24:09.867 2986-2986/? D/AdsSdk_3006.0: Admob_new ads jars has not improved, check please
11-06 11:24:09.874 2986-2986/? D/AdsSdk_3006.0: Adcolony ads jars has be not improved, check please
11-06 11:24:09.875 2986-2986/? D/AdsSdk_3006.0: Adcolony ads jars has be not improved, check please
11-06 11:24:09.885 2986-2986/? D/AdsSdk_3006.0: Unity ads jars has be not improved, check please
11-06 11:24:09.885 2986-2986/? D/AdsSdk_3006.0: Unity ads jars has be not improved, check please
11-06 11:24:09.896 2986-2986/? D/AdsSdk_3006.0: AppNext ads jars has not improved, check please
11-06 11:24:09.897 2986-2986/? D/AdsSdk_3006.0: AppNext ads jars has not improved, check please
11-06 11:24:09.902 2986-2986/? D/AdsSdk_3006.0: Applovin ads jars has not improved, check please
11-06 11:24:09.903 2986-2986/? D/AdsSdk_3006.0: Applovin ads jars has not improved, check please
11-06 11:24:09.910 2986-2986/? D/AdsSdk_3006.0: Chartboost ads jars has be not improved, check please
11-06 11:24:09.911 2986-2986/? D/AdsSdk_3006.0: Chartboost ads jars has be not improved, check please
11-06 11:24:09.916 2986-2986/? D/AdsSdk_3006.0: class com.facebook.ads.RewardedVideoAd not found
11-06 11:24:09.916 2986-2986/? D/AdsSdk_3006.0: Facebook video ads jars has not improved, check please
11-06 11:24:09.917 2986-2986/? D/AdsSdk_3006.0: class com.facebook.ads.RewardedVideoAd not found
11-06 11:24:09.917 2986-2986/? D/AdsSdk_3006.0: Facebook video ads jars has not improved, check please
11-06 11:24:09.922 2986-2986/? D/AdsSdk_3006.0: Ironsource ads jars has be not improved, check please
11-06 11:24:09.922 2986-2986/? D/AdsSdk_3006.0: Ironsource ads jars has be not improved, check please
11-06 11:24:09.929 2986-2986/? D/AdsSdk_3006.0: VK ads jars has be not improved, check please
11-06 11:24:09.930 2986-2986/? D/AdsSdk_3006.0: VK ads jars has be not improved, check please
11-06 11:24:09.935 2986-2986/? D/AdsSdk_3006.0: Dap vd ads jars has be not improved, check please
11-06 11:24:09.935 2986-2986/? D/AdsSdk_3006.0: Dap vd ads jars has be not improved, check please
11-06 11:24:09.947 2986-2986/? D/AdsSdk_3006.0: Adapter: REWARDVIDEO oneway isValid: true
11-06 11:24:09.947 2986-2986/? D/AdsSdk_3006.0: Adapter: REWARDVIDEO oneway isValid: true
11-06 11:24:09.951 2986-2986/? D/AdsSdk_3006.0: Adapter: REWARDVIDEO vungle_DEFAULT99486 isValid: true
11-06 11:24:09.952 2986-2986/? D/AdsSdk_3006.0: Adapter: REWARDVIDEO vungle_DEFAULT99486 isValid: true
11-06 11:24:09.959 2986-2986/? D/AdsSdk_3006.0: Adapter: REWARDVIDEO toutiao_901121365 isValid: true
11-06 11:24:09.959 2986-2986/? D/AdsSdk_3006.0: Adapter: REWARDVIDEO toutiao_901121365 isValid: true
11-06 11:24:10.042 2986-2986/? D/AdsSdk_3006.0: class com.google.android.gms.ads.AdView not found
11-06 11:24:10.043 2986-2986/? D/AdsSdk_3006.0: class com.google.android.gms.ads.InterstitialAd not found
11-06 11:24:10.044 2986-2986/? D/AdsSdk_3006.0: class com.google.android.gms.ads.reward.RewardedVideoAd not found
11-06 11:24:10.045 2986-2986/? D/AdsSdk_3006.0: class com.google.android.gms.ads.AdRequest not found
11-06 11:24:10.045 2986-2986/? D/AdsSdk_3006.0: Admob ads jars has not improved, check please
11-06 11:24:10.046 2986-2986/? D/AdsSdk_3006.0: class com.google.android.gms.ads.AdView not found
11-06 11:24:10.047 2986-2986/? D/AdsSdk_3006.0: class com.google.android.gms.ads.InterstitialAd not found
11-06 11:24:10.048 2986-2986/? D/AdsSdk_3006.0: class com.google.android.gms.ads.reward.RewardedVideoAd not found
11-06 11:24:10.049 2986-2986/? D/AdsSdk_3006.0: class com.google.android.gms.ads.AdRequest not found
11-06 11:24:10.050 2986-2986/? D/AdsSdk_3006.0: Admob ads jars has not improved, check please
11-06 11:24:10.052 2986-2986/? D/AdsSdk_3006.0: Admob_new ads jars has not improved, check please
11-06 11:24:10.053 2986-2986/? D/AdsSdk_3006.0: Admob_new ads jars has not improved, check please
11-06 11:24:10.055 2986-2986/? D/AdsSdk_3006.0: Adcolony ads jars has be not improved, check please
11-06 11:24:10.059 2986-2986/? D/AdsSdk_3006.0: Adcolony ads jars has be not improved, check please
11-06 11:24:10.064 2986-2986/? D/AdsSdk_3006.0: Unity ads jars has be not improved, check please
11-06 11:24:10.065 2986-2986/? D/AdsSdk_3006.0: Unity ads jars has be not improved, check please
11-06 11:24:10.068 2986-2986/? D/AdsSdk_3006.0: AppNext ads jars has not improved, check please
11-06 11:24:10.068 2986-2986/? D/AdsSdk_3006.0: AppNext ads jars has not improved, check please
11-06 11:24:10.071 2986-2986/? D/AdsSdk_3006.0: Applovin ads jars has not improved, check please
11-06 11:24:10.074 2986-2986/? D/AdsSdk_3006.0: Applovin ads jars has not improved, check please
11-06 11:24:10.076 2986-2986/? D/AdsSdk_3006.0: Chartboost ads jars has be not improved, check please
11-06 11:24:10.083 2986-2986/? D/AdsSdk_3006.0: Chartboost ads jars has be not improved, check please
11-06 11:24:10.088 2986-2986/? D/AdsSdk_3006.0: class com.facebook.ads.RewardedVideoAd not found
11-06 11:24:10.088 2986-2986/? D/AdsSdk_3006.0: Facebook video ads jars has not improved, check please
11-06 11:24:10.099 2986-2986/? D/AdsSdk_3006.0: class com.facebook.ads.RewardedVideoAd not found
11-06 11:24:10.100 2986-2986/? D/AdsSdk_3006.0: Facebook video ads jars has not improved, check please
11-06 11:24:10.105 2986-2986/? D/AdsSdk_3006.0: Ironsource ads jars has be not improved, check please
