11-06 11:24:10.113 2986-2986/? D/AdsSdk_3006.0: Ironsource ads jars has be not improved, check please
11-06 11:24:10.115 2986-2986/? D/AdsSdk_3006.0: VK ads jars has be not improved, check please
11-06 11:24:10.116 2986-2986/? D/AdsSdk_3006.0: VK ads jars has be not improved, check please
11-06 11:24:10.118 2986-2986/? D/AdsSdk_3006.0: Adapter: REWARDVIDEO oneway isValid: true
11-06 11:24:10.118 2986-2986/? D/AdsSdk_3006.0: Adapter: REWARDVIDEO oneway isValid: true
11-06 11:24:10.120 2986-2986/? D/AdsSdk_3006.0: Adapter: REWARDVIDEO vungle_DEFAULT99486 isValid: true
11-06 11:24:10.121 2986-2986/? D/AdsSdk_3006.0: Adapter: REWARDVIDEO vungle_DEFAULT99486 isValid: true
11-06 11:24:10.123 2986-2986/? D/AdsSdk_3006.0: Adapter: REWARDVIDEO toutiao_901121365 isValid: true
11-06 11:24:10.123 2986-2986/? D/AdsSdk_3006.0: Adapter: REWARDVIDEO toutiao_901121365 isValid: true
11-06 11:24:15.236 2986-2986/? D/AdsSdk_3006.0: Adapter: REWARDVIDEO toutiao_901121365 isValid: true
11-06 11:24:15.487 2986-2986/? I/AdsSdk_3006.0: toutiao_901121365 onDebugAdOpened
11-06 11:24:15.487 2986-2986/? D/AdsSdk_3006.0: Adapter: REWARDVIDEO toutiao_901121365 isValid: false
11-06 11:24:15.615 2986-2986/? D/AdsSdk_3006.0: Adapter: REWARDVIDEO oneway isValid: true
11-06 11:24:15.615 2986-2986/? D/AdsSdk_3006.0: Adapter: REWARDVIDEO oneway isValid: true
11-06 11:24:15.616 2986-2986/? D/AdsSdk_3006.0: Adapter: REWARDVIDEO vungle_DEFAULT99486 isValid: true
11-06 11:24:15.617 2986-2986/? D/AdsSdk_3006.0: Adapter: REWARDVIDEO vungle_DEFAULT99486 isValid: true
11-06 11:24:15.618 2986-2986/? D/AdsSdk_3006.0: Adapter: REWARDVIDEO toutiao_901121365 isValid: false
11-06 11:24:15.618 2986-2986/? D/AdsSdk_3006.0: Adapter: REWARDVIDEO toutiao_901121365 isValid: false
11-06 11:24:35.262 2986-3225/? W/AdsSdk_3006.0: LoadManager mobvista_11937 removeLoading timeout
11-06 11:24:35.262 2986-3225/? W/AdsSdk_3006.0: LoadManager playable_inner_promotion removeLoading timeout
11-06 11:24:37.487 2986-3225/? W/AdsSdk_3006.0: LoadManager mobvista_18188 removeLoading timeout
11-06 11:24:37.602 2986-3225/? W/AdsSdk_3006.0: LoadManager playableads_il-100013-1503555086979 removeLoading timeout
11-06 11:24:48.601 2986-2986/? I/AdsSdk_3006.0: toutiao_901121365 onDebugAdClosed
11-06 11:24:48.935 2986-2986/? D/AdsSdk_3006.0: class com.google.android.gms.ads.AdView not found
11-06 11:24:48.936 2986-2986/? D/AdsSdk_3006.0: class com.google.android.gms.ads.InterstitialAd not found
11-06 11:24:48.936 2986-2986/? D/AdsSdk_3006.0: class com.google.android.gms.ads.reward.RewardedVideoAd not found
11-06 11:24:48.938 2986-2986/? D/AdsSdk_3006.0: class com.google.android.gms.ads.AdRequest not found
11-06 11:24:48.938 2986-2986/? D/AdsSdk_3006.0: Admob ads jars has not improved, check please
11-06 11:24:48.939 2986-2986/? D/AdsSdk_3006.0: class com.google.android.gms.ads.AdView not found
11-06 11:24:48.940 2986-2986/? D/AdsSdk_3006.0: class com.google.android.gms.ads.InterstitialAd not found
11-06 11:24:48.941 2986-2986/? D/AdsSdk_3006.0: class com.google.android.gms.ads.reward.RewardedVideoAd not found
11-06 11:24:48.942 2986-2986/? D/AdsSdk_3006.0: class com.google.android.gms.ads.AdRequest not found
11-06 11:24:48.942 2986-2986/? D/AdsSdk_3006.0: Admob ads jars has not improved, check please
11-06 11:24:48.944 2986-2986/? D/AdsSdk_3006.0: Admob_new ads jars has not improved, check please
11-06 11:24:48.945 2986-2986/? D/AdsSdk_3006.0: Admob_new ads jars has not improved, check please
11-06 11:24:48.946 2986-2986/? D/AdsSdk_3006.0: Adcolony ads jars has be not improved, check please
11-06 11:24:48.947 2986-2986/? D/AdsSdk_3006.0: Adcolony ads jars has be not improved, check please
11-06 11:24:48.950 2986-2986/? D/AdsSdk_3006.0: Unity ads jars has be not improved, check please
11-06 11:24:48.952 2986-2986/? D/AdsSdk_3006.0: Unity ads jars has be not improved, check please
11-06 11:24:48.956 2986-2986/? D/AdsSdk_3006.0: AppNext ads jars has not improved, check please
11-06 11:24:48.957 2986-2986/? D/AdsSdk_3006.0: AppNext ads jars has not improved, check please
11-06 11:24:48.959 2986-2986/? D/AdsSdk_3006.0: Applovin ads jars has not improved, check please
11-06 11:24:48.960 2986-2986/? D/AdsSdk_3006.0: Applovin ads jars has not improved, check please
11-06 11:24:48.962 2986-2986/? D/AdsSdk_3006.0: Chartboost ads jars has be not improved, check please
11-06 11:24:48.963 2986-2986/? D/AdsSdk_3006.0: Chartboost ads jars has be not improved, check please
11-06 11:24:48.965 2986-2986/? D/AdsSdk_3006.0: class com.facebook.ads.RewardedVideoAd not found
11-06 11:24:48.965 2986-2986/? D/AdsSdk_3006.0: Facebook video ads jars has not improved, check please
11-06 11:24:48.966 2986-2986/? D/AdsSdk_3006.0: class com.facebook.ads.RewardedVideoAd not found
11-06 11:24:48.966 2986-2986/? D/AdsSdk_3006.0: Facebook video ads jars has not improved, check please
11-06 11:24:48.968 2986-2986/? D/AdsSdk_3006.0: Ironsource ads jars has be not improved, check please
11-06 11:24:48.972 2986-2986/? D/AdsSdk_3006.0: Ironsource ads jars has be not improved, check please
11-06 11:24:48.973 2986-2986/? D/AdsSdk_3006.0: VK ads jars has be not improved, check please
11-06 11:24:48.974 2986-2986/? D/AdsSdk_3006.0: VK ads jars has be not improved, check please
11-06 11:24:48.975 2986-2986/? D/AdsSdk_3006.0: Dap vd ads jars has be not improved, check please
11-06 11:24:48.977 2986-2986/? D/AdsSdk_3006.0: Dap vd ads jars has be not improved, check please
11-06 11:24:48.978 2986-2986/? D/AdsSdk_3006.0: Adapter: REWARDVIDEO oneway isValid: true
11-06 11:24:48.979 2986-2986/? D/AdsSdk_3006.0: Adapter: REWARDVIDEO oneway isValid: true
11-06 11:24:48.980 2986-2986/? D/AdsSdk_3006.0: Adapter: REWARDVIDEO vungle_DEFAULT99486 isValid: true
11-06 11:24:48.981 2986-2986/? D/AdsSdk_3006.0: Adapter: REWARDVIDEO vungle_DEFAULT99486 isValid: true
11-06 11:24:48.982 2986-2986/? D/AdsSdk_3006.0: Adapter: REWARDVIDEO toutiao_901121365 isValid: false
11-06 11:24:48.982 2986-2986/? D/AdsSdk_3006.0: Adapter: REWARDVIDEO toutiao_901121365 isValid: false
11-06 11:24:49.394 2986-2986/? D/AdsSdk_3006.0: class com.google.android.gms.ads.AdView not found
11-06 11:24:49.397 2986-2986/? D/AdsSdk_3006.0: class com.google.android.gms.ads.InterstitialAd not found
11-06 11:24:49.398 2986-2986/? D/AdsSdk_3006.0: class com.google.android.gms.ads.reward.RewardedVideoAd not found
11-06 11:24:49.399 2986-2986/? D/AdsSdk_3006.0: class com.google.android.gms.ads.AdRequest not found
11-06 11:24:49.399 2986-2986/? D/AdsSdk_3006.0: Admob ads jars has not improved, check please
11-06 11:24:49.400 2986-2986/? D/AdsSdk_3006.0: class com.google.android.gms.ads.AdView not found
11-06 11:24:49.401 2986-2986/? D/AdsSdk_3006.0: class com.google.android.gms.ads.InterstitialAd not found
11-06 11:24:49.401 2986-2986/? D/AdsSdk_3006.0: class com.google.android.gms.ads.reward.RewardedVideoAd not found
11-06 11:24:49.402 2986-2986/? D/AdsSdk_3006.0: class com.google.android.gms.ads.AdRequest not found
11-06 11:24:49.402 2986-2986/? D/AdsSdk_3006.0: Admob ads jars has not improved, check please
11-06 11:24:49.404 2986-2986/? D/AdsSdk_3006.0: Admob_new ads jars has not improved, check please
11-06 11:24:49.405 2986-2986/? D/AdsSdk_3006.0: Admob_new ads jars has not improved, check please
11-06 11:24:49.406 2986-2986/? D/AdsSdk_3006.0: Adcolony ads jars has be not improved, check please
11-06 11:24:49.408 2986-2986/? D/AdsSdk_3006.0: Adcolony ads jars has be not improved, check please
11-06 11:24:49.411 2986-2986/? D/AdsSdk_3006.0: Unity ads jars has be not improved, check please
11-06 11:24:49.412 2986-2986/? D/AdsSdk_3006.0: Unity ads jars has be not improved, check please
11-06 11:24:49.414 2986-2986/? D/AdsSdk_3006.0: AppNext ads jars has not improved, check please
11-06 11:24:49.415 2986-2986/? D/AdsSdk_3006.0: AppNext ads jars has not improved, check please
11-06 11:24:49.422 2986-2986/? D/AdsSdk_3006.0: Applovin ads jars has not improved, check please
11-06 11:24:49.424 2986-2986/? D/AdsSdk_3006.0: Applovin ads jars has not improved, check please
11-06 11:24:49.427 2986-2986/? D/AdsSdk_3006.0: Chartboost ads jars has be not improved, check please
11-06 11:24:49.428 2986-2986/? D/AdsSdk_3006.0: Chartboost ads jars has be not improved, check please
11-06 11:24:49.430 2986-2986/? D/AdsSdk_3006.0: class com.facebook.ads.RewardedVideoAd not found
11-06 11:24:49.430 2986-2986/? D/AdsSdk_3006.0: Facebook video ads jars has not improved, check please
11-06 11:24:49.431 2986-2986/? D/AdsSdk_3006.0: class com.facebook.ads.RewardedVideoAd not found
11-06 11:24:49.431 2986-2986/? D/AdsSdk_3006.0: Facebook video ads jars has not improved, check please
11-06 11:24:49.432 2986-2986/? D/AdsSdk_3006.0: Ironsource ads jars has be not improved, check please
11-06 11:24:49.433 2986-2986/? D/AdsSdk_3006.0: Ironsource ads jars has be not improved, check please
11-06 11:24:49.435 2986-2986/? D/AdsSdk_3006.0: VK ads jars has be not improved, check please
11-06 11:24:49.437 2986-2986/? D/AdsSdk_3006.0: VK ads jars has be not improved, check please
11-06 11:24:49.439 2986-2986/? D/AdsSdk_3006.0: Adapter: REWARDVIDEO oneway isValid: true
11-06 11:24:49.439 2986-2986/? D/AdsSdk_3006.0: Adapter: REWARDVIDEO oneway isValid: true
11-06 11:24:49.441 2986-2986/? D/AdsSdk_3006.0: Adapter: REWARDVIDEO vungle_DEFAULT99486 isValid: true
11-06 11:24:49.442 2986-2986/? D/AdsSdk_3006.0: Adapter: REWARDVIDEO vungle_DEFAULT99486 isValid: true
11-06 11:24:49.443 2986-2986/? D/AdsSdk_3006.0: Adapter: REWARDVIDEO toutiao_901121365 isValid: false
11-06 11:24:49.444 2986-2986/? D/AdsSdk_3006.0: Adapter: REWARDVIDEO toutiao_901121365 isValid: false
11-06 11:24:50.221 2986-2986/? D/AdsSdk_3006.0: Adapter: REWARDVIDEO oneway isValid: true
11-06 11:24:50.221 2986-2986/? D/AdsSdk_3006.0: Adapter: REWARDVIDEO oneway isValid: true
11-06 11:24:50.223 2986-2986/? D/AdsSdk_3006.0: Adapter: REWARDVIDEO vungle_DEFAULT99486 isValid: true
11-06 11:24:50.224 2986-2986/? D/AdsSdk_3006.0: Adapter: REWARDVIDEO vungle_DEFAULT99486 isValid: true
11-06 11:24:50.225 2986-2986/? D/AdsSdk_3006.0: Adapter: REWARDVIDEO toutiao_901121365 isValid: false
11-06 11:24:50.225 2986-2986/? D/AdsSdk_3006.0: Adapter: REWARDVIDEO toutiao_901121365 isValid: false
11-06 11:24:53.485 2986-2986/? D/AdsSdk_3006.0: Adapter: REWARDVIDEO oneway isValid: true
11-06 11:24:53.897 2986-2986/? D/AdsSdk_3006.0: class com.google.android.gms.ads.AdView not found
11-06 11:24:53.897 2986-2986/? D/AdsSdk_3006.0: class com.google.android.gms.ads.InterstitialAd not found
11-06 11:24:53.898 2986-2986/? D/AdsSdk_3006.0: class com.google.android.gms.ads.reward.RewardedVideoAd not found
11-06 11:24:53.899 2986-2986/? D/AdsSdk_3006.0: class com.google.android.gms.ads.AdRequest not found
11-06 11:24:53.899 2986-2986/? D/AdsSdk_3006.0: Admob ads jars has not improved, check please
11-06 11:24:53.907 2986-2986/? D/AdsSdk_3006.0: class com.google.android.gms.ads.AdView not found
11-06 11:24:53.908 2986-2986/? D/AdsSdk_3006.0: class com.google.android.gms.ads.InterstitialAd not found
11-06 11:24:53.909 2986-2986/? D/AdsSdk_3006.0: class com.google.android.gms.ads.reward.RewardedVideoAd not found
11-06 11:24:53.910 2986-2986/? D/AdsSdk_3006.0: class com.google.android.gms.ads.AdRequest not found
11-06 11:24:53.910 2986-2986/? D/AdsSdk_3006.0: Admob ads jars has not improved, check please
11-06 11:24:53.911 2986-2986/? D/AdsSdk_3006.0: Admob_new ads jars has not improved, check please
11-06 11:24:53.912 2986-2986/? D/AdsSdk_3006.0: Admob_new ads jars has not improved, check please
11-06 11:24:53.914 2986-2986/? D/AdsSdk_3006.0: Adcolony ads jars has be not improved, check please
11-06 11:24:53.914 2986-2986/? D/AdsSdk_3006.0: Adcolony ads jars has be not improved, check please
11-06 11:24:53.917 2986-2986/? D/AdsSdk_3006.0: Unity ads jars has be not improved, check please
11-06 11:24:53.918 2986-2986/? D/AdsSdk_3006.0: Unity ads jars has be not improved, check please
11-06 11:24:53.921 2986-2986/? D/AdsSdk_3006.0: AppNext ads jars has not improved, check please
11-06 11:24:53.922 2986-2986/? D/AdsSdk_3006.0: AppNext ads jars has not improved, check please
11-06 11:24:53.924 2986-2986/? D/AdsSdk_3006.0: Adapter: REWARDVIDEO oneway isValid: false
11-06 11:24:53.924 2986-2986/? D/AdsSdk_3006.0: Adapter: REWARDVIDEO oneway isValid: false
11-06 11:24:53.925 2986-2986/? D/AdsSdk_3006.0: Adapter: REWARDVIDEO vungle_DEFAULT99486 isValid: true
11-06 11:24:53.926 2986-2986/? D/AdsSdk_3006.0: Adapter: REWARDVIDEO vungle_DEFAULT99486 isValid: true
11-06 11:24:53.927 2986-2986/? D/AdsSdk_3006.0: Adapter: REWARDVIDEO toutiao_901121365 isValid: false
11-06 11:24:53.927 2986-2986/? D/AdsSdk_3006.0: Adapter: REWARDVIDEO toutiao_901121365 isValid: false
11-06 11:24:54.441 2986-2986/? I/AdsSdk_3006.0: oneway onDebugAdOpened
11-06 11:24:54.441 2986-2986/? D/AdsSdk_3006.0: Adapter: REWARDVIDEO oneway isValid: false
11-06 11:24:54.446 2986-2986/? D/AdsSdk_3006.0: Adapter: REWARDVIDEO oneway isValid: false
11-06 11:24:54.446 2986-2986/? D/AdsSdk_3006.0: Adapter: REWARDVIDEO oneway isValid: false
11-06 11:24:54.447 2986-2986/? D/AdsSdk_3006.0: Adapter: REWARDVIDEO vungle_DEFAULT99486 isValid: true
11-06 11:24:54.447 2986-2986/? D/AdsSdk_3006.0: Adapter: REWARDVIDEO vungle_DEFAULT99486 isValid: true
11-06 11:24:54.448 2986-2986/? D/AdsSdk_3006.0: Adapter: REWARDVIDEO toutiao_901121365 isValid: false
11-06 11:24:54.448 2986-2986/? D/AdsSdk_3006.0: Adapter: REWARDVIDEO toutiao_901121365 isValid: false
11-06 11:25:02.251 2986-3225/? I/AdsSdk_3006.0: ParallelRequestStrategy load is called: rewarded_video
11-06 11:25:02.251 2986-3225/? I/AdsSdk_3006.0: rewarded_video: fillup is called
11-06 11:25:02.252 2986-3225/? I/AdsSdk_3006.0: rewarded_video: only_wifi：false，netType: wifi
11-06 11:25:02.252 2986-3549/? I/AdsSdk_3006.0: rewarded_video: 开始请求联盟广告，位于加载队列中的联盟数: 5
11-06 11:25:02.253 2986-3549/? D/AdsSdk_3006.0: rewarded_video: AffInfo is: {"aff_name":"mobvista","app_id":"90146","aff_key":"23d44b35a1b60f20f12f92498b00de9d","ad_unit_id":"11937","reward_id":"13238","open_i_b":0,"aff_ttl":1800}
11-06 11:25:02.253 2986-3549/? D/AdsSdk_3006.0: Adapter: REWARDVIDEO mobvista_11937 isValid: false
11-06 11:25:02.253 2986-3549/? D/AdsSdk_3006.0: LoadManager mobvista_11937: load开始
11-06 11:25:02.258 2986-3549/? I/<ALY Android>_3200: logEvent key: _NEW_RDA_LOAD, value: [{__gaid=5a862c88-d254-45bc-be40-20af7d04b1b9, __aff_info=%7B%22aff_name%22%3A%22mobvista%22%2C%22app_id%22%3A%2290146%22%2C%22aff_key%22%3A%2223d44b35a1b60f20f12f92498b00de9d%22%2C%22ad_unit_id%22%3A%2211937%22%2C%22reward_id%22%3A%2213238%22%2C%22open_i_b%22%3A0%2C%22aff_ttl%22%3A1800%7D, __ad_id=rewarded_video, __sdk_ver=3006, __open_id=80b62288b18854cd28d2edff45ce7262, __pkg=roy.wan.inland, __sub_ver=3006.0, __sta_token=f8bad30d359540b685486a5694a8a90b}]
11-06 11:25:02.261 2986-3549/? D/AdsSdk_3006.0: rewarded_video: AffInfo is: {"aff_name":"oneway","publisher_id":"eqv30rapcjp0kq1p","placement_id":"2","open_i_b":0,"aff_ttl":1800}
11-06 11:25:02.261 2986-3549/? D/AdsSdk_3006.0: Adapter: REWARDVIDEO oneway isValid: false
11-06 11:25:02.261 2986-3549/? D/AdsSdk_3006.0: Adapter: REWARDVIDEO oneway isValid: false
11-06 11:25:02.261 2986-3549/? D/AdsSdk_3006.0: LoadManager oneway: load开始
11-06 11:25:02.272 2986-3549/? I/<ALY Android>_3200: logEvent key: _NEW_RDA_LOAD, value: [{__gaid=5a862c88-d254-45bc-be40-20af7d04b1b9, __aff_info=%7B%22aff_name%22%3A%22oneway%22%2C%22publisher_id%22%3A%22eqv30rapcjp0kq1p%22%2C%22placement_id%22%3A%222%22%2C%22open_i_b%22%3A0%2C%22aff_ttl%22%3A1800%7D, __ad_id=rewarded_video, __sdk_ver=3006, __open_id=80b62288b18854cd28d2edff45ce7262, __pkg=roy.wan.inland, __sub_ver=3006.0, __sta_token=f8bad30d359540b685486a5694a8a90b}]
11-06 11:25:02.273 2986-3549/? W/AdsSdk_3006.0: OnewayRewardVideoAdapter 已经初始化，不需要重复调用
11-06 11:25:02.275 2986-3549/? D/AdsSdk_3006.0: rewarded_video: AffInfo is: {"aff_name":"vungle","app_id":"58c23edde5ffdf116e0000b4","placement_id":"DEFAULT99486","open_i_b":0,"aff_ttl":1800,"vungle_ids":"DEFAULT99486,INTERST54803"}
11-06 11:25:02.276 2986-3549/? D/AdsSdk_3006.0: Adapter: REWARDVIDEO vungle_DEFAULT99486 isValid: true
11-06 11:25:02.276 2986-3549/? W/AdsSdk_3006.0: LoadManager vungle_DEFAULT99486: 此联盟在loaded队列中, return
11-06 11:25:02.276 2986-3549/? D/AdsSdk_3006.0: rewarded_video: LoadCallback: vungle_DEFAULT99486 onLoaded，加载成功
11-06 11:25:02.277 2986-3549/? D/AdsSdk_3006.0: rewarded_video: AffInfo is: {"aff_name":"playable_inner_promotion","app_key":"il-100013-1503555086955dd","open_i_b":0,"aff_ttl":1800}
11-06 11:25:02.278 2986-3549/? D/AdsSdk_3006.0: Adapter: REWARDVIDEO playable_inner_promotion isValid: false
11-06 11:25:02.278 2986-3549/? D/AdsSdk_3006.0: LoadManager playable_inner_promotion: load开始
11-06 11:25:02.288 2986-3549/? I/<ALY Android>_3200: logEvent key: _NEW_RDA_LOAD, value: [{__gaid=5a862c88-d254-45bc-be40-20af7d04b1b9, __aff_info=%7B%22aff_name%22%3A%22playable_inner_promotion%22%2C%22app_key%22%3A%22il-100013-1503555086955dd%22%2C%22open_i_b%22%3A0%2C%22aff_ttl%22%3A1800%7D, __ad_id=rewarded_video, __sdk_ver=3006, __open_id=80b62288b18854cd28d2edff45ce7262, __pkg=roy.wan.inland, __sub_ver=3006.0, __sta_token=f8bad30d359540b685486a5694a8a90b}]
11-06 11:25:02.293 2986-3549/? D/AdsSdk_3006.0: rewarded_video: AffInfo is: {"aff_name":"toutiao","app_id":"5001121","slot_id":"901121365","open_i_b":0,"aff_ttl":1800}
11-06 11:25:02.293 2986-3549/? D/AdsSdk_3006.0: Adapter: REWARDVIDEO toutiao_901121365 isValid: false
11-06 11:25:02.293 2986-3549/? D/AdsSdk_3006.0: Adapter: REWARDVIDEO toutiao_901121365 isValid: false
11-06 11:25:02.293 2986-3549/? D/AdsSdk_3006.0: LoadManager toutiao_901121365: load开始
11-06 11:25:02.312 2986-3549/? I/<ALY Android>_3200: logEvent key: _NEW_RDA_LOAD, value: [{__gaid=5a862c88-d254-45bc-be40-20af7d04b1b9, __aff_info=%7B%22aff_name%22%3A%22toutiao%22%2C%22app_id%22%3A%225001121%22%2C%22slot_id%22%3A%22901121365%22%2C%22open_i_b%22%3A0%2C%22aff_ttl%22%3A1800%7D, __ad_id=rewarded_video, __sdk_ver=3006, __open_id=80b62288b18854cd28d2edff45ce7262, __pkg=roy.wan.inland, __sub_ver=3006.0, __sta_token=f8bad30d359540b685486a5694a8a90b}]
11-06 11:25:03.090 2986-2986/? W/AdsSdk_3006.0: LoadManager LoadCallback: toutiao_901121365 onError，加载失败
                                                message: TTRewardVideoAdapter failed with message: 没有广告
11-06 11:25:03.097 2986-2986/? I/<ALY Android>_3200: logEvent key: _NEW_RDA_LOADNOK, value: [{__gaid=5a862c88-d254-45bc-be40-20af7d04b1b9, __aff_info=%7B%22aff_name%22%3A%22toutiao%22%2C%22app_id%22%3A%225001121%22%2C%22slot_id%22%3A%22901121365%22%2C%22open_i_b%22%3A0%2C%22aff_ttl%22%3A1800%7D, __ad_id=rewarded_video, __sdk_ver=3006, __open_id=80b62288b18854cd28d2edff45ce7262, __pkg=roy.wan.inland, __sub_ver=3006.0, __sta_token=f8bad30d359540b685486a5694a8a90b}]
11-06 11:25:03.349 2986-3225/? D/AdsSdk_3006.0: toutiao_901121365: 8000ms后重试
11-06 11:25:11.355 2986-3225/? D/AdsSdk_3006.0: toutiao_901121365: 重试开始
11-06 11:25:11.358 2986-3573/? D/AdsSdk_3006.0: rewarded_video: AffInfo is: {"aff_name":"toutiao","app_id":"5001121","slot_id":"901121365","open_i_b":0,"aff_ttl":1800}
11-06 11:25:11.359 2986-3573/? D/AdsSdk_3006.0: Adapter: REWARDVIDEO toutiao_901121365 isValid: false
11-06 11:25:11.359 2986-3573/? D/AdsSdk_3006.0: LoadManager toutiao_901121365: load开始
11-06 11:25:11.362 2986-3573/? I/<ALY Android>_3200: logEvent key: _NEW_RDA_LOAD, value: [{__gaid=5a862c88-d254-45bc-be40-20af7d04b1b9, __aff_info=%7B%22aff_name%22%3A%22toutiao%22%2C%22app_id%22%3A%225001121%22%2C%22slot_id%22%3A%22901121365%22%2C%22open_i_b%22%3A0%2C%22aff_ttl%22%3A1800%7D, __ad_id=rewarded_video, __sdk_ver=3006, __open_id=80b62288b18854cd28d2edff45ce7262, __pkg=roy.wan.inland, __sub_ver=3006.0, __sta_token=f8bad30d359540b685486a5694a8a90b}]
11-06 11:25:12.655 2986-2986/? I/AdsSdk_3006.0: LoadManager LoadCallback: toutiao_901121365 onLoaded，加载成功
11-06 11:25:12.655 2986-2986/? D/AdsSdk_3006.0: LoadCallback: toutiao_901121365 loadCostTimeMills is 1282
11-06 11:25:12.659 2986-2986/? I/<ALY Android>_3200: logEvent key: _NEW_RDA_LOADOK, value: [{__req_id=e09003ca549835acf0f0da37568709af, __gaid=5a862c88-d254-45bc-be40-20af7d04b1b9, __aff_info=%7B%22aff_name%22%3A%22toutiao%22%2C%22app_id%22%3A%225001121%22%2C%22slot_id%22%3A%22901121365%22%2C%22open_i_b%22%3A0%2C%22aff_ttl%22%3A1800%7D, __load_time=1282, __ad_id=rewarded_video, __sdk_ver=3006, __open_id=80b62288b18854cd28d2edff45ce7262, __pkg=roy.wan.inland, __sub_ver=3006.0, __sta_token=f8bad30d359540b685486a5694a8a90b}]
11-06 11:25:12.810 2986-3225/? D/AdsSdk_3006.0: rewarded_video: LoadCallback: toutiao_901121365 onLoaded，加载成功
11-06 11:25:15.118 2986-2986/? D/AdsSdk_3006.0: class com.google.android.gms.ads.AdView not found
11-06 11:25:15.119 2986-2986/? D/AdsSdk_3006.0: class com.google.android.gms.ads.InterstitialAd not found
11-06 11:25:15.120 2986-2986/? D/AdsSdk_3006.0: class com.google.android.gms.ads.reward.RewardedVideoAd not found
11-06 11:25:15.123 2986-2986/? D/AdsSdk_3006.0: class com.google.android.gms.ads.AdRequest not found
11-06 11:25:15.123 2986-2986/? D/AdsSdk_3006.0: Admob ads jars has not improved, check please
11-06 11:25:15.124 2986-2986/? D/AdsSdk_3006.0: class com.google.android.gms.ads.AdView not found
11-06 11:25:15.125 2986-2986/? D/AdsSdk_3006.0: class com.google.android.gms.ads.InterstitialAd not found
11-06 11:25:15.126 2986-2986/? D/AdsSdk_3006.0: class com.google.android.gms.ads.reward.RewardedVideoAd not found
11-06 11:25:15.127 2986-2986/? D/AdsSdk_3006.0: class com.google.android.gms.ads.AdRequest not found
11-06 11:25:15.127 2986-2986/? D/AdsSdk_3006.0: Admob ads jars has not improved, check please
11-06 11:25:15.129 2986-2986/? D/AdsSdk_3006.0: Admob_new ads jars has not improved, check please
11-06 11:25:15.130 2986-2986/? D/AdsSdk_3006.0: Admob_new ads jars has not improved, check please
11-06 11:25:15.132 2986-2986/? D/AdsSdk_3006.0: Adcolony ads jars has be not improved, check please
11-06 11:25:15.137 2986-2986/? D/AdsSdk_3006.0: Adcolony ads jars has be not improved, check please
11-06 11:25:15.144 2986-2986/? D/AdsSdk_3006.0: Unity ads jars has be not improved, check please
11-06 11:25:15.145 2986-2986/? D/AdsSdk_3006.0: Unity ads jars has be not improved, check please
11-06 11:25:15.149 2986-2986/? D/AdsSdk_3006.0: AppNext ads jars has not improved, check please
11-06 11:25:15.151 2986-2986/? D/AdsSdk_3006.0: AppNext ads jars has not improved, check please
11-06 11:25:15.154 2986-2986/? D/AdsSdk_3006.0: Applovin ads jars has not improved, check please
11-06 11:25:15.155 2986-2986/? D/AdsSdk_3006.0: Applovin ads jars has not improved, check please
11-06 11:25:15.157 2986-2986/? D/AdsSdk_3006.0: Chartboost ads jars has be not improved, check please
11-06 11:25:15.158 2986-2986/? D/AdsSdk_3006.0: Chartboost ads jars has be not improved, check please
11-06 11:25:15.161 2986-2986/? D/AdsSdk_3006.0: class com.facebook.ads.RewardedVideoAd not found
11-06 11:25:15.161 2986-2986/? D/AdsSdk_3006.0: Facebook video ads jars has not improved, check please
11-06 11:25:15.163 2986-2986/? D/AdsSdk_3006.0: class com.facebook.ads.RewardedVideoAd not found
11-06 11:25:15.163 2986-2986/? D/AdsSdk_3006.0: Facebook video ads jars has not improved, check please
11-06 11:25:15.165 2986-2986/? D/AdsSdk_3006.0: Ironsource ads jars has be not improved, check please
11-06 11:25:15.166 2986-2986/? D/AdsSdk_3006.0: Ironsource ads jars has be not improved, check please
11-06 11:25:15.167 2986-2986/? D/AdsSdk_3006.0: VK ads jars has be not improved, check please
11-06 11:25:15.168 2986-2986/? D/AdsSdk_3006.0: VK ads jars has be not improved, check please
11-06 11:25:15.170 2986-2986/? D/AdsSdk_3006.0: Dap vd ads jars has be not improved, check please
11-06 11:25:15.173 2986-2986/? D/AdsSdk_3006.0: Dap vd ads jars has be not improved, check please
11-06 11:25:15.178 2986-2986/? D/AdsSdk_3006.0: Adapter: REWARDVIDEO vungle_DEFAULT99486 isValid: true
11-06 11:25:15.179 2986-2986/? D/AdsSdk_3006.0: Adapter: REWARDVIDEO vungle_DEFAULT99486 isValid: true
11-06 11:25:15.181 2986-2986/? D/AdsSdk_3006.0: Adapter: REWARDVIDEO toutiao_901121365 isValid: true
11-06 11:25:15.181 2986-2986/? D/AdsSdk_3006.0: Adapter: REWARDVIDEO toutiao_901121365 isValid: true
11-06 11:25:15.214 2986-2986/? I/AdsSdk_3006.0: oneway onDebugAdClosed
11-06 11:25:15.298 2986-2986/? D/AdsSdk_3006.0: class com.google.android.gms.ads.AdView not found
11-06 11:25:15.298 2986-2986/? D/AdsSdk_3006.0: class com.google.android.gms.ads.InterstitialAd not found
11-06 11:25:15.299 2986-2986/? D/AdsSdk_3006.0: class com.google.android.gms.ads.reward.RewardedVideoAd not found
11-06 11:25:15.300 2986-2986/? D/AdsSdk_3006.0: class com.google.android.gms.ads.AdRequest not found
11-06 11:25:15.300 2986-2986/? D/AdsSdk_3006.0: Admob ads jars has not improved, check please
11-06 11:25:15.302 2986-2986/? D/AdsSdk_3006.0: class com.google.android.gms.ads.AdView not found
11-06 11:25:15.302 2986-2986/? D/AdsSdk_3006.0: class com.google.android.gms.ads.InterstitialAd not found
11-06 11:25:15.306 2986-2986/? D/AdsSdk_3006.0: class com.google.android.gms.ads.reward.RewardedVideoAd not found
11-06 11:25:15.308 2986-2986/? D/AdsSdk_3006.0: class com.google.android.gms.ads.AdRequest not found
11-06 11:25:15.308 2986-2986/? D/AdsSdk_3006.0: Admob ads jars has not improved, check please
11-06 11:25:15.310 2986-2986/? D/AdsSdk_3006.0: Admob_new ads jars has not improved, check please
11-06 11:25:15.311 2986-2986/? D/AdsSdk_3006.0: Admob_new ads jars has not improved, check please
11-06 11:25:15.312 2986-2986/? D/AdsSdk_3006.0: Adcolony ads jars has be not improved, check please
11-06 11:25:15.313 2986-2986/? D/AdsSdk_3006.0: Adcolony ads jars has be not improved, check please
11-06 11:25:15.319 2986-2986/? D/AdsSdk_3006.0: Unity ads jars has be not improved, check please
11-06 11:25:15.321 2986-2986/? D/AdsSdk_3006.0: Unity ads jars has be not improved, check please
11-06 11:25:15.324 2986-2986/? D/AdsSdk_3006.0: AppNext ads jars has not improved, check please
11-06 11:25:15.325 2986-2986/? D/AdsSdk_3006.0: AppNext ads jars has not improved, check please
11-06 11:25:15.331 2986-2986/? D/AdsSdk_3006.0: Applovin ads jars has not improved, check please
11-06 11:25:15.333 2986-2986/? D/AdsSdk_3006.0: Applovin ads jars has not improved, check please
11-06 11:25:15.335 2986-2986/? D/AdsSdk_3006.0: Chartboost ads jars has be not improved, check please
11-06 11:25:15.336 2986-2986/? D/AdsSdk_3006.0: Chartboost ads jars has be not improved, check please
11-06 11:25:15.338 2986-2986/? D/AdsSdk_3006.0: class com.facebook.ads.RewardedVideoAd not found
11-06 11:25:15.338 2986-2986/? D/AdsSdk_3006.0: Facebook video ads jars has not improved, check please
11-06 11:25:15.339 2986-2986/? D/AdsSdk_3006.0: class com.facebook.ads.RewardedVideoAd not found
11-06 11:25:15.339 2986-2986/? D/AdsSdk_3006.0: Facebook video ads jars has not improved, check please
11-06 11:25:15.341 2986-2986/? D/AdsSdk_3006.0: Ironsource ads jars has be not improved, check please
11-06 11:25:15.343 2986-2986/? D/AdsSdk_3006.0: Ironsource ads jars has be not improved, check please
11-06 11:25:15.351 2986-2986/? D/AdsSdk_3006.0: VK ads jars has be not improved, check please
11-06 11:25:15.352 2986-2986/? D/AdsSdk_3006.0: VK ads jars has be not improved, check please
11-06 11:25:15.359 2986-2986/? D/AdsSdk_3006.0: Adapter: REWARDVIDEO vungle_DEFAULT99486 isValid: true
11-06 11:25:15.360 2986-2986/? D/AdsSdk_3006.0: Adapter: REWARDVIDEO vungle_DEFAULT99486 isValid: true
11-06 11:25:15.362 2986-2986/? D/AdsSdk_3006.0: Adapter: REWARDVIDEO toutiao_901121365 isValid: true
11-06 11:25:15.362 2986-2986/? D/AdsSdk_3006.0: Adapter: REWARDVIDEO toutiao_901121365 isValid: true
11-06 11:25:15.569 2986-2986/? I/AdsSdk_3006.0: LoadManager LoadCallback: oneway onLoaded，加载成功
11-06 11:25:15.570 2986-2986/? D/AdsSdk_3006.0: LoadCallback: oneway loadCostTimeMills is 174850
11-06 11:25:15.574 2986-2986/? I/<ALY Android>_3200: logEvent key: _NEW_RDA_LOADOK, value: [{__req_id=ddb9c0ae7d8787525e3ae7d0d9409c36, __gaid=5a862c88-d254-45bc-be40-20af7d04b1b9, __aff_info=%7B%22aff_name%22%3A%22oneway%22%2C%22publisher_id%22%3A%22eqv30rapcjp0kq1p%22%2C%22placement_id%22%3A%222%22%2C%22open_i_b%22%3A0%2C%22aff_ttl%22%3A1800%7D, __load_time=174850, __ad_id=rewarded_video, __sdk_ver=3006, __open_id=80b62288b18854cd28d2edff45ce7262, __pkg=roy.wan.inland, __sub_ver=3006.0, __sta_token=f8bad30d359540b685486a5694a8a90b}]
11-06 11:25:15.726 2986-3225/? D/AdsSdk_3006.0: rewarded_video: LoadCallback: oneway onLoaded，加载成功
11-06 11:25:18.628 2986-2986/? D/AdsSdk_3006.0: Adapter: REWARDVIDEO vungle_DEFAULT99486 isValid: true
11-06 11:25:19.095 2986-2986/? I/AdsSdk_3006.0: vungle_DEFAULT99486 onDebugAdOpened
11-06 11:25:19.095 2986-2986/? D/AdsSdk_3006.0: Adapter: REWARDVIDEO vungle_DEFAULT99486 isValid: false
11-06 11:25:19.191 2986-2986/? D/AdsSdk_3006.0: Adapter: REWARDVIDEO oneway isValid: true
11-06 11:25:19.192 2986-2986/? D/AdsSdk_3006.0: Adapter: REWARDVIDEO oneway isValid: true
11-06 11:25:19.192 2986-2986/? D/AdsSdk_3006.0: Adapter: REWARDVIDEO vungle_DEFAULT99486 isValid: false
11-06 11:25:19.192 2986-2986/? D/AdsSdk_3006.0: Adapter: REWARDVIDEO vungle_DEFAULT99486 isValid: false
11-06 11:25:19.193 2986-2986/? D/AdsSdk_3006.0: Adapter: REWARDVIDEO toutiao_901121365 isValid: true
11-06 11:25:19.193 2986-2986/? D/AdsSdk_3006.0: Adapter: REWARDVIDEO toutiao_901121365 isValid: true
11-06 11:25:19.320 2986-2986/? D/AdsSdk_3006.0: class com.google.android.gms.ads.AdView not found
11-06 11:25:19.321 2986-2986/? D/AdsSdk_3006.0: class com.google.android.gms.ads.InterstitialAd not found
11-06 11:25:19.322 2986-2986/? D/AdsSdk_3006.0: class com.google.android.gms.ads.reward.RewardedVideoAd not found
11-06 11:25:19.323 2986-2986/? D/AdsSdk_3006.0: class com.google.android.gms.ads.AdRequest not found
11-06 11:25:19.323 2986-2986/? D/AdsSdk_3006.0: Admob ads jars has not improved, check please
11-06 11:25:19.323 2986-2986/? D/AdsSdk_3006.0: class com.google.android.gms.ads.AdView not found
11-06 11:25:19.324 2986-2986/? D/AdsSdk_3006.0: class com.google.android.gms.ads.InterstitialAd not found
11-06 11:25:19.325 2986-2986/? D/AdsSdk_3006.0: class com.google.android.gms.ads.reward.RewardedVideoAd not found
11-06 11:25:19.326 2986-2986/? D/AdsSdk_3006.0: class com.google.android.gms.ads.AdRequest not found
11-06 11:25:19.326 2986-2986/? D/AdsSdk_3006.0: Admob ads jars has not improved, check please
11-06 11:25:19.327 2986-2986/? D/AdsSdk_3006.0: Admob_new ads jars has not improved, check please
11-06 11:25:19.328 2986-2986/? D/AdsSdk_3006.0: Admob_new ads jars has not improved, check please
11-06 11:25:19.329 2986-2986/? D/AdsSdk_3006.0: Adcolony ads jars has be not improved, check please
11-06 11:25:19.330 2986-2986/? D/AdsSdk_3006.0: Adcolony ads jars has be not improved, check please
11-06 11:25:19.333 2986-2986/? D/AdsSdk_3006.0: Unity ads jars has be not improved, check please
11-06 11:25:19.334 2986-2986/? D/AdsSdk_3006.0: Unity ads jars has be not improved, check please
11-06 11:25:19.337 2986-2986/? D/AdsSdk_3006.0: AppNext ads jars has not improved, check please
11-06 11:25:19.338 2986-2986/? D/AdsSdk_3006.0: AppNext ads jars has not improved, check please
11-06 11:25:19.340 2986-2986/? D/AdsSdk_3006.0: Applovin ads jars has not improved, check please
11-06 11:25:19.341 2986-2986/? D/AdsSdk_3006.0: Applovin ads jars has not improved, check please
11-06 11:25:19.342 2986-2986/? D/AdsSdk_3006.0: Chartboost ads jars has be not improved, check please
11-06 11:25:19.343 2986-2986/? D/AdsSdk_3006.0: Chartboost ads jars has be not improved, check please
11-06 11:25:19.345 2986-2986/? D/AdsSdk_3006.0: class com.facebook.ads.RewardedVideoAd not found
11-06 11:25:19.345 2986-2986/? D/AdsSdk_3006.0: Facebook video ads jars has not improved, check please
11-06 11:25:19.346 2986-2986/? D/AdsSdk_3006.0: class com.facebook.ads.RewardedVideoAd not found
11-06 11:25:19.346 2986-2986/? D/AdsSdk_3006.0: Facebook video ads jars has not improved, check please
11-06 11:25:19.347 2986-2986/? D/AdsSdk_3006.0: Ironsource ads jars has be not improved, check please
11-06 11:25:19.348 2986-2986/? D/AdsSdk_3006.0: Ironsource ads jars has be not improved, check please
11-06 11:25:19.349 2986-2986/? D/AdsSdk_3006.0: VK ads jars has be not improved, check please
11-06 11:25:19.350 2986-2986/? D/AdsSdk_3006.0: VK ads jars has be not improved, check please
11-06 11:25:19.353 2986-2986/? D/AdsSdk_3006.0: Dap vd ads jars has be not improved, check please
11-06 11:25:19.354 2986-2986/? D/AdsSdk_3006.0: Dap vd ads jars has be not improved, check please
11-06 11:25:19.359 2986-2986/? D/AdsSdk_3006.0: Maio ads jars has be not improved, check please
11-06 11:25:19.360 2986-2986/? D/AdsSdk_3006.0: Maio ads jars has be not improved, check please
11-06 11:25:19.362 2986-2986/? D/AdsSdk_3006.0: Adapter: REWARDVIDEO oneway isValid: true
11-06 11:25:19.362 2986-2986/? D/AdsSdk_3006.0: Adapter: REWARDVIDEO oneway isValid: true
11-06 11:25:19.362 2986-2986/? D/AdsSdk_3006.0: Adapter: REWARDVIDEO vungle_DEFAULT99486 isValid: false
11-06 11:25:19.362 2986-2986/? D/AdsSdk_3006.0: Adapter: REWARDVIDEO vungle_DEFAULT99486 isValid: false
11-06 11:25:19.363 2986-2986/? D/AdsSdk_3006.0: Adapter: REWARDVIDEO toutiao_901121365 isValid: true
11-06 11:25:19.364 2986-2986/? D/AdsSdk_3006.0: Adapter: REWARDVIDEO toutiao_901121365 isValid: true
11-06 11:25:19.635 2986-2986/? D/AdsSdk_3006.0: class com.google.android.gms.ads.AdView not found
11-06 11:25:19.635 2986-2986/? D/AdsSdk_3006.0: class com.google.android.gms.ads.InterstitialAd not found
11-06 11:25:19.636 2986-2986/? D/AdsSdk_3006.0: class com.google.android.gms.ads.reward.RewardedVideoAd not found
11-06 11:25:19.638 2986-2986/? D/AdsSdk_3006.0: class com.google.android.gms.ads.AdRequest not found
11-06 11:25:19.638 2986-2986/? D/AdsSdk_3006.0: Admob ads jars has not improved, check please
11-06 11:25:19.640 2986-2986/? D/AdsSdk_3006.0: class com.google.android.gms.ads.AdView not found
11-06 11:25:19.641 2986-2986/? D/AdsSdk_3006.0: class com.google.android.gms.ads.InterstitialAd not found
11-06 11:25:19.643 2986-2986/? D/AdsSdk_3006.0: class com.google.android.gms.ads.reward.RewardedVideoAd not found
11-06 11:25:19.645 2986-2986/? D/AdsSdk_3006.0: class com.google.android.gms.ads.AdRequest not found
11-06 11:25:19.645 2986-2986/? D/AdsSdk_3006.0: Admob ads jars has not improved, check please
11-06 11:25:19.646 2986-2986/? D/AdsSdk_3006.0: Admob_new ads jars has not improved, check please
11-06 11:25:19.647 2986-2986/? D/AdsSdk_3006.0: Admob_new ads jars has not improved, check please
11-06 11:25:19.649 2986-2986/? D/AdsSdk_3006.0: Adcolony ads jars has be not improved, check please
11-06 11:25:19.650 2986-2986/? D/AdsSdk_3006.0: Adcolony ads jars has be not improved, check please
11-06 11:25:19.653 2986-2986/? D/AdsSdk_3006.0: Unity ads jars has be not improved, check please
11-06 11:25:19.655 2986-2986/? D/AdsSdk_3006.0: Unity ads jars has be not improved, check please
11-06 11:25:19.658 2986-2986/? D/AdsSdk_3006.0: AppNext ads jars has not improved, check please
11-06 11:25:19.658 2986-2986/? D/AdsSdk_3006.0: AppNext ads jars has not improved, check please
11-06 11:25:19.661 2986-2986/? D/AdsSdk_3006.0: Applovin ads jars has not improved, check please
11-06 11:25:19.662 2986-2986/? D/AdsSdk_3006.0: Applovin ads jars has not improved, check please
11-06 11:25:19.664 2986-2986/? D/AdsSdk_3006.0: Chartboost ads jars has be not improved, check please
11-06 11:25:19.664 2986-2986/? D/AdsSdk_3006.0: Chartboost ads jars has be not improved, check please
11-06 11:25:19.667 2986-2986/? D/AdsSdk_3006.0: class com.facebook.ads.RewardedVideoAd not found
11-06 11:25:19.667 2986-2986/? D/AdsSdk_3006.0: Facebook video ads jars has not improved, check please
11-06 11:25:19.668 2986-2986/? D/AdsSdk_3006.0: class com.facebook.ads.RewardedVideoAd not found
11-06 11:25:19.668 2986-2986/? D/AdsSdk_3006.0: Facebook video ads jars has not improved, check please
11-06 11:25:19.669 2986-2986/? D/AdsSdk_3006.0: Ironsource ads jars has be not improved, check please
11-06 11:25:19.670 2986-2986/? D/AdsSdk_3006.0: Ironsource ads jars has be not improved, check please
11-06 11:25:19.672 2986-2986/? D/AdsSdk_3006.0: VK ads jars has be not improved, check please
11-06 11:25:19.673 2986-2986/? D/AdsSdk_3006.0: VK ads jars has be not improved, check please
11-06 11:25:19.675 2986-2986/? D/AdsSdk_3006.0: Dap vd ads jars has be not improved, check please
11-06 11:25:19.676 2986-2986/? D/AdsSdk_3006.0: Dap vd ads jars has be not improved, check please
11-06 11:25:19.677 2986-2986/? D/AdsSdk_3006.0: Maio ads jars has be not improved, check please
11-06 11:25:19.678 2986-2986/? D/AdsSdk_3006.0: Maio ads jars has be not improved, check please
11-06 11:25:19.680 2986-2986/? D/AdsSdk_3006.0: Adapter: REWARDVIDEO oneway isValid: true
11-06 11:25:19.680 2986-2986/? D/AdsSdk_3006.0: Adapter: REWARDVIDEO oneway isValid: true
11-06 11:25:19.681 2986-2986/? D/AdsSdk_3006.0: Adapter: REWARDVIDEO vungle_DEFAULT99486 isValid: false
11-06 11:25:19.681 2986-2986/? D/AdsSdk_3006.0: Adapter: REWARDVIDEO vungle_DEFAULT99486 isValid: false
11-06 11:25:19.682 2986-2986/? D/AdsSdk_3006.0: Adapter: REWARDVIDEO toutiao_901121365 isValid: true
11-06 11:25:19.682 2986-2986/? D/AdsSdk_3006.0: Adapter: REWARDVIDEO toutiao_901121365 isValid: true
11-06 11:25:20.265 2986-2986/? D/AdsSdk_3006.0: Adapter: REWARDVIDEO oneway isValid: true
11-06 11:25:20.265 2986-2986/? D/AdsSdk_3006.0: Adapter: REWARDVIDEO oneway isValid: true
11-06 11:25:20.265 2986-2986/? D/AdsSdk_3006.0: Adapter: REWARDVIDEO vungle_DEFAULT99486 isValid: false
11-06 11:25:20.266 2986-2986/? D/AdsSdk_3006.0: Adapter: REWARDVIDEO vungle_DEFAULT99486 isValid: false
11-06 11:25:20.266 2986-2986/? D/AdsSdk_3006.0: Adapter: REWARDVIDEO toutiao_901121365 isValid: true
11-06 11:25:20.266 2986-2986/? D/AdsSdk_3006.0: Adapter: REWARDVIDEO toutiao_901121365 isValid: true
11-06 11:25:30.247 2986-2986/? D/AdsSdk_3006.0: Adapter: REWARDVIDEO oneway isValid: true
11-06 11:25:30.248 2986-2986/? D/AdsSdk_3006.0: Adapter: REWARDVIDEO oneway isValid: true
11-06 11:25:30.253 2986-2986/? D/AdsSdk_3006.0: Adapter: REWARDVIDEO vungle_DEFAULT99486 isValid: true
11-06 11:25:30.255 2986-2986/? D/AdsSdk_3006.0: Adapter: REWARDVIDEO vungle_DEFAULT99486 isValid: true
11-06 11:25:30.255 2986-2986/? D/AdsSdk_3006.0: Adapter: REWARDVIDEO toutiao_901121365 isValid: true
11-06 11:25:30.256 2986-2986/? D/AdsSdk_3006.0: Adapter: REWARDVIDEO toutiao_901121365 isValid: true
11-06 11:25:40.238 2986-2986/? D/AdsSdk_3006.0: Adapter: REWARDVIDEO oneway isValid: true
11-06 11:25:40.238 2986-2986/? D/AdsSdk_3006.0: Adapter: REWARDVIDEO oneway isValid: true
11-06 11:25:40.240 2986-2986/? D/AdsSdk_3006.0: Adapter: REWARDVIDEO vungle_DEFAULT99486 isValid: true
11-06 11:25:40.241 2986-2986/? D/AdsSdk_3006.0: Adapter: REWARDVIDEO vungle_DEFAULT99486 isValid: true
11-06 11:25:40.242 2986-2986/? D/AdsSdk_3006.0: Adapter: REWARDVIDEO toutiao_901121365 isValid: true
11-06 11:25:40.242 2986-2986/? D/AdsSdk_3006.0: Adapter: REWARDVIDEO toutiao_901121365 isValid: true
11-06 11:25:50.253 2986-2986/? D/AdsSdk_3006.0: Adapter: REWARDVIDEO oneway isValid: true
11-06 11:25:50.253 2986-2986/? D/AdsSdk_3006.0: Adapter: REWARDVIDEO oneway isValid: true
11-06 11:25:50.255 2986-2986/? D/AdsSdk_3006.0: Adapter: REWARDVIDEO vungle_DEFAULT99486 isValid: true
11-06 11:25:50.255 2986-2986/? D/AdsSdk_3006.0: Adapter: REWARDVIDEO vungle_DEFAULT99486 isValid: true
11-06 11:25:50.256 2986-2986/? D/AdsSdk_3006.0: Adapter: REWARDVIDEO toutiao_901121365 isValid: true
11-06 11:25:50.256 2986-2986/? D/AdsSdk_3006.0: Adapter: REWARDVIDEO toutiao_901121365 isValid: true
11-06 11:25:52.180 2986-2986/? I/AdsSdk_3006.0: vungle_DEFAULT99486 onDebugAdClosed
11-06 11:25:52.239 2986-2986/? D/AdsSdk_3006.0: class com.google.android.gms.ads.AdView not found
11-06 11:25:52.239 2986-2986/? D/AdsSdk_3006.0: class com.google.android.gms.ads.InterstitialAd not found
11-06 11:25:52.240 2986-2986/? D/AdsSdk_3006.0: class com.google.android.gms.ads.reward.RewardedVideoAd not found
11-06 11:25:52.242 2986-2986/? D/AdsSdk_3006.0: class com.google.android.gms.ads.AdRequest not found
11-06 11:25:52.242 2986-2986/? D/AdsSdk_3006.0: Admob ads jars has not improved, check please
11-06 11:25:52.244 2986-2986/? D/AdsSdk_3006.0: class com.google.android.gms.ads.AdView not found
11-06 11:25:52.245 2986-2986/? D/AdsSdk_3006.0: class com.google.android.gms.ads.InterstitialAd not found
11-06 11:25:52.246 2986-2986/? D/AdsSdk_3006.0: class com.google.android.gms.ads.reward.RewardedVideoAd not found
11-06 11:25:52.248 2986-2986/? D/AdsSdk_3006.0: class com.google.android.gms.ads.AdRequest not found
11-06 11:25:52.248 2986-2986/? D/AdsSdk_3006.0: Admob ads jars has not improved, check please
11-06 11:25:52.250 2986-2986/? D/AdsSdk_3006.0: Admob_new ads jars has not improved, check please
11-06 11:25:52.252 2986-2986/? D/AdsSdk_3006.0: Admob_new ads jars has not improved, check please
11-06 11:25:52.254 2986-2986/? D/AdsSdk_3006.0: Adcolony ads jars has be not improved, check please
11-06 11:25:52.255 2986-2986/? D/AdsSdk_3006.0: Adcolony ads jars has be not improved, check please
11-06 11:25:52.263 2986-2986/? D/AdsSdk_3006.0: Unity ads jars has be not improved, check please
11-06 11:25:52.265 2986-2986/? D/AdsSdk_3006.0: Unity ads jars has be not improved, check please
11-06 11:25:52.275 2986-2986/? D/AdsSdk_3006.0: AppNext ads jars has not improved, check please
11-06 11:25:52.276 2986-2986/? D/AdsSdk_3006.0: AppNext ads jars has not improved, check please
11-06 11:25:52.280 2986-2986/? D/AdsSdk_3006.0: Applovin ads jars has not improved, check please
11-06 11:25:52.281 2986-2986/? D/AdsSdk_3006.0: Applovin ads jars has not improved, check please
11-06 11:25:52.283 2986-2986/? D/AdsSdk_3006.0: Chartboost ads jars has be not improved, check please
11-06 11:25:52.283 2986-2986/? D/AdsSdk_3006.0: Chartboost ads jars has be not improved, check please
11-06 11:25:52.285 2986-2986/? D/AdsSdk_3006.0: class com.facebook.ads.RewardedVideoAd not found
11-06 11:25:52.285 2986-2986/? D/AdsSdk_3006.0: Facebook video ads jars has not improved, check please
11-06 11:25:52.286 2986-2986/? D/AdsSdk_3006.0: class com.facebook.ads.RewardedVideoAd not found
11-06 11:25:52.286 2986-2986/? D/AdsSdk_3006.0: Facebook video ads jars has not improved, check please
11-06 11:25:52.288 2986-2986/? D/AdsSdk_3006.0: Ironsource ads jars has be not improved, check please
11-06 11:25:52.289 2986-2986/? D/AdsSdk_3006.0: Ironsource ads jars has be not improved, check please
11-06 11:25:52.291 2986-2986/? D/AdsSdk_3006.0: VK ads jars has be not improved, check please
11-06 11:25:52.292 2986-2986/? D/AdsSdk_3006.0: VK ads jars has be not improved, check please
11-06 11:25:52.294 2986-2986/? D/AdsSdk_3006.0: Adapter: REWARDVIDEO oneway isValid: true
11-06 11:25:52.295 2986-2986/? D/AdsSdk_3006.0: Adapter: REWARDVIDEO oneway isValid: true
11-06 11:25:52.296 2986-2986/? D/AdsSdk_3006.0: Adapter: REWARDVIDEO vungle_DEFAULT99486 isValid: true
11-06 11:25:52.297 2986-2986/? D/AdsSdk_3006.0: Adapter: REWARDVIDEO vungle_DEFAULT99486 isValid: true
11-06 11:25:52.298 2986-2986/? D/AdsSdk_3006.0: Adapter: REWARDVIDEO toutiao_901121365 isValid: true
11-06 11:25:52.298 2986-2986/? D/AdsSdk_3006.0: Adapter: REWARDVIDEO toutiao_901121365 isValid: true
11-06 11:26:00.254 2986-2986/? D/AdsSdk_3006.0: Adapter: REWARDVIDEO oneway isValid: true
11-06 11:26:00.254 2986-2986/? D/AdsSdk_3006.0: Adapter: REWARDVIDEO oneway isValid: true
11-06 11:26:00.256 2986-2986/? D/AdsSdk_3006.0: Adapter: REWARDVIDEO vungle_DEFAULT99486 isValid: true
11-06 11:26:00.256 2986-2986/? D/AdsSdk_3006.0: Adapter: REWARDVIDEO vungle_DEFAULT99486 isValid: true
11-06 11:26:00.257 2986-2986/? D/AdsSdk_3006.0: Adapter: REWARDVIDEO toutiao_901121365 isValid: true
11-06 11:26:00.257 2986-2986/? D/AdsSdk_3006.0: Adapter: REWARDVIDEO toutiao_901121365 isValid: true
11-06 11:26:02.301 2986-3225/? W/AdsSdk_3006.0: LoadManager mobvista_11937 removeLoading timeout
11-06 11:26:02.301 2986-3225/? W/AdsSdk_3006.0: LoadManager playable_inner_promotion removeLoading timeout
11-06 11:26:10.257 2986-2986/? D/AdsSdk_3006.0: Adapter: REWARDVIDEO oneway isValid: true
11-06 11:26:10.258 2986-2986/? D/AdsSdk_3006.0: Adapter: REWARDVIDEO oneway isValid: true
11-06 11:26:10.258 2986-2986/? D/AdsSdk_3006.0: Adapter: REWARDVIDEO vungle_DEFAULT99486 isValid: true
11-06 11:26:10.259 2986-2986/? D/AdsSdk_3006.0: Adapter: REWARDVIDEO vungle_DEFAULT99486 isValid: true
11-06 11:26:10.259 2986-2986/? D/AdsSdk_3006.0: Adapter: REWARDVIDEO toutiao_901121365 isValid: true
11-06 11:26:10.260 2986-2986/? D/AdsSdk_3006.0: Adapter: REWARDVIDEO toutiao_901121365 isValid: true
11-06 11:26:20.266 2986-2986/? D/AdsSdk_3006.0: Adapter: REWARDVIDEO oneway isValid: true
11-06 11:26:20.267 2986-2986/? D/AdsSdk_3006.0: Adapter: REWARDVIDEO oneway isValid: true
11-06 11:26:20.269 2986-2986/? D/AdsSdk_3006.0: Adapter: REWARDVIDEO vungle_DEFAULT99486 isValid: true
11-06 11:26:20.284 2986-2986/? D/AdsSdk_3006.0: Adapter: REWARDVIDEO vungle_DEFAULT99486 isValid: true
11-06 11:26:20.286 2986-2986/? D/AdsSdk_3006.0: Adapter: REWARDVIDEO toutiao_901121365 isValid: true
11-06 11:26:20.287 2986-2986/? D/AdsSdk_3006.0: Adapter: REWARDVIDEO toutiao_901121365 isValid: true
11-06 11:26:30.267 2986-2986/? D/AdsSdk_3006.0: Adapter: REWARDVIDEO oneway isValid: true
11-06 11:26:30.268 2986-2986/? D/AdsSdk_3006.0: Adapter: REWARDVIDEO oneway isValid: true
11-06 11:26:30.272 2986-2986/? D/AdsSdk_3006.0: Adapter: REWARDVIDEO vungle_DEFAULT99486 isValid: true
11-06 11:26:30.275 2986-2986/? D/AdsSdk_3006.0: Adapter: REWARDVIDEO vungle_DEFAULT99486 isValid: true
11-06 11:26:30.282 2986-2986/? D/AdsSdk_3006.0: Adapter: REWARDVIDEO toutiao_901121365 isValid: true
11-06 11:26:30.282 2986-2986/? D/AdsSdk_3006.0: Adapter: REWARDVIDEO toutiao_901121365 isValid: true
11-06 11:26:40.268 2986-2986/? D/AdsSdk_3006.0: Adapter: REWARDVIDEO oneway isValid: true
11-06 11:26:40.268 2986-2986/? D/AdsSdk_3006.0: Adapter: REWARDVIDEO oneway isValid: true
11-06 11:26:40.278 2986-2986/? D/AdsSdk_3006.0: Adapter: REWARDVIDEO vungle_DEFAULT99486 isValid: true
11-06 11:26:40.287 2986-2986/? D/AdsSdk_3006.0: Adapter: REWARDVIDEO vungle_DEFAULT99486 isValid: true
11-06 11:26:40.289 2986-2986/? D/AdsSdk_3006.0: Adapter: REWARDVIDEO toutiao_901121365 isValid: true
11-06 11:26:40.289 2986-2986/? D/AdsSdk_3006.0: Adapter: REWARDVIDEO toutiao_901121365 isValid: true
11-06 11:26:50.274 2986-2986/? D/AdsSdk_3006.0: Adapter: REWARDVIDEO oneway isValid: true
11-06 11:26:50.275 2986-2986/? D/AdsSdk_3006.0: Adapter: REWARDVIDEO oneway isValid: true
11-06 11:26:50.277 2986-2986/? D/AdsSdk_3006.0: Adapter: REWARDVIDEO vungle_DEFAULT99486 isValid: true
11-06 11:26:50.286 2986-2986/? D/AdsSdk_3006.0: Adapter: REWARDVIDEO vungle_DEFAULT99486 isValid: true
11-06 11:26:50.287 2986-2986/? D/AdsSdk_3006.0: Adapter: REWARDVIDEO toutiao_901121365 isValid: true
11-06 11:26:50.292 2986-2986/? D/AdsSdk_3006.0: Adapter: REWARDVIDEO toutiao_901121365 isValid: true
11-06 11:27:00.272 2986-2986/? D/AdsSdk_3006.0: Adapter: REWARDVIDEO oneway isValid: true
11-06 11:27:00.272 2986-2986/? D/AdsSdk_3006.0: Adapter: REWARDVIDEO oneway isValid: true
11-06 11:27:00.272 2986-2986/? D/AdsSdk_3006.0: Adapter: REWARDVIDEO vungle_DEFAULT99486 isValid: true
11-06 11:27:00.273 2986-2986/? D/AdsSdk_3006.0: Adapter: REWARDVIDEO vungle_DEFAULT99486 isValid: true
11-06 11:27:00.273 2986-2986/? D/AdsSdk_3006.0: Adapter: REWARDVIDEO toutiao_901121365 isValid: true
11-06 11:27:00.273 2986-2986/? D/AdsSdk_3006.0: Adapter: REWARDVIDEO toutiao_901121365 isValid: true
11-06 11:27:10.277 2986-2986/? D/AdsSdk_3006.0: Adapter: REWARDVIDEO oneway isValid: true
11-06 11:27:10.278 2986-2986/? D/AdsSdk_3006.0: Adapter: REWARDVIDEO oneway isValid: true
11-06 11:27:10.279 2986-2986/? D/AdsSdk_3006.0: Adapter: REWARDVIDEO vungle_DEFAULT99486 isValid: true
11-06 11:27:10.284 2986-2986/? D/AdsSdk_3006.0: Adapter: REWARDVIDEO vungle_DEFAULT99486 isValid: true
11-06 11:27:10.284 2986-2986/? D/AdsSdk_3006.0: Adapter: REWARDVIDEO toutiao_901121365 isValid: true
11-06 11:27:10.285 2986-2986/? D/AdsSdk_3006.0: Adapter: REWARDVIDEO toutiao_901121365 isValid: true
11-06 11:27:20.294 2986-2986/? D/AdsSdk_3006.0: Adapter: REWARDVIDEO oneway isValid: true
11-06 11:27:20.295 2986-2986/? D/AdsSdk_3006.0: Adapter: REWARDVIDEO oneway isValid: true
11-06 11:27:20.302 2986-2986/? D/AdsSdk_3006.0: Adapter: REWARDVIDEO vungle_DEFAULT99486 isValid: true
11-06 11:27:20.306 2986-2986/? D/AdsSdk_3006.0: Adapter: REWARDVIDEO vungle_DEFAULT99486 isValid: true
11-06 11:27:20.309 2986-2986/? D/AdsSdk_3006.0: Adapter: REWARDVIDEO toutiao_901121365 isValid: true
11-06 11:27:20.309 2986-2986/? D/AdsSdk_3006.0: Adapter: REWARDVIDEO toutiao_901121365 isValid: true
11-06 11:27:30.280 2986-2986/? D/AdsSdk_3006.0: Adapter: REWARDVIDEO oneway isValid: true
11-06 11:27:30.280 2986-2986/? D/AdsSdk_3006.0: Adapter: REWARDVIDEO oneway isValid: true
11-06 11:27:30.285 2986-2986/? D/AdsSdk_3006.0: Adapter: REWARDVIDEO vungle_DEFAULT99486 isValid: true
11-06 11:27:30.288 2986-2986/? D/AdsSdk_3006.0: Adapter: REWARDVIDEO vungle_DEFAULT99486 isValid: true
11-06 11:27:30.295 2986-2986/? D/AdsSdk_3006.0: Adapter: REWARDVIDEO toutiao_901121365 isValid: true
11-06 11:27:30.295 2986-2986/? D/AdsSdk_3006.0: Adapter: REWARDVIDEO toutiao_901121365 isValid: true
11-06 11:27:40.293 2986-2986/? D/AdsSdk_3006.0: Adapter: REWARDVIDEO oneway isValid: true
11-06 11:27:40.293 2986-2986/? D/AdsSdk_3006.0: Adapter: REWARDVIDEO oneway isValid: true
11-06 11:27:40.295 2986-2986/? D/AdsSdk_3006.0: Adapter: REWARDVIDEO vungle_DEFAULT99486 isValid: true
11-06 11:27:40.297 2986-2986/? D/AdsSdk_3006.0: Adapter: REWARDVIDEO vungle_DEFAULT99486 isValid: true
11-06 11:27:40.316 2986-2986/? D/AdsSdk_3006.0: Adapter: REWARDVIDEO toutiao_901121365 isValid: true
