11-06 11:57:55.360 15599-15889/? I/<ALY Android>_3200: 完成插入数据：1
11-06 11:57:55.361 15599-15889/? I/<ALY Android>_3200: ====数据插入运行完成===
11-06 11:57:55.362 15599-15889/? I/<ALY Android>_3200: doQueryEventInDBGcd, 当前表中总可发送的数据: 1
11-06 11:57:55.865 15599-15889/? I/<ALY Android>_3200: doQueryEventInDBGcd, 当前表中总可发送的数据: 0
11-06 11:58:03.529 15599-15940/? I/<ALY Android>_3200: logEvent key: _NEW_RDA_LOAD, value: [{__gaid=5a862c88-d254-45bc-be40-20af7d04b1b9, __aff_info=%7B%22aff_name%22%3A%22adcolony%22%2C%22app_id%22%3A%22app72c7816fa0f2407db4%22%2C%22zone_id%22%3A%22vz6e94afe0a6f643719d%22%2C%22open_i_b%22%3A0%2C%22aff_ttl%22%3A1800%2C%22adcolony_ids%22%3A%22vz6e94afe0a6f643719d%2Cvz33e7556f45514d4e85%22%7D, __ad_id=rewarded_video, __sdk_ver=3006, __open_id=819b078573e0b902b3b124d6d86b7b11, __pkg=roy.wan.foreign, __sub_ver=3006.0, __sta_token=315a7616e7264f4585ad8a8309b52ffd}]
11-06 11:58:03.581 15599-15889/? I/<ALY Android>_3200: 开始插入数据：1
11-06 11:58:03.595 15599-15889/? I/<ALY Android>_3200: 完成插入数据：1
11-06 11:58:03.595 15599-15889/? I/<ALY Android>_3200: ====数据插入运行完成===
11-06 11:58:03.657 15599-15889/? I/<ALY Android>_3200: doQueryEventInDBGcd, 当前表中总可发送的数据: 1
11-06 11:58:04.971 15599-15889/? I/<ALY Android>_3200: doQueryEventInDBGcd, 当前表中总可发送的数据: 0
11-06 11:58:07.731 15599-15599/? I/<ALY Android>_3200: logEvent key: _NEW_RDA_LOADOK, value: [{__req_id=3ec338d8b50632ca6fe01d213dff2287, __gaid=5a862c88-d254-45bc-be40-20af7d04b1b9, __aff_info=%7B%22aff_name%22%3A%22youappi%22%2C%22app_id%22%3A%22f647b6ce-8dec-4d24-a12d-9915f5472e4c%22%2C%22placement_id%22%3A%22test_rewarded_video_android%22%2C%22open_i_b%22%3A0%2C%22aff_ttl%22%3A1800%7D, __load_time=28965, __ad_id=rewarded_video, __sdk_ver=3006, __open_id=819b078573e0b902b3b124d6d86b7b11, __pkg=roy.wan.foreign, __sub_ver=3006.0, __sta_token=315a7616e7264f4585ad8a8309b52ffd}]
11-06 11:58:07.782 15599-15889/? I/<ALY Android>_3200: 开始插入数据：1
11-06 11:58:07.801 15599-15889/? I/<ALY Android>_3200: 完成插入数据：1
11-06 11:58:07.801 15599-15889/? I/<ALY Android>_3200: ====数据插入运行完成===
11-06 11:58:07.864 15599-15889/? I/<ALY Android>_3200: doQueryEventInDBGcd, 当前表中总可发送的数据: 1
11-06 11:58:08.342 15599-15889/? I/<ALY Android>_3200: doQueryEventInDBGcd, 当前表中总可发送的数据: 0
11-06 11:58:16.849 15599-15599/? I/<ALY Android>_3200: logEvent key: _NEW_IL_LOADOK, value: [{__req_id=a5fc0eed9c332f177106475d24468d22, __gaid=5a862c88-d254-45bc-be40-20af7d04b1b9, __aff_info=%7B%22aff_name%22%3A%22vungle%22%2C%22app_id%22%3A%2258c23edde5ffdf116e0000b4%22%2C%22placement_id%22%3A%22INTERST54803%22%2C%22open_i_b%22%3A0%2C%22aff_ttl%22%3A1800%2C%22vungle_ids%22%3A%22INTERST54803%22%7D, __ad_id=inter_aaa, __sdk_ver=3006, __open_id=819b078573e0b902b3b124d6d86b7b11, __pkg=roy.wan.foreign, __sub_ver=3006.0, __sta_token=315a7616e7264f4585ad8a8309b52ffd}]
11-06 11:58:16.904 15599-15889/? I/<ALY Android>_3200: 开始插入数据：1
11-06 11:58:16.922 15599-15889/? I/<ALY Android>_3200: 完成插入数据：1
11-06 11:58:16.922 15599-15889/? I/<ALY Android>_3200: ====数据插入运行完成===
11-06 11:58:16.985 15599-15889/? I/<ALY Android>_3200: doQueryEventInDBGcd, 当前表中总可发送的数据: 1
11-06 11:58:17.026 15599-16336/? I/<ALY Android>_3200: logEvent key: _NEW_RDA_CA_ACTION, value: [{__req_id=a5fc0eed9c332f177106475d24468d22, __gaid=5a862c88-d254-45bc-be40-20af7d04b1b9, __call_ver=1.0.7, __sdk_ver=3006, __aff_name=ad06, __open_id=819b078573e0b902b3b124d6d86b7b11, __pkg=roy.wan.foreign, __aff_ver=6.3.17, __sub_ver=3006.0, __sta_token=315a7616e7264f4585ad8a8309b52ffd, __status=1}]
11-06 11:58:17.031 15599-16336/? I/<ALY Android>_3200: logEvent key: _NEW_RDA_CA_UP, value: [{__req_id=a5fc0eed9c332f177106475d24468d22, __gaid=5a862c88-d254-45bc-be40-20af7d04b1b9, __call_ver=1.0.7, __sdk_ver=3006, __aff_name=ad06, __open_id=819b078573e0b902b3b124d6d86b7b11, __pkg=roy.wan.foreign, __aff_ver=6.3.17, __size=1328, __sub_ver=3006.0, __sta_token=315a7616e7264f4585ad8a8309b52ffd}]
11-06 11:58:17.077 15599-15889/? I/<ALY Android>_3200: 开始插入数据：2
11-06 11:58:17.093 15599-15889/? I/<ALY Android>_3200: 完成插入数据：2
11-06 11:58:17.093 15599-15889/? I/<ALY Android>_3200: ====数据插入运行完成===
11-06 11:58:17.156 15599-15889/? I/<ALY Android>_3200: doQueryEventInDBGcd, 当前表中总可发送的数据: 2
11-06 11:58:17.744 15599-15889/? I/<ALY Android>_3200: doQueryEventInDBGcd, 当前表中总可发送的数据: 0
11-06 11:58:18.393 15599-16336/? I/<ALY Android>_3200: logEvent key: _NEW_RDA_CA_UPOK, value: [{__req_id=a5fc0eed9c332f177106475d24468d22, __gaid=5a862c88-d254-45bc-be40-20af7d04b1b9, __call_ver=1.0.7, __sdk_ver=3006, __aff_name=ad06, __open_id=819b078573e0b902b3b124d6d86b7b11, __pkg=roy.wan.foreign, __aff_ver=6.3.17, __size=1328, __sub_ver=3006.0, __sta_token=315a7616e7264f4585ad8a8309b52ffd}]
11-06 11:58:18.446 15599-15889/? I/<ALY Android>_3200: 开始插入数据：1
11-06 11:58:18.464 15599-15889/? I/<ALY Android>_3200: 完成插入数据：1
11-06 11:58:18.464 15599-15889/? I/<ALY Android>_3200: ====数据插入运行完成===
11-06 11:58:18.528 15599-15889/? I/<ALY Android>_3200: doQueryEventInDBGcd, 当前表中总可发送的数据: 1
11-06 11:58:19.004 15599-15889/? I/<ALY Android>_3200: doQueryEventInDBGcd, 当前表中总可发送的数据: 0
11-06 11:58:20.463 15599-16271/? I/<ALY Android>_3200: logEvent key: _NEW_RDA_LOADOK, value: [{__req_id=1d75104f0d351147176a22e480b544c5, __gaid=5a862c88-d254-45bc-be40-20af7d04b1b9, __aff_info=%7B%22aff_name%22%3A%22tapjoy%22%2C%22app_key%22%3A%22cZd8BQhET7-C-jwQAkYdRgECUH4Bxvtye2FJV9TUG6wQpuhkrRfDuT-xx_ex%22%2C%22placement_id%22%3A%22video%22%2C%22app_id%22%3A%220%22%2C%22open_i_b%22%3A0%2C%22aff_ttl%22%3A1800%7D, __load_time=35602, __ad_id=rewarded_video, __sdk_ver=3006, __open_id=819b078573e0b902b3b124d6d86b7b11, __pkg=roy.wan.foreign, __sub_ver=3006.0, __sta_token=315a7616e7264f4585ad8a8309b52ffd}]
11-06 11:58:20.516 15599-15889/? I/<ALY Android>_3200: 开始插入数据：1
11-06 11:58:20.533 15599-15889/? I/<ALY Android>_3200: 完成插入数据：1
11-06 11:58:20.534 15599-15889/? I/<ALY Android>_3200: ====数据插入运行完成===
11-06 11:58:20.595 15599-15889/? I/<ALY Android>_3200: doQueryEventInDBGcd, 当前表中总可发送的数据: 1
11-06 11:58:21.068 15599-15889/? I/<ALY Android>_3200: doQueryEventInDBGcd, 当前表中总可发送的数据: 0
11-06 11:58:26.456 15599-15938/? I/<ALY Android>_3200: logEvent key: _NEW_IL_LOAD, value: [{__gaid=5a862c88-d254-45bc-be40-20af7d04b1b9, __aff_info=%7B%22aff_name%22%3A%22amazon%22%2C%22app_key%22%3A%22sample-app-v1_pub-2%22%2C%22open_i_b%22%3A0%2C%22aff_ttl%22%3A1800%7D, __ad_id=inter_bbb, __sdk_ver=3006, __open_id=819b078573e0b902b3b124d6d86b7b11, __pkg=roy.wan.foreign, __sub_ver=3006.0, __sta_token=315a7616e7264f4585ad8a8309b52ffd}]
11-06 11:58:26.508 15599-15889/? I/<ALY Android>_3200: 开始插入数据：1
11-06 11:58:26.521 15599-15889/? I/<ALY Android>_3200: 完成插入数据：1
11-06 11:58:26.522 15599-15889/? I/<ALY Android>_3200: ====数据插入运行完成===
11-06 11:58:26.583 15599-15889/? I/<ALY Android>_3200: doQueryEventInDBGcd, 当前表中总可发送的数据: 1
11-06 11:58:26.866 15599-15941/? I/<ALY Android>_3200: logEvent key: _NEW_IL_LOAD, value: [{__gaid=5a862c88-d254-45bc-be40-20af7d04b1b9, __aff_info=%7B%22aff_name%22%3A%22appnext%22%2C%22placement_id%22%3A%22cc6e96d0-1407-4703-a132-a19566cc2fdf%22%2C%22open_i_b%22%3A0%2C%22aff_ttl%22%3A1800%7D, __ad_id=inter_ddd, __sdk_ver=3006, __open_id=819b078573e0b902b3b124d6d86b7b11, __pkg=roy.wan.foreign, __sub_ver=3006.0, __sta_token=315a7616e7264f4585ad8a8309b52ffd}]
11-06 11:58:26.916 15599-15937/? I/<ALY Android>_3200: logEvent key: _NEW_RDA_LOAD, value: [{__gaid=5a862c88-d254-45bc-be40-20af7d04b1b9, __aff_info=%7B%22aff_name%22%3A%22appnext%22%2C%22placement_id%22%3A%22b05b2e41-c798-4d4a-be66-ae162835065a%22%2C%22open_i_b%22%3A0%2C%22aff_ttl%22%3A1800%7D, __ad_id=rewarded_video, __sdk_ver=3006, __open_id=819b078573e0b902b3b124d6d86b7b11, __pkg=roy.wan.foreign, __sub_ver=3006.0, __sta_token=315a7616e7264f4585ad8a8309b52ffd}]
11-06 11:58:26.918 15599-15889/? I/<ALY Android>_3200: 开始插入数据：1
11-06 11:58:26.944 15599-15889/? I/<ALY Android>_3200: 完成插入数据：1
11-06 11:58:26.944 15599-15889/? I/<ALY Android>_3200: ====数据插入运行完成===
11-06 11:58:26.945 15599-15889/? I/<ALY Android>_3200: 开始插入数据：1
11-06 11:58:26.960 15599-15889/? I/<ALY Android>_3200: 完成插入数据：1
11-06 11:58:26.960 15599-15889/? I/<ALY Android>_3200: ====数据插入运行完成===
11-06 11:58:26.978 15599-15889/? I/<ALY Android>_3200: doQueryEventInDBGcd, 当前表中总可发送的数据: 2
11-06 11:58:27.461 15599-15889/? I/<ALY Android>_3200: doQueryEventInDBGcd, 当前表中总可发送的数据: 0
11-06 11:58:32.366 15599-15599/? I/<ALY Android>_3200: logEvent key: _NEW_RDA_LOADOK, value: [{__req_id=7173bc4d5236b8605a974d1bb18f87f8, __gaid=5a862c88-d254-45bc-be40-20af7d04b1b9, __aff_info=%7B%22aff_name%22%3A%22batmobi%22%2C%22app_key%22%3A%22T4E7MU69AU3R7JHUHSW5JYAJ%22%2C%22placement_id%22%3A%2215169_08173%22%2C%22aff_ttl%22%3A1800%7D, __load_time=57805, __ad_id=rewarded_video, __sdk_ver=3006, __open_id=819b078573e0b902b3b124d6d86b7b11, __pkg=roy.wan.foreign, __sub_ver=3006.0, __sta_token=315a7616e7264f4585ad8a8309b52ffd}]
11-06 11:58:32.418 15599-15889/? I/<ALY Android>_3200: 开始插入数据：1
11-06 11:58:32.435 15599-15889/? I/<ALY Android>_3200: 完成插入数据：1
11-06 11:58:32.435 15599-15889/? I/<ALY Android>_3200: ====数据插入运行完成===
11-06 11:58:32.497 15599-15889/? I/<ALY Android>_3200: doQueryEventInDBGcd, 当前表中总可发送的数据: 1
11-06 11:58:34.016 15599-15889/? I/<ALY Android>_3200: doQueryEventInDBGcd, 当前表中总可发送的数据: 0
11-06 11:58:37.583 15599-15940/? I/<ALY Android>_3200: logEvent key: _NEW_RDA_LOAD, value: [{__gaid=5a862c88-d254-45bc-be40-20af7d04b1b9, __aff_info=%7B%22aff_name%22%3A%22adcolony%22%2C%22app_id%22%3A%22app72c7816fa0f2407db4%22%2C%22zone_id%22%3A%22vz6e94afe0a6f643719d%22%2C%22open_i_b%22%3A0%2C%22aff_ttl%22%3A1800%2C%22adcolony_ids%22%3A%22vz6e94afe0a6f643719d%2Cvz33e7556f45514d4e85%22%7D, __ad_id=rewarded_video, __sdk_ver=3006, __open_id=819b078573e0b902b3b124d6d86b7b11, __pkg=roy.wan.foreign, __sub_ver=3006.0, __sta_token=315a7616e7264f4585ad8a8309b52ffd}]
11-06 11:58:37.634 15599-15889/? I/<ALY Android>_3200: 开始插入数据：1
11-06 11:58:37.650 15599-15889/? I/<ALY Android>_3200: 完成插入数据：1
11-06 11:58:37.650 15599-15889/? I/<ALY Android>_3200: ====数据插入运行完成===
11-06 11:58:37.713 15599-15889/? I/<ALY Android>_3200: doQueryEventInDBGcd, 当前表中总可发送的数据: 1
11-06 11:58:38.173 15599-15889/? I/<ALY Android>_3200: doQueryEventInDBGcd, 当前表中总可发送的数据: 0
11-06 11:59:04.134 15599-15599/? I/<ALY Android>_3200: logEvent key: _NEW_RDA_LOADNOK, value: [{__gaid=5a862c88-d254-45bc-be40-20af7d04b1b9, __aff_info=%7B%22aff_name%22%3A%22dap%22%2C%22app_key%22%3A%7B%22video%22%3A%5B%7B%22pid%22%3A%22159906%22%7D%5D%2C%22native%22%3A%5B%7B%22pid%22%3A%22159905%22%7D%5D%7D%2C%22app_id%22%3A%22d82d47d900ea6d71e30772fd70d642af%22%2C%22placement_id%22%3A%22159906%22%2C%22open_i_b%22%3A0%2C%22aff_ttl%22%3A1800%7D, __ad_id=rewarded_video, __sdk_ver=3006, __open_id=819b078573e0b902b3b124d6d86b7b11, __pkg=roy.wan.foreign, __sub_ver=3006.0, __sta_token=315a7616e7264f4585ad8a8309b52ffd}]
11-06 11:59:04.191 15599-15889/? I/<ALY Android>_3200: 开始插入数据：1
11-06 11:59:04.215 15599-15889/? I/<ALY Android>_3200: 完成插入数据：1
11-06 11:59:04.215 15599-15889/? I/<ALY Android>_3200: ====数据插入运行完成===
11-06 11:59:04.277 15599-15889/? I/<ALY Android>_3200: doQueryEventInDBGcd, 当前表中总可发送的数据: 1
11-06 11:59:04.753 15599-15889/? I/<ALY Android>_3200: doQueryEventInDBGcd, 当前表中总可发送的数据: 0
11-06 11:59:12.406 15599-15938/? I/<ALY Android>_3200: logEvent key: _NEW_RDA_LOAD, value: [{__gaid=5a862c88-d254-45bc-be40-20af7d04b1b9, __aff_info=%7B%22aff_name%22%3A%22dap%22%2C%22app_key%22%3A%7B%22video%22%3A%5B%7B%22pid%22%3A%22159906%22%7D%5D%2C%22native%22%3A%5B%7B%22pid%22%3A%22159905%22%7D%5D%7D%2C%22app_id%22%3A%22d82d47d900ea6d71e30772fd70d642af%22%2C%22placement_id%22%3A%22159906%22%2C%22open_i_b%22%3A0%2C%22aff_ttl%22%3A1800%7D, __ad_id=rewarded_video, __sdk_ver=3006, __open_id=819b078573e0b902b3b124d6d86b7b11, __pkg=roy.wan.foreign, __sub_ver=3006.0, __sta_token=315a7616e7264f4585ad8a8309b52ffd}]
11-06 11:59:12.460 15599-15889/? I/<ALY Android>_3200: 开始插入数据：1
11-06 11:59:12.489 15599-15889/? I/<ALY Android>_3200: 完成插入数据：1
11-06 11:59:12.489 15599-15889/? I/<ALY Android>_3200: ====数据插入运行完成===
11-06 11:59:12.551 15599-15889/? I/<ALY Android>_3200: doQueryEventInDBGcd, 当前表中总可发送的数据: 1
11-06 11:59:13.024 15599-15889/? I/<ALY Android>_3200: doQueryEventInDBGcd, 当前表中总可发送的数据: 0
11-06 12:01:49.755 15599-15941/? I/<ALY Android>_3200: logEvent key: _NEW_RDA_LOAD, value: [{__gaid=5a862c88-d254-45bc-be40-20af7d04b1b9, __aff_info=%7B%22aff_name%22%3A%22admob%22%2C%22ad_unit_id%22%3A%22ca-app-pub-1865559073577505%5C%2F2850384961%22%2C%22open_i_b%22%3A0%2C%22aff_ttl%22%3A1800%7D, __ad_id=rewarded_video, __sdk_ver=3006, __open_id=819b078573e0b902b3b124d6d86b7b11, __pkg=roy.wan.foreign, __sub_ver=3006.0, __sta_token=315a7616e7264f4585ad8a8309b52ffd}]
11-06 12:01:49.782 15599-15941/? I/<ALY Android>_3200: logEvent key: _NEW_RDA_LOAD, value: [{__gaid=5a862c88-d254-45bc-be40-20af7d04b1b9, __aff_info=%7B%22aff_name%22%3A%22dap%22%2C%22app_key%22%3A%7B%22video%22%3A%5B%7B%22pid%22%3A%22159906%22%7D%5D%2C%22native%22%3A%5B%7B%22pid%22%3A%22159905%22%7D%5D%7D%2C%22app_id%22%3A%22d82d47d900ea6d71e30772fd70d642af%22%2C%22placement_id%22%3A%22159906%22%2C%22open_i_b%22%3A0%2C%22aff_ttl%22%3A1800%7D, __ad_id=rewarded_video, __sdk_ver=3006, __open_id=819b078573e0b902b3b124d6d86b7b11, __pkg=roy.wan.foreign, __sub_ver=3006.0, __sta_token=315a7616e7264f4585ad8a8309b52ffd}]
11-06 12:01:49.812 15599-15889/? I/<ALY Android>_3200: 开始插入数据：2
11-06 12:01:49.814 15599-15941/? I/<ALY Android>_3200: logEvent key: _NEW_RDA_LOAD, value: [{__gaid=5a862c88-d254-45bc-be40-20af7d04b1b9, __aff_info=%7B%22aff_name%22%3A%22mobvista%22%2C%22app_id%22%3A%22101423%22%2C%22aff_key%22%3A%22f95e2d8a8acc3c5a8ac4946f4e6edf86%22%2C%22ad_unit_id%22%3A%2234535%22%2C%22reward_id%22%3A%221%22%2C%22open_i_b%22%3A0%2C%22aff_ttl%22%3A1800%7D, __ad_id=rewarded_video, __sdk_ver=3006, __open_id=819b078573e0b902b3b124d6d86b7b11, __pkg=roy.wan.foreign, __sub_ver=3006.0, __sta_token=315a7616e7264f4585ad8a8309b52ffd}]
11-06 12:01:49.830 15599-15941/? I/<ALY Android>_3200: logEvent key: _NEW_RDA_LOAD, value: [{__gaid=5a862c88-d254-45bc-be40-20af7d04b1b9, __aff_info=%7B%22aff_name%22%3A%22unity%22%2C%22aff_key%22%3A%222875056%22%2C%22placement_id%22%3A%22rewardedVideo%22%2C%22open_i_b%22%3A0%2C%22aff_ttl%22%3A1800%7D, __ad_id=rewarded_video, __sdk_ver=3006, __open_id=819b078573e0b902b3b124d6d86b7b11, __pkg=roy.wan.foreign, __sub_ver=3006.0, __sta_token=315a7616e7264f4585ad8a8309b52ffd}]
11-06 12:01:49.837 15599-15889/? I/<ALY Android>_3200: 完成插入数据：2
11-06 12:01:49.837 15599-15889/? I/<ALY Android>_3200: ====数据插入运行完成===
11-06 12:01:49.838 15599-15889/? I/<ALY Android>_3200: 开始插入数据：2
11-06 12:01:49.843 15599-15941/? I/<ALY Android>_3200: logEvent key: _NEW_RDA_LOADOK, value: [{__req_id=86fbbdc81e66d8741ab612962f6376e1, __gaid=5a862c88-d254-45bc-be40-20af7d04b1b9, __aff_info=%7B%22aff_name%22%3A%22unity%22%2C%22aff_key%22%3A%222875056%22%2C%22placement_id%22%3A%22rewardedVideo%22%2C%22open_i_b%22%3A0%2C%22aff_ttl%22%3A1800%7D, __load_time=-1, __ad_id=rewarded_video, __sdk_ver=3006, __open_id=819b078573e0b902b3b124d6d86b7b11, __pkg=roy.wan.foreign, __sub_ver=3006.0, __sta_token=315a7616e7264f4585ad8a8309b52ffd}]
11-06 12:01:49.860 15599-15941/? I/<ALY Android>_3200: logEvent key: _NEW_RDA_LOAD, value: [{__gaid=5a862c88-d254-45bc-be40-20af7d04b1b9, __aff_info=%7B%22aff_name%22%3A%22appnext%22%2C%22placement_id%22%3A%22b05b2e41-c798-4d4a-be66-ae162835065a%22%2C%22open_i_b%22%3A0%2C%22aff_ttl%22%3A1800%7D, __ad_id=rewarded_video, __sdk_ver=3006, __open_id=819b078573e0b902b3b124d6d86b7b11, __pkg=roy.wan.foreign, __sub_ver=3006.0, __sta_token=315a7616e7264f4585ad8a8309b52ffd}]
11-06 12:01:49.874 15599-15889/? I/<ALY Android>_3200: 完成插入数据：2
11-06 12:01:49.875 15599-15889/? I/<ALY Android>_3200: ====数据插入运行完成===
11-06 12:01:49.876 15599-15889/? I/<ALY Android>_3200: 开始插入数据：1
11-06 12:01:49.904 15599-15889/? I/<ALY Android>_3200: 完成插入数据：1
11-06 12:01:49.904 15599-15889/? I/<ALY Android>_3200: ====数据插入运行完成===
11-06 12:01:49.908 15599-15889/? I/<ALY Android>_3200: doQueryEventInDBGcd, 当前表中总可发送的数据: 5
11-06 12:01:49.918 15599-15941/? I/<ALY Android>_3200: logEvent key: _NEW_RDA_LOAD, value: [{__gaid=5a862c88-d254-45bc-be40-20af7d04b1b9, __aff_info=%7B%22aff_name%22%3A%22adcolony%22%2C%22app_id%22%3A%22app72c7816fa0f2407db4%22%2C%22zone_id%22%3A%22vz6e94afe0a6f643719d%22%2C%22open_i_b%22%3A0%2C%22aff_ttl%22%3A1800%2C%22adcolony_ids%22%3A%22vz6e94afe0a6f643719d%2Cvz33e7556f45514d4e85%22%7D, __ad_id=rewarded_video, __sdk_ver=3006, __open_id=819b078573e0b902b3b124d6d86b7b11, __pkg=roy.wan.foreign, __sub_ver=3006.0, __sta_token=315a7616e7264f4585ad8a8309b52ffd}]
11-06 12:01:49.935 15599-15599/? I/<ALY Android>_3200: logEvent key: _NEW_RDA_SHOW, value: [{__req_id=4d4a0f41956b1c9f1bb16c058aca75d9, __gaid=5a862c88-d254-45bc-be40-20af7d04b1b9, __aff_info=%7B%22aff_name%22%3A%22ironsource%22%2C%22app_key%22%3A%22695cf13d%22%2C%22open_i_b%22%3A0%2C%22aff_ttl%22%3A1800%2C%22placement_id%22%3A%220%22%7D, __cp_ad_id=aaa, __ad_id=rewarded_video, __aff_ready=chartboost|||unity|||batmobi|||ironsource|||mobpower|||youappi, __sdk_ver=3006, __open_id=819b078573e0b902b3b124d6d86b7b11, __pkg=roy.wan.foreign, __sub_ver=3006.0, __sta_token=315a7616e7264f4585ad8a8309b52ffd}]
11-06 12:01:49.938 15599-15889/? I/<ALY Android>_3200: 开始插入数据：1
11-06 12:01:49.941 15599-15599/? I/<ALY Android>_3200: logEvent key: _NEW_RDA_SHOW_RES, value: [{__req_id=4d4a0f41956b1c9f1bb16c058aca75d9, __gaid=5a862c88-d254-45bc-be40-20af7d04b1b9, __aff_info=%7B%22aff_name%22%3A%22ironsource%22%2C%22app_key%22%3A%22695cf13d%22%2C%22open_i_b%22%3A0%2C%22aff_ttl%22%3A1800%2C%22placement_id%22%3A%220%22%7D, __sdk_ver=3006, __res_type=4, __open_id=819b078573e0b902b3b124d6d86b7b11, __pkg=roy.wan.foreign, __sub_ver=3006.0, __sta_token=315a7616e7264f4585ad8a8309b52ffd}]
11-06 12:01:49.979 15599-15889/? I/<ALY Android>_3200: 完成插入数据：1
11-06 12:01:49.979 15599-15889/? I/<ALY Android>_3200: ====数据插入运行完成===
11-06 12:01:49.981 15599-15889/? I/<ALY Android>_3200: doQueryEventInDBGcd, 当前表中总可发送的数据: 1
11-06 12:01:50.016 15599-15941/? I/<ALY Android>_3200: logEvent key: _NEW_RDA_LOAD, value: [{__gaid=5a862c88-d254-45bc-be40-20af7d04b1b9, __aff_info=%7B%22aff_name%22%3A%22tapjoy%22%2C%22app_key%22%3A%22cZd8BQhET7-C-jwQAkYdRgECUH4Bxvtye2FJV9TUG6wQpuhkrRfDuT-xx_ex%22%2C%22placement_id%22%3A%22video%22%2C%22app_id%22%3A%220%22%2C%22open_i_b%22%3A0%2C%22aff_ttl%22%3A1800%7D, __ad_id=rewarded_video, __sdk_ver=3006, __open_id=819b078573e0b902b3b124d6d86b7b11, __pkg=roy.wan.foreign, __sub_ver=3006.0, __sta_token=315a7616e7264f4585ad8a8309b52ffd}]
11-06 12:01:50.039 15599-16236/? I/<ALY Android>_3200: logEvent key: _NEW_RDA_CA_ACTION, value: [{__req_id=86fbbdc81e66d8741ab612962f6376e1, __gaid=5a862c88-d254-45bc-be40-20af7d04b1b9, __call_ver=1.0.7, __sdk_ver=3006, __aff_name=ad08, __open_id=819b078573e0b902b3b124d6d86b7b11, __pkg=roy.wan.foreign, __aff_ver=3.0.0, __sub_ver=3006.0, __sta_token=315a7616e7264f4585ad8a8309b52ffd, __status=1}]
11-06 12:01:50.046 15599-16236/? I/<ALY Android>_3200: logEvent key: _NEW_RDA_CA_UP, value: [{__req_id=86fbbdc81e66d8741ab612962f6376e1, __gaid=5a862c88-d254-45bc-be40-20af7d04b1b9, __call_ver=1.0.7, __sdk_ver=3006, __aff_name=ad08, __open_id=819b078573e0b902b3b124d6d86b7b11, __pkg=roy.wan.foreign, __aff_ver=3.0.0, __size=3236, __sub_ver=3006.0, __sta_token=315a7616e7264f4585ad8a8309b52ffd}]
11-06 12:01:50.053 15599-15889/? I/<ALY Android>_3200: 开始插入数据：3
11-06 12:01:50.111 15599-15889/? I/<ALY Android>_3200: 完成插入数据：3
11-06 12:01:50.111 15599-15889/? I/<ALY Android>_3200: ====数据插入运行完成===
11-06 12:01:50.113 15599-15889/? I/<ALY Android>_3200: doQueryEventInDBGcd, 当前表中总可发送的数据: 3
11-06 12:01:50.116 15599-15941/? I/<ALY Android>_3200: logEvent key: _NEW_RDA_LOAD, value: [{__gaid=5a862c88-d254-45bc-be40-20af7d04b1b9, __aff_info=%7B%22aff_name%22%3A%22facebook%22%2C%22aff_key%22%3A%22783955231747423_1064291897047087%22%2C%22open_i_b%22%3A0%2C%22aff_ttl%22%3A1800%7D, __ad_id=rewarded_video, __sdk_ver=3006, __open_id=819b078573e0b902b3b124d6d86b7b11, __pkg=roy.wan.foreign, __sub_ver=3006.0, __sta_token=315a7616e7264f4585ad8a8309b52ffd}]
11-06 12:01:50.161 15599-15889/? I/<ALY Android>_3200: 开始插入数据：4
11-06 12:01:50.206 15599-15889/? I/<ALY Android>_3200: 完成插入数据：4
11-06 12:01:50.206 15599-15889/? I/<ALY Android>_3200: ====数据插入运行完成===
11-06 12:01:50.208 15599-15889/? I/<ALY Android>_3200: doQueryEventInDBGcd, 当前表中总可发送的数据: 4
11-06 12:01:50.284 15599-15970/? I/<ALY Android>_3200: logEvent key: _NEW_RDA_SHOWOK, value: [{__req_id=4d4a0f41956b1c9f1bb16c058aca75d9, __gaid=5a862c88-d254-45bc-be40-20af7d04b1b9, __aff_info=%7B%22aff_name%22%3A%22ironsource%22%2C%22app_key%22%3A%22695cf13d%22%2C%22open_i_b%22%3A0%2C%22aff_ttl%22%3A1800%2C%22placement_id%22%3A%220%22%7D, __cp_ad_id=aaa, __ad_id=rewarded_video, __sdk_ver=3006, __open_id=819b078573e0b902b3b124d6d86b7b11, __pkg=roy.wan.foreign, __sub_ver=3006.0, __sta_token=315a7616e7264f4585ad8a8309b52ffd}]
11-06 12:01:50.288 15599-15889/? I/<ALY Android>_3200: doQueryEventInDBGcd, 当前表中总可发送的数据: 0
11-06 12:01:50.340 15599-15889/? I/<ALY Android>_3200: 开始插入数据：1
11-06 12:01:50.358 15599-15889/? I/<ALY Android>_3200: 完成插入数据：1
11-06 12:01:50.358 15599-15889/? I/<ALY Android>_3200: ====数据插入运行完成===
11-06 12:01:50.420 15599-15889/? I/<ALY Android>_3200: doQueryEventInDBGcd, 当前表中总可发送的数据: 1
11-06 12:01:51.250 15599-15599/? I/<ALY Android>_3200: logEvent key: _NEW_RDA_LOADOK, value: [{__req_id=7a88b0f83b8e9d343196ff73bf6ec500, __gaid=5a862c88-d254-45bc-be40-20af7d04b1b9, __aff_info=%7B%22aff_name%22%3A%22admob%22%2C%22ad_unit_id%22%3A%22ca-app-pub-1865559073577505%5C%2F2850384961%22%2C%22open_i_b%22%3A0%2C%22aff_ttl%22%3A1800%7D, __load_time=1478, __ad_id=rewarded_video, __sdk_ver=3006, __open_id=819b078573e0b902b3b124d6d86b7b11, __pkg=roy.wan.foreign, __sub_ver=3006.0, __sta_token=315a7616e7264f4585ad8a8309b52ffd}]
11-06 12:01:51.303 15599-15889/? I/<ALY Android>_3200: 开始插入数据：1
11-06 12:01:51.344 15599-15889/? I/<ALY Android>_3200: 完成插入数据：1
11-06 12:01:51.345 15599-15889/? I/<ALY Android>_3200: ====数据插入运行完成===
11-06 12:01:51.412 15599-15889/? I/<ALY Android>_3200: doQueryEventInDBGcd, 当前表中总可发送的数据: 1
11-06 12:01:51.419 15599-16336/? I/<ALY Android>_3200: logEvent key: _NEW_RDA_CA_ACTION, value: [{__req_id=7a88b0f83b8e9d343196ff73bf6ec500, __gaid=5a862c88-d254-45bc-be40-20af7d04b1b9, __call_ver=1.0.7, __sdk_ver=3006, __aff_name=ad01, __open_id=819b078573e0b902b3b124d6d86b7b11, __pkg=roy.wan.foreign, __aff_ver=12451000, __sub_ver=3006.0, __sta_token=315a7616e7264f4585ad8a8309b52ffd, __status=0}]
11-06 12:01:51.429 15599-16306/? I/<ALY Android>_3200: logEvent key: _NEW_RDA_CA_ACTION, value: [{__req_id=7a88b0f83b8e9d343196ff73bf6ec500, __gaid=5a862c88-d254-45bc-be40-20af7d04b1b9, __call_ver=1.0.7, __sdk_ver=3006, __aff_name=ad01, __open_id=819b078573e0b902b3b124d6d86b7b11, __pkg=roy.wan.foreign, __aff_ver=12451000, __sub_ver=3006.0, __sta_token=315a7616e7264f4585ad8a8309b52ffd, __status=0}]
11-06 12:01:51.453 15599-15889/? I/<ALY Android>_3200: 开始插入数据：2
11-06 12:01:51.460 15599-16236/? I/<ALY Android>_3200: logEvent key: _NEW_RDA_CA_UPOK, value: [{__req_id=86fbbdc81e66d8741ab612962f6376e1, __gaid=5a862c88-d254-45bc-be40-20af7d04b1b9, __call_ver=1.0.7, __sdk_ver=3006, __aff_name=ad08, __open_id=819b078573e0b902b3b124d6d86b7b11, __pkg=roy.wan.foreign, __aff_ver=3.0.0, __size=3236, __sub_ver=3006.0, __sta_token=315a7616e7264f4585ad8a8309b52ffd}]
11-06 12:01:51.507 15599-15889/? I/<ALY Android>_3200: 完成插入数据：2
11-06 12:01:51.507 15599-15889/? I/<ALY Android>_3200: ====数据插入运行完成===
11-06 12:01:51.507 15599-15889/? I/<ALY Android>_3200: 开始插入数据：1
11-06 12:01:51.521 15599-15889/? I/<ALY Android>_3200: 完成插入数据：1
11-06 12:01:51.521 15599-15889/? I/<ALY Android>_3200: ====数据插入运行完成===
11-06 12:01:51.522 15599-15889/? I/<ALY Android>_3200: doQueryEventInDBGcd, 当前表中总可发送的数据: 3
11-06 12:01:52.087 15599-15889/? I/<ALY Android>_3200: doQueryEventInDBGcd, 当前表中总可发送的数据: 0
11-06 12:01:59.972 15599-16271/? I/<ALY Android>_3200: logEvent key: _NEW_RDA_LOADOK, value: [{__req_id=5f4704a369bf5a4d4aaecc1a6b8b1a44, __gaid=5a862c88-d254-45bc-be40-20af7d04b1b9, __aff_info=%7B%22aff_name%22%3A%22tapjoy%22%2C%22app_key%22%3A%22cZd8BQhET7-C-jwQAkYdRgECUH4Bxvtye2FJV9TUG6wQpuhkrRfDuT-xx_ex%22%2C%22placement_id%22%3A%22video%22%2C%22app_id%22%3A%220%22%2C%22open_i_b%22%3A0%2C%22aff_ttl%22%3A1800%7D, __load_time=9941, __ad_id=rewarded_video, __sdk_ver=3006, __open_id=819b078573e0b902b3b124d6d86b7b11, __pkg=roy.wan.foreign, __sub_ver=3006.0, __sta_token=315a7616e7264f4585ad8a8309b52ffd}]
11-06 12:02:00.027 15599-15889/? I/<ALY Android>_3200: 开始插入数据：1
11-06 12:02:00.046 15599-15889/? I/<ALY Android>_3200: 完成插入数据：1
11-06 12:02:00.046 15599-15889/? I/<ALY Android>_3200: ====数据插入运行完成===
11-06 12:02:00.110 15599-15889/? I/<ALY Android>_3200: doQueryEventInDBGcd, 当前表中总可发送的数据: 1
11-06 12:02:01.383 15599-15889/? I/<ALY Android>_3200: doQueryEventInDBGcd, 当前表中总可发送的数据: 0
11-06 12:02:11.246 15599-15599/? I/<ALY Android>_3200: logEvent key: _NEW_RDA_REWARDOK, value: [{__req_id=4d4a0f41956b1c9f1bb16c058aca75d9, __gaid=5a862c88-d254-45bc-be40-20af7d04b1b9, __aff_info=%7B%22aff_name%22%3A%22ironsource%22%2C%22app_key%22%3A%22695cf13d%22%2C%22open_i_b%22%3A0%2C%22aff_ttl%22%3A1800%2C%22placement_id%22%3A%220%22%7D, __cp_ad_id=aaa, __ad_id=rewarded_video, __sdk_ver=3006, __open_id=819b078573e0b902b3b124d6d86b7b11, __pkg=roy.wan.foreign, __sub_ver=3006.0, __sta_token=315a7616e7264f4585ad8a8309b52ffd}]
11-06 12:02:11.251 15599-15599/? I/<ALY Android>_3200: logEvent key: _NEW_RDA_CLOSE, value: [{__req_id=4d4a0f41956b1c9f1bb16c058aca75d9, __gaid=5a862c88-d254-45bc-be40-20af7d04b1b9, __aff_info=%7B%22aff_name%22%3A%22ironsource%22%2C%22app_key%22%3A%22695cf13d%22%2C%22open_i_b%22%3A0%2C%22aff_ttl%22%3A1800%2C%22placement_id%22%3A%220%22%7D, __cp_ad_id=aaa, __ad_id=rewarded_video, __sdk_ver=3006, __open_id=819b078573e0b902b3b124d6d86b7b11, __pkg=roy.wan.foreign, __sub_ver=3006.0, __sta_token=315a7616e7264f4585ad8a8309b52ffd}]
11-06 12:02:11.298 15599-15889/? I/<ALY Android>_3200: 开始插入数据：2
11-06 12:02:11.319 15599-15889/? I/<ALY Android>_3200: 完成插入数据：2
11-06 12:02:11.319 15599-15889/? I/<ALY Android>_3200: ====数据插入运行完成===
11-06 12:02:11.380 15599-15889/? I/<ALY Android>_3200: doQueryEventInDBGcd, 当前表中总可发送的数据: 2
11-06 12:02:11.725 15599-15970/? I/<ALY Android>_3200: logEvent key: _NEW_RDA_LOADOK, value: [{__req_id=67d44a0779d81c9812e8d0f8bcd4ee07, __gaid=5a862c88-d254-45bc-be40-20af7d04b1b9, __aff_info=%7B%22aff_name%22%3A%22ironsource%22%2C%22app_key%22%3A%22695cf13d%22%2C%22open_i_b%22%3A0%2C%22aff_ttl%22%3A1800%2C%22placement_id%22%3A%220%22%7D, __load_time=276747, __ad_id=rewarded_video, __sdk_ver=3006, __open_id=819b078573e0b902b3b124d6d86b7b11, __pkg=roy.wan.foreign, __sub_ver=3006.0, __sta_token=315a7616e7264f4585ad8a8309b52ffd}]
11-06 12:02:11.793 15599-15889/? I/<ALY Android>_3200: 开始插入数据：1
11-06 12:02:11.808 15599-15889/? I/<ALY Android>_3200: 完成插入数据：1
11-06 12:02:11.808 15599-15889/? I/<ALY Android>_3200: ====数据插入运行完成===
11-06 12:02:11.810 15599-15889/? I/<ALY Android>_3200: doQueryEventInDBGcd, 当前表中总可发送的数据: 1
11-06 12:02:12.319 15599-15889/? I/<ALY Android>_3200: doQueryEventInDBGcd, 当前表中总可发送的数据: 0
11-06 12:02:15.018 15599-15599/? I/<ALY Android>_3200: logEvent key: _NEW_RDA_SHOW, value: [{__req_id=5f4704a369bf5a4d4aaecc1a6b8b1a44, __gaid=5a862c88-d254-45bc-be40-20af7d04b1b9, __aff_info=%7B%22aff_name%22%3A%22tapjoy%22%2C%22app_key%22%3A%22cZd8BQhET7-C-jwQAkYdRgECUH4Bxvtye2FJV9TUG6wQpuhkrRfDuT-xx_ex%22%2C%22placement_id%22%3A%22video%22%2C%22app_id%22%3A%220%22%2C%22open_i_b%22%3A0%2C%22aff_ttl%22%3A1800%7D, __cp_ad_id=aaa, __ad_id=rewarded_video, __aff_ready=ironsource|||mobpower|||tapjoy|||chartboost|||unity|||batmobi|||admob|||youappi, __sdk_ver=3006, __open_id=819b078573e0b902b3b124d6d86b7b11, __pkg=roy.wan.foreign, __sub_ver=3006.0, __sta_token=315a7616e7264f4585ad8a8309b52ffd}]
11-06 12:02:15.026 15599-15599/? I/<ALY Android>_3200: logEvent key: _NEW_RDA_SHOW_RES, value: [{__req_id=5f4704a369bf5a4d4aaecc1a6b8b1a44, __gaid=5a862c88-d254-45bc-be40-20af7d04b1b9, __aff_info=%7B%22aff_name%22%3A%22tapjoy%22%2C%22app_key%22%3A%22cZd8BQhET7-C-jwQAkYdRgECUH4Bxvtye2FJV9TUG6wQpuhkrRfDuT-xx_ex%22%2C%22placement_id%22%3A%22video%22%2C%22app_id%22%3A%220%22%2C%22open_i_b%22%3A0%2C%22aff_ttl%22%3A1800%7D, __sdk_ver=3006, __res_type=4, __open_id=819b078573e0b902b3b124d6d86b7b11, __pkg=roy.wan.foreign, __sub_ver=3006.0, __sta_token=315a7616e7264f4585ad8a8309b52ffd}]
11-06 12:02:15.070 15599-15889/? I/<ALY Android>_3200: 开始插入数据：2
11-06 12:02:15.111 15599-15889/? I/<ALY Android>_3200: 完成插入数据：2
11-06 12:02:15.111 15599-15889/? I/<ALY Android>_3200: ====数据插入运行完成===
11-06 12:02:15.173 15599-15889/? I/<ALY Android>_3200: doQueryEventInDBGcd, 当前表中总可发送的数据: 2
11-06 12:02:15.240 15599-15599/? I/<ALY Android>_3200: logEvent key: _NEW_RDA_SHOWOK, value: [{__req_id=5f4704a369bf5a4d4aaecc1a6b8b1a44, __gaid=5a862c88-d254-45bc-be40-20af7d04b1b9, __aff_info=%7B%22aff_name%22%3A%22tapjoy%22%2C%22app_key%22%3A%22cZd8BQhET7-C-jwQAkYdRgECUH4Bxvtye2FJV9TUG6wQpuhkrRfDuT-xx_ex%22%2C%22placement_id%22%3A%22video%22%2C%22app_id%22%3A%220%22%2C%22open_i_b%22%3A0%2C%22aff_ttl%22%3A1800%7D, __cp_ad_id=aaa, __ad_id=rewarded_video, __sdk_ver=3006, __open_id=819b078573e0b902b3b124d6d86b7b11, __pkg=roy.wan.foreign, __sub_ver=3006.0, __sta_token=315a7616e7264f4585ad8a8309b52ffd}]
11-06 12:02:15.292 15599-15889/? I/<ALY Android>_3200: 开始插入数据：1
11-06 12:02:15.318 15599-15889/? I/<ALY Android>_3200: 完成插入数据：1
11-06 12:02:15.319 15599-15889/? I/<ALY Android>_3200: ====数据插入运行完成===
11-06 12:02:15.381 15599-15889/? I/<ALY Android>_3200: doQueryEventInDBGcd, 当前表中总可发送的数据: 1
11-06 12:02:15.902 15599-15889/? I/<ALY Android>_3200: doQueryEventInDBGcd, 当前表中总可发送的数据: 0
11-06 12:02:46.073 15599-15940/? I/<ALY Android>_3200: logEvent key: _NEW_IL_LOAD, value: [{__gaid=5a862c88-d254-45bc-be40-20af7d04b1b9, __aff_info=%7B%22aff_name%22%3A%22facebook%22%2C%22aff_key%22%3A%22475008772706594_478168072390664%22%2C%22open_i_b%22%3A0%2C%22aff_ttl%22%3A1800%7D, __ad_id=inter_bbb, __sdk_ver=3006, __open_id=819b078573e0b902b3b124d6d86b7b11, __pkg=roy.wan.foreign, __sub_ver=3006.0, __sta_token=315a7616e7264f4585ad8a8309b52ffd}]
11-06 12:02:46.076 15599-15938/? I/<ALY Android>_3200: logEvent key: _NEW_IL_LOAD, value: [{__gaid=5a862c88-d254-45bc-be40-20af7d04b1b9, __aff_info=%7B%22aff_name%22%3A%22chartboost%22%2C%22app_id%22%3A%225abf29a20b104d0bca794a81%22%2C%22location%22%3A%22Interstitial_GameStart%22%2C%22app_sign%22%3A%22f83175c96c9b34b2d11c43aeccf1f593d6d7de44%22%2C%22open_i_b%22%3A0%2C%22aff_ttl%22%3A1800%7D, __ad_id=inter_ddd, __sdk_ver=3006, __open_id=819b078573e0b902b3b124d6d86b7b11, __pkg=roy.wan.foreign, __sub_ver=3006.0, __sta_token=315a7616e7264f4585ad8a8309b52ffd}]
11-06 12:02:46.084 15599-15937/? I/<ALY Android>_3200: logEvent key: _NEW_IL_LOAD, value: [{__gaid=5a862c88-d254-45bc-be40-20af7d04b1b9, __aff_info=%7B%22aff_name%22%3A%22youappi_reward_interstitial%22%2C%22app_id%22%3A%22821cfa77-3127-42b5-9e6b-0afcecf77c67%22%2C%22placement_id%22%3A%22test_interstitial_video_android%22%2C%22open_i_b%22%3A0%2C%22aff_ttl%22%3A1800%7D, __ad_id=inter_ccc, __sdk_ver=3006, __open_id=819b078573e0b902b3b124d6d86b7b11, __pkg=roy.wan.foreign, __sub_ver=3006.0, __sta_token=315a7616e7264f4585ad8a8309b52ffd}]
11-06 12:02:46.086 15599-16336/? I/<ALY Android>_3200: logEvent key: _NEW_RDA_CA_ACTION, value: [{__req_id=7a88b0f83b8e9d343196ff73bf6ec500, __gaid=5a862c88-d254-45bc-be40-20af7d04b1b9, __call_ver=1.0.7, __sdk_ver=3006, __aff_name=ad01, __open_id=819b078573e0b902b3b124d6d86b7b11, __pkg=roy.wan.foreign, __aff_ver=12451000, __sub_ver=3006.0, __sta_token=315a7616e7264f4585ad8a8309b52ffd, __status=0}]
11-06 12:02:46.092 15599-15937/? I/<ALY Android>_3200: logEvent key: _NEW_IL_LOAD, value: [{__gaid=5a862c88-d254-45bc-be40-20af7d04b1b9, __aff_info=%7B%22aff_name%22%3A%22tapjoy%22%2C%22app_key%22%3A%22cZd8BQhET7-C-jwQAkYdRgECUH4Bxvtye2FJV9TUG6wQpuhkrRfDuT-xx_ex%22%2C%22placement_id%22%3A%22inter2%22%2C%22app_id%22%3A%220%22%2C%22open_i_b%22%3A0%2C%22aff_ttl%22%3A1800%7D, __ad_id=inter_ccc, __sdk_ver=3006, __open_id=819b078573e0b902b3b124d6d86b7b11, __pkg=roy.wan.foreign, __sub_ver=3006.0, __sta_token=315a7616e7264f4585ad8a8309b52ffd}]
11-06 12:02:46.100 15599-15941/? I/<ALY Android>_3200: logEvent key: _NEW_IL_LOAD, value: [{__gaid=5a862c88-d254-45bc-be40-20af7d04b1b9, __aff_info=%7B%22aff_name%22%3A%22mobvista%22%2C%22app_id%22%3A%2290146%22%2C%22aff_key%22%3A%2223d44b35a1b60f20f12f92498b00de9d%22%2C%22ad_unit_id%22%3A%2218188%22%2C%22reward_id%22%3A%2213238%22%2C%22open_i_b%22%3A0%2C%22aff_ttl%22%3A1800%7D, __ad_id=inter_aaa, __sdk_ver=3006, __open_id=819b078573e0b902b3b124d6d86b7b11, __pkg=roy.wan.foreign, __sub_ver=3006.0, __sta_token=315a7616e7264f4585ad8a8309b52ffd}]
11-06 12:02:46.107 15599-15940/? I/<ALY Android>_3200: logEvent key: _NEW_IL_LOAD, value: [{__gaid=5a862c88-d254-45bc-be40-20af7d04b1b9, __aff_info=%7B%22aff_name%22%3A%22amazon%22%2C%22app_key%22%3A%22sample-app-v1_pub-2%22%2C%22open_i_b%22%3A0%2C%22aff_ttl%22%3A1800%7D, __ad_id=inter_bbb, __sdk_ver=3006, __open_id=819b078573e0b902b3b124d6d86b7b11, __pkg=roy.wan.foreign, __sub_ver=3006.0, __sta_token=315a7616e7264f4585ad8a8309b52ffd}]
11-06 12:02:46.110 15599-15938/? I/<ALY Android>_3200: logEvent key: _NEW_IL_LOAD, value: [{__gaid=5a862c88-d254-45bc-be40-20af7d04b1b9, __aff_info=%7B%22aff_name%22%3A%22appnext%22%2C%22placement_id%22%3A%22cc6e96d0-1407-4703-a132-a19566cc2fdf%22%2C%22open_i_b%22%3A0%2C%22aff_ttl%22%3A1800%7D, __ad_id=inter_ddd, __sdk_ver=3006, __open_id=819b078573e0b902b3b124d6d86b7b11, __pkg=roy.wan.foreign, __sub_ver=3006.0, __sta_token=315a7616e7264f4585ad8a8309b52ffd}]
11-06 12:02:46.128 15599-15941/? I/<ALY Android>_3200: logEvent key: _NEW_IL_LOAD, value: [{__gaid=5a862c88-d254-45bc-be40-20af7d04b1b9, __aff_info=%7B%22aff_name%22%3A%22unity%22%2C%22aff_key%22%3A%222875056%22%2C%22placement_id%22%3A%22video%22%2C%22open_i_b%22%3A0%2C%22aff_ttl%22%3A1800%7D, __ad_id=inter_aaa, __sdk_ver=3006, __open_id=819b078573e0b902b3b124d6d86b7b11, __pkg=roy.wan.foreign, __sub_ver=3006.0, __sta_token=315a7616e7264f4585ad8a8309b52ffd}]
11-06 12:02:46.129 15599-15889/? I/<ALY Android>_3200: 开始插入数据：8
11-06 12:02:46.157 15599-15941/? I/<ALY Android>_3200: logEvent key: _NEW_IL_LOADOK, value: [{__req_id=48f02ce3098aea644fc2aaea58ae35e6, __gaid=5a862c88-d254-45bc-be40-20af7d04b1b9, __aff_info=%7B%22aff_name%22%3A%22unity%22%2C%22aff_key%22%3A%222875056%22%2C%22placement_id%22%3A%22video%22%2C%22open_i_b%22%3A0%2C%22aff_ttl%22%3A1800%7D, __ad_id=inter_aaa, __sdk_ver=3006, __open_id=819b078573e0b902b3b124d6d86b7b11, __pkg=roy.wan.foreign, __sub_ver=3006.0, __sta_token=315a7616e7264f4585ad8a8309b52ffd}]
11-06 12:02:46.166 15599-15889/? I/<ALY Android>_3200: 完成插入数据：8
11-06 12:02:46.166 15599-15889/? I/<ALY Android>_3200: ====数据插入运行完成===
11-06 12:02:46.166 15599-15889/? I/<ALY Android>_3200: 开始插入数据：2
11-06 12:02:46.172 15599-16236/? I/<ALY Android>_3200: logEvent key: _NEW_IL_CA_ACTION, value: [{__req_id=281582565c66cc7f9ebcbd22aeba8368, __gaid=5a862c88-d254-45bc-be40-20af7d04b1b9, __call_ver=1.0.7, __sdk_ver=3006, __aff_name=ad07, __open_id=819b078573e0b902b3b124d6d86b7b11, __pkg=roy.wan.foreign, __aff_ver=8.0.1, __sub_ver=3006.0, __sta_token=315a7616e7264f4585ad8a8309b52ffd, __status=0}]
11-06 12:02:46.197 15599-15941/? I/<ALY Android>_3200: logEvent key: _NEW_IL_LOAD, value: [{__gaid=5a862c88-d254-45bc-be40-20af7d04b1b9, __aff_info=%7B%22aff_name%22%3A%22dap%22%2C%22app_key%22%3A%7B%22video%22%3A%5B%7B%22pid%22%3A%22159906%22%7D%5D%2C%22native%22%3A%5B%7B%22pid%22%3A%22159905%22%7D%5D%7D%2C%22app_id%22%3A%22d82d47d900ea6d71e30772fd70d642af%22%2C%22placement_id%22%3A%22159905%22%2C%22open_i_b%22%3A0%2C%22aff_ttl%22%3A1800%7D, __ad_id=inter_aaa, __sdk_ver=3006, __open_id=819b078573e0b902b3b124d6d86b7b11, __pkg=roy.wan.foreign, __sub_ver=3006.0, __sta_token=315a7616e7264f4585ad8a8309b52ffd}]
11-06 12:02:46.205 15599-15889/? I/<ALY Android>_3200: 完成插入数据：2
11-06 12:02:46.205 15599-15889/? I/<ALY Android>_3200: ====数据插入运行完成===
11-06 12:02:46.206 15599-15889/? I/<ALY Android>_3200: 开始插入数据：1
11-06 12:02:46.236 15599-15889/? I/<ALY Android>_3200: 完成插入数据：1
11-06 12:02:46.236 15599-15889/? I/<ALY Android>_3200: ====数据插入运行完成===
11-06 12:02:46.238 15599-15889/? I/<ALY Android>_3200: doQueryEventInDBGcd, 当前表中总可发送的数据: 11
11-06 12:02:46.310 15599-15889/? I/<ALY Android>_3200: 开始插入数据：1
11-06 12:02:46.319 15599-16306/? I/<ALY Android>_3200: logEvent key: _NEW_RDA_CA_ACTION, value: [{__req_id=48f02ce3098aea644fc2aaea58ae35e6, __gaid=5a862c88-d254-45bc-be40-20af7d04b1b9, __call_ver=1.0.7, __sdk_ver=3006, __aff_name=ad08, __open_id=819b078573e0b902b3b124d6d86b7b11, __pkg=roy.wan.foreign, __aff_ver=3.0.0, __sub_ver=3006.0, __sta_token=315a7616e7264f4585ad8a8309b52ffd, __status=0}]
11-06 12:02:46.349 15599-15889/? I/<ALY Android>_3200: 完成插入数据：1
11-06 12:02:46.349 15599-15889/? I/<ALY Android>_3200: ====数据插入运行完成===
11-06 12:02:46.351 15599-15889/? I/<ALY Android>_3200: doQueryEventInDBGcd, 当前表中总可发送的数据: 1
11-06 12:02:46.370 15599-15889/? I/<ALY Android>_3200: doQueryEventInDBGcd, 当前表中总可发送的数据: 0
11-06 12:02:46.373 15599-15889/? I/<ALY Android>_3200: 开始插入数据：1
11-06 12:02:46.398 15599-15889/? I/<ALY Android>_3200: 完成插入数据：1
11-06 12:02:46.398 15599-15889/? I/<ALY Android>_3200: ====数据插入运行完成===
11-06 12:02:46.404 15599-15889/? I/<ALY Android>_3200: doQueryEventInDBGcd, 当前表中总可发送的数据: 1
11-06 12:02:46.420 15599-15889/? I/<ALY Android>_3200: doQueryEventInDBGcd, 当前表中总可发送的数据: 0
11-06 12:02:46.471 15599-15599/? I/<ALY Android>_3200: logEvent key: _NEW_RDA_REWARDOK, value: [{__req_id=5f4704a369bf5a4d4aaecc1a6b8b1a44, __gaid=5a862c88-d254-45bc-be40-20af7d04b1b9, __aff_info=%7B%22aff_name%22%3A%22tapjoy%22%2C%22app_key%22%3A%22cZd8BQhET7-C-jwQAkYdRgECUH4Bxvtye2FJV9TUG6wQpuhkrRfDuT-xx_ex%22%2C%22placement_id%22%3A%22video%22%2C%22app_id%22%3A%220%22%2C%22open_i_b%22%3A0%2C%22aff_ttl%22%3A1800%7D, __cp_ad_id=aaa, __ad_id=rewarded_video, __sdk_ver=3006, __open_id=819b078573e0b902b3b124d6d86b7b11, __pkg=roy.wan.foreign, __sub_ver=3006.0, __sta_token=315a7616e7264f4585ad8a8309b52ffd}]
11-06 12:02:46.479 15599-15599/? I/<ALY Android>_3200: logEvent key: _NEW_RDA_CLOSE, value: [{__req_id=5f4704a369bf5a4d4aaecc1a6b8b1a44, __gaid=5a862c88-d254-45bc-be40-20af7d04b1b9, __aff_info=%7B%22aff_name%22%3A%22tapjoy%22%2C%22app_key%22%3A%22cZd8BQhET7-C-jwQAkYdRgECUH4Bxvtye2FJV9TUG6wQpuhkrRfDuT-xx_ex%22%2C%22placement_id%22%3A%22video%22%2C%22app_id%22%3A%220%22%2C%22open_i_b%22%3A0%2C%22aff_ttl%22%3A1800%7D, __cp_ad_id=aaa, __ad_id=rewarded_video, __sdk_ver=3006, __open_id=819b078573e0b902b3b124d6d86b7b11, __pkg=roy.wan.foreign, __sub_ver=3006.0, __sta_token=315a7616e7264f4585ad8a8309b52ffd}]
11-06 12:02:46.523 15599-15889/? I/<ALY Android>_3200: 开始插入数据：2
11-06 12:02:46.548 15599-15889/? I/<ALY Android>_3200: 完成插入数据：2
11-06 12:02:46.548 15599-15889/? I/<ALY Android>_3200: ====数据插入运行完成===
11-06 12:02:46.610 15599-15889/? I/<ALY Android>_3200: doQueryEventInDBGcd, 当前表中总可发送的数据: 2
11-06 12:02:47.935 15599-15599/? I/<ALY Android>_3200: logEvent key: _NEW_IL_LOADOK, value: [{__req_id=63e028aa4b9fef93b0e65deacb906193, __gaid=5a862c88-d254-45bc-be40-20af7d04b1b9, __aff_info=%7B%22aff_name%22%3A%22youappi_reward_interstitial%22%2C%22app_id%22%3A%22821cfa77-3127-42b5-9e6b-0afcecf77c67%22%2C%22placement_id%22%3A%22test_interstitial_video_android%22%2C%22open_i_b%22%3A0%2C%22aff_ttl%22%3A1800%7D, __ad_id=inter_ccc, __sdk_ver=3006, __open_id=819b078573e0b902b3b124d6d86b7b11, __pkg=roy.wan.foreign, __sub_ver=3006.0, __sta_token=315a7616e7264f4585ad8a8309b52ffd}]
11-06 12:02:47.988 15599-15889/? I/<ALY Android>_3200: 开始插入数据：1
11-06 12:02:48.005 15599-15889/? I/<ALY Android>_3200: 完成插入数据：1
11-06 12:02:48.005 15599-15889/? I/<ALY Android>_3200: ====数据插入运行完成===
11-06 12:02:48.022 15599-15889/? I/<ALY Android>_3200: doQueryEventInDBGcd, 当前表中总可发送的数据: 1
11-06 12:02:48.571 15599-15599/? I/<ALY Android>_3200: logEvent key: _NEW_IL_LOADOK, value: [{__req_id=e7a6e54310ba03d8582caaf4a42704a9, __gaid=5a862c88-d254-45bc-be40-20af7d04b1b9, __aff_info=%7B%22aff_name%22%3A%22dap%22%2C%22app_key%22%3A%7B%22video%22%3A%5B%7B%22pid%22%3A%22159906%22%7D%5D%2C%22native%22%3A%5B%7B%22pid%22%3A%22159905%22%7D%5D%7D%2C%22app_id%22%3A%22d82d47d900ea6d71e30772fd70d642af%22%2C%22placement_id%22%3A%22159905%22%2C%22open_i_b%22%3A0%2C%22aff_ttl%22%3A1800%7D, __ad_id=inter_aaa, __sdk_ver=3006, __open_id=819b078573e0b902b3b124d6d86b7b11, __pkg=roy.wan.foreign, __sub_ver=3006.0, __sta_token=315a7616e7264f4585ad8a8309b52ffd}]
11-06 12:02:48.624 15599-15889/? I/<ALY Android>_3200: 开始插入数据：1
11-06 12:02:48.641 15599-15889/? I/<ALY Android>_3200: 完成插入数据：1
11-06 12:02:48.641 15599-15889/? I/<ALY Android>_3200: ====数据插入运行完成===
11-06 12:02:48.642 15599-15889/? I/<ALY Android>_3200: doQueryEventInDBGcd, 当前表中总可发送的数据: 1
11-06 12:02:48.657 15599-15889/? I/<ALY Android>_3200: doQueryEventInDBGcd, 当前表中总可发送的数据: 0
11-06 12:02:49.126 15599-15889/? I/<ALY Android>_3200: doQueryEventInDBGcd, 当前表中总可发送的数据: 0
11-06 12:02:52.403 15599-16271/? I/<ALY Android>_3200: logEvent key: _NEW_IL_LOADOK, value: [{__req_id=7355e65e545279d1c470244ee1b98a09, __gaid=5a862c88-d254-45bc-be40-20af7d04b1b9, __aff_info=%7B%22aff_name%22%3A%22tapjoy%22%2C%22app_key%22%3A%22cZd8BQhET7-C-jwQAkYdRgECUH4Bxvtye2FJV9TUG6wQpuhkrRfDuT-xx_ex%22%2C%22placement_id%22%3A%22inter2%22%2C%22app_id%22%3A%220%22%2C%22open_i_b%22%3A0%2C%22aff_ttl%22%3A1800%7D, __ad_id=inter_ccc, __sdk_ver=3006, __open_id=819b078573e0b902b3b124d6d86b7b11, __pkg=roy.wan.foreign, __sub_ver=3006.0, __sta_token=315a7616e7264f4585ad8a8309b52ffd}]
11-06 12:02:52.460 15599-15889/? I/<ALY Android>_3200: 开始插入数据：1
11-06 12:02:52.475 15599-15889/? I/<ALY Android>_3200: 完成插入数据：1
11-06 12:02:52.475 15599-15889/? I/<ALY Android>_3200: ====数据插入运行完成===
11-06 12:02:52.539 15599-15889/? I/<ALY Android>_3200: doQueryEventInDBGcd, 当前表中总可发送的数据: 1
11-06 12:02:53.022 15599-15889/? I/<ALY Android>_3200: doQueryEventInDBGcd, 当前表中总可发送的数据: 0
11-06 12:02:54.038 15599-16336/? I/<ALY Android>_3200: logEvent key: _NEW_RDA_CA_ACTION, value: [{__req_id=7a88b0f83b8e9d343196ff73bf6ec500, __gaid=5a862c88-d254-45bc-be40-20af7d04b1b9, __call_ver=1.0.7, __sdk_ver=3006, __aff_name=ad01, __open_id=819b078573e0b902b3b124d6d86b7b11, __pkg=roy.wan.foreign, __aff_ver=12451000, __sub_ver=3006.0, __sta_token=315a7616e7264f4585ad8a8309b52ffd, __status=0}]
11-06 12:02:54.042 15599-15940/? I/<ALY Android>_3200: logEvent key: _NEW_RDA_LOAD, value: [{__gaid=5a862c88-d254-45bc-be40-20af7d04b1b9, __aff_info=%7B%22aff_name%22%3A%22dap%22%2C%22app_key%22%3A%7B%22video%22%3A%5B%7B%22pid%22%3A%22159906%22%7D%5D%2C%22native%22%3A%5B%7B%22pid%22%3A%22159905%22%7D%5D%7D%2C%22app_id%22%3A%22d82d47d900ea6d71e30772fd70d642af%22%2C%22placement_id%22%3A%22159906%22%2C%22open_i_b%22%3A0%2C%22aff_ttl%22%3A1800%7D, __ad_id=rewarded_video, __sdk_ver=3006, __open_id=819b078573e0b902b3b124d6d86b7b11, __pkg=roy.wan.foreign, __sub_ver=3006.0, __sta_token=315a7616e7264f4585ad8a8309b52ffd}]
11-06 12:02:54.056 15599-15940/? I/<ALY Android>_3200: logEvent key: _NEW_RDA_LOAD, value: [{__gaid=5a862c88-d254-45bc-be40-20af7d04b1b9, __aff_info=%7B%22aff_name%22%3A%22mobvista%22%2C%22app_id%22%3A%22101423%22%2C%22aff_key%22%3A%22f95e2d8a8acc3c5a8ac4946f4e6edf86%22%2C%22ad_unit_id%22%3A%2234535%22%2C%22reward_id%22%3A%221%22%2C%22open_i_b%22%3A0%2C%22aff_ttl%22%3A1800%7D, __ad_id=rewarded_video, __sdk_ver=3006, __open_id=819b078573e0b902b3b124d6d86b7b11, __pkg=roy.wan.foreign, __sub_ver=3006.0, __sta_token=315a7616e7264f4585ad8a8309b52ffd}]
11-06 12:02:54.058 15599-15599/? I/<ALY Android>_3200: logEvent key: _NEW_RDA_SHOW, value: [{__req_id=599be295bc7bff2cc3fba9936a9c4770, __gaid=5a862c88-d254-45bc-be40-20af7d04b1b9, __aff_info=%7B%22aff_name%22%3A%22chartboost%22%2C%22app_id%22%3A%225abf29a20b104d0bca794a81%22%2C%22location%22%3A%22reward%22%2C%22app_sign%22%3A%22f83175c96c9b34b2d11c43aeccf1f593d6d7de44%22%2C%22open_i_b%22%3A0%2C%22aff_ttl%22%3A1800%7D, __cp_ad_id=aaa, __ad_id=rewarded_video, __aff_ready=chartboost|||unity|||batmobi|||admob|||ironsource|||mobpower|||youappi, __sdk_ver=3006, __open_id=819b078573e0b902b3b124d6d86b7b11, __pkg=roy.wan.foreign, __sub_ver=3006.0, __sta_token=315a7616e7264f4585ad8a8309b52ffd}]
11-06 12:02:54.065 15599-15599/? I/<ALY Android>_3200: logEvent key: _NEW_RDA_SHOW_RES, value: [{__req_id=599be295bc7bff2cc3fba9936a9c4770, __gaid=5a862c88-d254-45bc-be40-20af7d04b1b9, __aff_info=%7B%22aff_name%22%3A%22chartboost%22%2C%22app_id%22%3A%225abf29a20b104d0bca794a81%22%2C%22location%22%3A%22reward%22%2C%22app_sign%22%3A%22f83175c96c9b34b2d11c43aeccf1f593d6d7de44%22%2C%22open_i_b%22%3A0%2C%22aff_ttl%22%3A1800%7D, __sdk_ver=3006, __res_type=4, __open_id=819b078573e0b902b3b124d6d86b7b11, __pkg=roy.wan.foreign, __sub_ver=3006.0, __sta_token=315a7616e7264f4585ad8a8309b52ffd}]
11-06 12:02:54.068 15599-15940/? I/<ALY Android>_3200: logEvent key: _NEW_RDA_LOAD, value: [{__gaid=5a862c88-d254-45bc-be40-20af7d04b1b9, __aff_info=%7B%22aff_name%22%3A%22appnext%22%2C%22placement_id%22%3A%22b05b2e41-c798-4d4a-be66-ae162835065a%22%2C%22open_i_b%22%3A0%2C%22aff_ttl%22%3A1800%7D, __ad_id=rewarded_video, __sdk_ver=3006, __open_id=819b078573e0b902b3b124d6d86b7b11, __pkg=roy.wan.foreign, __sub_ver=3006.0, __sta_token=315a7616e7264f4585ad8a8309b52ffd}]
11-06 12:02:54.094 15599-15940/? I/<ALY Android>_3200: logEvent key: _NEW_RDA_LOAD, value: [{__gaid=5a862c88-d254-45bc-be40-20af7d04b1b9, __aff_info=%7B%22aff_name%22%3A%22adcolony%22%2C%22app_id%22%3A%22app72c7816fa0f2407db4%22%2C%22zone_id%22%3A%22vz6e94afe0a6f643719d%22%2C%22open_i_b%22%3A0%2C%22aff_ttl%22%3A1800%2C%22adcolony_ids%22%3A%22vz6e94afe0a6f643719d%2Cvz33e7556f45514d4e85%22%7D, __ad_id=rewarded_video, __sdk_ver=3006, __open_id=819b078573e0b902b3b124d6d86b7b11, __pkg=roy.wan.foreign, __sub_ver=3006.0, __sta_token=315a7616e7264f4585ad8a8309b52ffd}]
11-06 12:02:54.095 15599-15889/? I/<ALY Android>_3200: 开始插入数据：6
11-06 12:02:54.134 15599-15940/? I/<ALY Android>_3200: logEvent key: _NEW_RDA_LOAD, value: [{__gaid=5a862c88-d254-45bc-be40-20af7d04b1b9, __aff_info=%7B%22aff_name%22%3A%22tapjoy%22%2C%22app_key%22%3A%22cZd8BQhET7-C-jwQAkYdRgECUH4Bxvtye2FJV9TUG6wQpuhkrRfDuT-xx_ex%22%2C%22placement_id%22%3A%22video%22%2C%22app_id%22%3A%220%22%2C%22open_i_b%22%3A0%2C%22aff_ttl%22%3A1800%7D, __ad_id=rewarded_video, __sdk_ver=3006, __open_id=819b078573e0b902b3b124d6d86b7b11, __pkg=roy.wan.foreign, __sub_ver=3006.0, __sta_token=315a7616e7264f4585ad8a8309b52ffd}]
11-06 12:02:54.139 15599-15889/? I/<ALY Android>_3200: 完成插入数据：6
11-06 12:02:54.139 15599-15889/? I/<ALY Android>_3200: ====数据插入运行完成===
11-06 12:02:54.140 15599-15889/? I/<ALY Android>_3200: 开始插入数据：2
11-06 12:02:54.156 15599-15940/? I/<ALY Android>_3200: logEvent key: _NEW_RDA_LOAD, value: [{__gaid=5a862c88-d254-45bc-be40-20af7d04b1b9, __aff_info=%7B%22aff_name%22%3A%22facebook%22%2C%22aff_key%22%3A%22783955231747423_1064291897047087%22%2C%22open_i_b%22%3A0%2C%22aff_ttl%22%3A1800%7D, __ad_id=rewarded_video, __sdk_ver=3006, __open_id=819b078573e0b902b3b124d6d86b7b11, __pkg=roy.wan.foreign, __sub_ver=3006.0, __sta_token=315a7616e7264f4585ad8a8309b52ffd}]
11-06 12:02:54.161 15599-15889/? I/<ALY Android>_3200: 完成插入数据：2
11-06 12:02:54.161 15599-15889/? I/<ALY Android>_3200: ====数据插入运行完成===
11-06 12:02:54.165 15599-15889/? I/<ALY Android>_3200: doQueryEventInDBGcd, 当前表中总可发送的数据: 8
11-06 12:02:54.225 15599-15889/? I/<ALY Android>_3200: 开始插入数据：1
11-06 12:02:54.259 15599-15889/? I/<ALY Android>_3200: 完成插入数据：1
11-06 12:02:54.260 15599-15889/? I/<ALY Android>_3200: ====数据插入运行完成===
11-06 12:02:54.277 15599-15599/? I/<ALY Android>_3200: logEvent key: _NEW_IL_LOADOK, value: [{__req_id=c64b33b4db9f6c4e03f2fd20d768a505, __gaid=5a862c88-d254-45bc-be40-20af7d04b1b9, __aff_info=%7B%22aff_name%22%3A%22chartboost%22%2C%22app_id%22%3A%225abf29a20b104d0bca794a81%22%2C%22location%22%3A%22Interstitial_GameStart%22%2C%22app_sign%22%3A%22f83175c96c9b34b2d11c43aeccf1f593d6d7de44%22%2C%22open_i_b%22%3A0%2C%22aff_ttl%22%3A1800%7D, __ad_id=inter_ddd, __sdk_ver=3006, __open_id=819b078573e0b902b3b124d6d86b7b11, __pkg=roy.wan.foreign, __sub_ver=3006.0, __sta_token=315a7616e7264f4585ad8a8309b52ffd}]
11-06 12:02:54.330 15599-15889/? I/<ALY Android>_3200: doQueryEventInDBGcd, 当前表中总可发送的数据: 1
11-06 12:02:54.358 15599-15889/? I/<ALY Android>_3200: 开始插入数据：1
11-06 12:02:54.375 15599-15889/? I/<ALY Android>_3200: 完成插入数据：1
11-06 12:02:54.375 15599-15889/? I/<ALY Android>_3200: ====数据插入运行完成===
11-06 12:02:54.437 15599-15889/? I/<ALY Android>_3200: doQueryEventInDBGcd, 当前表中总可发送的数据: 1
11-06 12:02:55.215 15599-15889/? I/<ALY Android>_3200: doQueryEventInDBGcd, 当前表中总可发送的数据: 0
11-06 12:03:29.254 15599-16271/? I/<ALY Android>_3200: logEvent key: _NEW_RDA_LOADOK, value: [{__req_id=6614548c8e7e2c57d04d4f789c374fd4, __gaid=5a862c88-d254-45bc-be40-20af7d04b1b9, __aff_info=%7B%22aff_name%22%3A%22tapjoy%22%2C%22app_key%22%3A%22cZd8BQhET7-C-jwQAkYdRgECUH4Bxvtye2FJV9TUG6wQpuhkrRfDuT-xx_ex%22%2C%22placement_id%22%3A%22video%22%2C%22app_id%22%3A%220%22%2C%22open_i_b%22%3A0%2C%22aff_ttl%22%3A1800%7D, __load_time=35114, __ad_id=rewarded_video, __sdk_ver=3006, __open_id=819b078573e0b902b3b124d6d86b7b11, __pkg=roy.wan.foreign, __sub_ver=3006.0, __sta_token=315a7616e7264f4585ad8a8309b52ffd}]
11-06 12:03:29.307 15599-15889/? I/<ALY Android>_3200: 开始插入数据：1
11-06 12:03:29.329 15599-15889/? I/<ALY Android>_3200: 完成插入数据：1
11-06 12:03:29.329 15599-15889/? I/<ALY Android>_3200: ====数据插入运行完成===
11-06 12:03:29.391 15599-15889/? I/<ALY Android>_3200: doQueryEventInDBGcd, 当前表中总可发送的数据: 1
11-06 12:03:30.625 15599-15889/? I/<ALY Android>_3200: doQueryEventInDBGcd, 当前表中总可发送的数据: 0
