11-06 11:57:34.172 15599-15937/? D/AdsSdk_3006.0: inter_bbb: AffInfo is: {"aff_name":"inmobi","aff_key":"0","placement_id":"1520620119259","account_id":"0275a1acb055469f998f00270256929a","open_i_b":0,"aff_ttl":1800}
11-06 11:57:34.173 15599-15937/? D/AdsSdk_3006.0: Inmobi ads jars has be not improved, check please
11-06 11:57:34.173 15599-15937/? W/AdsSdk_3006.0: LoadManager AdapterFactory return null with: inmobi
11-06 11:57:34.174 15599-15937/? D/AdsSdk_3006.0: inter_bbb: AffInfo is: {"aff_name":"youappi","app_id":"821cfa77-3127-42b5-9e6b-0afcecf77c67","placement_id":"test_interstitial_ad_android","open_i_b":0,"aff_ttl":1800}
11-06 11:57:34.175 15599-15937/? D/AdsSdk_3006.0: LoadManager youappi_test_interstitial_ad_android: load开始
11-06 11:57:34.182 15599-15937/? I/<ALY Android>_3200: logEvent key: _NEW_IL_LOAD, value: [{__gaid=5a862c88-d254-45bc-be40-20af7d04b1b9, __aff_info=%7B%22aff_name%22%3A%22youappi%22%2C%22app_id%22%3A%22821cfa77-3127-42b5-9e6b-0afcecf77c67%22%2C%22placement_id%22%3A%22test_interstitial_ad_android%22%2C%22open_i_b%22%3A0%2C%22aff_ttl%22%3A1800%7D, __ad_id=inter_bbb, __sdk_ver=3006, __open_id=819b078573e0b902b3b124d6d86b7b11, __pkg=roy.wan.foreign, __sub_ver=3006.0, __sta_token=315a7616e7264f4585ad8a8309b52ffd}]
11-06 11:57:34.185 15599-15937/? D/AdsSdk_3006.0: inter_bbb: AffInfo is: {"aff_name":"amazon","app_key":"sample-app-v1_pub-2","open_i_b":0,"aff_ttl":1800}
11-06 11:57:34.187 15599-15937/? D/AdsSdk_3006.0: LoadManager amazon: load开始
11-06 11:57:34.197 15599-15937/? I/<ALY Android>_3200: logEvent key: _NEW_IL_LOAD, value: [{__gaid=5a862c88-d254-45bc-be40-20af7d04b1b9, __aff_info=%7B%22aff_name%22%3A%22amazon%22%2C%22app_key%22%3A%22sample-app-v1_pub-2%22%2C%22open_i_b%22%3A0%2C%22aff_ttl%22%3A1800%7D, __ad_id=inter_bbb, __sdk_ver=3006, __open_id=819b078573e0b902b3b124d6d86b7b11, __pkg=roy.wan.foreign, __sub_ver=3006.0, __sta_token=315a7616e7264f4585ad8a8309b52ffd}]
11-06 11:57:34.221 15599-15938/? D/AdsSdk_3006.0: inter_ddd: AffInfo is: {"aff_name":"adcolony","app_id":"app6b5beb4c1e094811b4","zone_id":"vz33e7556f45514d4e85","open_i_b":0,"aff_ttl":1800,"adcolony_ids":"vz6e94afe0a6f643719d,vz33e7556f45514d4e85"}
11-06 11:57:34.223 15599-15938/? D/AdsSdk_3006.0: LoadManager adcolony_vz33e7556f45514d4e85: load开始
11-06 11:57:34.240 15599-15938/? I/<ALY Android>_3200: logEvent key: _NEW_IL_LOAD, value: [{__gaid=5a862c88-d254-45bc-be40-20af7d04b1b9, __aff_info=%7B%22aff_name%22%3A%22adcolony%22%2C%22app_id%22%3A%22app6b5beb4c1e094811b4%22%2C%22zone_id%22%3A%22vz33e7556f45514d4e85%22%2C%22open_i_b%22%3A0%2C%22aff_ttl%22%3A1800%2C%22adcolony_ids%22%3A%22vz6e94afe0a6f643719d%2Cvz33e7556f45514d4e85%22%7D, __ad_id=inter_ddd, __sdk_ver=3006, __open_id=819b078573e0b902b3b124d6d86b7b11, __pkg=roy.wan.foreign, __sub_ver=3006.0, __sta_token=315a7616e7264f4585ad8a8309b52ffd}]
11-06 11:57:34.361 15599-15872/? W/AdsSdk_3006.0: checkOnlineConfig 返回失败，原因：null
11-06 11:57:34.419 15599-15940/? D/AdsSdk_3006.0: inter_aaa: AffInfo is: {"aff_name":"ironsource","app_key":"6646564d","open_i_b":0,"aff_ttl":1800,"placement_id":"0"}
11-06 11:57:34.432 15599-15940/? D/AdsSdk_3006.0: LoadManager ironsource_i_0: load开始
11-06 11:57:34.463 15599-15940/? I/<ALY Android>_3200: logEvent key: _NEW_IL_LOAD, value: [{__gaid=5a862c88-d254-45bc-be40-20af7d04b1b9, __aff_info=%7B%22aff_name%22%3A%22ironsource%22%2C%22app_key%22%3A%226646564d%22%2C%22open_i_b%22%3A0%2C%22aff_ttl%22%3A1800%2C%22placement_id%22%3A%220%22%7D, __ad_id=inter_aaa, __sdk_ver=3006, __open_id=819b078573e0b902b3b124d6d86b7b11, __pkg=roy.wan.foreign, __sub_ver=3006.0, __sta_token=315a7616e7264f4585ad8a8309b52ffd}]
11-06 11:57:34.567 15599-15941/? D/AdsSdk_3006.0: rewarded_video: AffInfo is: {"aff_name":"dap","app_key":{"video":[{"pid":"159906"}],"native":[{"pid":"159905"}]},"app_id":"d82d47d900ea6d71e30772fd70d642af","placement_id":"159906","open_i_b":0,"aff_ttl":1800}
11-06 11:57:34.569 15599-15941/? D/AdsSdk_3006.0: LoadManager dap_reward_video: load开始
11-06 11:57:34.590 15599-15941/? I/<ALY Android>_3200: logEvent key: _NEW_RDA_LOAD, value: [{__gaid=5a862c88-d254-45bc-be40-20af7d04b1b9, __aff_info=%7B%22aff_name%22%3A%22dap%22%2C%22app_key%22%3A%7B%22video%22%3A%5B%7B%22pid%22%3A%22159906%22%7D%5D%2C%22native%22%3A%5B%7B%22pid%22%3A%22159905%22%7D%5D%7D%2C%22app_id%22%3A%22d82d47d900ea6d71e30772fd70d642af%22%2C%22placement_id%22%3A%22159906%22%2C%22open_i_b%22%3A0%2C%22aff_ttl%22%3A1800%7D, __ad_id=rewarded_video, __sdk_ver=3006, __open_id=819b078573e0b902b3b124d6d86b7b11, __pkg=roy.wan.foreign, __sub_ver=3006.0, __sta_token=315a7616e7264f4585ad8a8309b52ffd}]
11-06 11:57:34.597 15599-15941/? D/AdsSdk_3006.0: rewarded_video: AffInfo is: {"aff_name":"maio","media_id":"DemoPublisherMediaForAndroid","zone_id":"DemoPublisherZoneForAndroid","open_i_b":0,"aff_ttl":1800}
11-06 11:57:34.597 15599-15941/? D/AdsSdk_3006.0: Maio ads jars has be not improved, check please
11-06 11:57:34.597 15599-15941/? W/AdsSdk_3006.0: LoadManager AdapterFactory return null with: maio
11-06 11:57:34.599 15599-15941/? D/AdsSdk_3006.0: rewarded_video: AffInfo is: {"aff_name":"nend","api_key":"2e43c36d36da5bc249338c7436d582a8f7faafa2","spot_id":"845033","open_i_b":0,"aff_ttl":1800}
11-06 11:57:34.600 15599-15941/? D/AdsSdk_3006.0: Nend ads jars has be not improved, check please
11-06 11:57:34.600 15599-15941/? W/AdsSdk_3006.0: LoadManager AdapterFactory return null with: nend
11-06 11:57:34.601 15599-15941/? D/AdsSdk_3006.0: rewarded_video: AffInfo is: {"aff_name":"mobvista","app_id":"101423","aff_key":"f95e2d8a8acc3c5a8ac4946f4e6edf86","ad_unit_id":"34535","reward_id":"1","open_i_b":0,"aff_ttl":1800}
11-06 11:57:34.603 15599-15941/? D/AdsSdk_3006.0: LoadManager mobvista_34535: load开始
11-06 11:57:34.614 15599-15941/? I/<ALY Android>_3200: logEvent key: _NEW_RDA_LOAD, value: [{__gaid=5a862c88-d254-45bc-be40-20af7d04b1b9, __aff_info=%7B%22aff_name%22%3A%22mobvista%22%2C%22app_id%22%3A%22101423%22%2C%22aff_key%22%3A%22f95e2d8a8acc3c5a8ac4946f4e6edf86%22%2C%22ad_unit_id%22%3A%2234535%22%2C%22reward_id%22%3A%221%22%2C%22open_i_b%22%3A0%2C%22aff_ttl%22%3A1800%7D, __ad_id=rewarded_video, __sdk_ver=3006, __open_id=819b078573e0b902b3b124d6d86b7b11, __pkg=roy.wan.foreign, __sub_ver=3006.0, __sta_token=315a7616e7264f4585ad8a8309b52ffd}]
11-06 11:57:34.627 15599-15941/? D/AdsSdk_3006.0: rewarded_video: AffInfo is: {"aff_name":"unity","aff_key":"2875056","placement_id":"rewardedVideo","open_i_b":0,"aff_ttl":1800}
11-06 11:57:34.639 15599-15941/? D/AdsSdk_3006.0: LoadManager unity_rewardedVideo: load开始
11-06 11:57:34.647 15599-15941/? I/<ALY Android>_3200: logEvent key: _NEW_RDA_LOAD, value: [{__gaid=5a862c88-d254-45bc-be40-20af7d04b1b9, __aff_info=%7B%22aff_name%22%3A%22unity%22%2C%22aff_key%22%3A%222875056%22%2C%22placement_id%22%3A%22rewardedVideo%22%2C%22open_i_b%22%3A0%2C%22aff_ttl%22%3A1800%7D, __ad_id=rewarded_video, __sdk_ver=3006, __open_id=819b078573e0b902b3b124d6d86b7b11, __pkg=roy.wan.foreign, __sub_ver=3006.0, __sta_token=315a7616e7264f4585ad8a8309b52ffd}]
11-06 11:57:34.771 15599-15941/? D/AdsSdk_3006.0: rewarded_video: AffInfo is: {"aff_name":"appnext","placement_id":"b05b2e41-c798-4d4a-be66-ae162835065a","open_i_b":0,"aff_ttl":1800}
11-06 11:57:34.772 15599-15941/? D/AdsSdk_3006.0: LoadManager appnext_b05b2e41-c798-4d4a-be66-ae162835065a: load开始
11-06 11:57:34.780 15599-15941/? I/<ALY Android>_3200: logEvent key: _NEW_RDA_LOAD, value: [{__gaid=5a862c88-d254-45bc-be40-20af7d04b1b9, __aff_info=%7B%22aff_name%22%3A%22appnext%22%2C%22placement_id%22%3A%22b05b2e41-c798-4d4a-be66-ae162835065a%22%2C%22open_i_b%22%3A0%2C%22aff_ttl%22%3A1800%7D, __ad_id=rewarded_video, __sdk_ver=3006, __open_id=819b078573e0b902b3b124d6d86b7b11, __pkg=roy.wan.foreign, __sub_ver=3006.0, __sta_token=315a7616e7264f4585ad8a8309b52ffd}]
11-06 11:57:34.894 15599-15940/? D/AdsSdk_3006.0: inter_aaa: AffInfo is: {"aff_name":"mobvista","app_id":"90146","aff_key":"23d44b35a1b60f20f12f92498b00de9d","ad_unit_id":"18188","reward_id":"13238","open_i_b":0,"aff_ttl":1800}
11-06 11:57:34.894 15599-15940/? D/AdsSdk_3006.0: LoadManager mobvista_18188: load开始
11-06 11:57:34.902 15599-15940/? I/<ALY Android>_3200: logEvent key: _NEW_IL_LOAD, value: [{__gaid=5a862c88-d254-45bc-be40-20af7d04b1b9, __aff_info=%7B%22aff_name%22%3A%22mobvista%22%2C%22app_id%22%3A%2290146%22%2C%22aff_key%22%3A%2223d44b35a1b60f20f12f92498b00de9d%22%2C%22ad_unit_id%22%3A%2218188%22%2C%22reward_id%22%3A%2213238%22%2C%22open_i_b%22%3A0%2C%22aff_ttl%22%3A1800%7D, __ad_id=inter_aaa, __sdk_ver=3006, __open_id=819b078573e0b902b3b124d6d86b7b11, __pkg=roy.wan.foreign, __sub_ver=3006.0, __sta_token=315a7616e7264f4585ad8a8309b52ffd}]
11-06 11:57:34.904 15599-15941/? D/AdsSdk_3006.0: rewarded_video: AffInfo is: {"aff_name":"adcolony","app_id":"app72c7816fa0f2407db4","zone_id":"vz6e94afe0a6f643719d","open_i_b":0,"aff_ttl":1800,"adcolony_ids":"vz6e94afe0a6f643719d,vz33e7556f45514d4e85"}
11-06 11:57:34.904 15599-15940/? D/AdsSdk_3006.0: inter_aaa: AffInfo is: {"aff_name":"unity","aff_key":"2875056","placement_id":"video","open_i_b":0,"aff_ttl":1800}
11-06 11:57:34.904 15599-15941/? D/AdsSdk_3006.0: LoadManager adcolony_vz6e94afe0a6f643719d: load开始
11-06 11:57:34.904 15599-15940/? D/AdsSdk_3006.0: LoadManager unity_video: load开始
11-06 11:57:34.910 15599-15940/? I/<ALY Android>_3200: logEvent key: _NEW_IL_LOAD, value: [{__gaid=5a862c88-d254-45bc-be40-20af7d04b1b9, __aff_info=%7B%22aff_name%22%3A%22unity%22%2C%22aff_key%22%3A%222875056%22%2C%22placement_id%22%3A%22video%22%2C%22open_i_b%22%3A0%2C%22aff_ttl%22%3A1800%7D, __ad_id=inter_aaa, __sdk_ver=3006, __open_id=819b078573e0b902b3b124d6d86b7b11, __pkg=roy.wan.foreign, __sub_ver=3006.0, __sta_token=315a7616e7264f4585ad8a8309b52ffd}]
11-06 11:57:34.922 15599-15940/? D/AdsSdk_3006.0: inter_aaa: AffInfo is: {"aff_name":"vungle","app_id":"58c23edde5ffdf116e0000b4","placement_id":"INTERST54803","open_i_b":0,"aff_ttl":1800,"vungle_ids":"INTERST54803"}
11-06 11:57:34.928 15599-15940/? D/AdsSdk_3006.0: LoadManager vungle_INTERST54803: load开始
11-06 11:57:34.937 15599-15941/? I/<ALY Android>_3200: logEvent key: _NEW_RDA_LOAD, value: [{__gaid=5a862c88-d254-45bc-be40-20af7d04b1b9, __aff_info=%7B%22aff_name%22%3A%22adcolony%22%2C%22app_id%22%3A%22app72c7816fa0f2407db4%22%2C%22zone_id%22%3A%22vz6e94afe0a6f643719d%22%2C%22open_i_b%22%3A0%2C%22aff_ttl%22%3A1800%2C%22adcolony_ids%22%3A%22vz6e94afe0a6f643719d%2Cvz33e7556f45514d4e85%22%7D, __ad_id=rewarded_video, __sdk_ver=3006, __open_id=819b078573e0b902b3b124d6d86b7b11, __pkg=roy.wan.foreign, __sub_ver=3006.0, __sta_token=315a7616e7264f4585ad8a8309b52ffd}]
11-06 11:57:34.947 15599-15941/? D/AdsSdk_3006.0: rewarded_video: AffInfo is: {"aff_name":"chartboost","app_id":"5abf29a20b104d0bca794a81","location":"reward","app_sign":"f83175c96c9b34b2d11c43aeccf1f593d6d7de44","open_i_b":0,"aff_ttl":1800}
11-06 11:57:34.947 15599-15940/? I/<ALY Android>_3200: logEvent key: _NEW_IL_LOAD, value: [{__gaid=5a862c88-d254-45bc-be40-20af7d04b1b9, __aff_info=%7B%22aff_name%22%3A%22vungle%22%2C%22app_id%22%3A%2258c23edde5ffdf116e0000b4%22%2C%22placement_id%22%3A%22INTERST54803%22%2C%22open_i_b%22%3A0%2C%22aff_ttl%22%3A1800%2C%22vungle_ids%22%3A%22INTERST54803%22%7D, __ad_id=inter_aaa, __sdk_ver=3006, __open_id=819b078573e0b902b3b124d6d86b7b11, __pkg=roy.wan.foreign, __sub_ver=3006.0, __sta_token=315a7616e7264f4585ad8a8309b52ffd}]
11-06 11:57:34.950 15599-15941/? D/AdsSdk_3006.0: LoadManager chartboost_reward: load开始
11-06 11:57:34.954 15599-15941/? I/<ALY Android>_3200: logEvent key: _NEW_RDA_LOAD, value: [{__gaid=5a862c88-d254-45bc-be40-20af7d04b1b9, __aff_info=%7B%22aff_name%22%3A%22chartboost%22%2C%22app_id%22%3A%225abf29a20b104d0bca794a81%22%2C%22location%22%3A%22reward%22%2C%22app_sign%22%3A%22f83175c96c9b34b2d11c43aeccf1f593d6d7de44%22%2C%22open_i_b%22%3A0%2C%22aff_ttl%22%3A1800%7D, __ad_id=rewarded_video, __sdk_ver=3006, __open_id=819b078573e0b902b3b124d6d86b7b11, __pkg=roy.wan.foreign, __sub_ver=3006.0, __sta_token=315a7616e7264f4585ad8a8309b52ffd}]
11-06 11:57:34.961 15599-15941/? D/AdsSdk_3006.0: rewarded_video: AffInfo is: {"aff_name":"ironsource","app_key":"695cf13d","open_i_b":0,"aff_ttl":1800,"placement_id":"0"}
11-06 11:57:34.962 15599-15941/? D/AdsSdk_3006.0: LoadManager ironsource_0: load开始
11-06 11:57:34.966 15599-15941/? I/<ALY Android>_3200: logEvent key: _NEW_RDA_LOAD, value: [{__gaid=5a862c88-d254-45bc-be40-20af7d04b1b9, __aff_info=%7B%22aff_name%22%3A%22ironsource%22%2C%22app_key%22%3A%22695cf13d%22%2C%22open_i_b%22%3A0%2C%22aff_ttl%22%3A1800%2C%22placement_id%22%3A%220%22%7D, __ad_id=rewarded_video, __sdk_ver=3006, __open_id=819b078573e0b902b3b124d6d86b7b11, __pkg=roy.wan.foreign, __sub_ver=3006.0, __sta_token=315a7616e7264f4585ad8a8309b52ffd}]
11-06 11:57:34.978 15599-15941/? D/AdsSdk_3006.0: rewarded_video: AffInfo is: {"aff_name":"oneway","publisher_id":"eqv30rapcjp0kq1p","placement_id":"2","open_i_b":0,"aff_ttl":1800}
11-06 11:57:34.979 15599-15941/? D/AdsSdk_3006.0: Oneway ads jars has be not improved, check please
11-06 11:57:34.979 15599-15941/? W/AdsSdk_3006.0: LoadManager AdapterFactory return null with: oneway
11-06 11:57:34.980 15599-15941/? D/AdsSdk_3006.0: rewarded_video: AffInfo is: {"aff_name":"vk","aff_key":"38837","placement_id":"0","open_i_b":0,"aff_ttl":1800}
11-06 11:57:34.981 15599-15941/? D/AdsSdk_3006.0: VK ads jars has be not improved, check please
11-06 11:57:34.981 15599-15941/? W/AdsSdk_3006.0: LoadManager AdapterFactory return null with: vk
11-06 11:57:34.988 15599-15941/? D/AdsSdk_3006.0: rewarded_video: AffInfo is: {"aff_name":"chance","publisher_id":"807361184-E067F2-6959-A364-059351CF8","placement_id":"807361184ozgbhf","open_i_b":0,"aff_ttl":1800}
11-06 11:57:34.988 15599-15941/? W/AdsSdk_3006.0: LoadManager AdapterFactory return null with: chance
11-06 11:57:34.990 15599-15941/? D/AdsSdk_3006.0: rewarded_video: AffInfo is: {"aff_name":"tapjoy","app_key":"cZd8BQhET7-C-jwQAkYdRgECUH4Bxvtye2FJV9TUG6wQpuhkrRfDuT-xx_ex","placement_id":"video","app_id":"0","open_i_b":0,"aff_ttl":1800}
11-06 11:57:34.991 15599-15941/? D/AdsSdk_3006.0: LoadManager tapjoy_video: load开始
11-06 11:57:34.994 15599-15941/? I/<ALY Android>_3200: logEvent key: _NEW_RDA_LOAD, value: [{__gaid=5a862c88-d254-45bc-be40-20af7d04b1b9, __aff_info=%7B%22aff_name%22%3A%22tapjoy%22%2C%22app_key%22%3A%22cZd8BQhET7-C-jwQAkYdRgECUH4Bxvtye2FJV9TUG6wQpuhkrRfDuT-xx_ex%22%2C%22placement_id%22%3A%22video%22%2C%22app_id%22%3A%220%22%2C%22open_i_b%22%3A0%2C%22aff_ttl%22%3A1800%7D, __ad_id=rewarded_video, __sdk_ver=3006, __open_id=819b078573e0b902b3b124d6d86b7b11, __pkg=roy.wan.foreign, __sub_ver=3006.0, __sta_token=315a7616e7264f4585ad8a8309b52ffd}]
11-06 11:57:35.315 15599-15938/? D/AdsSdk_3006.0: inter_ddd: AffInfo is: {"aff_name":"appnext","placement_id":"cc6e96d0-1407-4703-a132-a19566cc2fdf","open_i_b":0,"aff_ttl":1800}
11-06 11:57:35.315 15599-15938/? D/AdsSdk_3006.0: LoadManager appnext_cc6e96d0-1407-4703-a132-a19566cc2fdf: load开始
11-06 11:57:35.320 15599-15938/? I/<ALY Android>_3200: logEvent key: _NEW_IL_LOAD, value: [{__gaid=5a862c88-d254-45bc-be40-20af7d04b1b9, __aff_info=%7B%22aff_name%22%3A%22appnext%22%2C%22placement_id%22%3A%22cc6e96d0-1407-4703-a132-a19566cc2fdf%22%2C%22open_i_b%22%3A0%2C%22aff_ttl%22%3A1800%7D, __ad_id=inter_ddd, __sdk_ver=3006, __open_id=819b078573e0b902b3b124d6d86b7b11, __pkg=roy.wan.foreign, __sub_ver=3006.0, __sta_token=315a7616e7264f4585ad8a8309b52ffd}]
11-06 11:57:35.347 15599-15938/? D/AdsSdk_3006.0: inter_ddd: AffInfo is: {"aff_name":"maio","media_id":"m70b03b602d11c30d84a9026c773f49ed","zone_id":"z8eb253dc4786bd2bc1fa8cef1397d3c4","open_i_b":0,"aff_ttl":1800}
11-06 11:57:35.348 15599-15938/? D/AdsSdk_3006.0: Maio ads jars has be not improved, check please
11-06 11:57:35.348 15599-15938/? W/AdsSdk_3006.0: LoadManager AdapterFactory return null with: maio
11-06 11:57:35.349 15599-15938/? D/AdsSdk_3006.0: inter_ddd: AffInfo is: {"aff_name":"oneway","publisher_id":"ugxu0e3ndj4densm","placement_id":"1","open_i_b":0,"aff_ttl":1800}
11-06 11:57:35.351 15599-15938/? D/AdsSdk_3006.0: Oneway ads jars has be not improved, check please
11-06 11:57:35.351 15599-15938/? W/AdsSdk_3006.0: LoadManager AdapterFactory return null with: oneway
11-06 11:57:35.352 15599-15938/? D/AdsSdk_3006.0: inter_ddd: AffInfo is: {"aff_name":"toutiao","app_id":"5001121","slot_id":"901121417","open_i_b":0,"aff_ttl":1800}
11-06 11:57:35.353 15599-15938/? D/AdsSdk_3006.0: Toutiao jars has be not improved, check please
11-06 11:57:35.353 15599-15938/? W/AdsSdk_3006.0: LoadManager AdapterFactory return null with: toutiao
11-06 11:57:35.353 15599-15938/? I/AdsSdk_3006.0: inter_ccc: 开始请求联盟广告，位于加载队列中的联盟数: 7
11-06 11:57:35.356 15599-15938/? D/AdsSdk_3006.0: inter_ccc: AffInfo is: {"aff_name":"admob_reward_interstitial","ad_unit_id":"ca-app-pub-9986066456792135\/7291450607","open_i_b":0,"aff_ttl":1800}
11-06 11:57:35.356 15599-15938/? D/AdsSdk_3006.0: Adapter: REWARDVIDEO admob_reward_video isValid: false
11-06 11:57:35.356 15599-15938/? W/AdsSdk_3006.0: LoadManager admob_reward_video: 此联盟在loading队列中, return
11-06 11:57:35.357 15599-15938/? D/AdsSdk_3006.0: inter_ccc: AffInfo is: {"aff_name":"fb_reward_interstitial","aff_key":"783955231747423_1064291897047087","open_i_b":0,"aff_ttl":1800}
11-06 11:57:35.365 15599-15938/? D/AdsSdk_3006.0: LoadManager facebook_rd_783955231747423_1064291897047087: load开始
11-06 11:57:35.370 15599-15869/? D/AdsSdk_3006.0: 重试检查版本API，重试次数：1
11-06 11:57:35.370 15599-15869/? D/AdsSdk_3006.0: checkOnlineConfig 网络已经连接，是否正在运行：false
11-06 11:57:35.370 15599-15869/? D/AdsSdk_3006.0: checkOnlineConfig 是否存在延时运行的任务：false
11-06 11:57:35.391 15599-15938/? I/<ALY Android>_3200: logEvent key: _NEW_IL_LOAD, value: [{__gaid=5a862c88-d254-45bc-be40-20af7d04b1b9, __aff_info=%7B%22aff_name%22%3A%22fb_reward_interstitial%22%2C%22aff_key%22%3A%22783955231747423_1064291897047087%22%2C%22open_i_b%22%3A0%2C%22aff_ttl%22%3A1800%7D, __ad_id=inter_ccc, __sdk_ver=3006, __open_id=819b078573e0b902b3b124d6d86b7b11, __pkg=roy.wan.foreign, __sub_ver=3006.0, __sta_token=315a7616e7264f4585ad8a8309b52ffd}]
11-06 11:57:35.400 15599-15938/? I/AdsSdk_3006.0: FacebookRewardAdapter mAppId is 783955231747423 mAffKey is 783955231747423_1064291897047087
11-06 11:57:35.413 15599-15871/? I/AdsSdk_3006.0: FacebookRewardAdapter bid start ... 783955231747423_1064291897047087
11-06 11:57:35.415 15599-15938/? D/AdsSdk_3006.0: inter_ccc: AffInfo is: {"aff_name":"ironsource_reward_interstitial","app_key":"6646564d","open_i_b":0,"aff_ttl":1800,"placement_id":"0"}
11-06 11:57:35.415 15599-15938/? D/AdsSdk_3006.0: Adapter: REWARDVIDEO ironsource_0 isValid: false
11-06 11:57:35.415 15599-15938/? W/AdsSdk_3006.0: LoadManager ironsource_0: 此联盟在loading队列中, return
11-06 11:57:35.415 15599-15938/? D/AdsSdk_3006.0: inter_ccc: AffInfo is: {"aff_name":"youappi_reward_interstitial","app_id":"821cfa77-3127-42b5-9e6b-0afcecf77c67","placement_id":"test_interstitial_video_android","open_i_b":0,"aff_ttl":1800}
11-06 11:57:35.417 15599-15938/? D/AdsSdk_3006.0: LoadManager youappi_reward_interstitial_test_interstitial_video_android: load开始
11-06 11:57:35.445 15599-15938/? I/<ALY Android>_3200: logEvent key: _NEW_IL_LOAD, value: [{__gaid=5a862c88-d254-45bc-be40-20af7d04b1b9, __aff_info=%7B%22aff_name%22%3A%22youappi_reward_interstitial%22%2C%22app_id%22%3A%22821cfa77-3127-42b5-9e6b-0afcecf77c67%22%2C%22placement_id%22%3A%22test_interstitial_video_android%22%2C%22open_i_b%22%3A0%2C%22aff_ttl%22%3A1800%7D, __ad_id=inter_ccc, __sdk_ver=3006, __open_id=819b078573e0b902b3b124d6d86b7b11, __pkg=roy.wan.foreign, __sub_ver=3006.0, __sta_token=315a7616e7264f4585ad8a8309b52ffd}]
11-06 11:57:35.464 15599-15938/? D/AdsSdk_3006.0: inter_ccc: AffInfo is: {"aff_name":"tapjoy","app_key":"cZd8BQhET7-C-jwQAkYdRgECUH4Bxvtye2FJV9TUG6wQpuhkrRfDuT-xx_ex","placement_id":"inter2","app_id":"0","open_i_b":0,"aff_ttl":1800}
11-06 11:57:35.465 15599-15938/? D/AdsSdk_3006.0: LoadManager tapjoy_inter2: load开始
11-06 11:57:35.480 15599-15938/? I/<ALY Android>_3200: logEvent key: _NEW_IL_LOAD, value: [{__gaid=5a862c88-d254-45bc-be40-20af7d04b1b9, __aff_info=%7B%22aff_name%22%3A%22tapjoy%22%2C%22app_key%22%3A%22cZd8BQhET7-C-jwQAkYdRgECUH4Bxvtye2FJV9TUG6wQpuhkrRfDuT-xx_ex%22%2C%22placement_id%22%3A%22inter2%22%2C%22app_id%22%3A%220%22%2C%22open_i_b%22%3A0%2C%22aff_ttl%22%3A1800%7D, __ad_id=inter_ccc, __sdk_ver=3006, __open_id=819b078573e0b902b3b124d6d86b7b11, __pkg=roy.wan.foreign, __sub_ver=3006.0, __sta_token=315a7616e7264f4585ad8a8309b52ffd}]
11-06 11:57:36.345 15599-15941/? D/AdsSdk_3006.0: rewarded_video: AffInfo is: {"aff_name":"youappi","app_id":"f647b6ce-8dec-4d24-a12d-9915f5472e4c","placement_id":"test_rewarded_video_android","open_i_b":0,"aff_ttl":1800}
11-06 11:57:36.345 15599-15938/? D/AdsSdk_3006.0: inter_ccc: AffInfo is: {"aff_name":"applovin","placement_id":"0","sdk_key":"BLZ3nWD4mwe_7TFhC7kqaUqZMz32l9nxVL-GtCKc6-cEWsxizeXT8L7UJAX2KJ-qey4W9P7FNkUvaPcT295AUD","zone_id":"92ec4538b2029e4d","open_i_b":0,"aff_ttl":1800}
11-06 11:57:36.346 15599-15938/? D/AdsSdk_3006.0: LoadManager applovin_92ec4538b2029e4d: load开始
11-06 11:57:36.346 15599-15941/? D/AdsSdk_3006.0: LoadManager youappi_test_rewarded_video_android: load开始
11-06 11:57:36.354 15599-15941/? I/<ALY Android>_3200: logEvent key: _NEW_RDA_LOAD, value: [{__gaid=5a862c88-d254-45bc-be40-20af7d04b1b9, __aff_info=%7B%22aff_name%22%3A%22youappi%22%2C%22app_id%22%3A%22f647b6ce-8dec-4d24-a12d-9915f5472e4c%22%2C%22placement_id%22%3A%22test_rewarded_video_android%22%2C%22open_i_b%22%3A0%2C%22aff_ttl%22%3A1800%7D, __ad_id=rewarded_video, __sdk_ver=3006, __open_id=819b078573e0b902b3b124d6d86b7b11, __pkg=roy.wan.foreign, __sub_ver=3006.0, __sta_token=315a7616e7264f4585ad8a8309b52ffd}]
11-06 11:57:36.356 15599-15941/? D/AdsSdk_3006.0: rewarded_video: AffInfo is: {"aff_name":"facebook","aff_key":"783955231747423_1064291897047087","open_i_b":0,"aff_ttl":1800}
11-06 11:57:36.356 15599-15941/? D/AdsSdk_3006.0: Adapter: REWARDVIDEO facebook_rd_783955231747423_1064291897047087 isValid: false
11-06 11:57:36.356 15599-15941/? W/AdsSdk_3006.0: LoadManager facebook_rd_783955231747423_1064291897047087: 此联盟在loading队列中, return
11-06 11:57:36.351 15599-15938/? I/<ALY Android>_3200: logEvent key: _NEW_IL_LOAD, value: [{__gaid=5a862c88-d254-45bc-be40-20af7d04b1b9, __aff_info=%7B%22aff_name%22%3A%22applovin%22%2C%22placement_id%22%3A%220%22%2C%22sdk_key%22%3A%22BLZ3nWD4mwe_7TFhC7kqaUqZMz32l9nxVL-GtCKc6-cEWsxizeXT8L7UJAX2KJ-qey4W9P7FNkUvaPcT295AUD%22%2C%22zone_id%22%3A%2292ec4538b2029e4d%22%2C%22open_i_b%22%3A0%2C%22aff_ttl%22%3A1800%7D, __ad_id=inter_ccc, __sdk_ver=3006, __open_id=819b078573e0b902b3b124d6d86b7b11, __pkg=roy.wan.foreign, __sub_ver=3006.0, __sta_token=315a7616e7264f4585ad8a8309b52ffd}]
11-06 11:57:36.357 15599-15941/? D/AdsSdk_3006.0: rewarded_video: AffInfo is: {"aff_name":"mobpower","app_key":"3fc7cbe75b45e7ce18b7f54b5edfda39","app_id":"90002","placement_id":"21408","open_i_b":0,"aff_ttl":1800}
11-06 11:57:36.358 15599-15941/? D/AdsSdk_3006.0: LoadManager mobpower_21408: load开始
11-06 11:57:36.365 15599-15941/? I/<ALY Android>_3200: logEvent key: _NEW_RDA_LOAD, value: [{__gaid=5a862c88-d254-45bc-be40-20af7d04b1b9, __aff_info=%7B%22aff_name%22%3A%22mobpower%22%2C%22app_key%22%3A%223fc7cbe75b45e7ce18b7f54b5edfda39%22%2C%22app_id%22%3A%2290002%22%2C%22placement_id%22%3A%2221408%22%2C%22open_i_b%22%3A0%2C%22aff_ttl%22%3A1800%7D, __ad_id=rewarded_video, __sdk_ver=3006, __open_id=819b078573e0b902b3b124d6d86b7b11, __pkg=roy.wan.foreign, __sub_ver=3006.0, __sta_token=315a7616e7264f4585ad8a8309b52ffd}]
11-06 11:57:36.558 15599-16020/? I/AdsSdk_3006.0: FacebookRewardAdapter 783955231747423_1064291897047087 bid return true
11-06 11:57:36.561 15599-15894/? W/AdsSdk_3006.0: checkOnlineConfig 返回失败，原因：null
11-06 11:57:36.569 15599-15941/? I/AdsSdk_3006.0: LoadManager LoadCallback: mobpower_21408 onLoaded，加载成功
11-06 11:57:36.576 15599-15941/? D/AdsSdk_3006.0: LoadCallback: mobpower_21408 loadCostTimeMills is 1541476656568
11-06 11:57:36.580 15599-15941/? I/<ALY Android>_3200: logEvent key: _NEW_RDA_LOADOK, value: [{__req_id=0c995baf34c5786d28bd445584c2803e, __gaid=5a862c88-d254-45bc-be40-20af7d04b1b9, __aff_info=%7B%22aff_name%22%3A%22mobpower%22%2C%22app_key%22%3A%223fc7cbe75b45e7ce18b7f54b5edfda39%22%2C%22app_id%22%3A%2290002%22%2C%22placement_id%22%3A%2221408%22%2C%22open_i_b%22%3A0%2C%22aff_ttl%22%3A1800%7D, __load_time=1541476656568, __ad_id=rewarded_video, __sdk_ver=3006, __open_id=819b078573e0b902b3b124d6d86b7b11, __pkg=roy.wan.foreign, __sub_ver=3006.0, __sta_token=315a7616e7264f4585ad8a8309b52ffd}]
11-06 11:57:36.619 15599-15941/? D/AdsSdk_3006.0: rewarded_video: AffInfo is: {"aff_name":"admob_new","app_id":"ca-app-pub-1865559073577505~5852501564","ad_unit_id":"ca-app-pub-1865559073577505\/2850384961","open_i_b":0,"aff_ttl":1800}
11-06 11:57:36.620 15599-15941/? D/AdsSdk_3006.0: Admob_new ads jars has not improved, check please
11-06 11:57:36.620 15599-15941/? W/AdsSdk_3006.0: LoadManager AdapterFactory return null with: admob_new
11-06 11:57:36.621 15599-15941/? D/AdsSdk_3006.0: rewarded_video: AffInfo is: {"aff_name":"admob_new","app_id":"ca-app-pub-1865559073577505~5852501564","ad_unit_id":"ca-app-pub-1865559073577505\/4682341382","open_i_b":0,"aff_ttl":1800}
11-06 11:57:36.622 15599-15941/? D/AdsSdk_3006.0: Admob_new ads jars has not improved, check please
11-06 11:57:36.622 15599-15941/? W/AdsSdk_3006.0: LoadManager AdapterFactory return null with: admob_new
11-06 11:57:36.624 15599-15941/? D/AdsSdk_3006.0: rewarded_video: AffInfo is: {"aff_name":"admob_new","app_id":"ca-app-pub-1865559073577505~5852501564","ad_unit_id":"ca-app-pub-1865559073577505\/9656015201","open_i_b":0,"aff_ttl":1800}
11-06 11:57:36.625 15599-15941/? D/AdsSdk_3006.0: Admob_new ads jars has not improved, check please
11-06 11:57:36.625 15599-15941/? W/AdsSdk_3006.0: LoadManager AdapterFactory return null with: admob_new
11-06 11:57:36.733 15599-15869/? D/AdsSdk_3006.0: rewarded_video: LoadCallback: mobpower_21408 onLoaded，加载成功
11-06 11:57:36.734 15599-15871/? D/AdsSdk_3006.0: REWARDVIDEO mobpower launchAdCheckEvent is called 
11-06 11:57:36.735 15599-15871/? D/AdsSdk_3006.0: REWARDVIDEO mobpower launchAdCheckEvent nm is null, S3 don't need upload
11-06 11:57:37.136 15599-15938/? D/AdsSdk_3006.0: inter_ccc: AffInfo is: {"aff_name":"batmobi","app_key":"T4E7MU69AU3R7JHUHSW5JYAJ","placement_id":"15169_04868","open_i_b":0,"aff_ttl":1800}
11-06 11:57:37.141 15599-15938/? D/AdsSdk_3006.0: Adapter: INTERSTITIAL batmobi_15169_04868 isValid: false
11-06 11:57:37.141 15599-15938/? W/AdsSdk_3006.0: LoadManager batmobi_15169_04868: 此联盟在loading队列中, return
11-06 11:57:37.165 15599-15720/? I/AdsSdk_3006.0: UPInterstitialWrapper 传入的广告位: aaaa
11-06 11:57:37.171 15599-15720/? I/<ALY Android>_3200: logEvent key: _NEW_NT_FOUND_ADID, value: [{__ad_type=interstitial, __gaid=5a862c88-d254-45bc-be40-20af7d04b1b9, __ad_id=aaaa, __sdk_ver=3006, __open_id=819b078573e0b902b3b124d6d86b7b11, __pkg=roy.wan.foreign, __sub_ver=3006.0, __sta_token=315a7616e7264f4585ad8a8309b52ffd}]
11-06 11:57:37.174 15599-15720/? E/AdsSdk_3006.0: cplog: 插屏广告位aaaa没有查询到有效配置，请稍后重试
11-06 11:57:37.615 15599-15956/? I/AdsSdk_3006.0: FacebookInterstitialAdapter 475008772706594_478168072390664 bid return true
11-06 11:57:38.413 15599-15940/? D/AdsSdk_3006.0: inter_aaa: AffInfo is: {"aff_name":"vk","aff_key":"149843","placement_id":"0","open_i_b":0,"aff_ttl":1800}
11-06 11:57:38.415 15599-15940/? D/AdsSdk_3006.0: VK ads jars has be not improved, check please
11-06 11:57:38.415 15599-15940/? W/AdsSdk_3006.0: LoadManager AdapterFactory return null with: vk
11-06 11:57:38.419 15599-15940/? D/AdsSdk_3006.0: inter_aaa: AffInfo is: {"aff_name":"dap","app_key":{"video":[{"pid":"159906"}],"native":[{"pid":"159905"}]},"app_id":"d82d47d900ea6d71e30772fd70d642af","placement_id":"159905","open_i_b":0,"aff_ttl":1800}
11-06 11:57:38.420 15599-15940/? D/AdsSdk_3006.0: LoadManager dap_159905: load开始
11-06 11:57:38.429 15599-15940/? I/<ALY Android>_3200: logEvent key: _NEW_IL_LOAD, value: [{__gaid=5a862c88-d254-45bc-be40-20af7d04b1b9, __aff_info=%7B%22aff_name%22%3A%22dap%22%2C%22app_key%22%3A%7B%22video%22%3A%5B%7B%22pid%22%3A%22159906%22%7D%5D%2C%22native%22%3A%5B%7B%22pid%22%3A%22159905%22%7D%5D%7D%2C%22app_id%22%3A%22d82d47d900ea6d71e30772fd70d642af%22%2C%22placement_id%22%3A%22159905%22%2C%22open_i_b%22%3A0%2C%22aff_ttl%22%3A1800%7D, __ad_id=inter_aaa, __sdk_ver=3006, __open_id=819b078573e0b902b3b124d6d86b7b11, __pkg=roy.wan.foreign, __sub_ver=3006.0, __sta_token=315a7616e7264f4585ad8a8309b52ffd}]
11-06 11:57:38.432 15599-15940/? D/AdsSdk_3006.0: inter_aaa: AffInfo is: {"aff_name":"nend","api_key":"a88c0bcaa2646c4ef8b2b656fd38d6785762f2ff","spot_id":"485520","open_i_b":0,"aff_ttl":1800}
11-06 11:57:38.433 15599-15940/? D/AdsSdk_3006.0: Nend ads jars has be not improved, check please
11-06 11:57:38.434 15599-15940/? W/AdsSdk_3006.0: LoadManager AdapterFactory return null with: nend
11-06 11:57:38.892 15599-15720/? I/AdsSdk_3006.0: banner ====>onApplicationFocus hasfocus: false
11-06 11:57:39.408 15599-15599/? I/AdsSdk_3006.0: LoadManager LoadCallback: batmobi_15169_04868 onLoaded，加载成功
11-06 11:57:39.430 15599-15599/? I/<ALY Android>_3200: logEvent key: _NEW_IL_LOADOK, value: [{__req_id=21d9f993ea236266ff7b6c165be139de, __gaid=5a862c88-d254-45bc-be40-20af7d04b1b9, __aff_info=%7B%22aff_name%22%3A%22batmobi%22%2C%22app_key%22%3A%22T4E7MU69AU3R7JHUHSW5JYAJ%22%2C%22placement_id%22%3A%2215169_04868%22%2C%22open_i_b%22%3A0%2C%22aff_ttl%22%3A1800%7D, __ad_id=inter_aaa, __sdk_ver=3006, __open_id=819b078573e0b902b3b124d6d86b7b11, __pkg=roy.wan.foreign, __sub_ver=3006.0, __sta_token=315a7616e7264f4585ad8a8309b52ffd}]
11-06 11:57:40.284 15599-15599/? D/AdsSdk_3006.0: VK ads jars has be not improved, check please
11-06 11:57:40.286 15599-15599/? D/AdsSdk_3006.0: VK ads jars has be not improved, check please
11-06 11:57:40.330 15599-15599/? D/AdsSdk_3006.0: Inmobi ads jars has be not improved, check please
11-06 11:57:40.342 15599-15599/? D/AdsSdk_3006.0: Inmobi ads jars has be not improved, check please
11-06 11:57:40.348 15599-15599/? D/AdsSdk_3006.0: Nend ads jars has be not improved, check please
11-06 11:57:40.349 15599-15599/? D/AdsSdk_3006.0: Nend ads jars has be not improved, check please
11-06 11:57:40.359 15599-15599/? D/AdsSdk_3006.0: GDT ads jars has be not improved, check please
11-06 11:57:40.364 15599-15869/? D/AdsSdk_3006.0: inter_aaa: LoadCallback: batmobi_15169_04868 onLoaded，加载成功
11-06 11:57:40.365 15599-15869/? D/AdsSdk_3006.0: inter_ccc: LoadCallback: batmobi_15169_04868 onLoaded，加载成功
11-06 11:57:40.392 15599-15870/? D/AdsSdk_3006.0: INTERSTITIAL batmobi launchAdCheckEvent is called 
11-06 11:57:40.393 15599-15599/? D/AdsSdk_3006.0: GDT ads jars has be not improved, check please
11-06 11:57:40.399 15599-15870/? D/AdsSdk_3006.0: INTERSTITIAL batmobi launchAdCheckEvent nm is null, S3 don't need upload
11-06 11:57:40.408 15599-15871/? D/AdsSdk_3006.0: INTERSTITIAL batmobi launchAdCheckEvent is called 
11-06 11:57:40.415 15599-15871/? D/AdsSdk_3006.0: INTERSTITIAL batmobi launchAdCheckEvent nm is null, S3 don't need upload
11-06 11:57:40.499 15599-15599/? D/AdsSdk_3006.0: Adapter: INTERSTITIAL batmobi_15169_04868 isValid: true
11-06 11:57:40.499 15599-15599/? D/AdsSdk_3006.0: Adapter: INTERSTITIAL batmobi_15169_04868 isValid: true
11-06 11:57:40.842 15599-16097/? I/AdsSdk_3006.0: LoadManager LoadCallback: applovin_92ec4538b2029e4d onLoaded，加载成功
11-06 11:57:40.851 15599-16097/? I/<ALY Android>_3200: logEvent key: _NEW_IL_LOADOK, value: [{__req_id=281582565c66cc7f9ebcbd22aeba8368, __gaid=5a862c88-d254-45bc-be40-20af7d04b1b9, __aff_info=%7B%22aff_name%22%3A%22applovin%22%2C%22placement_id%22%3A%220%22%2C%22sdk_key%22%3A%22BLZ3nWD4mwe_7TFhC7kqaUqZMz32l9nxVL-GtCKc6-cEWsxizeXT8L7UJAX2KJ-qey4W9P7FNkUvaPcT295AUD%22%2C%22zone_id%22%3A%2292ec4538b2029e4d%22%2C%22open_i_b%22%3A0%2C%22aff_ttl%22%3A1800%7D, __ad_id=inter_ccc, __sdk_ver=3006, __open_id=819b078573e0b902b3b124d6d86b7b11, __pkg=roy.wan.foreign, __sub_ver=3006.0, __sta_token=315a7616e7264f4585ad8a8309b52ffd}]
11-06 11:57:40.897 15599-15869/? D/AdsSdk_3006.0: 重试检查版本API，重试次数：2
11-06 11:57:40.908 15599-15869/? D/AdsSdk_3006.0: checkOnlineConfig 网络已经连接，是否正在运行：false
11-06 11:57:40.908 15599-15869/? D/AdsSdk_3006.0: checkOnlineConfig 是否存在延时运行的任务：false
11-06 11:57:41.021 15599-15869/? D/AdsSdk_3006.0: inter_ccc: LoadCallback: applovin_92ec4538b2029e4d onLoaded，加载成功
11-06 11:57:41.027 15599-15870/? D/AdsSdk_3006.0: INTERSTITIAL applovin launchAdCheckEvent is called 
11-06 11:57:41.029 15599-15870/? I/AdsSdk_3006.0: INTERSTITIAL applovin launchAdCheckEvent nm is ad07 request_id is 281582565c66cc7f9ebcbd22aeba8368
11-06 11:57:41.110 15599-16236/? I/<ALY Android>_3200: logEvent key: _NEW_IL_CA_ACTION, value: [{__req_id=281582565c66cc7f9ebcbd22aeba8368, __gaid=5a862c88-d254-45bc-be40-20af7d04b1b9, __call_ver=1.0.7, __sdk_ver=3006, __aff_name=ad07, __open_id=819b078573e0b902b3b124d6d86b7b11, __pkg=roy.wan.foreign, __aff_ver=8.0.1, __sub_ver=3006.0, __sta_token=315a7616e7264f4585ad8a8309b52ffd, __status=0}]
11-06 11:57:42.162 15599-15894/? W/AdsSdk_3006.0: checkOnlineConfig 返回失败，原因：null
11-06 11:57:44.690 15599-15599/? I/AdsSdk_3006.0: LoadManager LoadCallback: adcolony_vz33e7556f45514d4e85 onLoaded，加载成功
11-06 11:57:44.694 15599-15599/? I/<ALY Android>_3200: logEvent key: _NEW_IL_LOADOK, value: [{__req_id=10305f73848bf2e2324aceb0f4f35c0d, __gaid=5a862c88-d254-45bc-be40-20af7d04b1b9, __aff_info=%7B%22aff_name%22%3A%22adcolony%22%2C%22app_id%22%3A%22app6b5beb4c1e094811b4%22%2C%22zone_id%22%3A%22vz33e7556f45514d4e85%22%2C%22open_i_b%22%3A0%2C%22aff_ttl%22%3A1800%2C%22adcolony_ids%22%3A%22vz6e94afe0a6f643719d%2Cvz33e7556f45514d4e85%22%7D, __ad_id=inter_ddd, __sdk_ver=3006, __open_id=819b078573e0b902b3b124d6d86b7b11, __pkg=roy.wan.foreign, __sub_ver=3006.0, __sta_token=315a7616e7264f4585ad8a8309b52ffd}]
11-06 11:57:44.826 15599-15599/? I/AdsSdk_3006.0: LoadManager LoadCallback: dap_159905 onLoaded，加载成功
11-06 11:57:44.831 15599-15599/? I/<ALY Android>_3200: logEvent key: _NEW_IL_LOADOK, value: [{__req_id=e609d625b350f5a7fe2f5c5eb8715587, __gaid=5a862c88-d254-45bc-be40-20af7d04b1b9, __aff_info=%7B%22aff_name%22%3A%22dap%22%2C%22app_key%22%3A%7B%22video%22%3A%5B%7B%22pid%22%3A%22159906%22%7D%5D%2C%22native%22%3A%5B%7B%22pid%22%3A%22159905%22%7D%5D%7D%2C%22app_id%22%3A%22d82d47d900ea6d71e30772fd70d642af%22%2C%22placement_id%22%3A%22159905%22%2C%22open_i_b%22%3A0%2C%22aff_ttl%22%3A1800%7D, __ad_id=inter_aaa, __sdk_ver=3006, __open_id=819b078573e0b902b3b124d6d86b7b11, __pkg=roy.wan.foreign, __sub_ver=3006.0, __sta_token=315a7616e7264f4585ad8a8309b52ffd}]
11-06 11:57:44.846 15599-15869/? D/AdsSdk_3006.0: inter_ddd: LoadCallback: adcolony_vz33e7556f45514d4e85 onLoaded，加载成功
11-06 11:57:44.846 15599-15871/? D/AdsSdk_3006.0: REWARDVIDEO adcolony launchAdCheckEvent is called 
11-06 11:57:44.847 15599-15871/? I/AdsSdk_3006.0: REWARDVIDEO adcolony launchAdCheckEvent nm is ad03 request_id is 10305f73848bf2e2324aceb0f4f35c0d
11-06 11:57:44.876 15599-15599/? D/AdsSdk_3006.0: VK ads jars has be not improved, check please
11-06 11:57:44.877 15599-15599/? D/AdsSdk_3006.0: VK ads jars has be not improved, check please
11-06 11:57:44.879 15599-15599/? D/AdsSdk_3006.0: Inmobi ads jars has be not improved, check please
11-06 11:57:44.880 15599-15599/? D/AdsSdk_3006.0: Inmobi ads jars has be not improved, check please
11-06 11:57:44.882 15599-15599/? D/AdsSdk_3006.0: Nend ads jars has be not improved, check please
11-06 11:57:44.883 15599-15599/? D/AdsSdk_3006.0: Nend ads jars has be not improved, check please
11-06 11:57:44.885 15599-15599/? D/AdsSdk_3006.0: GDT ads jars has be not improved, check please
11-06 11:57:44.886 15599-15599/? D/AdsSdk_3006.0: GDT ads jars has be not improved, check please
11-06 11:57:44.890 15599-15599/? D/AdsSdk_3006.0: Adapter: INTERSTITIAL batmobi_15169_04868 isValid: true
11-06 11:57:44.890 15599-15599/? D/AdsSdk_3006.0: Adapter: INTERSTITIAL batmobi_15169_04868 isValid: true
11-06 11:57:44.893 15599-15599/? D/AdsSdk_3006.0: Adapter: INTERSTITIAL dap_159905 isValid: true
11-06 11:57:44.893 15599-15599/? D/AdsSdk_3006.0: Adapter: INTERSTITIAL dap_159905 isValid: true
11-06 11:57:44.982 15599-15869/? D/AdsSdk_3006.0: inter_aaa: LoadCallback: dap_159905 onLoaded，加载成功
11-06 11:57:44.983 15599-15870/? D/AdsSdk_3006.0: INTERSTITIAL dap launchAdCheckEvent is called 
11-06 11:57:44.983 15599-15870/? D/AdsSdk_3006.0: INTERSTITIAL dap launchAdCheckEvent nm is null, S3 don't need upload
11-06 11:57:45.083 15599-15599/? I/AdsSdk_3006.0: LoadManager LoadCallback: youappi_test_interstitial_ad_android onLoaded，加载成功
11-06 11:57:45.087 15599-15599/? I/<ALY Android>_3200: logEvent key: _NEW_IL_LOADOK, value: [{__req_id=1d92e30658813b2bb28ad719dc50f160, __gaid=5a862c88-d254-45bc-be40-20af7d04b1b9, __aff_info=%7B%22aff_name%22%3A%22youappi%22%2C%22app_id%22%3A%22821cfa77-3127-42b5-9e6b-0afcecf77c67%22%2C%22placement_id%22%3A%22test_interstitial_ad_android%22%2C%22open_i_b%22%3A0%2C%22aff_ttl%22%3A1800%7D, __ad_id=inter_bbb, __sdk_ver=3006, __open_id=819b078573e0b902b3b124d6d86b7b11, __pkg=roy.wan.foreign, __sub_ver=3006.0, __sta_token=315a7616e7264f4585ad8a8309b52ffd}]
11-06 11:57:45.088 15599-15599/? I/AdsSdk_3006.0: LoadManager LoadCallback: youappi_reward_interstitial_test_interstitial_video_android onLoaded，加载成功
11-06 11:57:45.092 15599-15599/? I/<ALY Android>_3200: logEvent key: _NEW_IL_LOADOK, value: [{__req_id=15cf349e5d4fc22bfb3fbe2d9f8aeba3, __gaid=5a862c88-d254-45bc-be40-20af7d04b1b9, __aff_info=%7B%22aff_name%22%3A%22youappi_reward_interstitial%22%2C%22app_id%22%3A%22821cfa77-3127-42b5-9e6b-0afcecf77c67%22%2C%22placement_id%22%3A%22test_interstitial_video_android%22%2C%22open_i_b%22%3A0%2C%22aff_ttl%22%3A1800%7D, __ad_id=inter_ccc, __sdk_ver=3006, __open_id=819b078573e0b902b3b124d6d86b7b11, __pkg=roy.wan.foreign, __sub_ver=3006.0, __sta_token=315a7616e7264f4585ad8a8309b52ffd}]
11-06 11:57:45.166 15599-15599/? W/AdsSdk_3006.0: LoadManager LoadCallback: amazon onError，加载失败
                                                  message: AmazonInterstitialAdapter failed with code: NO_FILL message: Server Message: no results. Try again in 1 seconds
11-06 11:57:45.172 15599-15599/? I/<ALY Android>_3200: logEvent key: _NEW_IL_LOADNOK, value: [{__gaid=5a862c88-d254-45bc-be40-20af7d04b1b9, __aff_info=%7B%22aff_name%22%3A%22amazon%22%2C%22app_key%22%3A%22sample-app-v1_pub-2%22%2C%22open_i_b%22%3A0%2C%22aff_ttl%22%3A1800%7D, __ad_id=inter_bbb, __sdk_ver=3006, __open_id=819b078573e0b902b3b124d6d86b7b11, __pkg=roy.wan.foreign, __sub_ver=3006.0, __sta_token=315a7616e7264f4585ad8a8309b52ffd}]
11-06 11:57:45.174 15599-15599/? W/AdsSdk_3006.0: LoadManager LoadCallback: appnext_cc6e96d0-1407-4703-a132-a19566cc2fdf onError，加载失败
                                                  message: AppNextRewardVideoAdapter failed with message: No video ads
11-06 11:57:45.178 15599-15599/? I/<ALY Android>_3200: logEvent key: _NEW_IL_LOADNOK, value: [{__gaid=5a862c88-d254-45bc-be40-20af7d04b1b9, __aff_info=%7B%22aff_name%22%3A%22appnext%22%2C%22placement_id%22%3A%22cc6e96d0-1407-4703-a132-a19566cc2fdf%22%2C%22open_i_b%22%3A0%2C%22aff_ttl%22%3A1800%7D, __ad_id=inter_ddd, __sdk_ver=3006, __open_id=819b078573e0b902b3b124d6d86b7b11, __pkg=roy.wan.foreign, __sub_ver=3006.0, __sta_token=315a7616e7264f4585ad8a8309b52ffd}]
11-06 11:57:45.180 15599-15599/? W/AdsSdk_3006.0: LoadManager LoadCallback: appnext_b05b2e41-c798-4d4a-be66-ae162835065a onError，加载失败
                                                  message: AppNextRewardVideoAdapter failed with message: No video ads
11-06 11:57:45.183 15599-15599/? I/<ALY Android>_3200: logEvent key: _NEW_RDA_LOADNOK, value: [{__gaid=5a862c88-d254-45bc-be40-20af7d04b1b9, __aff_info=%7B%22aff_name%22%3A%22appnext%22%2C%22placement_id%22%3A%22b05b2e41-c798-4d4a-be66-ae162835065a%22%2C%22open_i_b%22%3A0%2C%22aff_ttl%22%3A1800%7D, __ad_id=rewarded_video, __sdk_ver=3006, __open_id=819b078573e0b902b3b124d6d86b7b11, __pkg=roy.wan.foreign, __sub_ver=3006.0, __sta_token=315a7616e7264f4585ad8a8309b52ffd}]
11-06 11:57:45.238 15599-15869/? D/AdsSdk_3006.0: inter_bbb: LoadCallback: youappi_test_interstitial_ad_android onLoaded，加载成功
11-06 11:57:45.238 15599-15871/? D/AdsSdk_3006.0: INTERSTITIAL youappi launchAdCheckEvent is called 
11-06 11:57:45.239 15599-15871/? D/AdsSdk_3006.0: INTERSTITIAL youappi launchAdCheckEvent nm is null, S3 don't need upload
11-06 11:57:45.244 15599-15869/? D/AdsSdk_3006.0: inter_ccc: LoadCallback: youappi_reward_interstitial_test_interstitial_video_android onLoaded，加载成功
11-06 11:57:45.244 15599-15870/? D/AdsSdk_3006.0: INTERSTITIAL youappi_reward_interstitial launchAdCheckEvent is called 
11-06 11:57:45.244 15599-15870/? D/AdsSdk_3006.0: INTERSTITIAL youappi_reward_interstitial launchAdCheckEvent nm is null, S3 don't need upload
11-06 11:57:45.279 15599-15599/? D/AdsSdk_3006.0: Youlan jars has be not improved, check please
11-06 11:57:45.279 15599-15599/? D/AdsSdk_3006.0: Adapter: INTERSTITIAL youappi_reward_interstitial_test_interstitial_video_android isValid: false
11-06 11:57:45.280 15599-15599/? D/AdsSdk_3006.0: Youlan jars has be not improved, check please
11-06 11:57:45.280 15599-15599/? D/AdsSdk_3006.0: Adapter: INTERSTITIAL youappi_reward_interstitial_test_interstitial_video_android isValid: false
11-06 11:57:45.292 15599-15599/? D/AdsSdk_3006.0: Adapter: INTERSTITIAL applovin_92ec4538b2029e4d isValid: true
11-06 11:57:45.292 15599-15599/? D/AdsSdk_3006.0: Adapter: INTERSTITIAL applovin_92ec4538b2029e4d isValid: true
11-06 11:57:45.298 15599-15599/? D/AdsSdk_3006.0: Adapter: INTERSTITIAL batmobi_15169_04868 isValid: true
11-06 11:57:45.298 15599-15599/? D/AdsSdk_3006.0: Adapter: INTERSTITIAL batmobi_15169_04868 isValid: true
11-06 11:57:45.425 15599-15869/? D/AdsSdk_3006.0: amazon: 8000ms后重试
11-06 11:57:45.429 15599-15869/? D/AdsSdk_3006.0: appnext_cc6e96d0-1407-4703-a132-a19566cc2fdf: 8000ms后重试
11-06 11:57:45.434 15599-15869/? D/AdsSdk_3006.0: appnext_b05b2e41-c798-4d4a-be66-ae162835065a: 8000ms后重试
11-06 11:57:46.323 15599-15599/? I/AdsSdk_3006.0: LoadManager LoadCallback: admob_ca-app-pub-5127982408256037/3250192874 onLoaded，加载成功
11-06 11:57:46.328 15599-15599/? I/<ALY Android>_3200: logEvent key: _NEW_IL_LOADOK, value: [{__req_id=2e4c01053394ae85e1c0de09034b8537, __gaid=5a862c88-d254-45bc-be40-20af7d04b1b9, __aff_info=%7B%22aff_name%22%3A%22admob%22%2C%22aff_key%22%3A%22ca-app-pub-5127982408256037%5C%2F3250192874%22%2C%22open_i_b%22%3A0%2C%22aff_ttl%22%3A1800%7D, __ad_id=inter_bbb, __sdk_ver=3006, __open_id=819b078573e0b902b3b124d6d86b7b11, __pkg=roy.wan.foreign, __sub_ver=3006.0, __sta_token=315a7616e7264f4585ad8a8309b52ffd}]
11-06 11:57:46.479 15599-15869/? D/AdsSdk_3006.0: inter_bbb: LoadCallback: admob_ca-app-pub-5127982408256037/3250192874 onLoaded，加载成功
11-06 11:57:46.480 15599-15871/? D/AdsSdk_3006.0: INTERSTITIAL admob launchAdCheckEvent is called 
11-06 11:57:46.482 15599-15871/? I/AdsSdk_3006.0: INTERSTITIAL admob launchAdCheckEvent nm is ad01 request_id is 2e4c01053394ae85e1c0de09034b8537
11-06 11:57:46.560 15599-15869/? D/AdsSdk_3006.0: Youlan jars has be not improved, check please
11-06 11:57:46.560 15599-15869/? D/AdsSdk_3006.0: Adapter: INTERSTITIAL youappi_reward_interstitial_test_interstitial_video_android isValid: false
11-06 11:57:46.560 15599-15869/? D/AdsSdk_3006.0: Adapter: INTERSTITIAL applovin_92ec4538b2029e4d isValid: true
11-06 11:57:46.560 15599-15869/? D/AdsSdk_3006.0: Adapter: INTERSTITIAL batmobi_15169_04868 isValid: true
11-06 11:57:46.575 15599-15869/? D/AdsSdk_3006.0: Adapter: REWARDVIDEO mobpower_21408 isValid: true
11-06 11:57:46.644 15599-16336/? I/<ALY Android>_3200: logEvent key: _NEW_IL_CA_ACTION, value: [{__req_id=2e4c01053394ae85e1c0de09034b8537, __gaid=5a862c88-d254-45bc-be40-20af7d04b1b9, __call_ver=1.0.7, __sdk_ver=3006, __aff_name=ad01, __open_id=819b078573e0b902b3b124d6d86b7b11, __pkg=roy.wan.foreign, __aff_ver=12451000, __sub_ver=3006.0, __sta_token=315a7616e7264f4585ad8a8309b52ffd, __status=1}]
11-06 11:57:46.674 15599-16336/? I/<ALY Android>_3200: logEvent key: _NEW_IL_CA_UP, value: [{__req_id=2e4c01053394ae85e1c0de09034b8537, __gaid=5a862c88-d254-45bc-be40-20af7d04b1b9, __call_ver=1.0.7, __sdk_ver=3006, __aff_name=ad01, __open_id=819b078573e0b902b3b124d6d86b7b11, __pkg=roy.wan.foreign, __aff_ver=12451000, __size=9244, __sub_ver=3006.0, __sta_token=315a7616e7264f4585ad8a8309b52ffd}]
11-06 11:57:47.156 15599-15599/? D/AdsSdk_3006.0: Adapter: REWARDVIDEO adcolony_vz33e7556f45514d4e85 isValid: true
11-06 11:57:47.156 15599-15599/? D/AdsSdk_3006.0: Adapter: REWARDVIDEO adcolony_vz33e7556f45514d4e85 isValid: true
11-06 11:57:47.207 15599-15599/? I/AdsSdk_3006.0: LoadManager LoadCallback: chartboost_reward onLoaded，加载成功
11-06 11:57:47.207 15599-15599/? D/AdsSdk_3006.0: LoadCallback: chartboost_reward loadCostTimeMills is 4593
11-06 11:57:47.216 15599-15599/? I/<ALY Android>_3200: logEvent key: _NEW_RDA_LOADOK, value: [{__req_id=599be295bc7bff2cc3fba9936a9c4770, __gaid=5a862c88-d254-45bc-be40-20af7d04b1b9, __aff_info=%7B%22aff_name%22%3A%22chartboost%22%2C%22app_id%22%3A%225abf29a20b104d0bca794a81%22%2C%22location%22%3A%22reward%22%2C%22app_sign%22%3A%22f83175c96c9b34b2d11c43aeccf1f593d6d7de44%22%2C%22open_i_b%22%3A0%2C%22aff_ttl%22%3A1800%7D, __load_time=4593, __ad_id=rewarded_video, __sdk_ver=3006, __open_id=819b078573e0b902b3b124d6d86b7b11, __pkg=roy.wan.foreign, __sub_ver=3006.0, __sta_token=315a7616e7264f4585ad8a8309b52ffd}]
11-06 11:57:47.367 15599-15869/? D/AdsSdk_3006.0: rewarded_video: LoadCallback: chartboost_reward onLoaded，加载成功
11-06 11:57:47.368 15599-15870/? D/AdsSdk_3006.0: REWARDVIDEO chartboost launchAdCheckEvent is called 
11-06 11:57:47.368 15599-15870/? I/AdsSdk_3006.0: REWARDVIDEO chartboost launchAdCheckEvent nm is ad04 request_id is 599be295bc7bff2cc3fba9936a9c4770
11-06 11:57:47.615 15599-15869/? D/AdsSdk_3006.0: Adapter: INTERSTITIAL admob_ca-app-pub-5127982408256037/3250192874 isValid: true
11-06 11:57:47.615 15599-15869/? D/AdsSdk_3006.0: Adapter: INTERSTITIAL youappi_test_interstitial_ad_android isValid: true
11-06 11:57:47.811 15599-15894/? I/AdsSdk_3006.0: HttpRequest newBiddingFromServer body is {"status":200,"data":{},"message":"ok"}
11-06 11:57:47.811 15599-15894/? I/AdsSdk_3006.0: inter_ccc: HttpRequest.newBiddingFromServer on success data is {}
11-06 11:57:47.811 15599-15894/? W/AdsSdk_3006.0: Value {} of type org.json.JSONObject cannot be converted to JSONArray
11-06 11:57:47.811 15599-15894/? I/AdsSdk_3006.0: LoadManager facebook_rd_783955231747423_1064291897047087 doAfterBiddingComplete with false
11-06 11:57:48.100 15599-15872/? I/AdsSdk_3006.0: HttpRequest newBiddingFromServer body is {"status":200,"data":["ironsource_0","appnext_b05b2e41-c798-4d4a-be66-ae162835065a","admob_new_ca-app-pub-1865559073577505\/9656015201","maio_DemoPublisherZoneForAndroid","facebook_rd_783955231747423_1064291897047087","mobvista_34535","mobpower_21408","chance","nend_845033","unity_rewardedVideo","vk_38837","youappi_test_rewarded_video_android","adcolony_vz6e94afe0a6f643719d","tapjoy_video","admob_reward_video","dap_reward_video","admob_new_ca-app-pub-1865559073577505\/2850384961","batmobi_15169_08173","chartboost_reward","admob_new_ca-app-pub-1865559073577505\/4682341382","oneway"],"message":"ok"}
11-06 11:57:48.100 15599-15872/? I/AdsSdk_3006.0: rewarded_video: HttpRequest.newBiddingFromServer on success data is ["ironsource_0","appnext_b05b2e41-c798-4d4a-be66-ae162835065a","admob_new_ca-app-pub-1865559073577505\/9656015201","maio_DemoPublisherZoneForAndroid","facebook_rd_783955231747423_1064291897047087","mobvista_34535","mobpower_21408","chance","nend_845033","unity_rewardedVideo","vk_38837","youappi_test_rewarded_video_android","adcolony_vz6e94afe0a6f643719d","tapjoy_video","admob_reward_video","dap_reward_video","admob_new_ca-app-pub-1865559073577505\/2850384961","batmobi_15169_08173","chartboost_reward","admob_new_ca-app-pub-1865559073577505\/4682341382","oneway"]
11-06 11:57:48.101 15599-15872/? I/AdsSdk_3006.0: LoadManager ironsource_0 doAfterBiddingComplete with false
11-06 11:57:48.335 15599-16336/? I/<ALY Android>_3200: logEvent key: _NEW_IL_CA_UPOK, value: [{__req_id=2e4c01053394ae85e1c0de09034b8537, __gaid=5a862c88-d254-45bc-be40-20af7d04b1b9, __call_ver=1.0.7, __sdk_ver=3006, __aff_name=ad01, __open_id=819b078573e0b902b3b124d6d86b7b11, __pkg=roy.wan.foreign, __aff_ver=12451000, __size=9244, __sub_ver=3006.0, __sta_token=315a7616e7264f4585ad8a8309b52ffd}]
11-06 11:57:50.062 15599-15970/? I/AdsSdk_3006.0: LoadManager LoadCallback: ironsource_0 onLoaded，加载成功
11-06 11:57:50.063 15599-15970/? D/AdsSdk_3006.0: LoadCallback: ironsource_0 loadCostTimeMills is 15094
11-06 11:57:50.067 15599-15970/? I/<ALY Android>_3200: logEvent key: _NEW_RDA_LOADOK, value: [{__req_id=4d4a0f41956b1c9f1bb16c058aca75d9, __gaid=5a862c88-d254-45bc-be40-20af7d04b1b9, __aff_info=%7B%22aff_name%22%3A%22ironsource%22%2C%22app_key%22%3A%22695cf13d%22%2C%22open_i_b%22%3A0%2C%22aff_ttl%22%3A1800%2C%22placement_id%22%3A%220%22%7D, __load_time=15094, __ad_id=rewarded_video, __sdk_ver=3006, __open_id=819b078573e0b902b3b124d6d86b7b11, __pkg=roy.wan.foreign, __sub_ver=3006.0, __sta_token=315a7616e7264f4585ad8a8309b52ffd}]
11-06 11:57:50.080 15599-15894/? I/AdsSdk_3006.0: HttpRequest newBiddingFromServer body is {"status":200,"data":["inmobi_1520620119259","admob_ca-app-pub-5127982408256037\/3250192874","amazon","youappi_test_interstitial_ad_android","facebook_475008772706594_478168072390664","gdt_8575134060152130849"],"message":"ok"}
11-06 11:57:50.081 15599-15894/? I/AdsSdk_3006.0: inter_bbb: HttpRequest.newBiddingFromServer on success data is ["inmobi_1520620119259","admob_ca-app-pub-5127982408256037\/3250192874","amazon","youappi_test_interstitial_ad_android","facebook_475008772706594_478168072390664","gdt_8575134060152130849"]
11-06 11:57:50.081 15599-15894/? I/AdsSdk_3006.0: LoadManager inmobi_1520620119259 doAfterBiddingComplete with false
