11-06 12:01:50.284 15599-15970/? I/<ALY Android>_3200: logEvent key: _NEW_RDA_SHOWOK, value: [{__req_id=4d4a0f41956b1c9f1bb16c058aca75d9, __gaid=5a862c88-d254-45bc-be40-20af7d04b1b9, __aff_info=%7B%22aff_name%22%3A%22ironsource%22%2C%22app_key%22%3A%22695cf13d%22%2C%22open_i_b%22%3A0%2C%22aff_ttl%22%3A1800%2C%22placement_id%22%3A%220%22%7D, __cp_ad_id=aaa, __ad_id=rewarded_video, __sdk_ver=3006, __open_id=819b078573e0b902b3b124d6d86b7b11, __pkg=roy.wan.foreign, __sub_ver=3006.0, __sta_token=315a7616e7264f4585ad8a8309b52ffd}]
11-06 12:01:50.479 15599-15720/? I/AdsSdk_3006.0: banner ====>onApplicationFocus hasfocus: false
11-06 12:01:51.042 15599-18295/? I/AdsSdk_3006.0: FacebookRewardAdapter 783955231747423_1064291897047087 bid return true
11-06 12:01:51.241 15599-15599/? I/AdsSdk_3006.0: LoadManager LoadCallback: admob_reward_video onLoaded，加载成功
11-06 12:01:51.242 15599-15599/? D/AdsSdk_3006.0: LoadCallback: admob_reward_video loadCostTimeMills is 1478
11-06 12:01:51.250 15599-15599/? I/<ALY Android>_3200: logEvent key: _NEW_RDA_LOADOK, value: [{__req_id=7a88b0f83b8e9d343196ff73bf6ec500, __gaid=5a862c88-d254-45bc-be40-20af7d04b1b9, __aff_info=%7B%22aff_name%22%3A%22admob%22%2C%22ad_unit_id%22%3A%22ca-app-pub-1865559073577505%5C%2F2850384961%22%2C%22open_i_b%22%3A0%2C%22aff_ttl%22%3A1800%7D, __load_time=1478, __ad_id=rewarded_video, __sdk_ver=3006, __open_id=819b078573e0b902b3b124d6d86b7b11, __pkg=roy.wan.foreign, __sub_ver=3006.0, __sta_token=315a7616e7264f4585ad8a8309b52ffd}]
11-06 12:01:51.321 15599-15599/? W/AdsSdk_3006.0: LoadManager LoadCallback: appnext_b05b2e41-c798-4d4a-be66-ae162835065a onError，加载失败
                                                  message: AppNextRewardVideoAdapter failed with message: No video ads
11-06 12:01:51.403 15599-15869/? D/AdsSdk_3006.0: rewarded_video: LoadCallback: admob_reward_video onLoaded，加载成功
11-06 12:01:51.403 15599-15869/? D/AdsSdk_3006.0: inter_ccc: LoadCallback: admob_reward_video onLoaded，加载成功
11-06 12:01:51.403 15599-15871/? D/AdsSdk_3006.0: REWARDVIDEO admob launchAdCheckEvent is called 
11-06 12:01:51.404 15599-15870/? D/AdsSdk_3006.0: REWARDVIDEO admob launchAdCheckEvent is called 
11-06 12:01:51.405 15599-15871/? I/AdsSdk_3006.0: REWARDVIDEO admob launchAdCheckEvent nm is ad01 request_id is 7a88b0f83b8e9d343196ff73bf6ec500
11-06 12:01:51.405 15599-15870/? I/AdsSdk_3006.0: REWARDVIDEO admob launchAdCheckEvent nm is ad01 request_id is 7a88b0f83b8e9d343196ff73bf6ec500
11-06 12:01:51.419 15599-16336/? I/<ALY Android>_3200: logEvent key: _NEW_RDA_CA_ACTION, value: [{__req_id=7a88b0f83b8e9d343196ff73bf6ec500, __gaid=5a862c88-d254-45bc-be40-20af7d04b1b9, __call_ver=1.0.7, __sdk_ver=3006, __aff_name=ad01, __open_id=819b078573e0b902b3b124d6d86b7b11, __pkg=roy.wan.foreign, __aff_ver=12451000, __sub_ver=3006.0, __sta_token=315a7616e7264f4585ad8a8309b52ffd, __status=0}]
11-06 12:01:51.421 15599-16336/? W/AdsSdk_3006.0: rewarded_video callAuction fail: platform: admob requestId: 7a88b0f83b8e9d343196ff73bf6ec500
11-06 12:01:51.422 15599-16336/? W/AdsSdk_3006.0: inter_ccc callAuction fail: platform: admob requestId: 7a88b0f83b8e9d343196ff73bf6ec500
11-06 12:01:51.429 15599-16306/? I/<ALY Android>_3200: logEvent key: _NEW_RDA_CA_ACTION, value: [{__req_id=7a88b0f83b8e9d343196ff73bf6ec500, __gaid=5a862c88-d254-45bc-be40-20af7d04b1b9, __call_ver=1.0.7, __sdk_ver=3006, __aff_name=ad01, __open_id=819b078573e0b902b3b124d6d86b7b11, __pkg=roy.wan.foreign, __aff_ver=12451000, __sub_ver=3006.0, __sta_token=315a7616e7264f4585ad8a8309b52ffd, __status=0}]
11-06 12:01:51.431 15599-16306/? W/AdsSdk_3006.0: rewarded_video callAuction fail: platform: admob requestId: 7a88b0f83b8e9d343196ff73bf6ec500
11-06 12:01:51.431 15599-16306/? W/AdsSdk_3006.0: inter_ccc callAuction fail: platform: admob requestId: 7a88b0f83b8e9d343196ff73bf6ec500
11-06 12:01:51.460 15599-16236/? I/<ALY Android>_3200: logEvent key: _NEW_RDA_CA_UPOK, value: [{__req_id=86fbbdc81e66d8741ab612962f6376e1, __gaid=5a862c88-d254-45bc-be40-20af7d04b1b9, __call_ver=1.0.7, __sdk_ver=3006, __aff_name=ad08, __open_id=819b078573e0b902b3b124d6d86b7b11, __pkg=roy.wan.foreign, __aff_ver=3.0.0, __size=3236, __sub_ver=3006.0, __sta_token=315a7616e7264f4585ad8a8309b52ffd}]
11-06 12:01:52.391 15599-15599/? W/AdsSdk_3006.0: LoadManager LoadCallback: adcolony_vz6e94afe0a6f643719d onError，加载失败
                                                  message: AdcolonyRewardVideoAdapter failed 
11-06 12:01:59.967 15599-16271/? I/AdsSdk_3006.0: LoadManager LoadCallback: tapjoy_video onLoaded，加载成功
11-06 12:01:59.968 15599-16271/? D/AdsSdk_3006.0: LoadCallback: tapjoy_video loadCostTimeMills is 9941
11-06 12:01:59.972 15599-16271/? I/<ALY Android>_3200: logEvent key: _NEW_RDA_LOADOK, value: [{__req_id=5f4704a369bf5a4d4aaecc1a6b8b1a44, __gaid=5a862c88-d254-45bc-be40-20af7d04b1b9, __aff_info=%7B%22aff_name%22%3A%22tapjoy%22%2C%22app_key%22%3A%22cZd8BQhET7-C-jwQAkYdRgECUH4Bxvtye2FJV9TUG6wQpuhkrRfDuT-xx_ex%22%2C%22placement_id%22%3A%22video%22%2C%22app_id%22%3A%220%22%2C%22open_i_b%22%3A0%2C%22aff_ttl%22%3A1800%7D, __load_time=9941, __ad_id=rewarded_video, __sdk_ver=3006, __open_id=819b078573e0b902b3b124d6d86b7b11, __pkg=roy.wan.foreign, __sub_ver=3006.0, __sta_token=315a7616e7264f4585ad8a8309b52ffd}]
11-06 12:02:00.126 15599-15869/? D/AdsSdk_3006.0: rewarded_video: LoadCallback: tapjoy_video onLoaded，加载成功
11-06 12:02:00.126 15599-15871/? D/AdsSdk_3006.0: REWARDVIDEO tapjoy launchAdCheckEvent is called 
11-06 12:02:00.127 15599-15871/? D/AdsSdk_3006.0: REWARDVIDEO tapjoy launchAdCheckEvent nm is null, S3 don't need upload
11-06 12:02:01.043 15599-15869/? D/AdsSdk_3006.0: Adapter: REWARDVIDEO admob_reward_video isValid: true
11-06 12:02:01.044 15599-15869/? D/AdsSdk_3006.0: Youlan jars has be not improved, check please
11-06 12:02:01.044 15599-15869/? D/AdsSdk_3006.0: Adapter: INTERSTITIAL youappi_reward_interstitial_test_interstitial_video_android isValid: false
11-06 12:02:01.045 15599-15869/? D/AdsSdk_3006.0: Adapter: INTERSTITIAL applovin_92ec4538b2029e4d isValid: true
11-06 12:02:01.045 15599-15869/? D/AdsSdk_3006.0: Adapter: INTERSTITIAL batmobi_15169_04868 isValid: true
11-06 12:02:01.045 15599-15869/? D/AdsSdk_3006.0: Adapter: REWARDVIDEO admob_reward_video isValid: true
11-06 12:02:01.046 15599-15869/? D/AdsSdk_3006.0: Adapter: REWARDVIDEO batmobi_15169_08173 isValid: true
11-06 12:02:01.046 15599-15869/? D/AdsSdk_3006.0: Adapter: REWARDVIDEO unity_rewardedVideo isValid: true
11-06 12:02:01.046 15599-15869/? D/AdsSdk_3006.0: Adapter: REWARDVIDEO chartboost_reward isValid: true
11-06 12:02:01.047 15599-15869/? D/AdsSdk_3006.0: Adapter: REWARDVIDEO tapjoy_video isValid: true
11-06 12:02:01.048 15599-15869/? D/AdsSdk_3006.0: Adapter: REWARDVIDEO youappi_test_rewarded_video_android isValid: true
11-06 12:02:01.052 15599-15869/? D/AdsSdk_3006.0: Adapter: REWARDVIDEO mobpower_21408 isValid: true
11-06 12:02:01.468 15599-15869/? I/AdsSdk_3006.0: rewarded_video callAuction success: platform: unity requestId: 86fbbdc81e66d8741ab612962f6376e1
11-06 12:02:02.252 15599-15894/? I/AdsSdk_3006.0: HttpRequest newBiddingFromServer body is {"status":200,"data":["mobvista_34535","tapjoy_video","chartboost_reward","admob_new_ca-app-pub-1865559073577505\/4682341382","oneway","youappi_test_rewarded_video_android","mobpower_21408","batmobi_15169_08173","appnext_b05b2e41-c798-4d4a-be66-ae162835065a","chance","facebook_rd_783955231747423_1064291897047087","admob_new_ca-app-pub-1865559073577505\/2850384961","maio_DemoPublisherZoneForAndroid","adcolony_vz6e94afe0a6f643719d","unity_rewardedVideo","ironsource_0","nend_845033","dap_reward_video","admob_new_ca-app-pub-1865559073577505\/9656015201","admob_reward_video","vk_38837"],"message":"ok"}
11-06 12:02:02.252 15599-15894/? I/AdsSdk_3006.0: rewarded_video: HttpRequest.newBiddingFromServer on success data is ["mobvista_34535","tapjoy_video","chartboost_reward","admob_new_ca-app-pub-1865559073577505\/4682341382","oneway","youappi_test_rewarded_video_android","mobpower_21408","batmobi_15169_08173","appnext_b05b2e41-c798-4d4a-be66-ae162835065a","chance","facebook_rd_783955231747423_1064291897047087","admob_new_ca-app-pub-1865559073577505\/2850384961","maio_DemoPublisherZoneForAndroid","adcolony_vz6e94afe0a6f643719d","unity_rewardedVideo","ironsource_0","nend_845033","dap_reward_video","admob_new_ca-app-pub-1865559073577505\/9656015201","admob_reward_video","vk_38837"]
11-06 12:02:02.252 15599-15894/? I/AdsSdk_3006.0: LoadManager mobvista_34535 doAfterBiddingComplete with false
11-06 12:02:02.354 15599-15872/? I/AdsSdk_3006.0: HttpRequest newBiddingFromServer body is {"status":200,"data":["applovin_92ec4538b2029e4d","admob_reward_video","youappi_reward_interstitial_test_interstitial_video_android","ironsource_0","batmobi_15169_04868","facebook_rd_783955231747423_1064291897047087","tapjoy_inter2"],"message":"ok"}
11-06 12:02:02.355 15599-15872/? I/AdsSdk_3006.0: inter_ccc: HttpRequest.newBiddingFromServer on success data is ["applovin_92ec4538b2029e4d","admob_reward_video","youappi_reward_interstitial_test_interstitial_video_android","ironsource_0","batmobi_15169_04868","facebook_rd_783955231747423_1064291897047087","tapjoy_inter2"]
11-06 12:02:02.355 15599-15872/? I/AdsSdk_3006.0: LoadManager applovin_92ec4538b2029e4d doAfterBiddingComplete with false
11-06 12:02:11.234 15599-15970/? I/AdsSdk_3006.0: UPRewardVideoWrapper onAdClosed
11-06 12:02:11.242 15599-15599/? I/AdsSdk_3006.0: UPRewardVideoWrapper 观看时间：20, 发奖励的最小观看时间：15
11-06 12:02:11.242 15599-15599/? I/AdsSdk_3006.0: UPRewardVideoWrapper 发奖励, 联盟：ironsource
11-06 12:02:11.243 15599-15599/? I/AdsSdk_3006.0: PolyProxy ===>invokeUnitySendMessage :{"function":"reward_didgiven","message":"RewardVideo Ad onVideoAdReward()","cpadsid":"aaa"}
11-06 12:02:11.246 15599-15599/? I/<ALY Android>_3200: logEvent key: _NEW_RDA_REWARDOK, value: [{__req_id=4d4a0f41956b1c9f1bb16c058aca75d9, __gaid=5a862c88-d254-45bc-be40-20af7d04b1b9, __aff_info=%7B%22aff_name%22%3A%22ironsource%22%2C%22app_key%22%3A%22695cf13d%22%2C%22open_i_b%22%3A0%2C%22aff_ttl%22%3A1800%2C%22placement_id%22%3A%220%22%7D, __cp_ad_id=aaa, __ad_id=rewarded_video, __sdk_ver=3006, __open_id=819b078573e0b902b3b124d6d86b7b11, __pkg=roy.wan.foreign, __sub_ver=3006.0, __sta_token=315a7616e7264f4585ad8a8309b52ffd}]
11-06 12:02:11.248 15599-15599/? I/AdsSdk_3006.0: PolyProxy ===>invokeUnitySendMessage :{"function":"reward_didclose","message":"RewardVideo Ad onVideoAdClosed()","cpadsid":"aaa"}
11-06 12:02:11.251 15599-15599/? I/<ALY Android>_3200: logEvent key: _NEW_RDA_CLOSE, value: [{__req_id=4d4a0f41956b1c9f1bb16c058aca75d9, __gaid=5a862c88-d254-45bc-be40-20af7d04b1b9, __aff_info=%7B%22aff_name%22%3A%22ironsource%22%2C%22app_key%22%3A%22695cf13d%22%2C%22open_i_b%22%3A0%2C%22aff_ttl%22%3A1800%2C%22placement_id%22%3A%220%22%7D, __cp_ad_id=aaa, __ad_id=rewarded_video, __sdk_ver=3006, __open_id=819b078573e0b902b3b124d6d86b7b11, __pkg=roy.wan.foreign, __sub_ver=3006.0, __sta_token=315a7616e7264f4585ad8a8309b52ffd}]
11-06 12:02:11.378 15599-15720/? I/AdsSdk_3006.0: banner ====>onApplicationFocus hasfocus: true
11-06 12:02:11.378 15599-15720/? I/AdsSdk_3006.0: banner ====>topFrameLayout    is hide:false, visibility: -100
11-06 12:02:11.378 15599-15720/? I/AdsSdk_3006.0: banner ====>bottomFrameLayout is hide:false, visibility: -100
11-06 12:02:11.378 15599-15720/? D/AdsSdk_3006.0: -------------------------------------------
11-06 12:02:11.378 15599-15720/? D/AdsSdk_3006.0: |  reloadRunnable left time(ms): 281413
11-06 12:02:11.378 15599-15720/? D/AdsSdk_3006.0: -------------------------------------------
11-06 12:02:11.715 15599-15970/? I/AdsSdk_3006.0: LoadManager LoadCallback: ironsource_0 onLoaded，加载成功
11-06 12:02:11.716 15599-15970/? D/AdsSdk_3006.0: LoadCallback: ironsource_0 loadCostTimeMills is 276747
11-06 12:02:11.725 15599-15970/? I/<ALY Android>_3200: logEvent key: _NEW_RDA_LOADOK, value: [{__req_id=67d44a0779d81c9812e8d0f8bcd4ee07, __gaid=5a862c88-d254-45bc-be40-20af7d04b1b9, __aff_info=%7B%22aff_name%22%3A%22ironsource%22%2C%22app_key%22%3A%22695cf13d%22%2C%22open_i_b%22%3A0%2C%22aff_ttl%22%3A1800%2C%22placement_id%22%3A%220%22%7D, __load_time=276747, __ad_id=rewarded_video, __sdk_ver=3006, __open_id=819b078573e0b902b3b124d6d86b7b11, __pkg=roy.wan.foreign, __sub_ver=3006.0, __sta_token=315a7616e7264f4585ad8a8309b52ffd}]
11-06 12:02:11.890 15599-15869/? D/AdsSdk_3006.0: rewarded_video: LoadCallback: ironsource_0 onLoaded，加载成功
11-06 12:02:11.891 15599-15869/? D/AdsSdk_3006.0: inter_ccc: LoadCallback: ironsource_0 onLoaded，加载成功
11-06 12:02:11.892 15599-15870/? D/AdsSdk_3006.0: REWARDVIDEO ironsource launchAdCheckEvent is called 
11-06 12:02:11.892 15599-15871/? D/AdsSdk_3006.0: REWARDVIDEO ironsource launchAdCheckEvent is called 
11-06 12:02:11.893 15599-15871/? D/AdsSdk_3006.0: REWARDVIDEO ironsource launchAdCheckEvent nm is null, S3 don't need upload
11-06 12:02:11.894 15599-15870/? D/AdsSdk_3006.0: REWARDVIDEO ironsource launchAdCheckEvent nm is null, S3 don't need upload
11-06 12:02:14.991 15599-15720/? I/AdsSdk_3006.0: UPRewardVideoWrapper: show_ad is true
11-06 12:02:14.991 15599-15720/? I/AdsSdk_3006.0: TriggerParam mShowCount is 2
11-06 12:02:14.991 15599-15720/? I/AdsSdk_3006.0: TriggerParam platform is null
11-06 12:02:14.991 15599-15720/? I/AdsSdk_3006.0: UPRewardVideoWrapper show_order配置的展示联盟：null
11-06 12:02:14.991 15599-15720/? I/AdsSdk_3006.0: UPRewardVideoWrapper peek
11-06 12:02:14.991 15599-15720/? I/AdsSdk_3006.0: rewarded_video: ParallelRequestStrategy peek platform: null
11-06 12:02:14.991 15599-15720/? I/AdsSdk_3006.0: rewarded_video peek, 根据bidding_list配置排序开始
11-06 12:02:14.991 15599-15720/? D/AdsSdk_3006.0: Adapter: REWARDVIDEO tapjoy_video isValid: true
11-06 12:02:14.991 15599-15720/? I/AdsSdk_3006.0: rewarded_video peek, 根据bidding_list结果排序成功
11-06 12:02:14.991 15599-15869/? I/AdsSdk_3006.0: rewarded_video: fillup is called
11-06 12:02:14.992 15599-15720/? I/AdsSdk_3006.0: UPRewardVideoWrapper peek成功， 联盟: tapjoy
11-06 12:02:14.992 15599-15720/? D/AdsSdk_3006.0: Adapter: REWARDVIDEO tapjoy_video isValid: true
11-06 12:02:14.992 15599-15720/? I/AdsSdk_3006.0: rewarded_video开始判断是否达到显示条件
11-06 12:02:14.993 15599-15869/? I/AdsSdk_3006.0: rewarded_video: only_wifi：false，netType: wifi
11-06 12:02:14.993 15599-15869/? W/AdsSdk_3006.0: rewarded_video: fillup too frequently, return
11-06 12:02:14.993 15599-15720/? I/AdsSdk_3006.0: TriggerParam mShowCount is 2 mDailyShowTimes is 50
11-06 12:02:14.993 15599-15720/? I/AdsSdk_3006.0: TriggerHelper canShow return: true
11-06 12:02:14.993 15599-15720/? I/AdsSdk_3006.0: cplog: 视频广告 isReady return true
11-06 12:02:14.993 15599-15720/? I/AdsSdk_3006.0: Reward ===>showReward : aaa, loadview: true,ready: true
11-06 12:02:14.993 15599-15720/? I/AdsSdk_3006.0: UPRewardVideoWrapper: show_ad is true
11-06 12:02:14.993 15599-15720/? I/AdsSdk_3006.0: TriggerParam mShowCount is 2
11-06 12:02:14.993 15599-15720/? I/AdsSdk_3006.0: TriggerParam platform is null
11-06 12:02:14.993 15599-15720/? I/AdsSdk_3006.0: UPRewardVideoWrapper show_order配置的展示联盟：null
11-06 12:02:14.993 15599-15720/? I/AdsSdk_3006.0: UPRewardVideoWrapper peek
11-06 12:02:14.993 15599-15720/? I/AdsSdk_3006.0: rewarded_video: ParallelRequestStrategy peek platform: null
11-06 12:02:14.993 15599-15720/? I/AdsSdk_3006.0: rewarded_video peek, 根据bidding_list配置排序开始
11-06 12:02:14.993 15599-15720/? D/AdsSdk_3006.0: Adapter: REWARDVIDEO tapjoy_video isValid: true
11-06 12:02:14.993 15599-15720/? I/AdsSdk_3006.0: rewarded_video peek, 根据bidding_list结果排序成功
11-06 12:02:14.994 15599-15869/? I/AdsSdk_3006.0: rewarded_video: fillup is called
11-06 12:02:14.997 15599-15720/? I/AdsSdk_3006.0: UPRewardVideoWrapper peek成功， 联盟: tapjoy
11-06 12:02:14.998 15599-15869/? I/AdsSdk_3006.0: rewarded_video: only_wifi：false，netType: wifi
11-06 12:02:14.998 15599-15720/? D/AdsSdk_3006.0: Adapter: REWARDVIDEO tapjoy_video isValid: true
11-06 12:02:14.998 15599-15869/? W/AdsSdk_3006.0: rewarded_video: fillup too frequently, return
11-06 12:02:14.998 15599-15720/? I/AdsSdk_3006.0: rewarded_video开始判断是否达到显示条件
11-06 12:02:14.998 15599-15720/? I/AdsSdk_3006.0: TriggerParam mShowCount is 2 mDailyShowTimes is 50
11-06 12:02:14.998 15599-15720/? I/AdsSdk_3006.0: TriggerHelper canShow return: true
11-06 12:02:14.998 15599-15720/? I/AdsSdk_3006.0: cplog: 视频广告 isReady return true
11-06 12:02:14.998 15599-15720/? I/AdsSdk_3006.0: Reward ===>showReward show() : aaa
11-06 12:02:14.998 15599-15720/? I/AdsSdk_3006.0: UPRewardVideoWrapper 传入的广告位: aaa
11-06 12:02:14.998 15599-15599/? I/AdsSdk_3006.0: UPRewardVideoWrapper: show_ad is true
11-06 12:02:14.999 15599-15599/? I/AdsSdk_3006.0: TriggerParam mShowCount is 2
11-06 12:02:14.999 15599-15599/? I/AdsSdk_3006.0: TriggerParam platform is null
11-06 12:02:14.999 15599-15599/? I/AdsSdk_3006.0: UPRewardVideoWrapper show_order配置的展示联盟：null
11-06 12:02:14.999 15599-15599/? I/AdsSdk_3006.0: UPRewardVideoWrapper peek
11-06 12:02:14.999 15599-15599/? I/AdsSdk_3006.0: rewarded_video: ParallelRequestStrategy peek platform: null
11-06 12:02:14.999 15599-15599/? I/AdsSdk_3006.0: rewarded_video peek, 根据bidding_list配置排序开始
11-06 12:02:14.999 15599-15599/? D/AdsSdk_3006.0: Adapter: REWARDVIDEO tapjoy_video isValid: true
11-06 12:02:14.999 15599-15599/? I/AdsSdk_3006.0: rewarded_video peek, 根据bidding_list结果排序成功
11-06 12:02:14.999 15599-15599/? I/AdsSdk_3006.0: UPRewardVideoWrapper peek成功， 联盟: tapjoy
11-06 12:02:14.999 15599-15599/? D/AdsSdk_3006.0: Adapter: REWARDVIDEO tapjoy_video isValid: true
11-06 12:02:14.999 15599-15599/? I/AdsSdk_3006.0: cplog: 视频广告 isReady return true
11-06 12:02:14.999 15599-15599/? I/AdsSdk_3006.0: cplog: 视频广告展示,联盟：tapjoy
11-06 12:02:15.000 15599-15599/? D/AdsSdk_3006.0: Adapter: REWARDVIDEO admob_reward_video isValid: true
11-06 12:02:15.000 15599-15599/? D/AdsSdk_3006.0: Adapter: REWARDVIDEO batmobi_15169_08173 isValid: true
11-06 12:02:15.001 15599-15599/? D/AdsSdk_3006.0: Adapter: REWARDVIDEO unity_rewardedVideo isValid: true
11-06 12:02:15.001 15599-15599/? D/AdsSdk_3006.0: Adapter: REWARDVIDEO chartboost_reward isValid: true
11-06 12:02:15.003 15599-15599/? D/AdsSdk_3006.0: Adapter: REWARDVIDEO ironsource_0 isValid: true
11-06 12:02:15.004 15599-15599/? D/AdsSdk_3006.0: Adapter: REWARDVIDEO tapjoy_video isValid: true
11-06 12:02:15.004 15599-15599/? D/AdsSdk_3006.0: Adapter: REWARDVIDEO youappi_test_rewarded_video_android isValid: true
11-06 12:02:15.014 15599-15599/? D/AdsSdk_3006.0: Adapter: REWARDVIDEO mobpower_21408 isValid: true
11-06 12:02:15.014 15599-15599/? I/AdsSdk_3006.0: UPRewardVideoWrapper: 加载成功联盟：ironsource|||mobpower|||tapjoy|||chartboost|||unity|||batmobi|||admob|||youappi
11-06 12:02:15.018 15599-15599/? I/<ALY Android>_3200: logEvent key: _NEW_RDA_SHOW, value: [{__req_id=5f4704a369bf5a4d4aaecc1a6b8b1a44, __gaid=5a862c88-d254-45bc-be40-20af7d04b1b9, __aff_info=%7B%22aff_name%22%3A%22tapjoy%22%2C%22app_key%22%3A%22cZd8BQhET7-C-jwQAkYdRgECUH4Bxvtye2FJV9TUG6wQpuhkrRfDuT-xx_ex%22%2C%22placement_id%22%3A%22video%22%2C%22app_id%22%3A%220%22%2C%22open_i_b%22%3A0%2C%22aff_ttl%22%3A1800%7D, __cp_ad_id=aaa, __ad_id=rewarded_video, __aff_ready=ironsource|||mobpower|||tapjoy|||chartboost|||unity|||batmobi|||admob|||youappi, __sdk_ver=3006, __open_id=819b078573e0b902b3b124d6d86b7b11, __pkg=roy.wan.foreign, __sub_ver=3006.0, __sta_token=315a7616e7264f4585ad8a8309b52ffd}]
11-06 12:02:15.026 15599-15599/? I/<ALY Android>_3200: logEvent key: _NEW_RDA_SHOW_RES, value: [{__req_id=5f4704a369bf5a4d4aaecc1a6b8b1a44, __gaid=5a862c88-d254-45bc-be40-20af7d04b1b9, __aff_info=%7B%22aff_name%22%3A%22tapjoy%22%2C%22app_key%22%3A%22cZd8BQhET7-C-jwQAkYdRgECUH4Bxvtye2FJV9TUG6wQpuhkrRfDuT-xx_ex%22%2C%22placement_id%22%3A%22video%22%2C%22app_id%22%3A%220%22%2C%22open_i_b%22%3A0%2C%22aff_ttl%22%3A1800%7D, __sdk_ver=3006, __res_type=4, __open_id=819b078573e0b902b3b124d6d86b7b11, __pkg=roy.wan.foreign, __sub_ver=3006.0, __sta_token=315a7616e7264f4585ad8a8309b52ffd}]
11-06 12:02:15.064 15599-15869/? D/AdsSdk_3006.0: Adapter: REWARDVIDEO tapjoy_video isValid: false
11-06 12:02:15.108 15599-15720/? I/AdsSdk_3006.0: banner ====>onApplicationFocus hasfocus: false
11-06 12:02:15.236 15599-15599/? I/AdsSdk_3006.0: UPRewardVideoWrapper onAdOpened
11-06 12:02:15.236 15599-15599/? I/AdsSdk_3006.0: PolyProxy ===>invokeUnitySendMessage :{"function":"reward_didopen","message":"RewardVideo Ad onVideoAdDisplayed()","cpadsid":"aaa"}
11-06 12:02:15.240 15599-15599/? I/<ALY Android>_3200: logEvent key: _NEW_RDA_SHOWOK, value: [{__req_id=5f4704a369bf5a4d4aaecc1a6b8b1a44, __gaid=5a862c88-d254-45bc-be40-20af7d04b1b9, __aff_info=%7B%22aff_name%22%3A%22tapjoy%22%2C%22app_key%22%3A%22cZd8BQhET7-C-jwQAkYdRgECUH4Bxvtye2FJV9TUG6wQpuhkrRfDuT-xx_ex%22%2C%22placement_id%22%3A%22video%22%2C%22app_id%22%3A%220%22%2C%22open_i_b%22%3A0%2C%22aff_ttl%22%3A1800%7D, __cp_ad_id=aaa, __ad_id=rewarded_video, __sdk_ver=3006, __open_id=819b078573e0b902b3b124d6d86b7b11, __pkg=roy.wan.foreign, __sub_ver=3006.0, __sta_token=315a7616e7264f4585ad8a8309b52ffd}]
11-06 12:02:46.046 15599-15720/? I/AdsSdk_3006.0: banner ====>onApplicationFocus hasfocus: true
11-06 12:02:46.046 15599-15720/? I/AdsSdk_3006.0: banner ====>topFrameLayout    is hide:false, visibility: -100
11-06 12:02:46.046 15599-15720/? I/AdsSdk_3006.0: banner ====>bottomFrameLayout is hide:false, visibility: -100
11-06 12:02:46.046 15599-15871/? D/AdsSdk_3006.0: -----------------------------------
11-06 12:02:46.046 15599-15871/? D/AdsSdk_3006.0: |   OnlineConfig reloadRunnable   |
11-06 12:02:46.046 15599-15871/? D/AdsSdk_3006.0: -----------------------------------
11-06 12:02:46.047 15599-15871/? I/AdsSdk_3006.0: ParallelRequestStrategy load is called: inter_ccc
11-06 12:02:46.047 15599-15871/? I/AdsSdk_3006.0: ParallelRequestStrategy load is called: inter_bbb
11-06 12:02:46.047 15599-15871/? I/AdsSdk_3006.0: ParallelRequestStrategy load is called: inter_ddd
11-06 12:02:46.047 15599-15871/? I/AdsSdk_3006.0: ParallelRequestStrategy load is called: inter_aaa
11-06 12:02:46.047 15599-15871/? I/AdsSdk_3006.0: ParallelRequestStrategy load is called: rewarded_video
11-06 12:02:46.047 15599-15869/? I/AdsSdk_3006.0: inter_ccc: fillup is called
11-06 12:02:46.053 15599-15869/? I/AdsSdk_3006.0: inter_ccc: only_wifi：false，netType: wifi
11-06 12:02:46.053 15599-15869/? I/AdsSdk_3006.0: inter_bbb: fillup is called
11-06 12:02:46.053 15599-15937/? I/AdsSdk_3006.0: inter_ccc: 开始请求联盟广告，位于加载队列中的联盟数: 7
11-06 12:02:46.054 15599-15937/? D/AdsSdk_3006.0: inter_ccc: AffInfo is: {"aff_name":"admob_reward_interstitial","ad_unit_id":"ca-app-pub-9986066456792135\/7291450607","open_i_b":0,"aff_ttl":1800}
11-06 12:02:46.054 15599-15937/? D/AdsSdk_3006.0: Adapter: REWARDVIDEO admob_reward_video isValid: true
11-06 12:02:46.055 15599-15937/? W/AdsSdk_3006.0: LoadManager admob_reward_video: 此联盟在loaded队列中, return
11-06 12:02:46.055 15599-15937/? D/AdsSdk_3006.0: inter_ccc: LoadCallback: admob_reward_video onLoaded，加载成功
11-06 12:02:46.055 15599-15870/? D/AdsSdk_3006.0: REWARDVIDEO admob launchAdCheckEvent is called 
11-06 12:02:46.056 15599-15870/? I/AdsSdk_3006.0: REWARDVIDEO admob launchAdCheckEvent nm is ad01 request_id is 7a88b0f83b8e9d343196ff73bf6ec500
11-06 12:02:46.057 15599-15937/? D/AdsSdk_3006.0: inter_ccc: AffInfo is: {"aff_name":"fb_reward_interstitial","aff_key":"783955231747423_1064291897047087","open_i_b":0,"aff_ttl":1800}
11-06 12:02:46.057 15599-15937/? D/AdsSdk_3006.0: Adapter: REWARDVIDEO facebook_rd_783955231747423_1064291897047087 isValid: false
11-06 12:02:46.057 15599-15937/? W/AdsSdk_3006.0: LoadManager facebook_rd_783955231747423_1064291897047087: 此联盟在loading队列中, return
11-06 12:02:46.060 15599-15869/? I/AdsSdk_3006.0: inter_bbb: only_wifi：false，netType: wifi
11-06 12:02:46.060 15599-15869/? I/AdsSdk_3006.0: inter_ddd: fillup is called
11-06 12:02:46.061 15599-15937/? D/AdsSdk_3006.0: inter_ccc: AffInfo is: {"aff_name":"ironsource_reward_interstitial","app_key":"6646564d","open_i_b":0,"aff_ttl":1800,"placement_id":"0"}
11-06 12:02:46.061 15599-15940/? I/AdsSdk_3006.0: inter_bbb: 开始请求联盟广告，位于加载队列中的联盟数: 6
11-06 12:02:46.061 15599-15937/? D/AdsSdk_3006.0: Adapter: REWARDVIDEO ironsource_0 isValid: true
11-06 12:02:46.061 15599-15937/? W/AdsSdk_3006.0: LoadManager ironsource_0: 此联盟在loaded队列中, return
11-06 12:02:46.061 15599-15937/? D/AdsSdk_3006.0: inter_ccc: LoadCallback: ironsource_0 onLoaded，加载成功
11-06 12:02:46.061 15599-15940/? D/AdsSdk_3006.0: inter_bbb: AffInfo is: {"aff_name":"admob","aff_key":"ca-app-pub-5127982408256037\/3250192874","open_i_b":0,"aff_ttl":1800}
11-06 12:02:46.061 15599-15940/? D/AdsSdk_3006.0: Adapter: INTERSTITIAL admob_ca-app-pub-5127982408256037/3250192874 isValid: true
11-06 12:02:46.061 15599-15940/? W/AdsSdk_3006.0: LoadManager admob_ca-app-pub-5127982408256037/3250192874: 此联盟在loaded队列中, return
11-06 12:02:46.062 15599-15871/? D/AdsSdk_3006.0: REWARDVIDEO ironsource launchAdCheckEvent is called 
11-06 12:02:46.062 15599-15940/? D/AdsSdk_3006.0: inter_bbb: LoadCallback: admob_ca-app-pub-5127982408256037/3250192874 onLoaded，加载成功
11-06 12:02:46.062 15599-15870/? D/AdsSdk_3006.0: INTERSTITIAL admob launchAdCheckEvent is called 
11-06 12:02:46.062 15599-15871/? D/AdsSdk_3006.0: REWARDVIDEO ironsource launchAdCheckEvent nm is null, S3 don't need upload
11-06 12:02:46.063 15599-15937/? D/AdsSdk_3006.0: inter_ccc: AffInfo is: {"aff_name":"youappi_reward_interstitial","app_id":"821cfa77-3127-42b5-9e6b-0afcecf77c67","placement_id":"test_interstitial_video_android","open_i_b":0,"aff_ttl":1800}
11-06 12:02:46.063 15599-15937/? D/AdsSdk_3006.0: Youlan jars has be not improved, check please
11-06 12:02:46.063 15599-15937/? D/AdsSdk_3006.0: Adapter: INTERSTITIAL youappi_reward_interstitial_test_interstitial_video_android isValid: false
11-06 12:02:46.064 15599-15937/? D/AdsSdk_3006.0: Youlan jars has be not improved, check please
11-06 12:02:46.064 15599-15937/? D/AdsSdk_3006.0: Adapter: INTERSTITIAL youappi_reward_interstitial_test_interstitial_video_android isValid: false
11-06 12:02:46.064 15599-15937/? D/AdsSdk_3006.0: LoadManager youappi_reward_interstitial_test_interstitial_video_android: load开始
11-06 12:02:46.066 15599-15940/? D/AdsSdk_3006.0: inter_bbb: AffInfo is: {"aff_name":"facebook","aff_key":"475008772706594_478168072390664","open_i_b":0,"aff_ttl":1800}
11-06 12:02:46.066 15599-15940/? D/AdsSdk_3006.0: Adapter: INTERSTITIAL facebook_475008772706594_478168072390664 isValid: false
11-06 12:02:46.066 15599-15940/? D/AdsSdk_3006.0: LoadManager facebook_475008772706594_478168072390664: load开始
11-06 12:02:46.068 15599-15869/? I/AdsSdk_3006.0: inter_ddd: only_wifi：false，netType: wifi
11-06 12:02:46.068 15599-15869/? I/AdsSdk_3006.0: inter_aaa: fillup is called
11-06 12:02:46.068 15599-15938/? I/AdsSdk_3006.0: inter_ddd: 开始请求联盟广告，位于加载队列中的联盟数: 6
11-06 12:02:46.071 15599-15938/? D/AdsSdk_3006.0: inter_ddd: AffInfo is: {"aff_name":"chartboost","app_id":"5abf29a20b104d0bca794a81","location":"Interstitial_GameStart","app_sign":"f83175c96c9b34b2d11c43aeccf1f593d6d7de44","open_i_b":0,"aff_ttl":1800}
11-06 12:02:46.071 15599-15938/? D/AdsSdk_3006.0: Adapter: INTERSTITIAL chartboost_Interstitial_GameStart isValid: false
11-06 12:02:46.071 15599-15938/? D/AdsSdk_3006.0: LoadManager chartboost_Interstitial_GameStart: load开始
11-06 12:02:46.073 15599-15940/? I/<ALY Android>_3200: logEvent key: _NEW_IL_LOAD, value: [{__gaid=5a862c88-d254-45bc-be40-20af7d04b1b9, __aff_info=%7B%22aff_name%22%3A%22facebook%22%2C%22aff_key%22%3A%22475008772706594_478168072390664%22%2C%22open_i_b%22%3A0%2C%22aff_ttl%22%3A1800%7D, __ad_id=inter_bbb, __sdk_ver=3006, __open_id=819b078573e0b902b3b124d6d86b7b11, __pkg=roy.wan.foreign, __sub_ver=3006.0, __sta_token=315a7616e7264f4585ad8a8309b52ffd}]
11-06 12:02:46.076 15599-15938/? I/<ALY Android>_3200: logEvent key: _NEW_IL_LOAD, value: [{__gaid=5a862c88-d254-45bc-be40-20af7d04b1b9, __aff_info=%7B%22aff_name%22%3A%22chartboost%22%2C%22app_id%22%3A%225abf29a20b104d0bca794a81%22%2C%22location%22%3A%22Interstitial_GameStart%22%2C%22app_sign%22%3A%22f83175c96c9b34b2d11c43aeccf1f593d6d7de44%22%2C%22open_i_b%22%3A0%2C%22aff_ttl%22%3A1800%7D, __ad_id=inter_ddd, __sdk_ver=3006, __open_id=819b078573e0b902b3b124d6d86b7b11, __pkg=roy.wan.foreign, __sub_ver=3006.0, __sta_token=315a7616e7264f4585ad8a8309b52ffd}]
11-06 12:02:46.078 15599-15940/? W/AdsSdk_3006.0: FacebookInterstitialAdapter 在等待bidding结果
11-06 12:02:46.080 15599-15938/? D/AdsSdk_3006.0: inter_ddd: AffInfo is: {"aff_name":"adcolony","app_id":"app6b5beb4c1e094811b4","zone_id":"vz33e7556f45514d4e85","open_i_b":0,"aff_ttl":1800,"adcolony_ids":"vz6e94afe0a6f643719d,vz33e7556f45514d4e85"}
11-06 12:02:46.080 15599-15938/? D/AdsSdk_3006.0: Adapter: REWARDVIDEO adcolony_vz33e7556f45514d4e85 isValid: true
11-06 12:02:46.080 15599-15938/? W/AdsSdk_3006.0: LoadManager adcolony_vz33e7556f45514d4e85: 此联盟在loaded队列中, return
11-06 12:02:46.080 15599-15938/? D/AdsSdk_3006.0: inter_ddd: LoadCallback: adcolony_vz33e7556f45514d4e85 onLoaded，加载成功
11-06 12:02:46.080 15599-15870/? D/AdsSdk_3006.0: REWARDVIDEO adcolony launchAdCheckEvent is called 
11-06 12:02:46.081 15599-15870/? I/AdsSdk_3006.0: REWARDVIDEO adcolony launchAdCheckEvent nm is ad03 request_id is 10305f73848bf2e2324aceb0f4f35c0d
11-06 12:02:46.083 15599-15869/? I/AdsSdk_3006.0: inter_aaa: only_wifi：false，netType: wifi
11-06 12:02:46.083 15599-15869/? I/AdsSdk_3006.0: rewarded_video: fillup is called
11-06 12:02:46.083 15599-15940/? D/AdsSdk_3006.0: inter_bbb: AffInfo is: {"aff_name":"gdt","aff_key":"0","app_id":"1101152570","placement_id":"8575134060152130849","open_i_b":0,"aff_ttl":1800}
11-06 12:02:46.084 15599-15937/? I/<ALY Android>_3200: logEvent key: _NEW_IL_LOAD, value: [{__gaid=5a862c88-d254-45bc-be40-20af7d04b1b9, __aff_info=%7B%22aff_name%22%3A%22youappi_reward_interstitial%22%2C%22app_id%22%3A%22821cfa77-3127-42b5-9e6b-0afcecf77c67%22%2C%22placement_id%22%3A%22test_interstitial_video_android%22%2C%22open_i_b%22%3A0%2C%22aff_ttl%22%3A1800%7D, __ad_id=inter_ccc, __sdk_ver=3006, __open_id=819b078573e0b902b3b124d6d86b7b11, __pkg=roy.wan.foreign, __sub_ver=3006.0, __sta_token=315a7616e7264f4585ad8a8309b52ffd}]
11-06 12:02:46.084 15599-15940/? D/AdsSdk_3006.0: GDT ads jars has be not improved, check please
11-06 12:02:46.084 15599-15940/? W/AdsSdk_3006.0: LoadManager AdapterFactory return null with: gdt
11-06 12:02:46.084 15599-15941/? I/AdsSdk_3006.0: inter_aaa: 开始请求联盟广告，位于加载队列中的联盟数: 8
11-06 12:02:46.086 15599-16336/? I/<ALY Android>_3200: logEvent key: _NEW_RDA_CA_ACTION, value: [{__req_id=7a88b0f83b8e9d343196ff73bf6ec500, __gaid=5a862c88-d254-45bc-be40-20af7d04b1b9, __call_ver=1.0.7, __sdk_ver=3006, __aff_name=ad01, __open_id=819b078573e0b902b3b124d6d86b7b11, __pkg=roy.wan.foreign, __aff_ver=12451000, __sub_ver=3006.0, __sta_token=315a7616e7264f4585ad8a8309b52ffd, __status=0}]
11-06 12:02:46.086 15599-15941/? D/AdsSdk_3006.0: inter_aaa: AffInfo is: {"aff_name":"batmobi","app_key":"T4E7MU69AU3R7JHUHSW5JYAJ","placement_id":"15169_04868","open_i_b":0,"aff_ttl":1800}
11-06 12:02:46.086 15599-15941/? D/AdsSdk_3006.0: Adapter: INTERSTITIAL batmobi_15169_04868 isValid: true
11-06 12:02:46.086 15599-15941/? W/AdsSdk_3006.0: LoadManager batmobi_15169_04868: 此联盟在loaded队列中, return
11-06 12:02:46.087 15599-15941/? D/AdsSdk_3006.0: inter_aaa: LoadCallback: batmobi_15169_04868 onLoaded，加载成功
11-06 12:02:46.087 15599-15871/? D/AdsSdk_3006.0: INTERSTITIAL batmobi launchAdCheckEvent is called 
11-06 12:02:46.087 15599-15871/? D/AdsSdk_3006.0: INTERSTITIAL batmobi launchAdCheckEvent nm is null, S3 don't need upload
11-06 12:02:46.088 15599-15937/? D/AdsSdk_3006.0: inter_ccc: AffInfo is: {"aff_name":"tapjoy","app_key":"cZd8BQhET7-C-jwQAkYdRgECUH4Bxvtye2FJV9TUG6wQpuhkrRfDuT-xx_ex","placement_id":"inter2","app_id":"0","open_i_b":0,"aff_ttl":1800}
11-06 12:02:46.088 15599-15937/? D/AdsSdk_3006.0: Adapter: REWARDVIDEO tapjoy_inter2 isValid: false
11-06 12:02:46.088 15599-15937/? D/AdsSdk_3006.0: LoadManager tapjoy_inter2: load开始
11-06 12:02:46.088 15599-15941/? D/AdsSdk_3006.0: inter_aaa: AffInfo is: {"aff_name":"ironsource","app_key":"6646564d","open_i_b":0,"aff_ttl":1800,"placement_id":"0"}
11-06 12:02:46.088 15599-15941/? D/AdsSdk_3006.0: Adapter: INTERSTITIAL ironsource_i_0 isValid: true
11-06 12:02:46.088 15599-15941/? W/AdsSdk_3006.0: LoadManager ironsource_i_0: 此联盟在loaded队列中, return
11-06 12:02:46.088 15599-15941/? D/AdsSdk_3006.0: inter_aaa: LoadCallback: ironsource_i_0 onLoaded，加载成功
11-06 12:02:46.090 15599-15869/? I/AdsSdk_3006.0: rewarded_video: only_wifi：false，netType: wifi
11-06 12:02:46.090 15599-15869/? W/AdsSdk_3006.0: rewarded_video: fillup too frequently, return
11-06 12:02:46.091 15599-15941/? D/AdsSdk_3006.0: inter_aaa: AffInfo is: {"aff_name":"mobvista","app_id":"90146","aff_key":"23d44b35a1b60f20f12f92498b00de9d","ad_unit_id":"18188","reward_id":"13238","open_i_b":0,"aff_ttl":1800}
11-06 12:02:46.091 15599-15941/? D/AdsSdk_3006.0: Adapter: REWARDVIDEO mobvista_18188 isValid: false
11-06 12:02:46.091 15599-15941/? D/AdsSdk_3006.0: LoadManager mobvista_18188: load开始
11-06 12:02:46.091 15599-15870/? D/AdsSdk_3006.0: INTERSTITIAL ironsource launchAdCheckEvent is called 
11-06 12:02:46.092 15599-15870/? D/AdsSdk_3006.0: INTERSTITIAL ironsource launchAdCheckEvent nm is null, S3 don't need upload
11-06 12:02:46.092 15599-15937/? I/<ALY Android>_3200: logEvent key: _NEW_IL_LOAD, value: [{__gaid=5a862c88-d254-45bc-be40-20af7d04b1b9, __aff_info=%7B%22aff_name%22%3A%22tapjoy%22%2C%22app_key%22%3A%22cZd8BQhET7-C-jwQAkYdRgECUH4Bxvtye2FJV9TUG6wQpuhkrRfDuT-xx_ex%22%2C%22placement_id%22%3A%22inter2%22%2C%22app_id%22%3A%220%22%2C%22open_i_b%22%3A0%2C%22aff_ttl%22%3A1800%7D, __ad_id=inter_ccc, __sdk_ver=3006, __open_id=819b078573e0b902b3b124d6d86b7b11, __pkg=roy.wan.foreign, __sub_ver=3006.0, __sta_token=315a7616e7264f4585ad8a8309b52ffd}]
11-06 12:02:46.092 15599-15940/? D/AdsSdk_3006.0: inter_bbb: AffInfo is: {"aff_name":"inmobi","aff_key":"0","placement_id":"1520620119259","account_id":"0275a1acb055469f998f00270256929a","open_i_b":0,"aff_ttl":1800}
11-06 12:02:46.097 15599-15940/? D/AdsSdk_3006.0: Inmobi ads jars has be not improved, check please
11-06 12:02:46.097 15599-15940/? W/AdsSdk_3006.0: LoadManager AdapterFactory return null with: inmobi
11-06 12:02:46.098 15599-15940/? D/AdsSdk_3006.0: inter_bbb: AffInfo is: {"aff_name":"youappi","app_id":"821cfa77-3127-42b5-9e6b-0afcecf77c67","placement_id":"test_interstitial_ad_android","open_i_b":0,"aff_ttl":1800}
11-06 12:02:46.098 15599-15940/? D/AdsSdk_3006.0: Adapter: INTERSTITIAL youappi_test_interstitial_ad_android isValid: true
11-06 12:02:46.098 15599-15940/? W/AdsSdk_3006.0: LoadManager youappi_test_interstitial_ad_android: 此联盟在loaded队列中, return
11-06 12:02:46.098 15599-15940/? D/AdsSdk_3006.0: inter_bbb: LoadCallback: youappi_test_interstitial_ad_android onLoaded，加载成功
11-06 12:02:46.099 15599-15871/? D/AdsSdk_3006.0: INTERSTITIAL youappi launchAdCheckEvent is called 
11-06 12:02:46.099 15599-15871/? D/AdsSdk_3006.0: INTERSTITIAL youappi launchAdCheckEvent nm is null, S3 don't need upload
11-06 12:02:46.099 15599-15940/? D/AdsSdk_3006.0: inter_bbb: AffInfo is: {"aff_name":"amazon","app_key":"sample-app-v1_pub-2","open_i_b":0,"aff_ttl":1800}
11-06 12:02:46.099 15599-15940/? D/AdsSdk_3006.0: Adapter: INTERSTITIAL amazon isValid: false
11-06 12:02:46.099 15599-15940/? D/AdsSdk_3006.0: LoadManager amazon: load开始
11-06 12:02:46.100 15599-15941/? I/<ALY Android>_3200: logEvent key: _NEW_IL_LOAD, value: [{__gaid=5a862c88-d254-45bc-be40-20af7d04b1b9, __aff_info=%7B%22aff_name%22%3A%22mobvista%22%2C%22app_id%22%3A%2290146%22%2C%22aff_key%22%3A%2223d44b35a1b60f20f12f92498b00de9d%22%2C%22ad_unit_id%22%3A%2218188%22%2C%22reward_id%22%3A%2213238%22%2C%22open_i_b%22%3A0%2C%22aff_ttl%22%3A1800%7D, __ad_id=inter_aaa, __sdk_ver=3006, __open_id=819b078573e0b902b3b124d6d86b7b11, __pkg=roy.wan.foreign, __sub_ver=3006.0, __sta_token=315a7616e7264f4585ad8a8309b52ffd}]
11-06 12:02:46.106 15599-15938/? D/AdsSdk_3006.0: inter_ddd: AffInfo is: {"aff_name":"appnext","placement_id":"cc6e96d0-1407-4703-a132-a19566cc2fdf","open_i_b":0,"aff_ttl":1800}
11-06 12:02:46.106 15599-15938/? D/AdsSdk_3006.0: Adapter: REWARDVIDEO appnext_cc6e96d0-1407-4703-a132-a19566cc2fdf isValid: false
11-06 12:02:46.106 15599-15938/? D/AdsSdk_3006.0: LoadManager appnext_cc6e96d0-1407-4703-a132-a19566cc2fdf: load开始
11-06 12:02:46.106 15599-16336/? W/AdsSdk_3006.0: rewarded_video callAuction fail: platform: admob requestId: 7a88b0f83b8e9d343196ff73bf6ec500
11-06 12:02:46.106 15599-16336/? W/AdsSdk_3006.0: inter_ccc callAuction fail: platform: admob requestId: 7a88b0f83b8e9d343196ff73bf6ec500
11-06 12:02:46.107 15599-15940/? I/<ALY Android>_3200: logEvent key: _NEW_IL_LOAD, value: [{__gaid=5a862c88-d254-45bc-be40-20af7d04b1b9, __aff_info=%7B%22aff_name%22%3A%22amazon%22%2C%22app_key%22%3A%22sample-app-v1_pub-2%22%2C%22open_i_b%22%3A0%2C%22aff_ttl%22%3A1800%7D, __ad_id=inter_bbb, __sdk_ver=3006, __open_id=819b078573e0b902b3b124d6d86b7b11, __pkg=roy.wan.foreign, __sub_ver=3006.0, __sta_token=315a7616e7264f4585ad8a8309b52ffd}]
11-06 12:02:46.108 15599-15941/? D/AdsSdk_3006.0: inter_aaa: AffInfo is: {"aff_name":"unity","aff_key":"2875056","placement_id":"video","open_i_b":0,"aff_ttl":1800}
11-06 12:02:46.109 15599-15941/? D/AdsSdk_3006.0: Adapter: REWARDVIDEO unity_video isValid: false
11-06 12:02:46.109 15599-15941/? D/AdsSdk_3006.0: LoadManager unity_video: load开始
11-06 12:02:46.110 15599-15938/? I/<ALY Android>_3200: logEvent key: _NEW_IL_LOAD, value: [{__gaid=5a862c88-d254-45bc-be40-20af7d04b1b9, __aff_info=%7B%22aff_name%22%3A%22appnext%22%2C%22placement_id%22%3A%22cc6e96d0-1407-4703-a132-a19566cc2fdf%22%2C%22open_i_b%22%3A0%2C%22aff_ttl%22%3A1800%7D, __ad_id=inter_ddd, __sdk_ver=3006, __open_id=819b078573e0b902b3b124d6d86b7b11, __pkg=roy.wan.foreign, __sub_ver=3006.0, __sta_token=315a7616e7264f4585ad8a8309b52ffd}]
11-06 12:02:46.128 15599-15941/? I/<ALY Android>_3200: logEvent key: _NEW_IL_LOAD, value: [{__gaid=5a862c88-d254-45bc-be40-20af7d04b1b9, __aff_info=%7B%22aff_name%22%3A%22unity%22%2C%22aff_key%22%3A%222875056%22%2C%22placement_id%22%3A%22video%22%2C%22open_i_b%22%3A0%2C%22aff_ttl%22%3A1800%7D, __ad_id=inter_aaa, __sdk_ver=3006, __open_id=819b078573e0b902b3b124d6d86b7b11, __pkg=roy.wan.foreign, __sub_ver=3006.0, __sta_token=315a7616e7264f4585ad8a8309b52ffd}]
11-06 12:02:46.129 15599-15938/? D/AdsSdk_3006.0: inter_ddd: AffInfo is: {"aff_name":"maio","media_id":"m70b03b602d11c30d84a9026c773f49ed","zone_id":"z8eb253dc4786bd2bc1fa8cef1397d3c4","open_i_b":0,"aff_ttl":1800}
11-06 12:02:46.130 15599-15938/? D/AdsSdk_3006.0: Maio ads jars has be not improved, check please
11-06 12:02:46.130 15599-15938/? W/AdsSdk_3006.0: LoadManager AdapterFactory return null with: maio
11-06 12:02:46.135 15599-15938/? D/AdsSdk_3006.0: inter_ddd: AffInfo is: {"aff_name":"oneway","publisher_id":"ugxu0e3ndj4densm","placement_id":"1","open_i_b":0,"aff_ttl":1800}
11-06 12:02:46.136 15599-15938/? D/AdsSdk_3006.0: Oneway ads jars has be not improved, check please
11-06 12:02:46.136 15599-15938/? W/AdsSdk_3006.0: LoadManager AdapterFactory return null with: oneway
11-06 12:02:46.140 15599-15938/? D/AdsSdk_3006.0: inter_ddd: AffInfo is: {"aff_name":"toutiao","app_id":"5001121","slot_id":"901121417","open_i_b":0,"aff_ttl":1800}
11-06 12:02:46.140 15599-15941/? I/AdsSdk_3006.0: LoadManager LoadCallback: unity_video onLoaded，加载成功
11-06 12:02:46.141 15599-15938/? D/AdsSdk_3006.0: Toutiao jars has be not improved, check please
11-06 12:02:46.141 15599-15938/? W/AdsSdk_3006.0: LoadManager AdapterFactory return null with: toutiao
11-06 12:02:46.149 15599-15937/? D/AdsSdk_3006.0: inter_ccc: AffInfo is: {"aff_name":"applovin","placement_id":"0","sdk_key":"BLZ3nWD4mwe_7TFhC7kqaUqZMz32l9nxVL-GtCKc6-cEWsxizeXT8L7UJAX2KJ-qey4W9P7FNkUvaPcT295AUD","zone_id":"92ec4538b2029e4d","open_i_b":0,"aff_ttl":1800}
11-06 12:02:46.149 15599-15937/? D/AdsSdk_3006.0: Adapter: INTERSTITIAL applovin_92ec4538b2029e4d isValid: true
11-06 12:02:46.149 15599-15937/? W/AdsSdk_3006.0: LoadManager applovin_92ec4538b2029e4d: 此联盟在loaded队列中, return
11-06 12:02:46.149 15599-15937/? D/AdsSdk_3006.0: inter_ccc: LoadCallback: applovin_92ec4538b2029e4d onLoaded，加载成功
11-06 12:02:46.149 15599-15870/? D/AdsSdk_3006.0: INTERSTITIAL applovin launchAdCheckEvent is called 
11-06 12:02:46.151 15599-15870/? I/AdsSdk_3006.0: INTERSTITIAL applovin launchAdCheckEvent nm is ad07 request_id is 281582565c66cc7f9ebcbd22aeba8368
11-06 12:02:46.154 15599-15937/? D/AdsSdk_3006.0: inter_ccc: AffInfo is: {"aff_name":"batmobi","app_key":"T4E7MU69AU3R7JHUHSW5JYAJ","placement_id":"15169_04868","open_i_b":0,"aff_ttl":1800}
11-06 12:02:46.154 15599-15937/? D/AdsSdk_3006.0: Adapter: INTERSTITIAL batmobi_15169_04868 isValid: true
11-06 12:02:46.154 15599-15937/? W/AdsSdk_3006.0: LoadManager batmobi_15169_04868: 此联盟在loaded队列中, return
11-06 12:02:46.154 15599-15937/? D/AdsSdk_3006.0: inter_ccc: LoadCallback: batmobi_15169_04868 onLoaded，加载成功
11-06 12:02:46.154 15599-15871/? D/AdsSdk_3006.0: INTERSTITIAL batmobi launchAdCheckEvent is called 
11-06 12:02:46.155 15599-15871/? D/AdsSdk_3006.0: INTERSTITIAL batmobi launchAdCheckEvent nm is null, S3 don't need upload
11-06 12:02:46.157 15599-15941/? I/<ALY Android>_3200: logEvent key: _NEW_IL_LOADOK, value: [{__req_id=48f02ce3098aea644fc2aaea58ae35e6, __gaid=5a862c88-d254-45bc-be40-20af7d04b1b9, __aff_info=%7B%22aff_name%22%3A%22unity%22%2C%22aff_key%22%3A%222875056%22%2C%22placement_id%22%3A%22video%22%2C%22open_i_b%22%3A0%2C%22aff_ttl%22%3A1800%7D, __ad_id=inter_aaa, __sdk_ver=3006, __open_id=819b078573e0b902b3b124d6d86b7b11, __pkg=roy.wan.foreign, __sub_ver=3006.0, __sta_token=315a7616e7264f4585ad8a8309b52ffd}]
11-06 12:02:46.161 15599-15941/? D/AdsSdk_3006.0: inter_aaa: AffInfo is: {"aff_name":"vungle","app_id":"58c23edde5ffdf116e0000b4","placement_id":"INTERST54803","open_i_b":0,"aff_ttl":1800,"vungle_ids":"INTERST54803"}
11-06 12:02:46.164 15599-15941/? D/AdsSdk_3006.0: Adapter: REWARDVIDEO vungle_INTERST54803 isValid: true
11-06 12:02:46.164 15599-15941/? W/AdsSdk_3006.0: LoadManager vungle_INTERST54803: 此联盟在loaded队列中, return
11-06 12:02:46.166 15599-15941/? D/AdsSdk_3006.0: inter_aaa: LoadCallback: vungle_INTERST54803 onLoaded，加载成功
11-06 12:02:46.166 15599-15871/? D/AdsSdk_3006.0: REWARDVIDEO vungle launchAdCheckEvent is called 
11-06 12:02:46.172 15599-16236/? I/<ALY Android>_3200: logEvent key: _NEW_IL_CA_ACTION, value: [{__req_id=281582565c66cc7f9ebcbd22aeba8368, __gaid=5a862c88-d254-45bc-be40-20af7d04b1b9, __call_ver=1.0.7, __sdk_ver=3006, __aff_name=ad07, __open_id=819b078573e0b902b3b124d6d86b7b11, __pkg=roy.wan.foreign, __aff_ver=8.0.1, __sub_ver=3006.0, __sta_token=315a7616e7264f4585ad8a8309b52ffd, __status=0}]
11-06 12:02:46.178 15599-15941/? D/AdsSdk_3006.0: inter_aaa: AffInfo is: {"aff_name":"vk","aff_key":"149843","placement_id":"0","open_i_b":0,"aff_ttl":1800}
11-06 12:02:46.179 15599-15941/? D/AdsSdk_3006.0: VK ads jars has be not improved, check please
11-06 12:02:46.179 15599-15941/? W/AdsSdk_3006.0: LoadManager AdapterFactory return null with: vk
11-06 12:02:46.180 15599-15941/? D/AdsSdk_3006.0: inter_aaa: AffInfo is: {"aff_name":"dap","app_key":{"video":[{"pid":"159906"}],"native":[{"pid":"159905"}]},"app_id":"d82d47d900ea6d71e30772fd70d642af","placement_id":"159905","open_i_b":0,"aff_ttl":1800}
11-06 12:02:46.180 15599-15941/? D/AdsSdk_3006.0: Adapter: INTERSTITIAL dap_159905 isValid: false
11-06 12:02:46.181 15599-15941/? D/AdsSdk_3006.0: LoadManager dap_159905: load开始
11-06 12:02:46.197 15599-15941/? I/<ALY Android>_3200: logEvent key: _NEW_IL_LOAD, value: [{__gaid=5a862c88-d254-45bc-be40-20af7d04b1b9, __aff_info=%7B%22aff_name%22%3A%22dap%22%2C%22app_key%22%3A%7B%22video%22%3A%5B%7B%22pid%22%3A%22159906%22%7D%5D%2C%22native%22%3A%5B%7B%22pid%22%3A%22159905%22%7D%5D%7D%2C%22app_id%22%3A%22d82d47d900ea6d71e30772fd70d642af%22%2C%22placement_id%22%3A%22159905%22%2C%22open_i_b%22%3A0%2C%22aff_ttl%22%3A1800%7D, __ad_id=inter_aaa, __sdk_ver=3006, __open_id=819b078573e0b902b3b124d6d86b7b11, __pkg=roy.wan.foreign, __sub_ver=3006.0, __sta_token=315a7616e7264f4585ad8a8309b52ffd}]
11-06 12:02:46.217 15599-15941/? D/AdsSdk_3006.0: inter_aaa: AffInfo is: {"aff_name":"nend","api_key":"a88c0bcaa2646c4ef8b2b656fd38d6785762f2ff","spot_id":"485520","open_i_b":0,"aff_ttl":1800}
11-06 12:02:46.220 15599-15941/? D/AdsSdk_3006.0: Nend ads jars has be not improved, check please
11-06 12:02:46.220 15599-15941/? W/AdsSdk_3006.0: LoadManager AdapterFactory return null with: nend
11-06 12:02:46.309 15599-15869/? D/AdsSdk_3006.0: inter_aaa: LoadCallback: unity_video onLoaded，加载成功
11-06 12:02:46.309 15599-15870/? D/AdsSdk_3006.0: REWARDVIDEO unity launchAdCheckEvent is called 
11-06 12:02:46.310 15599-15870/? I/AdsSdk_3006.0: REWARDVIDEO unity launchAdCheckEvent nm is ad08 request_id is 48f02ce3098aea644fc2aaea58ae35e6
11-06 12:02:46.319 15599-16306/? I/<ALY Android>_3200: logEvent key: _NEW_RDA_CA_ACTION, value: [{__req_id=48f02ce3098aea644fc2aaea58ae35e6, __gaid=5a862c88-d254-45bc-be40-20af7d04b1b9, __call_ver=1.0.7, __sdk_ver=3006, __aff_name=ad08, __open_id=819b078573e0b902b3b124d6d86b7b11, __pkg=roy.wan.foreign, __aff_ver=3.0.0, __sub_ver=3006.0, __sta_token=315a7616e7264f4585ad8a8309b52ffd, __status=0}]
11-06 12:02:46.322 15599-16306/? W/AdsSdk_3006.0: inter_aaa callAuction fail: platform: unity requestId: 48f02ce3098aea644fc2aaea58ae35e6
11-06 12:02:46.441 15599-15599/? I/AdsSdk_3006.0: UPRewardVideoWrapper onAdClosed
11-06 12:02:46.459 15599-15599/? I/AdsSdk_3006.0: UPRewardVideoWrapper 观看时间：31, 发奖励的最小观看时间：15
11-06 12:02:46.459 15599-15599/? I/AdsSdk_3006.0: UPRewardVideoWrapper 发奖励, 联盟：tapjoy
11-06 12:02:46.459 15599-15599/? I/AdsSdk_3006.0: PolyProxy ===>invokeUnitySendMessage :{"function":"reward_didgiven","message":"RewardVideo Ad onVideoAdReward()","cpadsid":"aaa"}
11-06 12:02:46.471 15599-15599/? I/<ALY Android>_3200: logEvent key: _NEW_RDA_REWARDOK, value: [{__req_id=5f4704a369bf5a4d4aaecc1a6b8b1a44, __gaid=5a862c88-d254-45bc-be40-20af7d04b1b9, __aff_info=%7B%22aff_name%22%3A%22tapjoy%22%2C%22app_key%22%3A%22cZd8BQhET7-C-jwQAkYdRgECUH4Bxvtye2FJV9TUG6wQpuhkrRfDuT-xx_ex%22%2C%22placement_id%22%3A%22video%22%2C%22app_id%22%3A%220%22%2C%22open_i_b%22%3A0%2C%22aff_ttl%22%3A1800%7D, __cp_ad_id=aaa, __ad_id=rewarded_video, __sdk_ver=3006, __open_id=819b078573e0b902b3b124d6d86b7b11, __pkg=roy.wan.foreign, __sub_ver=3006.0, __sta_token=315a7616e7264f4585ad8a8309b52ffd}]
11-06 12:02:46.472 15599-15599/? I/AdsSdk_3006.0: PolyProxy ===>invokeUnitySendMessage :{"function":"reward_didclose","message":"RewardVideo Ad onVideoAdClosed()","cpadsid":"aaa"}
11-06 12:02:46.479 15599-15599/? I/<ALY Android>_3200: logEvent key: _NEW_RDA_CLOSE, value: [{__req_id=5f4704a369bf5a4d4aaecc1a6b8b1a44, __gaid=5a862c88-d254-45bc-be40-20af7d04b1b9, __aff_info=%7B%22aff_name%22%3A%22tapjoy%22%2C%22app_key%22%3A%22cZd8BQhET7-C-jwQAkYdRgECUH4Bxvtye2FJV9TUG6wQpuhkrRfDuT-xx_ex%22%2C%22placement_id%22%3A%22video%22%2C%22app_id%22%3A%220%22%2C%22open_i_b%22%3A0%2C%22aff_ttl%22%3A1800%7D, __cp_ad_id=aaa, __ad_id=rewarded_video, __sdk_ver=3006, __open_id=819b078573e0b902b3b124d6d86b7b11, __pkg=roy.wan.foreign, __sub_ver=3006.0, __sta_token=315a7616e7264f4585ad8a8309b52ffd}]
11-06 12:02:46.964 15599-15599/? W/AdsSdk_3006.0: LoadManager LoadCallback: amazon onError，加载失败
                                                  message: AmazonInterstitialAdapter failed with code: NO_FILL message: Server Message: no results. Try again in 1 seconds
11-06 12:02:47.465 15599-15599/? W/AdsSdk_3006.0: LoadManager LoadCallback: appnext_cc6e96d0-1407-4703-a132-a19566cc2fdf onError，加载失败
                                                  message: AppNextRewardVideoAdapter failed with message: No video ads
11-06 12:02:47.931 15599-15599/? I/AdsSdk_3006.0: LoadManager LoadCallback: youappi_reward_interstitial_test_interstitial_video_android onLoaded，加载成功
11-06 12:02:47.935 15599-15599/? I/<ALY Android>_3200: logEvent key: _NEW_IL_LOADOK, value: [{__req_id=63e028aa4b9fef93b0e65deacb906193, __gaid=5a862c88-d254-45bc-be40-20af7d04b1b9, __aff_info=%7B%22aff_name%22%3A%22youappi_reward_interstitial%22%2C%22app_id%22%3A%22821cfa77-3127-42b5-9e6b-0afcecf77c67%22%2C%22placement_id%22%3A%22test_interstitial_video_android%22%2C%22open_i_b%22%3A0%2C%22aff_ttl%22%3A1800%7D, __ad_id=inter_ccc, __sdk_ver=3006, __open_id=819b078573e0b902b3b124d6d86b7b11, __pkg=roy.wan.foreign, __sub_ver=3006.0, __sta_token=315a7616e7264f4585ad8a8309b52ffd}]
11-06 12:02:48.088 15599-15869/? D/AdsSdk_3006.0: inter_ccc: LoadCallback: youappi_reward_interstitial_test_interstitial_video_android onLoaded，加载成功
11-06 12:02:48.089 15599-15871/? D/AdsSdk_3006.0: INTERSTITIAL youappi_reward_interstitial launchAdCheckEvent is called 
11-06 12:02:48.090 15599-15871/? D/AdsSdk_3006.0: INTERSTITIAL youappi_reward_interstitial launchAdCheckEvent nm is null, S3 don't need upload
11-06 12:02:48.562 15599-15599/? I/AdsSdk_3006.0: LoadManager LoadCallback: dap_159905 onLoaded，加载成功
11-06 12:02:48.571 15599-15599/? I/<ALY Android>_3200: logEvent key: _NEW_IL_LOADOK, value: [{__req_id=e7a6e54310ba03d8582caaf4a42704a9, __gaid=5a862c88-d254-45bc-be40-20af7d04b1b9, __aff_info=%7B%22aff_name%22%3A%22dap%22%2C%22app_key%22%3A%7B%22video%22%3A%5B%7B%22pid%22%3A%22159906%22%7D%5D%2C%22native%22%3A%5B%7B%22pid%22%3A%22159905%22%7D%5D%7D%2C%22app_id%22%3A%22d82d47d900ea6d71e30772fd70d642af%22%2C%22placement_id%22%3A%22159905%22%2C%22open_i_b%22%3A0%2C%22aff_ttl%22%3A1800%7D, __ad_id=inter_aaa, __sdk_ver=3006, __open_id=819b078573e0b902b3b124d6d86b7b11, __pkg=roy.wan.foreign, __sub_ver=3006.0, __sta_token=315a7616e7264f4585ad8a8309b52ffd}]
11-06 12:02:48.724 15599-15869/? D/AdsSdk_3006.0: inter_aaa: LoadCallback: dap_159905 onLoaded，加载成功
11-06 12:02:48.724 15599-15870/? D/AdsSdk_3006.0: INTERSTITIAL dap launchAdCheckEvent is called 
11-06 12:02:48.725 15599-15870/? D/AdsSdk_3006.0: INTERSTITIAL dap launchAdCheckEvent nm is null, S3 don't need upload
