11-06 12:02:49.772 15599-15869/? W/AdsSdk_3006.0: LoadManager dap_reward_video removeLoading timeout
11-06 12:02:50.092 15599-15869/? W/AdsSdk_3006.0: LoadManager facebook_rd_783955231747423_1064291897047087 removeLoading timeout
11-06 12:02:52.398 15599-16271/? I/AdsSdk_3006.0: LoadManager LoadCallback: tapjoy_inter2 onLoaded，加载成功
11-06 12:02:52.403 15599-16271/? I/<ALY Android>_3200: logEvent key: _NEW_IL_LOADOK, value: [{__req_id=7355e65e545279d1c470244ee1b98a09, __gaid=5a862c88-d254-45bc-be40-20af7d04b1b9, __aff_info=%7B%22aff_name%22%3A%22tapjoy%22%2C%22app_key%22%3A%22cZd8BQhET7-C-jwQAkYdRgECUH4Bxvtye2FJV9TUG6wQpuhkrRfDuT-xx_ex%22%2C%22placement_id%22%3A%22inter2%22%2C%22app_id%22%3A%220%22%2C%22open_i_b%22%3A0%2C%22aff_ttl%22%3A1800%7D, __ad_id=inter_ccc, __sdk_ver=3006, __open_id=819b078573e0b902b3b124d6d86b7b11, __pkg=roy.wan.foreign, __sub_ver=3006.0, __sta_token=315a7616e7264f4585ad8a8309b52ffd}]
11-06 12:02:52.556 15599-15869/? D/AdsSdk_3006.0: inter_ccc: LoadCallback: tapjoy_inter2 onLoaded，加载成功
11-06 12:02:52.556 15599-15871/? D/AdsSdk_3006.0: REWARDVIDEO tapjoy launchAdCheckEvent is called 
11-06 12:02:52.559 15599-15871/? D/AdsSdk_3006.0: REWARDVIDEO tapjoy launchAdCheckEvent nm is null, S3 don't need upload
11-06 12:02:54.020 15599-15720/? I/AdsSdk_3006.0: UPRewardVideoWrapper: show_ad is true
11-06 12:02:54.020 15599-15720/? I/AdsSdk_3006.0: TriggerParam mShowCount is 3
11-06 12:02:54.020 15599-15720/? I/AdsSdk_3006.0: TriggerParam platform is null
11-06 12:02:54.020 15599-15720/? I/AdsSdk_3006.0: UPRewardVideoWrapper show_order配置的展示联盟：null
11-06 12:02:54.020 15599-15720/? I/AdsSdk_3006.0: UPRewardVideoWrapper peek
11-06 12:02:54.020 15599-15720/? I/AdsSdk_3006.0: rewarded_video: ParallelRequestStrategy peek platform: null
11-06 12:02:54.021 15599-15720/? I/AdsSdk_3006.0: rewarded_video peek, 根据bidding_list配置排序开始
11-06 12:02:54.021 15599-15720/? D/AdsSdk_3006.0: Adapter: REWARDVIDEO tapjoy_video isValid: false
11-06 12:02:54.021 15599-15720/? D/AdsSdk_3006.0: Adapter: REWARDVIDEO chartboost_reward isValid: true
11-06 12:02:54.021 15599-15720/? I/AdsSdk_3006.0: rewarded_video peek, 根据bidding_list结果排序成功
11-06 12:02:54.021 15599-15720/? I/AdsSdk_3006.0: UPRewardVideoWrapper peek成功， 联盟: chartboost
11-06 12:02:54.021 15599-15720/? D/AdsSdk_3006.0: Adapter: REWARDVIDEO chartboost_reward isValid: true
11-06 12:02:54.021 15599-15869/? I/AdsSdk_3006.0: rewarded_video: fillup is called
11-06 12:02:54.021 15599-15720/? I/AdsSdk_3006.0: rewarded_video开始判断是否达到显示条件
11-06 12:02:54.021 15599-15720/? I/AdsSdk_3006.0: TriggerParam mShowCount is 3 mDailyShowTimes is 50
11-06 12:02:54.021 15599-15720/? I/AdsSdk_3006.0: TriggerHelper canShow return: true
11-06 12:02:54.022 15599-15720/? I/AdsSdk_3006.0: cplog: 视频广告 isReady return true
11-06 12:02:54.022 15599-15720/? I/AdsSdk_3006.0: Reward ===>showReward : aaa, loadview: true,ready: true
11-06 12:02:54.024 15599-15720/? I/AdsSdk_3006.0: UPRewardVideoWrapper: show_ad is true
11-06 12:02:54.024 15599-15720/? I/AdsSdk_3006.0: TriggerParam mShowCount is 3
11-06 12:02:54.024 15599-15720/? I/AdsSdk_3006.0: TriggerParam platform is null
11-06 12:02:54.024 15599-15720/? I/AdsSdk_3006.0: UPRewardVideoWrapper show_order配置的展示联盟：null
11-06 12:02:54.024 15599-15720/? I/AdsSdk_3006.0: UPRewardVideoWrapper peek
11-06 12:02:54.024 15599-15720/? I/AdsSdk_3006.0: rewarded_video: ParallelRequestStrategy peek platform: null
11-06 12:02:54.024 15599-15720/? I/AdsSdk_3006.0: rewarded_video peek, 根据bidding_list配置排序开始
11-06 12:02:54.024 15599-15720/? D/AdsSdk_3006.0: Adapter: REWARDVIDEO chartboost_reward isValid: true
11-06 12:02:54.024 15599-15720/? I/AdsSdk_3006.0: rewarded_video peek, 根据bidding_list结果排序成功
11-06 12:02:54.025 15599-15869/? I/AdsSdk_3006.0: rewarded_video: only_wifi：false，netType: wifi
11-06 12:02:54.025 15599-15940/? I/AdsSdk_3006.0: rewarded_video: 开始请求联盟广告，位于加载队列中的联盟数: 21
11-06 12:02:54.028 15599-15940/? D/AdsSdk_3006.0: rewarded_video: AffInfo is: {"aff_name":"admob","ad_unit_id":"ca-app-pub-1865559073577505\/2850384961","open_i_b":0,"aff_ttl":1800}
11-06 12:02:54.029 15599-15940/? D/AdsSdk_3006.0: Adapter: REWARDVIDEO admob_reward_video isValid: true
11-06 12:02:54.029 15599-15940/? W/AdsSdk_3006.0: LoadManager admob_reward_video: 此联盟在loaded队列中, return
11-06 12:02:54.029 15599-15940/? D/AdsSdk_3006.0: rewarded_video: LoadCallback: admob_reward_video onLoaded，加载成功
11-06 12:02:54.029 15599-15869/? I/AdsSdk_3006.0: rewarded_video: fillup is called
11-06 12:02:54.029 15599-15870/? D/AdsSdk_3006.0: REWARDVIDEO admob launchAdCheckEvent is called 
11-06 12:02:54.030 15599-15870/? I/AdsSdk_3006.0: REWARDVIDEO admob launchAdCheckEvent nm is ad01 request_id is 7a88b0f83b8e9d343196ff73bf6ec500
11-06 12:02:54.032 15599-15940/? D/AdsSdk_3006.0: rewarded_video: AffInfo is: {"aff_name":"batmobi","app_key":"T4E7MU69AU3R7JHUHSW5JYAJ","placement_id":"15169_08173","aff_ttl":1800}
11-06 12:02:54.032 15599-15940/? D/AdsSdk_3006.0: Adapter: REWARDVIDEO batmobi_15169_08173 isValid: true
11-06 12:02:54.032 15599-15940/? W/AdsSdk_3006.0: LoadManager batmobi_15169_08173: 此联盟在loaded队列中, return
11-06 12:02:54.032 15599-15940/? D/AdsSdk_3006.0: rewarded_video: LoadCallback: batmobi_15169_08173 onLoaded，加载成功
11-06 12:02:54.032 15599-15871/? D/AdsSdk_3006.0: REWARDVIDEO batmobi launchAdCheckEvent is called 
11-06 12:02:54.033 15599-15869/? I/AdsSdk_3006.0: rewarded_video: only_wifi：false，netType: wifi
11-06 12:02:54.033 15599-15869/? W/AdsSdk_3006.0: rewarded_video: fillup too frequently, return
11-06 12:02:54.033 15599-15940/? D/AdsSdk_3006.0: rewarded_video: AffInfo is: {"aff_name":"dap","app_key":{"video":[{"pid":"159906"}],"native":[{"pid":"159905"}]},"app_id":"d82d47d900ea6d71e30772fd70d642af","placement_id":"159906","open_i_b":0,"aff_ttl":1800}
11-06 12:02:54.033 15599-15940/? D/AdsSdk_3006.0: Adapter: REWARDVIDEO dap_reward_video isValid: false
11-06 12:02:54.033 15599-15940/? D/AdsSdk_3006.0: LoadManager dap_reward_video: load开始
11-06 12:02:54.033 15599-15871/? D/AdsSdk_3006.0: REWARDVIDEO batmobi launchAdCheckEvent nm is null, S3 don't need upload
11-06 12:02:54.030 15599-15720/? I/AdsSdk_3006.0: UPRewardVideoWrapper peek成功， 联盟: chartboost
11-06 12:02:54.038 15599-16336/? I/<ALY Android>_3200: logEvent key: _NEW_RDA_CA_ACTION, value: [{__req_id=7a88b0f83b8e9d343196ff73bf6ec500, __gaid=5a862c88-d254-45bc-be40-20af7d04b1b9, __call_ver=1.0.7, __sdk_ver=3006, __aff_name=ad01, __open_id=819b078573e0b902b3b124d6d86b7b11, __pkg=roy.wan.foreign, __aff_ver=12451000, __sub_ver=3006.0, __sta_token=315a7616e7264f4585ad8a8309b52ffd, __status=0}]
11-06 12:02:54.038 15599-15720/? D/AdsSdk_3006.0: Adapter: REWARDVIDEO chartboost_reward isValid: true
11-06 12:02:54.042 15599-15940/? I/<ALY Android>_3200: logEvent key: _NEW_RDA_LOAD, value: [{__gaid=5a862c88-d254-45bc-be40-20af7d04b1b9, __aff_info=%7B%22aff_name%22%3A%22dap%22%2C%22app_key%22%3A%7B%22video%22%3A%5B%7B%22pid%22%3A%22159906%22%7D%5D%2C%22native%22%3A%5B%7B%22pid%22%3A%22159905%22%7D%5D%7D%2C%22app_id%22%3A%22d82d47d900ea6d71e30772fd70d642af%22%2C%22placement_id%22%3A%22159906%22%2C%22open_i_b%22%3A0%2C%22aff_ttl%22%3A1800%7D, __ad_id=rewarded_video, __sdk_ver=3006, __open_id=819b078573e0b902b3b124d6d86b7b11, __pkg=roy.wan.foreign, __sub_ver=3006.0, __sta_token=315a7616e7264f4585ad8a8309b52ffd}]
11-06 12:02:54.042 15599-16336/? W/AdsSdk_3006.0: rewarded_video callAuction fail: platform: admob requestId: 7a88b0f83b8e9d343196ff73bf6ec500
11-06 12:02:54.042 15599-16336/? W/AdsSdk_3006.0: inter_ccc callAuction fail: platform: admob requestId: 7a88b0f83b8e9d343196ff73bf6ec500
11-06 12:02:54.047 15599-15720/? I/AdsSdk_3006.0: rewarded_video开始判断是否达到显示条件
11-06 12:02:54.047 15599-15720/? I/AdsSdk_3006.0: TriggerParam mShowCount is 3 mDailyShowTimes is 50
11-06 12:02:54.047 15599-15720/? I/AdsSdk_3006.0: TriggerHelper canShow return: true
11-06 12:02:54.047 15599-15720/? I/AdsSdk_3006.0: cplog: 视频广告 isReady return true
11-06 12:02:54.047 15599-15720/? I/AdsSdk_3006.0: Reward ===>showReward show() : aaa
11-06 12:02:54.047 15599-15720/? I/AdsSdk_3006.0: UPRewardVideoWrapper 传入的广告位: aaa
11-06 12:02:54.047 15599-15940/? D/AdsSdk_3006.0: rewarded_video: AffInfo is: {"aff_name":"maio","media_id":"DemoPublisherMediaForAndroid","zone_id":"DemoPublisherZoneForAndroid","open_i_b":0,"aff_ttl":1800}
11-06 12:02:54.048 15599-15599/? I/AdsSdk_3006.0: UPRewardVideoWrapper: show_ad is true
11-06 12:02:54.048 15599-15599/? I/AdsSdk_3006.0: TriggerParam mShowCount is 3
11-06 12:02:54.048 15599-15599/? I/AdsSdk_3006.0: TriggerParam platform is null
11-06 12:02:54.048 15599-15599/? I/AdsSdk_3006.0: UPRewardVideoWrapper show_order配置的展示联盟：null
11-06 12:02:54.048 15599-15599/? I/AdsSdk_3006.0: UPRewardVideoWrapper peek
11-06 12:02:54.048 15599-15599/? I/AdsSdk_3006.0: rewarded_video: ParallelRequestStrategy peek platform: null
11-06 12:02:54.048 15599-15599/? I/AdsSdk_3006.0: rewarded_video peek, 根据bidding_list配置排序开始
11-06 12:02:54.048 15599-15599/? D/AdsSdk_3006.0: Adapter: REWARDVIDEO chartboost_reward isValid: true
11-06 12:02:54.048 15599-15599/? I/AdsSdk_3006.0: rewarded_video peek, 根据bidding_list结果排序成功
11-06 12:02:54.048 15599-15599/? I/AdsSdk_3006.0: UPRewardVideoWrapper peek成功， 联盟: chartboost
11-06 12:02:54.048 15599-15599/? D/AdsSdk_3006.0: Adapter: REWARDVIDEO chartboost_reward isValid: true
11-06 12:02:54.048 15599-15599/? I/AdsSdk_3006.0: cplog: 视频广告 isReady return true
11-06 12:02:54.048 15599-15599/? I/AdsSdk_3006.0: cplog: 视频广告展示,联盟：chartboost
11-06 12:02:54.048 15599-15940/? D/AdsSdk_3006.0: Maio ads jars has be not improved, check please
11-06 12:02:54.048 15599-15940/? W/AdsSdk_3006.0: LoadManager AdapterFactory return null with: maio
11-06 12:02:54.049 15599-15599/? D/AdsSdk_3006.0: Adapter: REWARDVIDEO admob_reward_video isValid: true
11-06 12:02:54.049 15599-15599/? D/AdsSdk_3006.0: Adapter: REWARDVIDEO batmobi_15169_08173 isValid: true
11-06 12:02:54.049 15599-15599/? D/AdsSdk_3006.0: Adapter: REWARDVIDEO unity_rewardedVideo isValid: true
11-06 12:02:54.049 15599-15599/? D/AdsSdk_3006.0: Adapter: REWARDVIDEO chartboost_reward isValid: true
11-06 12:02:54.049 15599-15940/? D/AdsSdk_3006.0: rewarded_video: AffInfo is: {"aff_name":"nend","api_key":"2e43c36d36da5bc249338c7436d582a8f7faafa2","spot_id":"845033","open_i_b":0,"aff_ttl":1800}
11-06 12:02:54.049 15599-15599/? D/AdsSdk_3006.0: Adapter: REWARDVIDEO ironsource_0 isValid: true
11-06 12:02:54.049 15599-15599/? D/AdsSdk_3006.0: Adapter: REWARDVIDEO youappi_test_rewarded_video_android isValid: true
11-06 12:02:54.050 15599-15940/? D/AdsSdk_3006.0: Nend ads jars has be not improved, check please
11-06 12:02:54.050 15599-15940/? W/AdsSdk_3006.0: LoadManager AdapterFactory return null with: nend
11-06 12:02:54.051 15599-15940/? D/AdsSdk_3006.0: rewarded_video: AffInfo is: {"aff_name":"mobvista","app_id":"101423","aff_key":"f95e2d8a8acc3c5a8ac4946f4e6edf86","ad_unit_id":"34535","reward_id":"1","open_i_b":0,"aff_ttl":1800}
11-06 12:02:54.051 15599-15940/? D/AdsSdk_3006.0: Adapter: REWARDVIDEO mobvista_34535 isValid: false
11-06 12:02:54.051 15599-15940/? D/AdsSdk_3006.0: LoadManager mobvista_34535: load开始
11-06 12:02:54.053 15599-15599/? D/AdsSdk_3006.0: Adapter: REWARDVIDEO mobpower_21408 isValid: true
11-06 12:02:54.053 15599-15599/? I/AdsSdk_3006.0: UPRewardVideoWrapper: 加载成功联盟：chartboost|||unity|||batmobi|||admob|||ironsource|||mobpower|||youappi
11-06 12:02:54.056 15599-15940/? I/<ALY Android>_3200: logEvent key: _NEW_RDA_LOAD, value: [{__gaid=5a862c88-d254-45bc-be40-20af7d04b1b9, __aff_info=%7B%22aff_name%22%3A%22mobvista%22%2C%22app_id%22%3A%22101423%22%2C%22aff_key%22%3A%22f95e2d8a8acc3c5a8ac4946f4e6edf86%22%2C%22ad_unit_id%22%3A%2234535%22%2C%22reward_id%22%3A%221%22%2C%22open_i_b%22%3A0%2C%22aff_ttl%22%3A1800%7D, __ad_id=rewarded_video, __sdk_ver=3006, __open_id=819b078573e0b902b3b124d6d86b7b11, __pkg=roy.wan.foreign, __sub_ver=3006.0, __sta_token=315a7616e7264f4585ad8a8309b52ffd}]
11-06 12:02:54.058 15599-15599/? I/<ALY Android>_3200: logEvent key: _NEW_RDA_SHOW, value: [{__req_id=599be295bc7bff2cc3fba9936a9c4770, __gaid=5a862c88-d254-45bc-be40-20af7d04b1b9, __aff_info=%7B%22aff_name%22%3A%22chartboost%22%2C%22app_id%22%3A%225abf29a20b104d0bca794a81%22%2C%22location%22%3A%22reward%22%2C%22app_sign%22%3A%22f83175c96c9b34b2d11c43aeccf1f593d6d7de44%22%2C%22open_i_b%22%3A0%2C%22aff_ttl%22%3A1800%7D, __cp_ad_id=aaa, __ad_id=rewarded_video, __aff_ready=chartboost|||unity|||batmobi|||admob|||ironsource|||mobpower|||youappi, __sdk_ver=3006, __open_id=819b078573e0b902b3b124d6d86b7b11, __pkg=roy.wan.foreign, __sub_ver=3006.0, __sta_token=315a7616e7264f4585ad8a8309b52ffd}]
11-06 12:02:54.061 15599-15940/? D/AdsSdk_3006.0: rewarded_video: AffInfo is: {"aff_name":"unity","aff_key":"2875056","placement_id":"rewardedVideo","open_i_b":0,"aff_ttl":1800}
11-06 12:02:54.061 15599-15940/? D/AdsSdk_3006.0: Adapter: REWARDVIDEO unity_rewardedVideo isValid: true
11-06 12:02:54.061 15599-15940/? W/AdsSdk_3006.0: LoadManager unity_rewardedVideo: 此联盟在loaded队列中, return
11-06 12:02:54.061 15599-15940/? D/AdsSdk_3006.0: rewarded_video: LoadCallback: unity_rewardedVideo onLoaded，加载成功
11-06 12:02:54.062 15599-15870/? D/AdsSdk_3006.0: REWARDVIDEO unity launchAdCheckEvent is called 
11-06 12:02:54.063 15599-15940/? D/AdsSdk_3006.0: rewarded_video: AffInfo is: {"aff_name":"appnext","placement_id":"b05b2e41-c798-4d4a-be66-ae162835065a","open_i_b":0,"aff_ttl":1800}
11-06 12:02:54.064 15599-15940/? D/AdsSdk_3006.0: Adapter: REWARDVIDEO appnext_b05b2e41-c798-4d4a-be66-ae162835065a isValid: false
11-06 12:02:54.064 15599-15940/? D/AdsSdk_3006.0: LoadManager appnext_b05b2e41-c798-4d4a-be66-ae162835065a: load开始
11-06 12:02:54.065 15599-15599/? I/<ALY Android>_3200: logEvent key: _NEW_RDA_SHOW_RES, value: [{__req_id=599be295bc7bff2cc3fba9936a9c4770, __gaid=5a862c88-d254-45bc-be40-20af7d04b1b9, __aff_info=%7B%22aff_name%22%3A%22chartboost%22%2C%22app_id%22%3A%225abf29a20b104d0bca794a81%22%2C%22location%22%3A%22reward%22%2C%22app_sign%22%3A%22f83175c96c9b34b2d11c43aeccf1f593d6d7de44%22%2C%22open_i_b%22%3A0%2C%22aff_ttl%22%3A1800%7D, __sdk_ver=3006, __res_type=4, __open_id=819b078573e0b902b3b124d6d86b7b11, __pkg=roy.wan.foreign, __sub_ver=3006.0, __sta_token=315a7616e7264f4585ad8a8309b52ffd}]
11-06 12:02:54.068 15599-15940/? I/<ALY Android>_3200: logEvent key: _NEW_RDA_LOAD, value: [{__gaid=5a862c88-d254-45bc-be40-20af7d04b1b9, __aff_info=%7B%22aff_name%22%3A%22appnext%22%2C%22placement_id%22%3A%22b05b2e41-c798-4d4a-be66-ae162835065a%22%2C%22open_i_b%22%3A0%2C%22aff_ttl%22%3A1800%7D, __ad_id=rewarded_video, __sdk_ver=3006, __open_id=819b078573e0b902b3b124d6d86b7b11, __pkg=roy.wan.foreign, __sub_ver=3006.0, __sta_token=315a7616e7264f4585ad8a8309b52ffd}]
11-06 12:02:54.090 15599-15940/? D/AdsSdk_3006.0: rewarded_video: AffInfo is: {"aff_name":"adcolony","app_id":"app72c7816fa0f2407db4","zone_id":"vz6e94afe0a6f643719d","open_i_b":0,"aff_ttl":1800,"adcolony_ids":"vz6e94afe0a6f643719d,vz33e7556f45514d4e85"}
11-06 12:02:54.090 15599-15940/? D/AdsSdk_3006.0: Adapter: REWARDVIDEO adcolony_vz6e94afe0a6f643719d isValid: false
11-06 12:02:54.091 15599-15940/? D/AdsSdk_3006.0: LoadManager adcolony_vz6e94afe0a6f643719d: load开始
11-06 12:02:54.094 15599-15940/? I/<ALY Android>_3200: logEvent key: _NEW_RDA_LOAD, value: [{__gaid=5a862c88-d254-45bc-be40-20af7d04b1b9, __aff_info=%7B%22aff_name%22%3A%22adcolony%22%2C%22app_id%22%3A%22app72c7816fa0f2407db4%22%2C%22zone_id%22%3A%22vz6e94afe0a6f643719d%22%2C%22open_i_b%22%3A0%2C%22aff_ttl%22%3A1800%2C%22adcolony_ids%22%3A%22vz6e94afe0a6f643719d%2Cvz33e7556f45514d4e85%22%7D, __ad_id=rewarded_video, __sdk_ver=3006, __open_id=819b078573e0b902b3b124d6d86b7b11, __pkg=roy.wan.foreign, __sub_ver=3006.0, __sta_token=315a7616e7264f4585ad8a8309b52ffd}]
11-06 12:02:54.103 15599-15940/? D/AdsSdk_3006.0: rewarded_video: AffInfo is: {"aff_name":"chartboost","app_id":"5abf29a20b104d0bca794a81","location":"reward","app_sign":"f83175c96c9b34b2d11c43aeccf1f593d6d7de44","open_i_b":0,"aff_ttl":1800}
11-06 12:02:54.103 15599-15940/? D/AdsSdk_3006.0: Adapter: REWARDVIDEO chartboost_reward isValid: true
11-06 12:02:54.103 15599-15940/? W/AdsSdk_3006.0: LoadManager chartboost_reward: 此联盟在loaded队列中, return
11-06 12:02:54.103 15599-15940/? D/AdsSdk_3006.0: rewarded_video: LoadCallback: chartboost_reward onLoaded，加载成功
11-06 12:02:54.103 15599-15871/? D/AdsSdk_3006.0: REWARDVIDEO chartboost launchAdCheckEvent is called 
11-06 12:02:54.104 15599-15871/? I/AdsSdk_3006.0: REWARDVIDEO chartboost launchAdCheckEvent nm is ad04 request_id is 5e4e43f77d0d68a28bcce61563a7ad18
11-06 12:02:54.104 15599-15940/? D/AdsSdk_3006.0: rewarded_video: AffInfo is: {"aff_name":"ironsource","app_key":"695cf13d","open_i_b":0,"aff_ttl":1800,"placement_id":"0"}
11-06 12:02:54.104 15599-15940/? D/AdsSdk_3006.0: Adapter: REWARDVIDEO ironsource_0 isValid: true
11-06 12:02:54.104 15599-15940/? W/AdsSdk_3006.0: LoadManager ironsource_0: 此联盟在loaded队列中, return
11-06 12:02:54.105 15599-15940/? D/AdsSdk_3006.0: rewarded_video: LoadCallback: ironsource_0 onLoaded，加载成功
11-06 12:02:54.105 15599-15870/? D/AdsSdk_3006.0: REWARDVIDEO ironsource launchAdCheckEvent is called 
11-06 12:02:54.106 15599-15870/? D/AdsSdk_3006.0: REWARDVIDEO ironsource launchAdCheckEvent nm is null, S3 don't need upload
11-06 12:02:54.113 15599-15940/? D/AdsSdk_3006.0: rewarded_video: AffInfo is: {"aff_name":"oneway","publisher_id":"eqv30rapcjp0kq1p","placement_id":"2","open_i_b":0,"aff_ttl":1800}
11-06 12:02:54.114 15599-15940/? D/AdsSdk_3006.0: Oneway ads jars has be not improved, check please
11-06 12:02:54.114 15599-15940/? W/AdsSdk_3006.0: LoadManager AdapterFactory return null with: oneway
11-06 12:02:54.115 15599-15940/? D/AdsSdk_3006.0: rewarded_video: AffInfo is: {"aff_name":"vk","aff_key":"38837","placement_id":"0","open_i_b":0,"aff_ttl":1800}
11-06 12:02:54.116 15599-15940/? D/AdsSdk_3006.0: VK ads jars has be not improved, check please
11-06 12:02:54.116 15599-15940/? W/AdsSdk_3006.0: LoadManager AdapterFactory return null with: vk
11-06 12:02:54.118 15599-15940/? D/AdsSdk_3006.0: rewarded_video: AffInfo is: {"aff_name":"chance","publisher_id":"807361184-E067F2-6959-A364-059351CF8","placement_id":"807361184ozgbhf","open_i_b":0,"aff_ttl":1800}
11-06 12:02:54.118 15599-15940/? W/AdsSdk_3006.0: LoadManager AdapterFactory return null with: chance
11-06 12:02:54.120 15599-15940/? D/AdsSdk_3006.0: rewarded_video: AffInfo is: {"aff_name":"tapjoy","app_key":"cZd8BQhET7-C-jwQAkYdRgECUH4Bxvtye2FJV9TUG6wQpuhkrRfDuT-xx_ex","placement_id":"video","app_id":"0","open_i_b":0,"aff_ttl":1800}
11-06 12:02:54.120 15599-15940/? D/AdsSdk_3006.0: Adapter: REWARDVIDEO tapjoy_video isValid: false
11-06 12:02:54.121 15599-15940/? D/AdsSdk_3006.0: LoadManager tapjoy_video: load开始
11-06 12:02:54.134 15599-15940/? I/<ALY Android>_3200: logEvent key: _NEW_RDA_LOAD, value: [{__gaid=5a862c88-d254-45bc-be40-20af7d04b1b9, __aff_info=%7B%22aff_name%22%3A%22tapjoy%22%2C%22app_key%22%3A%22cZd8BQhET7-C-jwQAkYdRgECUH4Bxvtye2FJV9TUG6wQpuhkrRfDuT-xx_ex%22%2C%22placement_id%22%3A%22video%22%2C%22app_id%22%3A%220%22%2C%22open_i_b%22%3A0%2C%22aff_ttl%22%3A1800%7D, __ad_id=rewarded_video, __sdk_ver=3006, __open_id=819b078573e0b902b3b124d6d86b7b11, __pkg=roy.wan.foreign, __sub_ver=3006.0, __sta_token=315a7616e7264f4585ad8a8309b52ffd}]
11-06 12:02:54.145 15599-15940/? D/AdsSdk_3006.0: rewarded_video: AffInfo is: {"aff_name":"youappi","app_id":"f647b6ce-8dec-4d24-a12d-9915f5472e4c","placement_id":"test_rewarded_video_android","open_i_b":0,"aff_ttl":1800}
11-06 12:02:54.145 15599-15940/? D/AdsSdk_3006.0: Adapter: REWARDVIDEO youappi_test_rewarded_video_android isValid: true
11-06 12:02:54.145 15599-15940/? W/AdsSdk_3006.0: LoadManager youappi_test_rewarded_video_android: 此联盟在loaded队列中, return
11-06 12:02:54.145 15599-15940/? D/AdsSdk_3006.0: rewarded_video: LoadCallback: youappi_test_rewarded_video_android onLoaded，加载成功
11-06 12:02:54.146 15599-15871/? D/AdsSdk_3006.0: REWARDVIDEO youappi launchAdCheckEvent is called 
11-06 12:02:54.147 15599-15940/? D/AdsSdk_3006.0: rewarded_video: AffInfo is: {"aff_name":"facebook","aff_key":"783955231747423_1064291897047087","open_i_b":0,"aff_ttl":1800}
11-06 12:02:54.147 15599-15940/? D/AdsSdk_3006.0: Adapter: REWARDVIDEO facebook_rd_783955231747423_1064291897047087 isValid: false
11-06 12:02:54.147 15599-15940/? D/AdsSdk_3006.0: LoadManager facebook_rd_783955231747423_1064291897047087: load开始
11-06 12:02:54.149 15599-15871/? D/AdsSdk_3006.0: REWARDVIDEO youappi launchAdCheckEvent nm is null, S3 don't need upload
11-06 12:02:54.156 15599-15940/? I/<ALY Android>_3200: logEvent key: _NEW_RDA_LOAD, value: [{__gaid=5a862c88-d254-45bc-be40-20af7d04b1b9, __aff_info=%7B%22aff_name%22%3A%22facebook%22%2C%22aff_key%22%3A%22783955231747423_1064291897047087%22%2C%22open_i_b%22%3A0%2C%22aff_ttl%22%3A1800%7D, __ad_id=rewarded_video, __sdk_ver=3006, __open_id=819b078573e0b902b3b124d6d86b7b11, __pkg=roy.wan.foreign, __sub_ver=3006.0, __sta_token=315a7616e7264f4585ad8a8309b52ffd}]
11-06 12:02:54.158 15599-15940/? W/AdsSdk_3006.0: FacebookRewardAdapter 在等待bidding结果
11-06 12:02:54.159 15599-15940/? D/AdsSdk_3006.0: rewarded_video: AffInfo is: {"aff_name":"mobpower","app_key":"3fc7cbe75b45e7ce18b7f54b5edfda39","app_id":"90002","placement_id":"21408","open_i_b":0,"aff_ttl":1800}
11-06 12:02:54.177 15599-15940/? D/AdsSdk_3006.0: Adapter: REWARDVIDEO mobpower_21408 isValid: true
11-06 12:02:54.177 15599-15940/? W/AdsSdk_3006.0: LoadManager mobpower_21408: 此联盟在loaded队列中, return
11-06 12:02:54.178 15599-15940/? D/AdsSdk_3006.0: rewarded_video: LoadCallback: mobpower_21408 onLoaded，加载成功
11-06 12:02:54.179 15599-15870/? D/AdsSdk_3006.0: REWARDVIDEO mobpower launchAdCheckEvent is called 
11-06 12:02:54.180 15599-15870/? D/AdsSdk_3006.0: REWARDVIDEO mobpower launchAdCheckEvent nm is null, S3 don't need upload
11-06 12:02:54.185 15599-15940/? D/AdsSdk_3006.0: rewarded_video: AffInfo is: {"aff_name":"admob_new","app_id":"ca-app-pub-1865559073577505~5852501564","ad_unit_id":"ca-app-pub-1865559073577505\/2850384961","open_i_b":0,"aff_ttl":1800}
11-06 12:02:54.190 15599-15940/? D/AdsSdk_3006.0: Admob_new ads jars has not improved, check please
11-06 12:02:54.190 15599-15940/? W/AdsSdk_3006.0: LoadManager AdapterFactory return null with: admob_new
11-06 12:02:54.191 15599-15940/? D/AdsSdk_3006.0: rewarded_video: AffInfo is: {"aff_name":"admob_new","app_id":"ca-app-pub-1865559073577505~5852501564","ad_unit_id":"ca-app-pub-1865559073577505\/4682341382","open_i_b":0,"aff_ttl":1800}
11-06 12:02:54.191 15599-15940/? D/AdsSdk_3006.0: Admob_new ads jars has not improved, check please
11-06 12:02:54.191 15599-15940/? W/AdsSdk_3006.0: LoadManager AdapterFactory return null with: admob_new
11-06 12:02:54.192 15599-15940/? D/AdsSdk_3006.0: rewarded_video: AffInfo is: {"aff_name":"admob_new","app_id":"ca-app-pub-1865559073577505~5852501564","ad_unit_id":"ca-app-pub-1865559073577505\/9656015201","open_i_b":0,"aff_ttl":1800}
11-06 12:02:54.192 15599-15940/? D/AdsSdk_3006.0: Admob_new ads jars has not improved, check please
11-06 12:02:54.193 15599-15940/? W/AdsSdk_3006.0: LoadManager AdapterFactory return null with: admob_new
11-06 12:02:54.270 15599-15599/? I/AdsSdk_3006.0: LoadManager LoadCallback: chartboost_Interstitial_GameStart onLoaded，加载成功
11-06 12:02:54.277 15599-15599/? I/<ALY Android>_3200: logEvent key: _NEW_IL_LOADOK, value: [{__req_id=c64b33b4db9f6c4e03f2fd20d768a505, __gaid=5a862c88-d254-45bc-be40-20af7d04b1b9, __aff_info=%7B%22aff_name%22%3A%22chartboost%22%2C%22app_id%22%3A%225abf29a20b104d0bca794a81%22%2C%22location%22%3A%22Interstitial_GameStart%22%2C%22app_sign%22%3A%22f83175c96c9b34b2d11c43aeccf1f593d6d7de44%22%2C%22open_i_b%22%3A0%2C%22aff_ttl%22%3A1800%7D, __ad_id=inter_ddd, __sdk_ver=3006, __open_id=819b078573e0b902b3b124d6d86b7b11, __pkg=roy.wan.foreign, __sub_ver=3006.0, __sta_token=315a7616e7264f4585ad8a8309b52ffd}]
11-06 12:02:54.582 15599-15869/? D/AdsSdk_3006.0: Adapter: REWARDVIDEO chartboost_reward isValid: true
11-06 12:02:54.596 15599-15869/? D/AdsSdk_3006.0: inter_ddd: LoadCallback: chartboost_Interstitial_GameStart onLoaded，加载成功
11-06 12:02:54.597 15599-15871/? D/AdsSdk_3006.0: INTERSTITIAL chartboost launchAdCheckEvent is called 
11-06 12:02:54.598 15599-15871/? I/AdsSdk_3006.0: INTERSTITIAL chartboost launchAdCheckEvent nm is ad04 request_id is c64b33b4db9f6c4e03f2fd20d768a505
11-06 12:02:54.669 15599-15720/? I/AdsSdk_3006.0: banner ====>onApplicationFocus hasfocus: false
11-06 12:02:55.721 15599-15599/? W/AdsSdk_3006.0: LoadManager LoadCallback: appnext_b05b2e41-c798-4d4a-be66-ae162835065a onError，加载失败
                                                  message: AppNextRewardVideoAdapter failed with message: No video ads
11-06 12:02:56.062 15599-15869/? I/AdsSdk_3006.0: inter_bbb callAuction success: platform: admob requestId: 2e4c01053394ae85e1c0de09034b8537
11-06 12:02:56.166 15599-15869/? I/AdsSdk_3006.0: inter_aaa callAuction success: platform: vungle requestId: a5fc0eed9c332f177106475d24468d22
11-06 12:02:57.969 15599-15599/? W/AdsSdk_3006.0: LoadManager LoadCallback: adcolony_vz6e94afe0a6f643719d onError，加载失败
                                                  message: AdcolonyRewardVideoAdapter failed 
11-06 12:03:04.066 15599-15869/? I/AdsSdk_3006.0: rewarded_video callAuction success: platform: unity requestId: 86fbbdc81e66d8741ab612962f6376e1
11-06 12:03:11.241 15599-15869/? I/AdsSdk_3006.0: ParallelRequestStrategy load is called: rewarded_video
11-06 12:03:11.241 15599-15869/? I/AdsSdk_3006.0: rewarded_video: fillup is called
11-06 12:03:11.243 15599-15869/? I/AdsSdk_3006.0: rewarded_video: only_wifi：false，netType: wifi
11-06 12:03:11.243 15599-15869/? W/AdsSdk_3006.0: rewarded_video: fillup too frequently, return
11-06 12:03:29.249 15599-16271/? I/AdsSdk_3006.0: LoadManager LoadCallback: tapjoy_video onLoaded，加载成功
11-06 12:03:29.250 15599-16271/? D/AdsSdk_3006.0: LoadCallback: tapjoy_video loadCostTimeMills is 35114
11-06 12:03:29.254 15599-16271/? I/<ALY Android>_3200: logEvent key: _NEW_RDA_LOADOK, value: [{__req_id=6614548c8e7e2c57d04d4f789c374fd4, __gaid=5a862c88-d254-45bc-be40-20af7d04b1b9, __aff_info=%7B%22aff_name%22%3A%22tapjoy%22%2C%22app_key%22%3A%22cZd8BQhET7-C-jwQAkYdRgECUH4Bxvtye2FJV9TUG6wQpuhkrRfDuT-xx_ex%22%2C%22placement_id%22%3A%22video%22%2C%22app_id%22%3A%220%22%2C%22open_i_b%22%3A0%2C%22aff_ttl%22%3A1800%7D, __load_time=35114, __ad_id=rewarded_video, __sdk_ver=3006, __open_id=819b078573e0b902b3b124d6d86b7b11, __pkg=roy.wan.foreign, __sub_ver=3006.0, __sta_token=315a7616e7264f4585ad8a8309b52ffd}]
11-06 12:03:29.406 15599-15869/? D/AdsSdk_3006.0: rewarded_video: LoadCallback: tapjoy_video onLoaded，加载成功
11-06 12:03:29.406 15599-15870/? D/AdsSdk_3006.0: REWARDVIDEO tapjoy launchAdCheckEvent is called 
11-06 12:03:29.407 15599-15870/? D/AdsSdk_3006.0: REWARDVIDEO tapjoy launchAdCheckEvent nm is null, S3 don't need upload
11-06 12:03:30.715 15599-15720/? I/AdsSdk_3006.0: banner ====>onApplicationFocus hasfocus: true
11-06 12:03:30.715 15599-15720/? I/AdsSdk_3006.0: banner ====>topFrameLayout    is hide:false, visibility: -100
11-06 12:03:30.716 15599-15720/? I/AdsSdk_3006.0: banner ====>bottomFrameLayout is hide:false, visibility: -100
11-06 12:03:30.716 15599-15720/? D/AdsSdk_3006.0: -------------------------------------------
11-06 12:03:30.716 15599-15720/? D/AdsSdk_3006.0: |  reloadRunnable left time(ms): 44670
11-06 12:03:30.716 15599-15720/? D/AdsSdk_3006.0: -------------------------------------------
11-06 12:03:34.231 15599-15599/? I/AdsSdk_3006.0: LoadManager LoadCallback: chartboost_reward onLoaded，加载成功
11-06 12:03:34.237 15599-15599/? I/<ALY Android>_3200: logEvent key: _NEW_IL_LOADOK, value: [{__req_id=8198ab49c27d9c9c275f72c7262c7b1b, __gaid=5a862c88-d254-45bc-be40-20af7d04b1b9, __aff_info=%7B%22aff_name%22%3A%22chartboost%22%2C%22app_id%22%3A%225abf29a20b104d0bca794a81%22%2C%22location%22%3A%22Interstitial_GameStart%22%2C%22app_sign%22%3A%22f83175c96c9b34b2d11c43aeccf1f593d6d7de44%22%2C%22open_i_b%22%3A0%2C%22aff_ttl%22%3A1800%7D, __ad_id=inter_ddd, __sdk_ver=3006, __open_id=819b078573e0b902b3b124d6d86b7b11, __pkg=roy.wan.foreign, __sub_ver=3006.0, __sta_token=315a7616e7264f4585ad8a8309b52ffd}]
11-06 12:03:34.390 15599-15869/? D/AdsSdk_3006.0: rewarded_video: LoadCallback: chartboost_reward onLoaded，加载成功
11-06 12:03:34.391 15599-15871/? D/AdsSdk_3006.0: REWARDVIDEO chartboost launchAdCheckEvent is called 
11-06 12:03:34.392 15599-15871/? I/AdsSdk_3006.0: REWARDVIDEO chartboost launchAdCheckEvent nm is ad04 request_id is 8198ab49c27d9c9c275f72c7262c7b1b
11-06 12:03:39.980 15599-15720/? I/AdsSdk_3006.0: PolyProxy ===>try to showVideoDebugActivity()
11-06 12:03:40.039 15599-15720/? I/AdsSdk_3006.0: banner ====>onApplicationFocus hasfocus: false
11-06 12:03:40.159 15599-15599/? D/AdsSdk_3006.0: Admob_new ads jars has not improved, check please
11-06 12:03:40.160 15599-15599/? D/AdsSdk_3006.0: Admob_new ads jars has not improved, check please
11-06 12:03:40.208 15599-15599/? D/AdsSdk_3006.0: VK ads jars has be not improved, check please
11-06 12:03:40.209 15599-15599/? D/AdsSdk_3006.0: VK ads jars has be not improved, check please
11-06 12:03:40.220 15599-15599/? D/AdsSdk_3006.0: Adapter: REWARDVIDEO admob_reward_video isValid: true
11-06 12:03:40.221 15599-15599/? D/AdsSdk_3006.0: Adapter: REWARDVIDEO admob_reward_video isValid: true
11-06 12:03:40.226 15599-15599/? D/AdsSdk_3006.0: Adapter: REWARDVIDEO batmobi_15169_08173 isValid: true
11-06 12:03:40.227 15599-15599/? D/AdsSdk_3006.0: Adapter: REWARDVIDEO batmobi_15169_08173 isValid: true
11-06 12:03:40.245 15599-15599/? D/AdsSdk_3006.0: Adapter: REWARDVIDEO unity_rewardedVideo isValid: true
11-06 12:03:40.246 15599-15599/? D/AdsSdk_3006.0: Adapter: REWARDVIDEO unity_rewardedVideo isValid: true
11-06 12:03:40.259 15599-15599/? D/AdsSdk_3006.0: Adapter: REWARDVIDEO chartboost_reward isValid: true
11-06 12:03:40.259 15599-15599/? D/AdsSdk_3006.0: Adapter: REWARDVIDEO chartboost_reward isValid: true
11-06 12:03:40.263 15599-15599/? D/AdsSdk_3006.0: Adapter: REWARDVIDEO ironsource_0 isValid: true
11-06 12:03:40.263 15599-15599/? D/AdsSdk_3006.0: Adapter: REWARDVIDEO ironsource_0 isValid: true
11-06 12:03:40.583 15599-15599/? D/AdsSdk_3006.0: Admob_new ads jars has not improved, check please
11-06 12:03:40.583 15599-15599/? D/AdsSdk_3006.0: Admob_new ads jars has not improved, check please
11-06 12:03:40.595 15599-15599/? D/AdsSdk_3006.0: VK ads jars has be not improved, check please
11-06 12:03:40.597 15599-15599/? D/AdsSdk_3006.0: VK ads jars has be not improved, check please
11-06 12:03:40.599 15599-15599/? D/AdsSdk_3006.0: Adapter: REWARDVIDEO admob_reward_video isValid: true
11-06 12:03:40.599 15599-15599/? D/AdsSdk_3006.0: Adapter: REWARDVIDEO admob_reward_video isValid: true
11-06 12:03:40.600 15599-15599/? D/AdsSdk_3006.0: Adapter: REWARDVIDEO batmobi_15169_08173 isValid: true
11-06 12:03:40.600 15599-15599/? D/AdsSdk_3006.0: Adapter: REWARDVIDEO batmobi_15169_08173 isValid: true
11-06 12:03:40.603 15599-15599/? D/AdsSdk_3006.0: Adapter: REWARDVIDEO unity_rewardedVideo isValid: true
11-06 12:03:40.604 15599-15599/? D/AdsSdk_3006.0: Adapter: REWARDVIDEO unity_rewardedVideo isValid: true
11-06 12:03:40.606 15599-15599/? D/AdsSdk_3006.0: Adapter: REWARDVIDEO chartboost_reward isValid: true
11-06 12:03:40.606 15599-15599/? D/AdsSdk_3006.0: Adapter: REWARDVIDEO chartboost_reward isValid: true
11-06 12:03:40.607 15599-15599/? D/AdsSdk_3006.0: Adapter: REWARDVIDEO ironsource_0 isValid: true
11-06 12:03:40.608 15599-15599/? D/AdsSdk_3006.0: Adapter: REWARDVIDEO ironsource_0 isValid: true
11-06 12:03:46.067 15599-15869/? W/AdsSdk_3006.0: LoadManager facebook_475008772706594_478168072390664 removeLoading timeout
11-06 12:03:46.091 15599-15869/? W/AdsSdk_3006.0: LoadManager mobvista_18188 removeLoading timeout
11-06 12:03:46.441 15599-15869/? I/AdsSdk_3006.0: ParallelRequestStrategy load is called: rewarded_video
11-06 12:03:46.441 15599-15869/? I/AdsSdk_3006.0: rewarded_video: fillup is called
11-06 12:03:46.443 15599-15869/? I/AdsSdk_3006.0: rewarded_video: only_wifi：false，netType: wifi
11-06 12:03:46.443 15599-15869/? W/AdsSdk_3006.0: rewarded_video: fillup too frequently, return
11-06 12:03:50.118 15599-15599/? D/AdsSdk_3006.0: Adapter: REWARDVIDEO admob_reward_video isValid: true
11-06 12:03:50.118 15599-15599/? D/AdsSdk_3006.0: Adapter: REWARDVIDEO admob_reward_video isValid: true
11-06 12:03:50.118 15599-15599/? D/AdsSdk_3006.0: Adapter: REWARDVIDEO batmobi_15169_08173 isValid: true
11-06 12:03:50.119 15599-15599/? D/AdsSdk_3006.0: Adapter: REWARDVIDEO batmobi_15169_08173 isValid: true
11-06 12:03:50.120 15599-15599/? D/AdsSdk_3006.0: Adapter: REWARDVIDEO unity_rewardedVideo isValid: true
11-06 12:03:50.120 15599-15599/? D/AdsSdk_3006.0: Adapter: REWARDVIDEO unity_rewardedVideo isValid: true
11-06 12:03:50.121 15599-15599/? D/AdsSdk_3006.0: Adapter: REWARDVIDEO chartboost_reward isValid: true
11-06 12:03:50.122 15599-15599/? D/AdsSdk_3006.0: Adapter: REWARDVIDEO chartboost_reward isValid: true
11-06 12:03:50.122 15599-15599/? D/AdsSdk_3006.0: Adapter: REWARDVIDEO ironsource_0 isValid: true
11-06 12:03:50.123 15599-15599/? D/AdsSdk_3006.0: Adapter: REWARDVIDEO ironsource_0 isValid: true
11-06 12:03:51.491 15599-15599/? D/AdsSdk_3006.0: Adapter: REWARDVIDEO tapjoy_video isValid: true
11-06 12:03:51.491 15599-15599/? D/AdsSdk_3006.0: Adapter: REWARDVIDEO tapjoy_video isValid: true
11-06 12:03:51.529 15599-15599/? D/AdsSdk_3006.0: Adapter: REWARDVIDEO youappi_test_rewarded_video_android isValid: true
11-06 12:03:51.530 15599-15599/? D/AdsSdk_3006.0: Adapter: REWARDVIDEO youappi_test_rewarded_video_android isValid: true
11-06 12:03:52.026 15599-15599/? D/AdsSdk_3006.0: Adapter: REWARDVIDEO mobpower_21408 isValid: true
11-06 12:03:52.030 15599-15599/? D/AdsSdk_3006.0: Adapter: REWARDVIDEO mobpower_21408 isValid: true
11-06 12:03:54.037 15599-15869/? W/AdsSdk_3006.0: LoadManager dap_reward_video removeLoading timeout
11-06 12:03:54.051 15599-15869/? W/AdsSdk_3006.0: LoadManager mobvista_34535 removeLoading timeout
11-06 12:03:54.147 15599-15869/? W/AdsSdk_3006.0: LoadManager facebook_rd_783955231747423_1064291897047087 removeLoading timeout
11-06 12:03:56.166 15599-15599/? D/AdsSdk_3006.0: Adapter: REWARDVIDEO unity_rewardedVideo isValid: true
11-06 12:03:56.166 15599-15599/? D/AdsSdk_3006.0: Adapter: REWARDVIDEO unity_rewardedVideo isValid: true
11-06 12:03:57.925 15599-15599/? D/AdsSdk_3006.0: Adapter: REWARDVIDEO batmobi_15169_08173 isValid: true
11-06 12:03:57.926 15599-15599/? D/AdsSdk_3006.0: Adapter: REWARDVIDEO batmobi_15169_08173 isValid: true
11-06 12:03:57.942 15599-15599/? D/AdsSdk_3006.0: Adapter: REWARDVIDEO admob_reward_video isValid: true
11-06 12:03:57.942 15599-15599/? D/AdsSdk_3006.0: Adapter: REWARDVIDEO admob_reward_video isValid: true
11-06 12:04:00.125 15599-15599/? D/AdsSdk_3006.0: Adapter: REWARDVIDEO admob_reward_video isValid: true
11-06 12:04:00.125 15599-15599/? D/AdsSdk_3006.0: Adapter: REWARDVIDEO admob_reward_video isValid: true
11-06 12:04:00.126 15599-15599/? D/AdsSdk_3006.0: Adapter: REWARDVIDEO batmobi_15169_08173 isValid: true
11-06 12:04:00.126 15599-15599/? D/AdsSdk_3006.0: Adapter: REWARDVIDEO batmobi_15169_08173 isValid: true
11-06 12:04:00.127 15599-15599/? D/AdsSdk_3006.0: Adapter: REWARDVIDEO unity_rewardedVideo isValid: true
11-06 12:04:00.127 15599-15599/? D/AdsSdk_3006.0: Adapter: REWARDVIDEO unity_rewardedVideo isValid: true
11-06 12:04:00.128 15599-15599/? D/AdsSdk_3006.0: Adapter: REWARDVIDEO chartboost_reward isValid: true
11-06 12:04:00.128 15599-15599/? D/AdsSdk_3006.0: Adapter: REWARDVIDEO chartboost_reward isValid: true
11-06 12:04:00.128 15599-15599/? D/AdsSdk_3006.0: Adapter: REWARDVIDEO ironsource_0 isValid: true
11-06 12:04:00.129 15599-15599/? D/AdsSdk_3006.0: Adapter: REWARDVIDEO ironsource_0 isValid: true
11-06 12:04:02.790 15599-15599/? D/AdsSdk_3006.0: Adapter: REWARDVIDEO admob_reward_video isValid: true
11-06 12:04:02.800 15599-15599/? I/AdsSdk_3006.0: admob_reward_video onDebugAdOpened
11-06 12:04:02.800 15599-15599/? D/AdsSdk_3006.0: Adapter: REWARDVIDEO admob_reward_video isValid: true
11-06 12:04:02.835 15599-15599/? D/AdsSdk_3006.0: Adapter: REWARDVIDEO batmobi_15169_08173 isValid: true
11-06 12:04:02.835 15599-15599/? D/AdsSdk_3006.0: Adapter: REWARDVIDEO batmobi_15169_08173 isValid: true
11-06 12:04:02.836 15599-15599/? D/AdsSdk_3006.0: Adapter: REWARDVIDEO unity_rewardedVideo isValid: true
11-06 12:04:02.836 15599-15599/? D/AdsSdk_3006.0: Adapter: REWARDVIDEO unity_rewardedVideo isValid: true
11-06 12:04:02.837 15599-15599/? D/AdsSdk_3006.0: Adapter: REWARDVIDEO chartboost_reward isValid: true
11-06 12:04:02.837 15599-15599/? D/AdsSdk_3006.0: Adapter: REWARDVIDEO chartboost_reward isValid: true
11-06 12:04:02.838 15599-15599/? D/AdsSdk_3006.0: Adapter: REWARDVIDEO ironsource_0 isValid: true
11-06 12:04:02.838 15599-15599/? D/AdsSdk_3006.0: Adapter: REWARDVIDEO ironsource_0 isValid: true
11-06 12:04:13.726 15599-15599/? I/AdsSdk_3006.0: admob_reward_video onDebugAdRewarded
11-06 12:04:13.726 15599-15599/? I/AdsSdk_3006.0: admob_reward_video onDebugAdClosed
11-06 12:04:13.839 15599-15599/? D/AdsSdk_3006.0: Admob_new ads jars has not improved, check please
11-06 12:04:13.840 15599-15599/? D/AdsSdk_3006.0: Admob_new ads jars has not improved, check please
11-06 12:04:13.850 15599-15599/? D/AdsSdk_3006.0: VK ads jars has be not improved, check please
11-06 12:04:13.851 15599-15599/? D/AdsSdk_3006.0: VK ads jars has be not improved, check please
11-06 12:04:13.853 15599-15599/? D/AdsSdk_3006.0: Adapter: REWARDVIDEO batmobi_15169_08173 isValid: true
11-06 12:04:13.853 15599-15599/? D/AdsSdk_3006.0: Adapter: REWARDVIDEO batmobi_15169_08173 isValid: true
11-06 12:04:13.856 15599-15599/? D/AdsSdk_3006.0: Adapter: REWARDVIDEO unity_rewardedVideo isValid: true
11-06 12:04:13.856 15599-15599/? D/AdsSdk_3006.0: Adapter: REWARDVIDEO unity_rewardedVideo isValid: true
11-06 12:04:13.858 15599-15599/? D/AdsSdk_3006.0: Adapter: REWARDVIDEO chartboost_reward isValid: true
11-06 12:04:13.858 15599-15599/? D/AdsSdk_3006.0: Adapter: REWARDVIDEO chartboost_reward isValid: true
11-06 12:04:13.859 15599-15599/? D/AdsSdk_3006.0: Adapter: REWARDVIDEO ironsource_0 isValid: true
11-06 12:04:13.859 15599-15599/? D/AdsSdk_3006.0: Adapter: REWARDVIDEO ironsource_0 isValid: true
11-06 12:04:14.032 15599-15599/? D/AdsSdk_3006.0: Admob_new ads jars has not improved, check please
11-06 12:04:14.034 15599-15599/? D/AdsSdk_3006.0: Admob_new ads jars has not improved, check please
11-06 12:04:14.058 15599-15599/? D/AdsSdk_3006.0: VK ads jars has be not improved, check please
11-06 12:04:14.058 15599-15599/? D/AdsSdk_3006.0: VK ads jars has be not improved, check please
11-06 12:04:14.064 15599-15599/? D/AdsSdk_3006.0: Adapter: REWARDVIDEO batmobi_15169_08173 isValid: true
11-06 12:04:14.064 15599-15599/? D/AdsSdk_3006.0: Adapter: REWARDVIDEO batmobi_15169_08173 isValid: true
11-06 12:04:14.070 15599-15599/? D/AdsSdk_3006.0: Adapter: REWARDVIDEO unity_rewardedVideo isValid: true
11-06 12:04:14.070 15599-15599/? D/AdsSdk_3006.0: Adapter: REWARDVIDEO unity_rewardedVideo isValid: true
11-06 12:04:14.074 15599-15599/? D/AdsSdk_3006.0: Adapter: REWARDVIDEO chartboost_reward isValid: true
11-06 12:04:14.074 15599-15599/? D/AdsSdk_3006.0: Adapter: REWARDVIDEO chartboost_reward isValid: true
11-06 12:04:14.076 15599-15599/? D/AdsSdk_3006.0: Adapter: REWARDVIDEO ironsource_0 isValid: true
11-06 12:04:14.078 15599-15599/? D/AdsSdk_3006.0: Adapter: REWARDVIDEO ironsource_0 isValid: true
11-06 12:04:18.623 15599-15599/? D/AdsSdk_3006.0: Adapter: REWARDVIDEO tapjoy_video isValid: true
11-06 12:04:18.623 15599-15599/? D/AdsSdk_3006.0: Adapter: REWARDVIDEO tapjoy_video isValid: true
11-06 12:04:18.646 15599-15599/? D/AdsSdk_3006.0: Adapter: REWARDVIDEO youappi_test_rewarded_video_android isValid: true
11-06 12:04:18.646 15599-15599/? D/AdsSdk_3006.0: Adapter: REWARDVIDEO youappi_test_rewarded_video_android isValid: true
11-06 12:04:18.692 15599-15599/? D/AdsSdk_3006.0: Adapter: REWARDVIDEO mobpower_21408 isValid: true
11-06 12:04:18.694 15599-15599/? D/AdsSdk_3006.0: Adapter: REWARDVIDEO mobpower_21408 isValid: true
11-06 12:04:19.312 15599-15599/? D/AdsSdk_3006.0: Adapter: REWARDVIDEO unity_rewardedVideo isValid: true
11-06 12:04:19.313 15599-15599/? D/AdsSdk_3006.0: Adapter: REWARDVIDEO unity_rewardedVideo isValid: true
11-06 12:04:20.088 15599-15599/? D/AdsSdk_3006.0: Adapter: REWARDVIDEO batmobi_15169_08173 isValid: true
11-06 12:04:20.089 15599-15599/? D/AdsSdk_3006.0: Adapter: REWARDVIDEO batmobi_15169_08173 isValid: true
11-06 12:04:20.123 15599-15599/? D/AdsSdk_3006.0: Adapter: REWARDVIDEO batmobi_15169_08173 isValid: true
11-06 12:04:20.123 15599-15599/? D/AdsSdk_3006.0: Adapter: REWARDVIDEO batmobi_15169_08173 isValid: true
11-06 12:04:20.124 15599-15599/? D/AdsSdk_3006.0: Adapter: REWARDVIDEO unity_rewardedVideo isValid: true
11-06 12:04:20.124 15599-15599/? D/AdsSdk_3006.0: Adapter: REWARDVIDEO unity_rewardedVideo isValid: true
11-06 12:04:20.125 15599-15599/? D/AdsSdk_3006.0: Adapter: REWARDVIDEO chartboost_reward isValid: true
11-06 12:04:20.125 15599-15599/? D/AdsSdk_3006.0: Adapter: REWARDVIDEO chartboost_reward isValid: true
11-06 12:04:20.128 15599-15599/? D/AdsSdk_3006.0: Adapter: REWARDVIDEO ironsource_0 isValid: true
11-06 12:04:20.129 15599-15599/? D/AdsSdk_3006.0: Adapter: REWARDVIDEO ironsource_0 isValid: true
11-06 12:04:21.478 15599-15599/? D/AdsSdk_3006.0: Adapter: REWARDVIDEO tapjoy_video isValid: true
11-06 12:04:21.478 15599-15599/? D/AdsSdk_3006.0: Adapter: REWARDVIDEO tapjoy_video isValid: true
11-06 12:04:21.598 15599-15599/? D/AdsSdk_3006.0: Adapter: REWARDVIDEO youappi_test_rewarded_video_android isValid: true
11-06 12:04:21.598 15599-15599/? D/AdsSdk_3006.0: Adapter: REWARDVIDEO youappi_test_rewarded_video_android isValid: true
11-06 12:04:21.686 15599-15599/? D/AdsSdk_3006.0: Adapter: REWARDVIDEO mobpower_21408 isValid: true
11-06 12:04:21.690 15599-15599/? D/AdsSdk_3006.0: Adapter: REWARDVIDEO mobpower_21408 isValid: true
11-06 12:04:30.133 15599-15599/? D/AdsSdk_3006.0: Adapter: REWARDVIDEO chartboost_reward isValid: true
11-06 12:04:30.133 15599-15599/? D/AdsSdk_3006.0: Adapter: REWARDVIDEO chartboost_reward isValid: true
11-06 12:04:30.134 15599-15599/? D/AdsSdk_3006.0: Adapter: REWARDVIDEO ironsource_0 isValid: true
11-06 12:04:30.134 15599-15599/? D/AdsSdk_3006.0: Adapter: REWARDVIDEO ironsource_0 isValid: true
11-06 12:04:30.135 15599-15599/? D/AdsSdk_3006.0: Adapter: REWARDVIDEO tapjoy_video isValid: true
11-06 12:04:30.135 15599-15599/? D/AdsSdk_3006.0: Adapter: REWARDVIDEO tapjoy_video isValid: true
11-06 12:04:30.135 15599-15599/? D/AdsSdk_3006.0: Adapter: REWARDVIDEO youappi_test_rewarded_video_android isValid: true
11-06 12:04:30.135 15599-15599/? D/AdsSdk_3006.0: Adapter: REWARDVIDEO youappi_test_rewarded_video_android isValid: true
11-06 12:04:30.139 15599-15599/? D/AdsSdk_3006.0: Adapter: REWARDVIDEO mobpower_21408 isValid: true
11-06 12:04:30.142 15599-15599/? D/AdsSdk_3006.0: Adapter: REWARDVIDEO mobpower_21408 isValid: true
11-06 12:04:40.132 15599-15599/? D/AdsSdk_3006.0: Adapter: REWARDVIDEO chartboost_reward isValid: true
11-06 12:04:40.132 15599-15599/? D/AdsSdk_3006.0: Adapter: REWARDVIDEO chartboost_reward isValid: true
11-06 12:04:40.133 15599-15599/? D/AdsSdk_3006.0: Adapter: REWARDVIDEO ironsource_0 isValid: true
11-06 12:04:40.133 15599-15599/? D/AdsSdk_3006.0: Adapter: REWARDVIDEO ironsource_0 isValid: true
11-06 12:04:40.134 15599-15599/? D/AdsSdk_3006.0: Adapter: REWARDVIDEO tapjoy_video isValid: true
11-06 12:04:40.134 15599-15599/? D/AdsSdk_3006.0: Adapter: REWARDVIDEO tapjoy_video isValid: true
11-06 12:04:40.134 15599-15599/? D/AdsSdk_3006.0: Adapter: REWARDVIDEO youappi_test_rewarded_video_android isValid: true
11-06 12:04:40.134 15599-15599/? D/AdsSdk_3006.0: Adapter: REWARDVIDEO youappi_test_rewarded_video_android isValid: true
11-06 12:04:40.138 15599-15599/? D/AdsSdk_3006.0: Adapter: REWARDVIDEO mobpower_21408 isValid: true
11-06 12:04:40.142 15599-15599/? D/AdsSdk_3006.0: Adapter: REWARDVIDEO mobpower_21408 isValid: true
11-06 12:04:50.128 15599-15599/? D/AdsSdk_3006.0: Adapter: REWARDVIDEO chartboost_reward isValid: true
11-06 12:04:50.128 15599-15599/? D/AdsSdk_3006.0: Adapter: REWARDVIDEO chartboost_reward isValid: true
11-06 12:04:50.129 15599-15599/? D/AdsSdk_3006.0: Adapter: REWARDVIDEO ironsource_0 isValid: true
11-06 12:04:50.129 15599-15599/? D/AdsSdk_3006.0: Adapter: REWARDVIDEO ironsource_0 isValid: true
11-06 12:04:50.131 15599-15599/? D/AdsSdk_3006.0: Adapter: REWARDVIDEO tapjoy_video isValid: true
11-06 12:04:50.131 15599-15599/? D/AdsSdk_3006.0: Adapter: REWARDVIDEO tapjoy_video isValid: true
11-06 12:04:50.132 15599-15599/? D/AdsSdk_3006.0: Adapter: REWARDVIDEO youappi_test_rewarded_video_android isValid: true
11-06 12:04:50.132 15599-15599/? D/AdsSdk_3006.0: Adapter: REWARDVIDEO youappi_test_rewarded_video_android isValid: true
11-06 12:04:50.136 15599-15599/? D/AdsSdk_3006.0: Adapter: REWARDVIDEO mobpower_21408 isValid: true
11-06 12:04:50.139 15599-15599/? D/AdsSdk_3006.0: Adapter: REWARDVIDEO mobpower_21408 isValid: true
11-06 12:05:00.155 15599-15599/? D/AdsSdk_3006.0: Adapter: REWARDVIDEO chartboost_reward isValid: true
11-06 12:05:00.156 15599-15599/? D/AdsSdk_3006.0: Adapter: REWARDVIDEO chartboost_reward isValid: true
11-06 12:05:00.156 15599-15599/? D/AdsSdk_3006.0: Adapter: REWARDVIDEO ironsource_0 isValid: true
11-06 12:05:00.157 15599-15599/? D/AdsSdk_3006.0: Adapter: REWARDVIDEO ironsource_0 isValid: true
11-06 12:05:00.158 15599-15599/? D/AdsSdk_3006.0: Adapter: REWARDVIDEO tapjoy_video isValid: true
11-06 12:05:00.158 15599-15599/? D/AdsSdk_3006.0: Adapter: REWARDVIDEO tapjoy_video isValid: true
11-06 12:05:00.158 15599-15599/? D/AdsSdk_3006.0: Adapter: REWARDVIDEO youappi_test_rewarded_video_android isValid: true
11-06 12:05:00.158 15599-15599/? D/AdsSdk_3006.0: Adapter: REWARDVIDEO youappi_test_rewarded_video_android isValid: true
11-06 12:05:00.162 15599-15599/? D/AdsSdk_3006.0: Adapter: REWARDVIDEO mobpower_21408 isValid: true
11-06 12:05:00.165 15599-15599/? D/AdsSdk_3006.0: Adapter: REWARDVIDEO mobpower_21408 isValid: true
11-06 12:05:05.441 15599-15599/? D/AdsSdk_3006.0: Adapter: REWARDVIDEO unity_rewardedVideo isValid: true
11-06 12:05:05.441 15599-15599/? D/AdsSdk_3006.0: Adapter: REWARDVIDEO unity_rewardedVideo isValid: true
11-06 12:05:05.749 15599-15599/? D/AdsSdk_3006.0: Adapter: REWARDVIDEO batmobi_15169_08173 isValid: true
11-06 12:05:05.750 15599-15599/? D/AdsSdk_3006.0: Adapter: REWARDVIDEO batmobi_15169_08173 isValid: true
11-06 12:05:08.485 15599-15599/? D/AdsSdk_3006.0: Adapter: REWARDVIDEO tapjoy_video isValid: true
11-06 12:05:08.485 15599-15599/? D/AdsSdk_3006.0: Adapter: REWARDVIDEO tapjoy_video isValid: true
11-06 12:05:08.517 15599-15599/? D/AdsSdk_3006.0: Adapter: REWARDVIDEO youappi_test_rewarded_video_android isValid: true
11-06 12:05:08.517 15599-15599/? D/AdsSdk_3006.0: Adapter: REWARDVIDEO youappi_test_rewarded_video_android isValid: true
11-06 12:05:08.572 15599-15599/? D/AdsSdk_3006.0: Adapter: REWARDVIDEO mobpower_21408 isValid: true
11-06 12:05:08.575 15599-15599/? D/AdsSdk_3006.0: Adapter: REWARDVIDEO mobpower_21408 isValid: true
11-06 12:05:10.146 15599-15599/? D/AdsSdk_3006.0: Adapter: REWARDVIDEO chartboost_reward isValid: true
11-06 12:05:10.146 15599-15599/? D/AdsSdk_3006.0: Adapter: REWARDVIDEO chartboost_reward isValid: true
11-06 12:05:10.147 15599-15599/? D/AdsSdk_3006.0: Adapter: REWARDVIDEO ironsource_0 isValid: true
11-06 12:05:10.148 15599-15599/? D/AdsSdk_3006.0: Adapter: REWARDVIDEO ironsource_0 isValid: true
11-06 12:05:10.148 15599-15599/? D/AdsSdk_3006.0: Adapter: REWARDVIDEO tapjoy_video isValid: true
11-06 12:05:10.149 15599-15599/? D/AdsSdk_3006.0: Adapter: REWARDVIDEO tapjoy_video isValid: true
11-06 12:05:10.149 15599-15599/? D/AdsSdk_3006.0: Adapter: REWARDVIDEO youappi_test_rewarded_video_android isValid: true
11-06 12:05:10.149 15599-15599/? D/AdsSdk_3006.0: Adapter: REWARDVIDEO youappi_test_rewarded_video_android isValid: true
11-06 12:05:10.153 15599-15599/? D/AdsSdk_3006.0: Adapter: REWARDVIDEO mobpower_21408 isValid: true
11-06 12:05:10.155 15599-15599/? D/AdsSdk_3006.0: Adapter: REWARDVIDEO mobpower_21408 isValid: true
11-06 12:05:18.849 15599-15599/? D/AdsSdk_3006.0: Adapter: REWARDVIDEO unity_rewardedVideo isValid: true
11-06 12:05:18.849 15599-15599/? D/AdsSdk_3006.0: Adapter: REWARDVIDEO unity_rewardedVideo isValid: true
11-06 12:05:19.057 15599-15599/? D/AdsSdk_3006.0: Adapter: REWARDVIDEO mobpower_21408 isValid: true
11-06 12:05:19.061 15599-15599/? D/AdsSdk_3006.0: Adapter: REWARDVIDEO mobpower_21408 isValid: true
11-06 12:05:19.611 15599-15599/? D/AdsSdk_3006.0: Adapter: REWARDVIDEO batmobi_15169_08173 isValid: true
11-06 12:05:19.611 15599-15599/? D/AdsSdk_3006.0: Adapter: REWARDVIDEO batmobi_15169_08173 isValid: true
11-06 12:05:20.170 15599-15599/? D/AdsSdk_3006.0: Adapter: REWARDVIDEO batmobi_15169_08173 isValid: true
11-06 12:05:20.170 15599-15599/? D/AdsSdk_3006.0: Adapter: REWARDVIDEO batmobi_15169_08173 isValid: true
11-06 12:05:20.171 15599-15599/? D/AdsSdk_3006.0: Adapter: REWARDVIDEO unity_rewardedVideo isValid: true
11-06 12:05:20.171 15599-15599/? D/AdsSdk_3006.0: Adapter: REWARDVIDEO unity_rewardedVideo isValid: true
11-06 12:05:20.172 15599-15599/? D/AdsSdk_3006.0: Adapter: REWARDVIDEO chartboost_reward isValid: true
11-06 12:05:20.172 15599-15599/? D/AdsSdk_3006.0: Adapter: REWARDVIDEO chartboost_reward isValid: true
11-06 12:05:20.173 15599-15599/? D/AdsSdk_3006.0: Adapter: REWARDVIDEO ironsource_0 isValid: true
11-06 12:05:20.173 15599-15599/? D/AdsSdk_3006.0: Adapter: REWARDVIDEO ironsource_0 isValid: true
11-06 12:05:25.573 15599-15599/? D/AdsSdk_3006.0: Adapter: REWARDVIDEO tapjoy_video isValid: true
11-06 12:05:25.573 15599-15599/? D/AdsSdk_3006.0: Adapter: REWARDVIDEO tapjoy_video isValid: true
