11-06 11:57:50.218 15599-15869/? D/AdsSdk_3006.0: rewarded_video: LoadCallback: ironsource_0 onLoaded，加载成功
11-06 11:57:50.218 15599-15871/? D/AdsSdk_3006.0: REWARDVIDEO ironsource launchAdCheckEvent is called 
11-06 11:57:50.219 15599-15869/? D/AdsSdk_3006.0: inter_ccc: LoadCallback: ironsource_0 onLoaded，加载成功
11-06 11:57:50.219 15599-15870/? D/AdsSdk_3006.0: REWARDVIDEO ironsource launchAdCheckEvent is called 
11-06 11:57:50.219 15599-15871/? D/AdsSdk_3006.0: REWARDVIDEO ironsource launchAdCheckEvent nm is null, S3 don't need upload
11-06 11:57:50.219 15599-15870/? D/AdsSdk_3006.0: REWARDVIDEO ironsource launchAdCheckEvent nm is null, S3 don't need upload
11-06 11:57:53.428 15599-15869/? D/AdsSdk_3006.0: amazon: 重试开始
11-06 11:57:53.428 15599-15941/? D/AdsSdk_3006.0: inter_bbb: AffInfo is: {"aff_name":"amazon","app_key":"sample-app-v1_pub-2","open_i_b":0,"aff_ttl":1800}
11-06 11:57:53.429 15599-15941/? D/AdsSdk_3006.0: Adapter: INTERSTITIAL amazon isValid: false
11-06 11:57:53.429 15599-15941/? D/AdsSdk_3006.0: LoadManager amazon: load开始
11-06 11:57:53.432 15599-15869/? D/AdsSdk_3006.0: appnext_cc6e96d0-1407-4703-a132-a19566cc2fdf: 重试开始
11-06 11:57:53.432 15599-15938/? D/AdsSdk_3006.0: inter_ddd: AffInfo is: {"aff_name":"appnext","placement_id":"cc6e96d0-1407-4703-a132-a19566cc2fdf","open_i_b":0,"aff_ttl":1800}
11-06 11:57:53.433 15599-15938/? D/AdsSdk_3006.0: Adapter: REWARDVIDEO appnext_cc6e96d0-1407-4703-a132-a19566cc2fdf isValid: false
11-06 11:57:53.433 15599-15938/? D/AdsSdk_3006.0: LoadManager appnext_cc6e96d0-1407-4703-a132-a19566cc2fdf: load开始
11-06 11:57:53.434 15599-15941/? I/<ALY Android>_3200: logEvent key: _NEW_IL_LOAD, value: [{__gaid=5a862c88-d254-45bc-be40-20af7d04b1b9, __aff_info=%7B%22aff_name%22%3A%22amazon%22%2C%22app_key%22%3A%22sample-app-v1_pub-2%22%2C%22open_i_b%22%3A0%2C%22aff_ttl%22%3A1800%7D, __ad_id=inter_bbb, __sdk_ver=3006, __open_id=819b078573e0b902b3b124d6d86b7b11, __pkg=roy.wan.foreign, __sub_ver=3006.0, __sta_token=315a7616e7264f4585ad8a8309b52ffd}]
11-06 11:57:53.437 15599-15938/? I/<ALY Android>_3200: logEvent key: _NEW_IL_LOAD, value: [{__gaid=5a862c88-d254-45bc-be40-20af7d04b1b9, __aff_info=%7B%22aff_name%22%3A%22appnext%22%2C%22placement_id%22%3A%22cc6e96d0-1407-4703-a132-a19566cc2fdf%22%2C%22open_i_b%22%3A0%2C%22aff_ttl%22%3A1800%7D, __ad_id=inter_ddd, __sdk_ver=3006, __open_id=819b078573e0b902b3b124d6d86b7b11, __pkg=roy.wan.foreign, __sub_ver=3006.0, __sta_token=315a7616e7264f4585ad8a8309b52ffd}]
11-06 11:57:53.439 15599-15869/? D/AdsSdk_3006.0: appnext_b05b2e41-c798-4d4a-be66-ae162835065a: 重试开始
11-06 11:57:53.439 15599-15937/? D/AdsSdk_3006.0: rewarded_video: AffInfo is: {"aff_name":"appnext","placement_id":"b05b2e41-c798-4d4a-be66-ae162835065a","open_i_b":0,"aff_ttl":1800}
11-06 11:57:53.440 15599-15937/? D/AdsSdk_3006.0: Adapter: REWARDVIDEO appnext_b05b2e41-c798-4d4a-be66-ae162835065a isValid: false
11-06 11:57:53.440 15599-15937/? D/AdsSdk_3006.0: LoadManager appnext_b05b2e41-c798-4d4a-be66-ae162835065a: load开始
11-06 11:57:53.458 15599-15937/? I/<ALY Android>_3200: logEvent key: _NEW_RDA_LOAD, value: [{__gaid=5a862c88-d254-45bc-be40-20af7d04b1b9, __aff_info=%7B%22aff_name%22%3A%22appnext%22%2C%22placement_id%22%3A%22b05b2e41-c798-4d4a-be66-ae162835065a%22%2C%22open_i_b%22%3A0%2C%22aff_ttl%22%3A1800%7D, __ad_id=rewarded_video, __sdk_ver=3006, __open_id=819b078573e0b902b3b124d6d86b7b11, __pkg=roy.wan.foreign, __sub_ver=3006.0, __sta_token=315a7616e7264f4585ad8a8309b52ffd}]
11-06 11:57:53.975 15599-15599/? D/AdsSdk_3006.0: Adapter: INTERSTITIAL admob_ca-app-pub-5127982408256037/3250192874 isValid: true
11-06 11:57:53.975 15599-15599/? D/AdsSdk_3006.0: Adapter: INTERSTITIAL admob_ca-app-pub-5127982408256037/3250192874 isValid: true
11-06 11:57:53.996 15599-15599/? D/AdsSdk_3006.0: Adapter: INTERSTITIAL youappi_test_interstitial_ad_android isValid: true
11-06 11:57:53.996 15599-15599/? D/AdsSdk_3006.0: Adapter: INTERSTITIAL youappi_test_interstitial_ad_android isValid: true
11-06 11:57:54.200 15599-15599/? W/AdsSdk_3006.0: LoadManager LoadCallback: amazon onError，加载失败
                                                  message: AmazonInterstitialAdapter failed with code: NO_FILL message: Server Message: no results. Try again in 1 seconds
11-06 11:57:54.284 15599-15599/? D/AdsSdk_3006.0: Adapter: INTERSTITIAL batmobi_15169_04868 isValid: true
11-06 11:57:54.285 15599-15599/? D/AdsSdk_3006.0: Adapter: INTERSTITIAL batmobi_15169_04868 isValid: true
11-06 11:57:54.302 15599-15599/? D/AdsSdk_3006.0: Adapter: INTERSTITIAL dap_159905 isValid: true
11-06 11:57:54.303 15599-15599/? D/AdsSdk_3006.0: Adapter: INTERSTITIAL dap_159905 isValid: true
11-06 11:57:54.450 15599-15869/? D/AdsSdk_3006.0: amazon: 32000ms后重试
11-06 11:57:54.464 15599-15599/? I/AdsSdk_3006.0: LoadManager LoadCallback: admob_reward_video onLoaded，加载成功
11-06 11:57:54.464 15599-15599/? D/AdsSdk_3006.0: LoadCallback: admob_reward_video loadCostTimeMills is 17940
11-06 11:57:54.468 15599-15599/? I/<ALY Android>_3200: logEvent key: _NEW_RDA_LOADOK, value: [{__req_id=4b46d3e014de3d378b4f88ca9f82fd53, __gaid=5a862c88-d254-45bc-be40-20af7d04b1b9, __aff_info=%7B%22aff_name%22%3A%22admob%22%2C%22ad_unit_id%22%3A%22ca-app-pub-1865559073577505%5C%2F2850384961%22%2C%22open_i_b%22%3A0%2C%22aff_ttl%22%3A1800%7D, __load_time=17940, __ad_id=rewarded_video, __sdk_ver=3006, __open_id=819b078573e0b902b3b124d6d86b7b11, __pkg=roy.wan.foreign, __sub_ver=3006.0, __sta_token=315a7616e7264f4585ad8a8309b52ffd}]
11-06 11:57:54.495 15599-15970/? I/AdsSdk_3006.0: LoadManager LoadCallback: ironsource_i_0 onLoaded，加载成功
11-06 11:57:54.498 15599-15970/? I/<ALY Android>_3200: logEvent key: _NEW_IL_LOADOK, value: [{__req_id=eab47027e80367147d8314d0a6d04725, __gaid=5a862c88-d254-45bc-be40-20af7d04b1b9, __aff_info=%7B%22aff_name%22%3A%22ironsource%22%2C%22app_key%22%3A%226646564d%22%2C%22open_i_b%22%3A0%2C%22aff_ttl%22%3A1800%2C%22placement_id%22%3A%220%22%7D, __ad_id=inter_aaa, __sdk_ver=3006, __open_id=819b078573e0b902b3b124d6d86b7b11, __pkg=roy.wan.foreign, __sub_ver=3006.0, __sta_token=315a7616e7264f4585ad8a8309b52ffd}]
11-06 11:57:54.609 15599-15599/? W/AdsSdk_3006.0: LoadManager LoadCallback: appnext_cc6e96d0-1407-4703-a132-a19566cc2fdf onError，加载失败
                                                  message: AppNextRewardVideoAdapter failed with message: No video ads
11-06 11:57:54.620 15599-15869/? D/AdsSdk_3006.0: rewarded_video: LoadCallback: admob_reward_video onLoaded，加载成功
11-06 11:57:54.621 15599-15869/? D/AdsSdk_3006.0: inter_ccc: LoadCallback: admob_reward_video onLoaded，加载成功
11-06 11:57:54.621 15599-15871/? D/AdsSdk_3006.0: REWARDVIDEO admob launchAdCheckEvent is called 
11-06 11:57:54.621 15599-15870/? D/AdsSdk_3006.0: REWARDVIDEO admob launchAdCheckEvent is called 
11-06 11:57:54.621 15599-15871/? I/AdsSdk_3006.0: REWARDVIDEO admob launchAdCheckEvent nm is ad01 request_id is 4b46d3e014de3d378b4f88ca9f82fd53
11-06 11:57:54.621 15599-15870/? I/AdsSdk_3006.0: REWARDVIDEO admob launchAdCheckEvent nm is ad01 request_id is 4b46d3e014de3d378b4f88ca9f82fd53
11-06 11:57:54.636 15599-16306/? I/<ALY Android>_3200: logEvent key: _NEW_RDA_CA_ACTION, value: [{__req_id=4b46d3e014de3d378b4f88ca9f82fd53, __gaid=5a862c88-d254-45bc-be40-20af7d04b1b9, __call_ver=1.0.7, __sdk_ver=3006, __aff_name=ad01, __open_id=819b078573e0b902b3b124d6d86b7b11, __pkg=roy.wan.foreign, __aff_ver=12451000, __sub_ver=3006.0, __sta_token=315a7616e7264f4585ad8a8309b52ffd, __status=0}]
11-06 11:57:54.643 15599-15599/? W/AdsSdk_3006.0: LoadManager LoadCallback: appnext_b05b2e41-c798-4d4a-be66-ae162835065a onError，加载失败
                                                  message: AppNextRewardVideoAdapter failed with message: No video ads
11-06 11:57:54.648 15599-16306/? W/AdsSdk_3006.0: rewarded_video callAuction fail: platform: admob requestId: 4b46d3e014de3d378b4f88ca9f82fd53
11-06 11:57:54.648 15599-16306/? W/AdsSdk_3006.0: inter_ccc callAuction fail: platform: admob requestId: 4b46d3e014de3d378b4f88ca9f82fd53
11-06 11:57:54.650 15599-16236/? I/<ALY Android>_3200: logEvent key: _NEW_RDA_CA_ACTION, value: [{__req_id=4b46d3e014de3d378b4f88ca9f82fd53, __gaid=5a862c88-d254-45bc-be40-20af7d04b1b9, __call_ver=1.0.7, __sdk_ver=3006, __aff_name=ad01, __open_id=819b078573e0b902b3b124d6d86b7b11, __pkg=roy.wan.foreign, __aff_ver=12451000, __sub_ver=3006.0, __sta_token=315a7616e7264f4585ad8a8309b52ffd, __status=0}]
11-06 11:57:54.653 15599-16236/? W/AdsSdk_3006.0: rewarded_video callAuction fail: platform: admob requestId: 4b46d3e014de3d378b4f88ca9f82fd53
11-06 11:57:54.653 15599-16236/? W/AdsSdk_3006.0: inter_ccc callAuction fail: platform: admob requestId: 4b46d3e014de3d378b4f88ca9f82fd53
11-06 11:57:54.655 15599-15869/? D/AdsSdk_3006.0: inter_aaa: LoadCallback: ironsource_i_0 onLoaded，加载成功
11-06 11:57:54.655 15599-15871/? D/AdsSdk_3006.0: INTERSTITIAL ironsource launchAdCheckEvent is called 
11-06 11:57:54.656 15599-15871/? D/AdsSdk_3006.0: INTERSTITIAL ironsource launchAdCheckEvent nm is null, S3 don't need upload
11-06 11:57:54.663 15599-15599/? D/AdsSdk_3006.0: Adapter: INTERSTITIAL admob_ca-app-pub-5127982408256037/3250192874 isValid: true
11-06 11:57:54.663 15599-15599/? D/AdsSdk_3006.0: Adapter: INTERSTITIAL admob_ca-app-pub-5127982408256037/3250192874 isValid: true
11-06 11:57:54.665 15599-15599/? D/AdsSdk_3006.0: Adapter: INTERSTITIAL youappi_test_interstitial_ad_android isValid: true
11-06 11:57:54.667 15599-15599/? D/AdsSdk_3006.0: Adapter: INTERSTITIAL youappi_test_interstitial_ad_android isValid: true
11-06 11:57:54.860 15599-15869/? D/AdsSdk_3006.0: appnext_cc6e96d0-1407-4703-a132-a19566cc2fdf: 32000ms后重试
11-06 11:57:54.894 15599-15869/? D/AdsSdk_3006.0: appnext_b05b2e41-c798-4d4a-be66-ae162835065a: 32000ms后重试
11-06 11:57:55.255 15599-15599/? D/AdsSdk_3006.0: Adapter: REWARDVIDEO admob_reward_video isValid: true
11-06 11:57:55.255 15599-15599/? D/AdsSdk_3006.0: Adapter: REWARDVIDEO admob_reward_video isValid: true
11-06 11:57:55.256 15599-15599/? D/AdsSdk_3006.0: Adapter: REWARDVIDEO ironsource_0 isValid: true
11-06 11:57:55.256 15599-15599/? D/AdsSdk_3006.0: Adapter: REWARDVIDEO ironsource_0 isValid: true
11-06 11:57:55.257 15599-15599/? D/AdsSdk_3006.0: Youlan jars has be not improved, check please
11-06 11:57:55.258 15599-15599/? D/AdsSdk_3006.0: Adapter: INTERSTITIAL youappi_reward_interstitial_test_interstitial_video_android isValid: false
11-06 11:57:55.258 15599-15599/? D/AdsSdk_3006.0: Youlan jars has be not improved, check please
11-06 11:57:55.258 15599-15599/? D/AdsSdk_3006.0: Adapter: INTERSTITIAL youappi_reward_interstitial_test_interstitial_video_android isValid: false
11-06 11:57:55.259 15599-15599/? D/AdsSdk_3006.0: Adapter: INTERSTITIAL applovin_92ec4538b2029e4d isValid: true
11-06 11:57:55.259 15599-15599/? D/AdsSdk_3006.0: Adapter: INTERSTITIAL applovin_92ec4538b2029e4d isValid: true
11-06 11:57:55.259 15599-15599/? D/AdsSdk_3006.0: Adapter: INTERSTITIAL batmobi_15169_04868 isValid: true
11-06 11:57:55.259 15599-15599/? D/AdsSdk_3006.0: Adapter: INTERSTITIAL batmobi_15169_04868 isValid: true
11-06 11:57:55.262 15599-15599/? W/AdsSdk_3006.0: LoadManager LoadCallback: adcolony_vz6e94afe0a6f643719d onError，加载失败
                                                  message: AdcolonyRewardVideoAdapter failed 
11-06 11:57:55.267 15599-15599/? I/<ALY Android>_3200: logEvent key: _NEW_RDA_LOADNOK, value: [{__gaid=5a862c88-d254-45bc-be40-20af7d04b1b9, __aff_info=%7B%22aff_name%22%3A%22adcolony%22%2C%22app_id%22%3A%22app72c7816fa0f2407db4%22%2C%22zone_id%22%3A%22vz6e94afe0a6f643719d%22%2C%22open_i_b%22%3A0%2C%22aff_ttl%22%3A1800%2C%22adcolony_ids%22%3A%22vz6e94afe0a6f643719d%2Cvz33e7556f45514d4e85%22%7D, __ad_id=rewarded_video, __sdk_ver=3006, __open_id=819b078573e0b902b3b124d6d86b7b11, __pkg=roy.wan.foreign, __sub_ver=3006.0, __sta_token=315a7616e7264f4585ad8a8309b52ffd}]
11-06 11:57:55.520 15599-15869/? D/AdsSdk_3006.0: adcolony_vz6e94afe0a6f643719d: 8000ms后重试
11-06 11:57:56.144 15599-15599/? D/AdsSdk_3006.0: VK ads jars has be not improved, check please
11-06 11:57:56.145 15599-15599/? D/AdsSdk_3006.0: VK ads jars has be not improved, check please
11-06 11:57:56.154 15599-15599/? D/AdsSdk_3006.0: Inmobi ads jars has be not improved, check please
11-06 11:57:56.155 15599-15599/? D/AdsSdk_3006.0: Inmobi ads jars has be not improved, check please
11-06 11:57:56.160 15599-15599/? D/AdsSdk_3006.0: Nend ads jars has be not improved, check please
11-06 11:57:56.161 15599-15599/? D/AdsSdk_3006.0: Nend ads jars has be not improved, check please
11-06 11:57:56.167 15599-15599/? D/AdsSdk_3006.0: GDT ads jars has be not improved, check please
11-06 11:57:56.168 15599-15599/? D/AdsSdk_3006.0: GDT ads jars has be not improved, check please
11-06 11:57:58.167 15599-15869/? D/AdsSdk_3006.0: 重试检查版本API，重试次数：3
11-06 11:57:58.167 15599-15869/? D/AdsSdk_3006.0: checkOnlineConfig 网络已经连接，是否正在运行：false
11-06 11:57:58.167 15599-15869/? D/AdsSdk_3006.0: checkOnlineConfig 是否存在延时运行的任务：false
11-06 11:57:58.338 15599-15869/? I/AdsSdk_3006.0: inter_bbb callAuction success: platform: admob requestId: 2e4c01053394ae85e1c0de09034b8537
11-06 11:57:59.241 15599-15894/? W/AdsSdk_3006.0: checkOnlineConfig 返回失败，原因：null
11-06 11:57:59.421 15599-15599/? D/AdsSdk_3006.0: Adapter: INTERSTITIAL admob_ca-app-pub-5127982408256037/3250192874 isValid: true
11-06 11:57:59.422 15599-15599/? D/AdsSdk_3006.0: Adapter: INTERSTITIAL admob_ca-app-pub-5127982408256037/3250192874 isValid: true
11-06 11:57:59.439 15599-15599/? D/AdsSdk_3006.0: Adapter: INTERSTITIAL youappi_test_interstitial_ad_android isValid: true
11-06 11:57:59.439 15599-15599/? D/AdsSdk_3006.0: Adapter: INTERSTITIAL youappi_test_interstitial_ad_android isValid: true
11-06 11:57:59.732 15599-15599/? D/AdsSdk_3006.0: Adapter: INTERSTITIAL batmobi_15169_04868 isValid: true
11-06 11:57:59.732 15599-15599/? D/AdsSdk_3006.0: Adapter: INTERSTITIAL batmobi_15169_04868 isValid: true
11-06 11:57:59.733 15599-15599/? D/AdsSdk_3006.0: Adapter: INTERSTITIAL ironsource_i_0 isValid: true
11-06 11:57:59.733 15599-15599/? D/AdsSdk_3006.0: Adapter: INTERSTITIAL ironsource_i_0 isValid: true
11-06 11:57:59.734 15599-15599/? D/AdsSdk_3006.0: Adapter: INTERSTITIAL dap_159905 isValid: true
11-06 11:57:59.734 15599-15599/? D/AdsSdk_3006.0: Adapter: INTERSTITIAL dap_159905 isValid: true
11-06 11:58:00.354 15599-15599/? D/AdsSdk_3006.0: Adapter: INTERSTITIAL dap_159905 isValid: true
11-06 11:58:00.548 15599-15599/? I/AdsSdk_3006.0: dap_159905 onDebugAdOpened
11-06 11:58:00.549 15599-15599/? D/AdsSdk_3006.0: Adapter: INTERSTITIAL dap_159905 isValid: true
11-06 11:58:00.647 15599-15599/? D/AdsSdk_3006.0: Adapter: INTERSTITIAL batmobi_15169_04868 isValid: true
11-06 11:58:00.647 15599-15599/? D/AdsSdk_3006.0: Adapter: INTERSTITIAL batmobi_15169_04868 isValid: true
11-06 11:58:00.648 15599-15599/? D/AdsSdk_3006.0: Adapter: INTERSTITIAL ironsource_i_0 isValid: true
11-06 11:58:00.648 15599-15599/? D/AdsSdk_3006.0: Adapter: INTERSTITIAL ironsource_i_0 isValid: true
11-06 11:58:02.462 15599-15599/? I/AdsSdk_3006.0: dap_159905 onDebugAdClosed
11-06 11:58:02.511 15599-15599/? D/AdsSdk_3006.0: Adapter: INTERSTITIAL batmobi_15169_04868 isValid: true
11-06 11:58:02.511 15599-15599/? D/AdsSdk_3006.0: Adapter: INTERSTITIAL batmobi_15169_04868 isValid: true
11-06 11:58:02.512 15599-15599/? D/AdsSdk_3006.0: Adapter: INTERSTITIAL ironsource_i_0 isValid: true
11-06 11:58:02.512 15599-15599/? D/AdsSdk_3006.0: Adapter: INTERSTITIAL ironsource_i_0 isValid: true
11-06 11:58:02.521 15599-15599/? D/AdsSdk_3006.0: VK ads jars has be not improved, check please
11-06 11:58:02.522 15599-15599/? D/AdsSdk_3006.0: VK ads jars has be not improved, check please
11-06 11:58:02.526 15599-15599/? D/AdsSdk_3006.0: Inmobi ads jars has be not improved, check please
11-06 11:58:02.527 15599-15599/? D/AdsSdk_3006.0: Inmobi ads jars has be not improved, check please
11-06 11:58:02.529 15599-15599/? D/AdsSdk_3006.0: Nend ads jars has be not improved, check please
11-06 11:58:02.530 15599-15599/? D/AdsSdk_3006.0: Nend ads jars has be not improved, check please
11-06 11:58:02.531 15599-15599/? D/AdsSdk_3006.0: GDT ads jars has be not improved, check please
11-06 11:58:02.532 15599-15599/? D/AdsSdk_3006.0: GDT ads jars has be not improved, check please
11-06 11:58:02.546 15599-15599/? D/AdsSdk_3006.0: Adapter: INTERSTITIAL admob_ca-app-pub-5127982408256037/3250192874 isValid: true
11-06 11:58:02.546 15599-15599/? D/AdsSdk_3006.0: Adapter: INTERSTITIAL admob_ca-app-pub-5127982408256037/3250192874 isValid: true
11-06 11:58:02.548 15599-15599/? D/AdsSdk_3006.0: Adapter: INTERSTITIAL youappi_test_interstitial_ad_android isValid: true
11-06 11:58:02.549 15599-15599/? D/AdsSdk_3006.0: Adapter: INTERSTITIAL youappi_test_interstitial_ad_android isValid: true
11-06 11:58:02.696 15599-15599/? D/AdsSdk_3006.0: Adapter: INTERSTITIAL batmobi_15169_04868 isValid: true
11-06 11:58:02.697 15599-15599/? D/AdsSdk_3006.0: Adapter: INTERSTITIAL batmobi_15169_04868 isValid: true
11-06 11:58:02.699 15599-15599/? D/AdsSdk_3006.0: Adapter: INTERSTITIAL ironsource_i_0 isValid: true
11-06 11:58:02.701 15599-15599/? D/AdsSdk_3006.0: Adapter: INTERSTITIAL ironsource_i_0 isValid: true
11-06 11:58:02.713 15599-15599/? D/AdsSdk_3006.0: VK ads jars has be not improved, check please
11-06 11:58:02.714 15599-15599/? D/AdsSdk_3006.0: VK ads jars has be not improved, check please
11-06 11:58:02.718 15599-15599/? D/AdsSdk_3006.0: Inmobi ads jars has be not improved, check please
11-06 11:58:02.719 15599-15599/? D/AdsSdk_3006.0: Inmobi ads jars has be not improved, check please
11-06 11:58:02.722 15599-15599/? D/AdsSdk_3006.0: Nend ads jars has be not improved, check please
11-06 11:58:02.724 15599-15599/? D/AdsSdk_3006.0: Nend ads jars has be not improved, check please
11-06 11:58:02.727 15599-15599/? D/AdsSdk_3006.0: GDT ads jars has be not improved, check please
11-06 11:58:02.728 15599-15599/? D/AdsSdk_3006.0: GDT ads jars has be not improved, check please
11-06 11:58:02.735 15599-15599/? D/AdsSdk_3006.0: Adapter: INTERSTITIAL admob_ca-app-pub-5127982408256037/3250192874 isValid: true
11-06 11:58:02.735 15599-15599/? D/AdsSdk_3006.0: Adapter: INTERSTITIAL admob_ca-app-pub-5127982408256037/3250192874 isValid: true
11-06 11:58:02.741 15599-15599/? D/AdsSdk_3006.0: Adapter: INTERSTITIAL youappi_test_interstitial_ad_android isValid: true
11-06 11:58:02.742 15599-15599/? D/AdsSdk_3006.0: Adapter: INTERSTITIAL youappi_test_interstitial_ad_android isValid: true
11-06 11:58:03.481 15599-15599/? D/AdsSdk_3006.0: Adapter: REWARDVIDEO admob_reward_video isValid: true
11-06 11:58:03.481 15599-15599/? D/AdsSdk_3006.0: Adapter: REWARDVIDEO admob_reward_video isValid: true
11-06 11:58:03.488 15599-15599/? D/AdsSdk_3006.0: Adapter: REWARDVIDEO ironsource_0 isValid: true
11-06 11:58:03.489 15599-15599/? D/AdsSdk_3006.0: Adapter: REWARDVIDEO ironsource_0 isValid: true
11-06 11:58:03.493 15599-15599/? D/AdsSdk_3006.0: Youlan jars has be not improved, check please
11-06 11:58:03.493 15599-15599/? D/AdsSdk_3006.0: Adapter: INTERSTITIAL youappi_reward_interstitial_test_interstitial_video_android isValid: false
11-06 11:58:03.494 15599-15599/? D/AdsSdk_3006.0: Youlan jars has be not improved, check please
11-06 11:58:03.494 15599-15599/? D/AdsSdk_3006.0: Adapter: INTERSTITIAL youappi_reward_interstitial_test_interstitial_video_android isValid: false
11-06 11:58:03.501 15599-15599/? D/AdsSdk_3006.0: Adapter: INTERSTITIAL applovin_92ec4538b2029e4d isValid: true
11-06 11:58:03.501 15599-15599/? D/AdsSdk_3006.0: Adapter: INTERSTITIAL applovin_92ec4538b2029e4d isValid: true
11-06 11:58:03.504 15599-15599/? D/AdsSdk_3006.0: Adapter: INTERSTITIAL batmobi_15169_04868 isValid: true
11-06 11:58:03.505 15599-15599/? D/AdsSdk_3006.0: Adapter: INTERSTITIAL batmobi_15169_04868 isValid: true
11-06 11:58:03.525 15599-15869/? D/AdsSdk_3006.0: adcolony_vz6e94afe0a6f643719d: 重试开始
11-06 11:58:03.526 15599-15940/? D/AdsSdk_3006.0: rewarded_video: AffInfo is: {"aff_name":"adcolony","app_id":"app72c7816fa0f2407db4","zone_id":"vz6e94afe0a6f643719d","open_i_b":0,"aff_ttl":1800,"adcolony_ids":"vz6e94afe0a6f643719d,vz33e7556f45514d4e85"}
11-06 11:58:03.526 15599-15940/? D/AdsSdk_3006.0: Adapter: REWARDVIDEO adcolony_vz6e94afe0a6f643719d isValid: false
11-06 11:58:03.526 15599-15940/? D/AdsSdk_3006.0: LoadManager adcolony_vz6e94afe0a6f643719d: load开始
11-06 11:58:03.529 15599-15940/? I/<ALY Android>_3200: logEvent key: _NEW_RDA_LOAD, value: [{__gaid=5a862c88-d254-45bc-be40-20af7d04b1b9, __aff_info=%7B%22aff_name%22%3A%22adcolony%22%2C%22app_id%22%3A%22app72c7816fa0f2407db4%22%2C%22zone_id%22%3A%22vz6e94afe0a6f643719d%22%2C%22open_i_b%22%3A0%2C%22aff_ttl%22%3A1800%2C%22adcolony_ids%22%3A%22vz6e94afe0a6f643719d%2Cvz33e7556f45514d4e85%22%7D, __ad_id=rewarded_video, __sdk_ver=3006, __open_id=819b078573e0b902b3b124d6d86b7b11, __pkg=roy.wan.foreign, __sub_ver=3006.0, __sta_token=315a7616e7264f4585ad8a8309b52ffd}]
11-06 11:58:04.102 15599-15599/? D/AdsSdk_3006.0: VK ads jars has be not improved, check please
11-06 11:58:04.103 15599-15599/? D/AdsSdk_3006.0: VK ads jars has be not improved, check please
11-06 11:58:04.111 15599-15599/? D/AdsSdk_3006.0: Inmobi ads jars has be not improved, check please
11-06 11:58:04.112 15599-15599/? D/AdsSdk_3006.0: Inmobi ads jars has be not improved, check please
11-06 11:58:04.117 15599-15599/? D/AdsSdk_3006.0: Nend ads jars has be not improved, check please
11-06 11:58:04.117 15599-15599/? D/AdsSdk_3006.0: Nend ads jars has be not improved, check please
11-06 11:58:04.121 15599-15599/? D/AdsSdk_3006.0: GDT ads jars has be not improved, check please
11-06 11:58:04.122 15599-15599/? D/AdsSdk_3006.0: GDT ads jars has be not improved, check please
11-06 11:58:04.670 15599-15599/? D/AdsSdk_3006.0: Adapter: INTERSTITIAL admob_ca-app-pub-5127982408256037/3250192874 isValid: true
11-06 11:58:04.670 15599-15599/? D/AdsSdk_3006.0: Adapter: INTERSTITIAL admob_ca-app-pub-5127982408256037/3250192874 isValid: true
11-06 11:58:04.671 15599-15599/? D/AdsSdk_3006.0: Adapter: INTERSTITIAL youappi_test_interstitial_ad_android isValid: true
11-06 11:58:04.672 15599-15599/? D/AdsSdk_3006.0: Adapter: INTERSTITIAL youappi_test_interstitial_ad_android isValid: true
11-06 11:58:05.324 15599-15599/? W/AdsSdk_3006.0: LoadManager LoadCallback: adcolony_vz6e94afe0a6f643719d onError，加载失败
                                                  message: AdcolonyRewardVideoAdapter failed 
11-06 11:58:05.576 15599-15869/? D/AdsSdk_3006.0: adcolony_vz6e94afe0a6f643719d: 32000ms后重试
11-06 11:58:05.741 15599-15599/? D/AdsSdk_3006.0: Adapter: REWARDVIDEO admob_reward_video isValid: true
11-06 11:58:05.742 15599-15599/? D/AdsSdk_3006.0: Adapter: REWARDVIDEO admob_reward_video isValid: true
11-06 11:58:05.750 15599-15599/? D/AdsSdk_3006.0: Adapter: REWARDVIDEO ironsource_0 isValid: true
11-06 11:58:05.751 15599-15599/? D/AdsSdk_3006.0: Adapter: REWARDVIDEO ironsource_0 isValid: true
11-06 11:58:05.755 15599-15599/? D/AdsSdk_3006.0: Youlan jars has be not improved, check please
11-06 11:58:05.755 15599-15599/? D/AdsSdk_3006.0: Adapter: INTERSTITIAL youappi_reward_interstitial_test_interstitial_video_android isValid: false
11-06 11:58:05.756 15599-15599/? D/AdsSdk_3006.0: Youlan jars has be not improved, check please
11-06 11:58:05.756 15599-15599/? D/AdsSdk_3006.0: Adapter: INTERSTITIAL youappi_reward_interstitial_test_interstitial_video_android isValid: false
11-06 11:58:05.765 15599-15599/? D/AdsSdk_3006.0: Adapter: INTERSTITIAL applovin_92ec4538b2029e4d isValid: true
11-06 11:58:05.765 15599-15599/? D/AdsSdk_3006.0: Adapter: INTERSTITIAL applovin_92ec4538b2029e4d isValid: true
11-06 11:58:05.769 15599-15599/? D/AdsSdk_3006.0: Adapter: INTERSTITIAL batmobi_15169_04868 isValid: true
11-06 11:58:05.769 15599-15599/? D/AdsSdk_3006.0: Adapter: INTERSTITIAL batmobi_15169_04868 isValid: true
11-06 11:58:07.352 15599-15599/? D/AdsSdk_3006.0: Adapter: REWARDVIDEO adcolony_vz33e7556f45514d4e85 isValid: true
11-06 11:58:07.352 15599-15599/? D/AdsSdk_3006.0: Adapter: REWARDVIDEO adcolony_vz33e7556f45514d4e85 isValid: true
11-06 11:58:07.727 15599-15599/? I/AdsSdk_3006.0: LoadManager LoadCallback: youappi_test_rewarded_video_android onLoaded，加载成功
11-06 11:58:07.727 15599-15599/? D/AdsSdk_3006.0: LoadCallback: youappi_test_rewarded_video_android loadCostTimeMills is 28965
11-06 11:58:07.731 15599-15599/? I/<ALY Android>_3200: logEvent key: _NEW_RDA_LOADOK, value: [{__req_id=3ec338d8b50632ca6fe01d213dff2287, __gaid=5a862c88-d254-45bc-be40-20af7d04b1b9, __aff_info=%7B%22aff_name%22%3A%22youappi%22%2C%22app_id%22%3A%22f647b6ce-8dec-4d24-a12d-9915f5472e4c%22%2C%22placement_id%22%3A%22test_rewarded_video_android%22%2C%22open_i_b%22%3A0%2C%22aff_ttl%22%3A1800%7D, __load_time=28965, __ad_id=rewarded_video, __sdk_ver=3006, __open_id=819b078573e0b902b3b124d6d86b7b11, __pkg=roy.wan.foreign, __sub_ver=3006.0, __sta_token=315a7616e7264f4585ad8a8309b52ffd}]
11-06 11:58:07.883 15599-15869/? D/AdsSdk_3006.0: rewarded_video: LoadCallback: youappi_test_rewarded_video_android onLoaded，加载成功
11-06 11:58:07.883 15599-15870/? D/AdsSdk_3006.0: REWARDVIDEO youappi launchAdCheckEvent is called 
11-06 11:58:07.884 15599-15870/? D/AdsSdk_3006.0: REWARDVIDEO youappi launchAdCheckEvent nm is null, S3 don't need upload
11-06 11:58:12.647 15599-15720/? I/AdsSdk_3006.0: banner ====>onApplicationFocus hasfocus: true
11-06 11:58:12.647 15599-15720/? I/AdsSdk_3006.0: banner ====>topFrameLayout    is hide:false, visibility: -100
11-06 11:58:12.647 15599-15720/? I/AdsSdk_3006.0: banner ====>bottomFrameLayout is hide:false, visibility: -100
11-06 11:58:12.647 15599-15720/? D/AdsSdk_3006.0: -------------------------------------------
11-06 11:58:12.647 15599-15720/? D/AdsSdk_3006.0: |  reloadRunnable left time(ms): 42682
11-06 11:58:12.647 15599-15720/? D/AdsSdk_3006.0: -------------------------------------------
11-06 11:58:16.841 15599-15599/? I/AdsSdk_3006.0: LoadManager LoadCallback: vungle_INTERST54803 onLoaded，加载成功
11-06 11:58:16.849 15599-15599/? I/<ALY Android>_3200: logEvent key: _NEW_IL_LOADOK, value: [{__req_id=a5fc0eed9c332f177106475d24468d22, __gaid=5a862c88-d254-45bc-be40-20af7d04b1b9, __aff_info=%7B%22aff_name%22%3A%22vungle%22%2C%22app_id%22%3A%2258c23edde5ffdf116e0000b4%22%2C%22placement_id%22%3A%22INTERST54803%22%2C%22open_i_b%22%3A0%2C%22aff_ttl%22%3A1800%2C%22vungle_ids%22%3A%22INTERST54803%22%7D, __ad_id=inter_aaa, __sdk_ver=3006, __open_id=819b078573e0b902b3b124d6d86b7b11, __pkg=roy.wan.foreign, __sub_ver=3006.0, __sta_token=315a7616e7264f4585ad8a8309b52ffd}]
11-06 11:58:17.004 15599-15869/? D/AdsSdk_3006.0: inter_aaa: LoadCallback: vungle_INTERST54803 onLoaded，加载成功
11-06 11:58:17.005 15599-15871/? D/AdsSdk_3006.0: REWARDVIDEO vungle launchAdCheckEvent is called 
11-06 11:58:17.006 15599-15871/? I/AdsSdk_3006.0: REWARDVIDEO vungle launchAdCheckEvent nm is ad06 request_id is a5fc0eed9c332f177106475d24468d22
11-06 11:58:17.026 15599-16336/? I/<ALY Android>_3200: logEvent key: _NEW_RDA_CA_ACTION, value: [{__req_id=a5fc0eed9c332f177106475d24468d22, __gaid=5a862c88-d254-45bc-be40-20af7d04b1b9, __call_ver=1.0.7, __sdk_ver=3006, __aff_name=ad06, __open_id=819b078573e0b902b3b124d6d86b7b11, __pkg=roy.wan.foreign, __aff_ver=6.3.17, __sub_ver=3006.0, __sta_token=315a7616e7264f4585ad8a8309b52ffd, __status=1}]
11-06 11:58:17.031 15599-16336/? I/<ALY Android>_3200: logEvent key: _NEW_RDA_CA_UP, value: [{__req_id=a5fc0eed9c332f177106475d24468d22, __gaid=5a862c88-d254-45bc-be40-20af7d04b1b9, __call_ver=1.0.7, __sdk_ver=3006, __aff_name=ad06, __open_id=819b078573e0b902b3b124d6d86b7b11, __pkg=roy.wan.foreign, __aff_ver=6.3.17, __size=1328, __sub_ver=3006.0, __sta_token=315a7616e7264f4585ad8a8309b52ffd}]
11-06 11:58:18.393 15599-16336/? I/<ALY Android>_3200: logEvent key: _NEW_RDA_CA_UPOK, value: [{__req_id=a5fc0eed9c332f177106475d24468d22, __gaid=5a862c88-d254-45bc-be40-20af7d04b1b9, __call_ver=1.0.7, __sdk_ver=3006, __aff_name=ad06, __open_id=819b078573e0b902b3b124d6d86b7b11, __pkg=roy.wan.foreign, __aff_ver=6.3.17, __size=1328, __sub_ver=3006.0, __sta_token=315a7616e7264f4585ad8a8309b52ffd}]
11-06 11:58:20.087 15599-15720/? I/AdsSdk_3006.0: UPRewardVideoWrapper: show_ad is true
11-06 11:58:20.087 15599-15720/? I/AdsSdk_3006.0: TriggerParam mShowCount is 1
11-06 11:58:20.087 15599-15720/? I/AdsSdk_3006.0: TriggerParam platform is null
11-06 11:58:20.087 15599-15720/? I/AdsSdk_3006.0: UPRewardVideoWrapper show_order配置的展示联盟：null
11-06 11:58:20.087 15599-15720/? I/AdsSdk_3006.0: UPRewardVideoWrapper peek
11-06 11:58:20.087 15599-15720/? I/AdsSdk_3006.0: rewarded_video: ParallelRequestStrategy peek platform: null
11-06 11:58:20.087 15599-15720/? I/AdsSdk_3006.0: rewarded_video peek, 根据bidding_list配置排序开始
11-06 11:58:20.088 15599-15720/? D/AdsSdk_3006.0: Adapter: REWARDVIDEO ironsource_0 isValid: true
11-06 11:58:20.089 15599-15720/? I/AdsSdk_3006.0: rewarded_video peek, 根据bidding_list结果排序成功
11-06 11:58:20.089 15599-15869/? I/AdsSdk_3006.0: rewarded_video: fillup is called
11-06 11:58:20.090 15599-15720/? I/AdsSdk_3006.0: UPRewardVideoWrapper peek成功， 联盟: ironsource
11-06 11:58:20.091 15599-15869/? I/AdsSdk_3006.0: rewarded_video: only_wifi：false，netType: wifi
11-06 11:58:20.091 15599-15869/? W/AdsSdk_3006.0: rewarded_video: fillup too frequently, return
11-06 11:58:20.092 15599-15720/? D/AdsSdk_3006.0: Adapter: REWARDVIDEO ironsource_0 isValid: true
11-06 11:58:20.093 15599-15720/? I/AdsSdk_3006.0: cplog: 视频广告 isReady return true
11-06 11:58:20.096 15599-15720/? I/AdsSdk_3006.0: PolyProxy ===>invokeUnitySendMessage :{"function":"reward_didloadsuccess","message":"RewardVideo Ad onVideoAdLoadSuccess()"}
11-06 11:58:20.454 15599-16271/? I/AdsSdk_3006.0: LoadManager LoadCallback: tapjoy_video onLoaded，加载成功
11-06 11:58:20.457 15599-16271/? D/AdsSdk_3006.0: LoadCallback: tapjoy_video loadCostTimeMills is 35602
11-06 11:58:20.463 15599-16271/? I/<ALY Android>_3200: logEvent key: _NEW_RDA_LOADOK, value: [{__req_id=1d75104f0d351147176a22e480b544c5, __gaid=5a862c88-d254-45bc-be40-20af7d04b1b9, __aff_info=%7B%22aff_name%22%3A%22tapjoy%22%2C%22app_key%22%3A%22cZd8BQhET7-C-jwQAkYdRgECUH4Bxvtye2FJV9TUG6wQpuhkrRfDuT-xx_ex%22%2C%22placement_id%22%3A%22video%22%2C%22app_id%22%3A%220%22%2C%22open_i_b%22%3A0%2C%22aff_ttl%22%3A1800%7D, __load_time=35602, __ad_id=rewarded_video, __sdk_ver=3006, __open_id=819b078573e0b902b3b124d6d86b7b11, __pkg=roy.wan.foreign, __sub_ver=3006.0, __sta_token=315a7616e7264f4585ad8a8309b52ffd}]
11-06 11:58:20.617 15599-15869/? D/AdsSdk_3006.0: rewarded_video: LoadCallback: tapjoy_video onLoaded，加载成功
11-06 11:58:20.617 15599-15870/? D/AdsSdk_3006.0: REWARDVIDEO tapjoy launchAdCheckEvent is called 
11-06 11:58:20.618 15599-15870/? D/AdsSdk_3006.0: REWARDVIDEO tapjoy launchAdCheckEvent nm is null, S3 don't need upload
11-06 11:58:25.552 15599-15720/? I/AdsSdk_3006.0: PolyProxy ===>try to showVideoDebugActivity()
11-06 11:58:25.553 15599-15720/? I/AdsSdk_3006.0: ParallelRequestStrategy preload is called: rewarded_video
11-06 11:58:25.554 15599-15720/? I/AdsSdk_3006.0: rewarded_video: 根据延迟配置，0ms后开始预加载
11-06 11:58:25.554 15599-15869/? I/AdsSdk_3006.0: rewarded_video: fillup is called
11-06 11:58:25.556 15599-15869/? I/AdsSdk_3006.0: rewarded_video: only_wifi：false，netType: wifi
11-06 11:58:25.556 15599-15869/? W/AdsSdk_3006.0: rewarded_video: fillup too frequently, return
11-06 11:58:25.618 15599-15720/? I/AdsSdk_3006.0: banner ====>onApplicationFocus hasfocus: false
11-06 11:58:25.713 15599-15599/? D/AdsSdk_3006.0: Admob_new ads jars has not improved, check please
11-06 11:58:25.714 15599-15599/? D/AdsSdk_3006.0: Admob_new ads jars has not improved, check please
11-06 11:58:25.768 15599-15599/? D/AdsSdk_3006.0: VK ads jars has be not improved, check please
11-06 11:58:25.769 15599-15599/? D/AdsSdk_3006.0: VK ads jars has be not improved, check please
11-06 11:58:25.780 15599-15599/? D/AdsSdk_3006.0: Adapter: REWARDVIDEO admob_reward_video isValid: true
11-06 11:58:25.781 15599-15599/? D/AdsSdk_3006.0: Adapter: REWARDVIDEO admob_reward_video isValid: true
11-06 11:58:25.818 15599-15599/? D/AdsSdk_3006.0: Adapter: REWARDVIDEO chartboost_reward isValid: true
11-06 11:58:25.818 15599-15599/? D/AdsSdk_3006.0: Adapter: REWARDVIDEO chartboost_reward isValid: true
11-06 11:58:25.826 15599-15599/? D/AdsSdk_3006.0: Adapter: REWARDVIDEO ironsource_0 isValid: true
11-06 11:58:25.828 15599-15599/? D/AdsSdk_3006.0: Adapter: REWARDVIDEO ironsource_0 isValid: true
11-06 11:58:25.912 15599-15599/? D/AdsSdk_3006.0: Admob_new ads jars has not improved, check please
11-06 11:58:25.913 15599-15599/? D/AdsSdk_3006.0: Admob_new ads jars has not improved, check please
11-06 11:58:25.928 15599-15599/? D/AdsSdk_3006.0: VK ads jars has be not improved, check please
11-06 11:58:25.929 15599-15599/? D/AdsSdk_3006.0: VK ads jars has be not improved, check please
11-06 11:58:25.932 15599-15599/? D/AdsSdk_3006.0: Adapter: REWARDVIDEO admob_reward_video isValid: true
11-06 11:58:25.932 15599-15599/? D/AdsSdk_3006.0: Adapter: REWARDVIDEO admob_reward_video isValid: true
11-06 11:58:25.938 15599-15599/? D/AdsSdk_3006.0: Adapter: REWARDVIDEO chartboost_reward isValid: true
11-06 11:58:25.938 15599-15599/? D/AdsSdk_3006.0: Adapter: REWARDVIDEO chartboost_reward isValid: true
11-06 11:58:25.942 15599-15599/? D/AdsSdk_3006.0: Adapter: REWARDVIDEO ironsource_0 isValid: true
11-06 11:58:25.943 15599-15599/? D/AdsSdk_3006.0: Adapter: REWARDVIDEO ironsource_0 isValid: true
11-06 11:58:26.452 15599-15869/? D/AdsSdk_3006.0: amazon: 重试开始
11-06 11:58:26.453 15599-15938/? D/AdsSdk_3006.0: inter_bbb: AffInfo is: {"aff_name":"amazon","app_key":"sample-app-v1_pub-2","open_i_b":0,"aff_ttl":1800}
11-06 11:58:26.453 15599-15938/? D/AdsSdk_3006.0: Adapter: INTERSTITIAL amazon isValid: false
11-06 11:58:26.453 15599-15938/? D/AdsSdk_3006.0: LoadManager amazon: load开始
11-06 11:58:26.456 15599-15938/? I/<ALY Android>_3200: logEvent key: _NEW_IL_LOAD, value: [{__gaid=5a862c88-d254-45bc-be40-20af7d04b1b9, __aff_info=%7B%22aff_name%22%3A%22amazon%22%2C%22app_key%22%3A%22sample-app-v1_pub-2%22%2C%22open_i_b%22%3A0%2C%22aff_ttl%22%3A1800%7D, __ad_id=inter_bbb, __sdk_ver=3006, __open_id=819b078573e0b902b3b124d6d86b7b11, __pkg=roy.wan.foreign, __sub_ver=3006.0, __sta_token=315a7616e7264f4585ad8a8309b52ffd}]
11-06 11:58:26.862 15599-15869/? D/AdsSdk_3006.0: appnext_cc6e96d0-1407-4703-a132-a19566cc2fdf: 重试开始
11-06 11:58:26.862 15599-15941/? D/AdsSdk_3006.0: inter_ddd: AffInfo is: {"aff_name":"appnext","placement_id":"cc6e96d0-1407-4703-a132-a19566cc2fdf","open_i_b":0,"aff_ttl":1800}
11-06 11:58:26.862 15599-15941/? D/AdsSdk_3006.0: Adapter: REWARDVIDEO appnext_cc6e96d0-1407-4703-a132-a19566cc2fdf isValid: false
11-06 11:58:26.862 15599-15941/? D/AdsSdk_3006.0: LoadManager appnext_cc6e96d0-1407-4703-a132-a19566cc2fdf: load开始
11-06 11:58:26.866 15599-15941/? I/<ALY Android>_3200: logEvent key: _NEW_IL_LOAD, value: [{__gaid=5a862c88-d254-45bc-be40-20af7d04b1b9, __aff_info=%7B%22aff_name%22%3A%22appnext%22%2C%22placement_id%22%3A%22cc6e96d0-1407-4703-a132-a19566cc2fdf%22%2C%22open_i_b%22%3A0%2C%22aff_ttl%22%3A1800%7D, __ad_id=inter_ddd, __sdk_ver=3006, __open_id=819b078573e0b902b3b124d6d86b7b11, __pkg=roy.wan.foreign, __sub_ver=3006.0, __sta_token=315a7616e7264f4585ad8a8309b52ffd}]
11-06 11:58:26.896 15599-15869/? D/AdsSdk_3006.0: appnext_b05b2e41-c798-4d4a-be66-ae162835065a: 重试开始
11-06 11:58:26.896 15599-15937/? D/AdsSdk_3006.0: rewarded_video: AffInfo is: {"aff_name":"appnext","placement_id":"b05b2e41-c798-4d4a-be66-ae162835065a","open_i_b":0,"aff_ttl":1800}
11-06 11:58:26.896 15599-15937/? D/AdsSdk_3006.0: Adapter: REWARDVIDEO appnext_b05b2e41-c798-4d4a-be66-ae162835065a isValid: false
11-06 11:58:26.897 15599-15937/? D/AdsSdk_3006.0: LoadManager appnext_b05b2e41-c798-4d4a-be66-ae162835065a: load开始
11-06 11:58:26.916 15599-15937/? I/<ALY Android>_3200: logEvent key: _NEW_RDA_LOAD, value: [{__gaid=5a862c88-d254-45bc-be40-20af7d04b1b9, __aff_info=%7B%22aff_name%22%3A%22appnext%22%2C%22placement_id%22%3A%22b05b2e41-c798-4d4a-be66-ae162835065a%22%2C%22open_i_b%22%3A0%2C%22aff_ttl%22%3A1800%7D, __ad_id=rewarded_video, __sdk_ver=3006, __open_id=819b078573e0b902b3b124d6d86b7b11, __pkg=roy.wan.foreign, __sub_ver=3006.0, __sta_token=315a7616e7264f4585ad8a8309b52ffd}]
11-06 11:58:27.165 15599-15599/? W/AdsSdk_3006.0: LoadManager LoadCallback: amazon onError，加载失败
                                                  message: AmazonInterstitialAdapter failed with code: NO_FILL message: Server Message: no results. Try again in 1 seconds
11-06 11:58:27.837 15599-15599/? W/AdsSdk_3006.0: LoadManager LoadCallback: appnext_cc6e96d0-1407-4703-a132-a19566cc2fdf onError，加载失败
                                                  message: AppNextRewardVideoAdapter failed with message: No video ads
11-06 11:58:27.847 15599-15599/? W/AdsSdk_3006.0: LoadManager LoadCallback: appnext_b05b2e41-c798-4d4a-be66-ae162835065a onError，加载失败
                                                  message: AppNextRewardVideoAdapter failed with message: No video ads
11-06 11:58:28.396 15599-15869/? I/AdsSdk_3006.0: inter_aaa callAuction success: platform: vungle requestId: a5fc0eed9c332f177106475d24468d22
11-06 11:58:28.579 15599-15599/? D/AdsSdk_3006.0: Maio ads jars has be not improved, check please
11-06 11:58:28.580 15599-15599/? D/AdsSdk_3006.0: Maio ads jars has be not improved, check please
11-06 11:58:28.747 15599-15599/? D/AdsSdk_3006.0: Nend ads jars has be not improved, check please
11-06 11:58:28.748 15599-15599/? D/AdsSdk_3006.0: Nend ads jars has be not improved, check please
11-06 11:58:28.783 15599-15599/? D/AdsSdk_3006.0: Oneway ads jars has be not improved, check please
11-06 11:58:28.784 15599-15599/? D/AdsSdk_3006.0: Oneway ads jars has be not improved, check please
11-06 11:58:29.881 15599-15599/? D/AdsSdk_3006.0: Youlan jars has be not improved, check please
11-06 11:58:29.882 15599-15599/? D/AdsSdk_3006.0: Youlan jars has be not improved, check please
11-06 11:58:30.372 15599-15599/? D/AdsSdk_3006.0: Toutiao jars has be not improved, check please
11-06 11:58:30.374 15599-15599/? D/AdsSdk_3006.0: Toutiao jars has be not improved, check please
11-06 11:58:32.362 15599-15599/? I/AdsSdk_3006.0: LoadManager LoadCallback: batmobi_15169_08173 onLoaded，加载成功
11-06 11:58:32.362 15599-15599/? D/AdsSdk_3006.0: LoadCallback: batmobi_15169_08173 loadCostTimeMills is 57805
11-06 11:58:32.366 15599-15599/? I/<ALY Android>_3200: logEvent key: _NEW_RDA_LOADOK, value: [{__req_id=7173bc4d5236b8605a974d1bb18f87f8, __gaid=5a862c88-d254-45bc-be40-20af7d04b1b9, __aff_info=%7B%22aff_name%22%3A%22batmobi%22%2C%22app_key%22%3A%22T4E7MU69AU3R7JHUHSW5JYAJ%22%2C%22placement_id%22%3A%2215169_08173%22%2C%22aff_ttl%22%3A1800%7D, __load_time=57805, __ad_id=rewarded_video, __sdk_ver=3006, __open_id=819b078573e0b902b3b124d6d86b7b11, __pkg=roy.wan.foreign, __sub_ver=3006.0, __sta_token=315a7616e7264f4585ad8a8309b52ffd}]
11-06 11:58:32.518 15599-15869/? D/AdsSdk_3006.0: rewarded_video: LoadCallback: batmobi_15169_08173 onLoaded，加载成功
11-06 11:58:32.518 15599-15870/? D/AdsSdk_3006.0: REWARDVIDEO batmobi launchAdCheckEvent is called 
11-06 11:58:32.519 15599-15870/? D/AdsSdk_3006.0: REWARDVIDEO batmobi launchAdCheckEvent nm is null, S3 don't need upload
11-06 11:58:34.075 15599-15869/? W/AdsSdk_3006.0: LoadManager chartboost_Interstitial_GameStart removeLoading timeout
11-06 11:58:34.139 15599-15869/? W/AdsSdk_3006.0: LoadManager facebook_475008772706594_478168072390664 removeLoading timeout
11-06 11:58:34.369 15599-15599/? D/AdsSdk_3006.0: Adapter: REWARDVIDEO tapjoy_video isValid: true
11-06 11:58:34.370 15599-15599/? D/AdsSdk_3006.0: Adapter: REWARDVIDEO tapjoy_video isValid: true
11-06 11:58:34.514 15599-15599/? D/AdsSdk_3006.0: Adapter: REWARDVIDEO youappi_test_rewarded_video_android isValid: true
11-06 11:58:34.514 15599-15599/? D/AdsSdk_3006.0: Adapter: REWARDVIDEO youappi_test_rewarded_video_android isValid: true
11-06 11:58:34.569 15599-15869/? W/AdsSdk_3006.0: LoadManager dap_reward_video removeLoading timeout
11-06 11:58:34.603 15599-15869/? W/AdsSdk_3006.0: LoadManager mobvista_34535 removeLoading timeout
11-06 11:58:34.639 15599-15869/? W/AdsSdk_3006.0: LoadManager unity_rewardedVideo removeLoading timeout
11-06 11:58:34.894 15599-15869/? W/AdsSdk_3006.0: LoadManager mobvista_18188 removeLoading timeout
11-06 11:58:34.904 15599-15869/? W/AdsSdk_3006.0: LoadManager unity_video removeLoading timeout
11-06 11:58:35.246 15599-15599/? D/AdsSdk_3006.0: Adapter: REWARDVIDEO mobpower_21408 isValid: true
11-06 11:58:35.248 15599-15599/? D/AdsSdk_3006.0: Adapter: REWARDVIDEO mobpower_21408 isValid: true
11-06 11:58:35.465 15599-15869/? W/AdsSdk_3006.0: LoadManager tapjoy_inter2 removeLoading timeout
11-06 11:58:35.700 15599-15599/? D/AdsSdk_3006.0: Adapter: REWARDVIDEO chartboost_reward isValid: true
11-06 11:58:35.701 15599-15599/? D/AdsSdk_3006.0: Adapter: REWARDVIDEO chartboost_reward isValid: true
11-06 11:58:35.701 15599-15599/? D/AdsSdk_3006.0: Adapter: REWARDVIDEO ironsource_0 isValid: true
11-06 11:58:35.701 15599-15599/? D/AdsSdk_3006.0: Adapter: REWARDVIDEO ironsource_0 isValid: true
11-06 11:58:35.702 15599-15599/? D/AdsSdk_3006.0: Adapter: REWARDVIDEO tapjoy_video isValid: true
11-06 11:58:35.702 15599-15599/? D/AdsSdk_3006.0: Adapter: REWARDVIDEO tapjoy_video isValid: true
11-06 11:58:35.703 15599-15599/? D/AdsSdk_3006.0: Adapter: REWARDVIDEO youappi_test_rewarded_video_android isValid: true
11-06 11:58:35.703 15599-15599/? D/AdsSdk_3006.0: Adapter: REWARDVIDEO youappi_test_rewarded_video_android isValid: true
11-06 11:58:35.708 15599-15599/? D/AdsSdk_3006.0: Adapter: REWARDVIDEO mobpower_21408 isValid: true
11-06 11:58:35.711 15599-15599/? D/AdsSdk_3006.0: Adapter: REWARDVIDEO mobpower_21408 isValid: true
11-06 11:58:37.579 15599-15869/? D/AdsSdk_3006.0: adcolony_vz6e94afe0a6f643719d: 重试开始
11-06 11:58:37.580 15599-15940/? D/AdsSdk_3006.0: rewarded_video: AffInfo is: {"aff_name":"adcolony","app_id":"app72c7816fa0f2407db4","zone_id":"vz6e94afe0a6f643719d","open_i_b":0,"aff_ttl":1800,"adcolony_ids":"vz6e94afe0a6f643719d,vz33e7556f45514d4e85"}
11-06 11:58:37.580 15599-15940/? D/AdsSdk_3006.0: Adapter: REWARDVIDEO adcolony_vz6e94afe0a6f643719d isValid: false
11-06 11:58:37.580 15599-15940/? D/AdsSdk_3006.0: LoadManager adcolony_vz6e94afe0a6f643719d: load开始
11-06 11:58:37.583 15599-15940/? I/<ALY Android>_3200: logEvent key: _NEW_RDA_LOAD, value: [{__gaid=5a862c88-d254-45bc-be40-20af7d04b1b9, __aff_info=%7B%22aff_name%22%3A%22adcolony%22%2C%22app_id%22%3A%22app72c7816fa0f2407db4%22%2C%22zone_id%22%3A%22vz6e94afe0a6f643719d%22%2C%22open_i_b%22%3A0%2C%22aff_ttl%22%3A1800%2C%22adcolony_ids%22%3A%22vz6e94afe0a6f643719d%2Cvz33e7556f45514d4e85%22%7D, __ad_id=rewarded_video, __sdk_ver=3006, __open_id=819b078573e0b902b3b124d6d86b7b11, __pkg=roy.wan.foreign, __sub_ver=3006.0, __sta_token=315a7616e7264f4585ad8a8309b52ffd}]
11-06 11:58:39.594 15599-15599/? W/AdsSdk_3006.0: LoadManager LoadCallback: adcolony_vz6e94afe0a6f643719d onError，加载失败
                                                  message: AdcolonyRewardVideoAdapter failed 
11-06 11:58:43.729 15599-15599/? D/AdsSdk_3006.0: Adapter: REWARDVIDEO youappi_test_rewarded_video_android isValid: true
11-06 11:58:43.729 15599-15599/? D/AdsSdk_3006.0: Adapter: REWARDVIDEO youappi_test_rewarded_video_android isValid: true
11-06 11:58:44.332 15599-15599/? D/AdsSdk_3006.0: Adapter: REWARDVIDEO batmobi_15169_08173 isValid: true
11-06 11:58:44.332 15599-15599/? D/AdsSdk_3006.0: Adapter: REWARDVIDEO batmobi_15169_08173 isValid: true
11-06 11:58:44.351 15599-15599/? D/AdsSdk_3006.0: Adapter: REWARDVIDEO admob_reward_video isValid: true
11-06 11:58:44.351 15599-15599/? D/AdsSdk_3006.0: Adapter: REWARDVIDEO admob_reward_video isValid: true
11-06 11:58:45.688 15599-15599/? D/AdsSdk_3006.0: Adapter: REWARDVIDEO admob_reward_video isValid: true
11-06 11:58:45.688 15599-15599/? D/AdsSdk_3006.0: Adapter: REWARDVIDEO admob_reward_video isValid: true
11-06 11:58:45.689 15599-15599/? D/AdsSdk_3006.0: Adapter: REWARDVIDEO batmobi_15169_08173 isValid: true
11-06 11:58:45.689 15599-15599/? D/AdsSdk_3006.0: Adapter: REWARDVIDEO batmobi_15169_08173 isValid: true
11-06 11:58:45.690 15599-15599/? D/AdsSdk_3006.0: Adapter: REWARDVIDEO chartboost_reward isValid: true
11-06 11:58:45.691 15599-15599/? D/AdsSdk_3006.0: Adapter: REWARDVIDEO chartboost_reward isValid: true
11-06 11:58:45.691 15599-15599/? D/AdsSdk_3006.0: Adapter: REWARDVIDEO ironsource_0 isValid: true
11-06 11:58:45.691 15599-15599/? D/AdsSdk_3006.0: Adapter: REWARDVIDEO ironsource_0 isValid: true
11-06 11:58:55.690 15599-15599/? D/AdsSdk_3006.0: Adapter: REWARDVIDEO admob_reward_video isValid: true
11-06 11:58:55.691 15599-15599/? D/AdsSdk_3006.0: Adapter: REWARDVIDEO admob_reward_video isValid: true
11-06 11:58:55.691 15599-15599/? D/AdsSdk_3006.0: Adapter: REWARDVIDEO batmobi_15169_08173 isValid: true
11-06 11:58:55.691 15599-15599/? D/AdsSdk_3006.0: Adapter: REWARDVIDEO batmobi_15169_08173 isValid: true
11-06 11:58:55.693 15599-15599/? D/AdsSdk_3006.0: Adapter: REWARDVIDEO chartboost_reward isValid: true
11-06 11:58:55.693 15599-15599/? D/AdsSdk_3006.0: Adapter: REWARDVIDEO chartboost_reward isValid: true
11-06 11:58:55.693 15599-15599/? D/AdsSdk_3006.0: Adapter: REWARDVIDEO ironsource_0 isValid: true
11-06 11:58:55.694 15599-15599/? D/AdsSdk_3006.0: Adapter: REWARDVIDEO ironsource_0 isValid: true
11-06 11:58:58.594 15599-15599/? D/AdsSdk_3006.0: Adapter: REWARDVIDEO tapjoy_video isValid: true
11-06 11:58:58.594 15599-15599/? D/AdsSdk_3006.0: Adapter: REWARDVIDEO tapjoy_video isValid: true
11-06 11:58:58.679 15599-15599/? D/AdsSdk_3006.0: Adapter: REWARDVIDEO youappi_test_rewarded_video_android isValid: true
11-06 11:58:58.679 15599-15599/? D/AdsSdk_3006.0: Adapter: REWARDVIDEO youappi_test_rewarded_video_android isValid: true
11-06 11:59:04.130 15599-15599/? W/AdsSdk_3006.0: LoadManager LoadCallback: dap_reward_video onError，加载失败
                                                  message: DapRewardVideoAdapter failed with message: Time Out
11-06 11:59:04.134 15599-15599/? I/<ALY Android>_3200: logEvent key: _NEW_RDA_LOADNOK, value: [{__gaid=5a862c88-d254-45bc-be40-20af7d04b1b9, __aff_info=%7B%22aff_name%22%3A%22dap%22%2C%22app_key%22%3A%7B%22video%22%3A%5B%7B%22pid%22%3A%22159906%22%7D%5D%2C%22native%22%3A%5B%7B%22pid%22%3A%22159905%22%7D%5D%7D%2C%22app_id%22%3A%22d82d47d900ea6d71e30772fd70d642af%22%2C%22placement_id%22%3A%22159906%22%2C%22open_i_b%22%3A0%2C%22aff_ttl%22%3A1800%7D, __ad_id=rewarded_video, __sdk_ver=3006, __open_id=819b078573e0b902b3b124d6d86b7b11, __pkg=roy.wan.foreign, __sub_ver=3006.0, __sta_token=315a7616e7264f4585ad8a8309b52ffd}]
11-06 11:59:04.393 15599-15869/? D/AdsSdk_3006.0: dap_reward_video: 8000ms后重试
11-06 11:59:05.700 15599-15599/? D/AdsSdk_3006.0: Adapter: REWARDVIDEO chartboost_reward isValid: true
11-06 11:59:05.701 15599-15599/? D/AdsSdk_3006.0: Adapter: REWARDVIDEO chartboost_reward isValid: true
11-06 11:59:05.701 15599-15599/? D/AdsSdk_3006.0: Adapter: REWARDVIDEO ironsource_0 isValid: true
11-06 11:59:05.701 15599-15599/? D/AdsSdk_3006.0: Adapter: REWARDVIDEO ironsource_0 isValid: true
11-06 11:59:05.702 15599-15599/? D/AdsSdk_3006.0: Adapter: REWARDVIDEO tapjoy_video isValid: true
11-06 11:59:05.702 15599-15599/? D/AdsSdk_3006.0: Adapter: REWARDVIDEO tapjoy_video isValid: true
11-06 11:59:05.703 15599-15599/? D/AdsSdk_3006.0: Adapter: REWARDVIDEO youappi_test_rewarded_video_android isValid: true
11-06 11:59:05.703 15599-15599/? D/AdsSdk_3006.0: Adapter: REWARDVIDEO youappi_test_rewarded_video_android isValid: true
11-06 11:59:08.277 15599-15599/? D/AdsSdk_3006.0: Adapter: REWARDVIDEO mobpower_21408 isValid: true
11-06 11:59:08.280 15599-15599/? D/AdsSdk_3006.0: Adapter: REWARDVIDEO mobpower_21408 isValid: true
11-06 11:59:12.401 15599-15869/? D/AdsSdk_3006.0: dap_reward_video: 重试开始
11-06 11:59:12.402 15599-15938/? D/AdsSdk_3006.0: rewarded_video: AffInfo is: {"aff_name":"dap","app_key":{"video":[{"pid":"159906"}],"native":[{"pid":"159905"}]},"app_id":"d82d47d900ea6d71e30772fd70d642af","placement_id":"159906","open_i_b":0,"aff_ttl":1800}
11-06 11:59:12.402 15599-15938/? D/AdsSdk_3006.0: Adapter: REWARDVIDEO dap_reward_video isValid: false
11-06 11:59:12.402 15599-15938/? D/AdsSdk_3006.0: LoadManager dap_reward_video: load开始
11-06 11:59:12.406 15599-15938/? I/<ALY Android>_3200: logEvent key: _NEW_RDA_LOAD, value: [{__gaid=5a862c88-d254-45bc-be40-20af7d04b1b9, __aff_info=%7B%22aff_name%22%3A%22dap%22%2C%22app_key%22%3A%7B%22video%22%3A%5B%7B%22pid%22%3A%22159906%22%7D%5D%2C%22native%22%3A%5B%7B%22pid%22%3A%22159905%22%7D%5D%7D%2C%22app_id%22%3A%22d82d47d900ea6d71e30772fd70d642af%22%2C%22placement_id%22%3A%22159906%22%2C%22open_i_b%22%3A0%2C%22aff_ttl%22%3A1800%7D, __ad_id=rewarded_video, __sdk_ver=3006, __open_id=819b078573e0b902b3b124d6d86b7b11, __pkg=roy.wan.foreign, __sub_ver=3006.0, __sta_token=315a7616e7264f4585ad8a8309b52ffd}]
11-06 11:59:15.697 15599-15599/? D/AdsSdk_3006.0: Adapter: REWARDVIDEO chartboost_reward isValid: true
11-06 11:59:15.697 15599-15599/? D/AdsSdk_3006.0: Adapter: REWARDVIDEO chartboost_reward isValid: true
11-06 11:59:15.698 15599-15599/? D/AdsSdk_3006.0: Adapter: REWARDVIDEO ironsource_0 isValid: true
11-06 11:59:15.698 15599-15599/? D/AdsSdk_3006.0: Adapter: REWARDVIDEO ironsource_0 isValid: true
11-06 11:59:15.699 15599-15599/? D/AdsSdk_3006.0: Adapter: REWARDVIDEO tapjoy_video isValid: true
11-06 11:59:15.699 15599-15599/? D/AdsSdk_3006.0: Adapter: REWARDVIDEO tapjoy_video isValid: true
11-06 11:59:15.699 15599-15599/? D/AdsSdk_3006.0: Adapter: REWARDVIDEO youappi_test_rewarded_video_android isValid: true
11-06 11:59:15.699 15599-15599/? D/AdsSdk_3006.0: Adapter: REWARDVIDEO youappi_test_rewarded_video_android isValid: true
11-06 11:59:15.703 15599-15599/? D/AdsSdk_3006.0: Adapter: REWARDVIDEO mobpower_21408 isValid: true
11-06 11:59:15.706 15599-15599/? D/AdsSdk_3006.0: Adapter: REWARDVIDEO mobpower_21408 isValid: true
